
--------------- INIT POSTPROCESSING MODEL ----------------

/leonardo/home/userexternal/mdasilva/leonardo_work/EUR-11/postproc/paper

2. Concatenate data

3. Convert unit

2. Concatenate data

3. Convert unit

2. Concatenate data

3. Convert unit

4. Delete files

/leonardo/home/userexternal/mdasilva/leonardo_work/EUR-11/postproc/paper

2. Concatenate data

3. Convert unit

2. Concatenate data

3. Convert unit

2. Concatenate data

3. Convert unit

4. Delete files

/leonardo/home/userexternal/mdasilva/leonardo_work/EUR-11/postproc/paper

2. Concatenate data

3. Convert unit

2. Concatenate data

3. Convert unit

2. Concatenate data

3. Convert unit

4. Delete files

/leonardo/home/userexternal/mdasilva/leonardo_work/EUR-11/postproc/paper

2. Concatenate data

3. Convert unit

2. Concatenate data

3. Convert unit

2. Concatenate data

3. Convert unit

4. Delete files

--------------- THE END POSTPROCESSING MODEL ----------------
