Year:   2002
Month:  01
Output: /leonardo/home/userexternal/mdasilva/leonardo_work/MOAAP/GPM/globe/MERGE/IMERG/imerg_200201_1hr_v07b.nc
cdo    mergetime: Open failed on >3B-HHR.MS.MRG.3IMERG.200201*.V07B.nc<
                  No such file or directory
cdo    timselsum: Open failed on >/leonardo/home/userexternal/mdasilva/leonardo_work/MOAAP/GPM/globe/MERGE/IMERG/tmp_200201.nc<
                  No such file or directory
Year:   2002
Month:  02
Output: /leonardo/home/userexternal/mdasilva/leonardo_work/MOAAP/GPM/globe/MERGE/IMERG/imerg_200202_1hr_v07b.nc
cdo    mergetime: Open failed on >3B-HHR.MS.MRG.3IMERG.200202*.V07B.nc<
                  No such file or directory
cdo    timselsum: Open failed on >/leonardo/home/userexternal/mdasilva/leonardo_work/MOAAP/GPM/globe/MERGE/IMERG/tmp_200202.nc<
                  No such file or directory
Year:   2002
Month:  03
Output: /leonardo/home/userexternal/mdasilva/leonardo_work/MOAAP/GPM/globe/MERGE/IMERG/imerg_200203_1hr_v07b.nc
cdo    mergetime: Open failed on >3B-HHR.MS.MRG.3IMERG.200203*.V07B.nc<
                  No such file or directory
cdo    timselsum: Open failed on >/leonardo/home/userexternal/mdasilva/leonardo_work/MOAAP/GPM/globe/MERGE/IMERG/tmp_200203.nc<
                  No such file or directory
Year:   2002
Month:  04
Output: /leonardo/home/userexternal/mdasilva/leonardo_work/MOAAP/GPM/globe/MERGE/IMERG/imerg_200204_1hr_v07b.nc
cdo    mergetime: Open failed on >3B-HHR.MS.MRG.3IMERG.200204*.V07B.nc<
                  No such file or directory
cdo    timselsum: Open failed on >/leonardo/home/userexternal/mdasilva/leonardo_work/MOAAP/GPM/globe/MERGE/IMERG/tmp_200204.nc<
                  No such file or directory
Year:   2002
Month:  05
Output: /leonardo/home/userexternal/mdasilva/leonardo_work/MOAAP/GPM/globe/MERGE/IMERG/imerg_200205_1hr_v07b.nc
cdo    mergetime: Open failed on >3B-HHR.MS.MRG.3IMERG.200205*.V07B.nc<
                  No such file or directory
cdo    timselsum: Open failed on >/leonardo/home/userexternal/mdasilva/leonardo_work/MOAAP/GPM/globe/MERGE/IMERG/tmp_200205.nc<
                  No such file or directory
Year:   2002
Month:  06
Output: /leonardo/home/userexternal/mdasilva/leonardo_work/MOAAP/GPM/globe/MERGE/IMERG/imerg_200206_1hr_v07b.nc
cdo    mergetime: Open failed on >3B-HHR.MS.MRG.3IMERG.200206*.V07B.nc<
                  No such file or directory
cdo    timselsum: Open failed on >/leonardo/home/userexternal/mdasilva/leonardo_work/MOAAP/GPM/globe/MERGE/IMERG/tmp_200206.nc<
                  No such file or directory
Year:   2002
Month:  07
Output: /leonardo/home/userexternal/mdasilva/leonardo_work/MOAAP/GPM/globe/MERGE/IMERG/imerg_200207_1hr_v07b.nc
cdo    mergetime: Open failed on >3B-HHR.MS.MRG.3IMERG.200207*.V07B.nc<
                  No such file or directory
cdo    timselsum: Open failed on >/leonardo/home/userexternal/mdasilva/leonardo_work/MOAAP/GPM/globe/MERGE/IMERG/tmp_200207.nc<
                  No such file or directory
Year:   2002
Month:  08
Output: /leonardo/home/userexternal/mdasilva/leonardo_work/MOAAP/GPM/globe/MERGE/IMERG/imerg_200208_1hr_v07b.nc
cdo    mergetime: Open failed on >3B-HHR.MS.MRG.3IMERG.200208*.V07B.nc<
                  No such file or directory
cdo    timselsum: Open failed on >/leonardo/home/userexternal/mdasilva/leonardo_work/MOAAP/GPM/globe/MERGE/IMERG/tmp_200208.nc<
                  No such file or directory
Year:   2002
Month:  09
Output: /leonardo/home/userexternal/mdasilva/leonardo_work/MOAAP/GPM/globe/MERGE/IMERG/imerg_200209_1hr_v07b.nc
cdo    mergetime: Open failed on >3B-HHR.MS.MRG.3IMERG.200209*.V07B.nc<
                  No such file or directory
cdo    timselsum: Open failed on >/leonardo/home/userexternal/mdasilva/leonardo_work/MOAAP/GPM/globe/MERGE/IMERG/tmp_200209.nc<
                  No such file or directory
Year:   2002
Month:  10
Output: /leonardo/home/userexternal/mdasilva/leonardo_work/MOAAP/GPM/globe/MERGE/IMERG/imerg_200210_1hr_v07b.nc
cdo    mergetime: Open failed on >3B-HHR.MS.MRG.3IMERG.200210*.V07B.nc<
                  No such file or directory
cdo    timselsum: Open failed on >/leonardo/home/userexternal/mdasilva/leonardo_work/MOAAP/GPM/globe/MERGE/IMERG/tmp_200210.nc<
                  No such file or directory
Year:   2002
Month:  11
Output: /leonardo/home/userexternal/mdasilva/leonardo_work/MOAAP/GPM/globe/MERGE/IMERG/imerg_200211_1hr_v07b.nc
cdo    mergetime: Open failed on >3B-HHR.MS.MRG.3IMERG.200211*.V07B.nc<
                  No such file or directory
cdo    timselsum: Open failed on >/leonardo/home/userexternal/mdasilva/leonardo_work/MOAAP/GPM/globe/MERGE/IMERG/tmp_200211.nc<
                  No such file or directory
Year:   2002
Month:  12
Output: /leonardo/home/userexternal/mdasilva/leonardo_work/MOAAP/GPM/globe/MERGE/IMERG/imerg_200212_1hr_v07b.nc
cdo    mergetime: Open failed on >3B-HHR.MS.MRG.3IMERG.200212*.V07B.nc<
                  No such file or directory
cdo    timselsum: Open failed on >/leonardo/home/userexternal/mdasilva/leonardo_work/MOAAP/GPM/globe/MERGE/IMERG/tmp_200212.nc<
                  No such file or directory
Year:   2003
Month:  01
Output: /leonardo/home/userexternal/mdasilva/leonardo_work/MOAAP/GPM/globe/MERGE/IMERG/imerg_200301_1hr_v07b.nc
cdo    mergetime: Open failed on >3B-HHR.MS.MRG.3IMERG.200301*.V07B.nc<
                  No such file or directory
cdo    timselsum: Open failed on >/leonardo/home/userexternal/mdasilva/leonardo_work/MOAAP/GPM/globe/MERGE/IMERG/tmp_200301.nc<
                  No such file or directory
Year:   2003
Month:  02
Output: /leonardo/home/userexternal/mdasilva/leonardo_work/MOAAP/GPM/globe/MERGE/IMERG/imerg_200302_1hr_v07b.nc
cdo    mergetime: Open failed on >3B-HHR.MS.MRG.3IMERG.200302*.V07B.nc<
                  No such file or directory
cdo    timselsum: Open failed on >/leonardo/home/userexternal/mdasilva/leonardo_work/MOAAP/GPM/globe/MERGE/IMERG/tmp_200302.nc<
                  No such file or directory
Year:   2003
Month:  03
Output: /leonardo/home/userexternal/mdasilva/leonardo_work/MOAAP/GPM/globe/MERGE/IMERG/imerg_200303_1hr_v07b.nc
cdo    mergetime: Open failed on >3B-HHR.MS.MRG.3IMERG.200303*.V07B.nc<
                  No such file or directory
cdo    timselsum: Open failed on >/leonardo/home/userexternal/mdasilva/leonardo_work/MOAAP/GPM/globe/MERGE/IMERG/tmp_200303.nc<
                  No such file or directory
Year:   2003
Month:  04
Output: /leonardo/home/userexternal/mdasilva/leonardo_work/MOAAP/GPM/globe/MERGE/IMERG/imerg_200304_1hr_v07b.nc
cdo    mergetime: Open failed on >3B-HHR.MS.MRG.3IMERG.200304*.V07B.nc<
                  No such file or directory
cdo    timselsum: Open failed on >/leonardo/home/userexternal/mdasilva/leonardo_work/MOAAP/GPM/globe/MERGE/IMERG/tmp_200304.nc<
                  No such file or directory
Year:   2003
Month:  05
Output: /leonardo/home/userexternal/mdasilva/leonardo_work/MOAAP/GPM/globe/MERGE/IMERG/imerg_200305_1hr_v07b.nc
cdo    mergetime: Open failed on >3B-HHR.MS.MRG.3IMERG.200305*.V07B.nc<
                  No such file or directory
cdo    timselsum: Open failed on >/leonardo/home/userexternal/mdasilva/leonardo_work/MOAAP/GPM/globe/MERGE/IMERG/tmp_200305.nc<
                  No such file or directory
Year:   2003
Month:  06
Output: /leonardo/home/userexternal/mdasilva/leonardo_work/MOAAP/GPM/globe/MERGE/IMERG/imerg_200306_1hr_v07b.nc
cdo    mergetime: Open failed on >3B-HHR.MS.MRG.3IMERG.200306*.V07B.nc<
                  No such file or directory
cdo    timselsum: Open failed on >/leonardo/home/userexternal/mdasilva/leonardo_work/MOAAP/GPM/globe/MERGE/IMERG/tmp_200306.nc<
                  No such file or directory
Year:   2003
Month:  07
Output: /leonardo/home/userexternal/mdasilva/leonardo_work/MOAAP/GPM/globe/MERGE/IMERG/imerg_200307_1hr_v07b.nc
cdo    mergetime: Open failed on >3B-HHR.MS.MRG.3IMERG.200307*.V07B.nc<
                  No such file or directory
cdo    timselsum: Open failed on >/leonardo/home/userexternal/mdasilva/leonardo_work/MOAAP/GPM/globe/MERGE/IMERG/tmp_200307.nc<
                  No such file or directory
Year:   2003
Month:  08
Output: /leonardo/home/userexternal/mdasilva/leonardo_work/MOAAP/GPM/globe/MERGE/IMERG/imerg_200308_1hr_v07b.nc
cdo    mergetime: Open failed on >3B-HHR.MS.MRG.3IMERG.200308*.V07B.nc<
                  No such file or directory
cdo    timselsum: Open failed on >/leonardo/home/userexternal/mdasilva/leonardo_work/MOAAP/GPM/globe/MERGE/IMERG/tmp_200308.nc<
                  No such file or directory
Year:   2003
Month:  09
Output: /leonardo/home/userexternal/mdasilva/leonardo_work/MOAAP/GPM/globe/MERGE/IMERG/imerg_200309_1hr_v07b.nc
cdo    mergetime: Open failed on >3B-HHR.MS.MRG.3IMERG.200309*.V07B.nc<
                  No such file or directory
cdo    timselsum: Open failed on >/leonardo/home/userexternal/mdasilva/leonardo_work/MOAAP/GPM/globe/MERGE/IMERG/tmp_200309.nc<
                  No such file or directory
Year:   2003
Month:  10
Output: /leonardo/home/userexternal/mdasilva/leonardo_work/MOAAP/GPM/globe/MERGE/IMERG/imerg_200310_1hr_v07b.nc
cdo    mergetime: Open failed on >3B-HHR.MS.MRG.3IMERG.200310*.V07B.nc<
                  No such file or directory
cdo    timselsum: Open failed on >/leonardo/home/userexternal/mdasilva/leonardo_work/MOAAP/GPM/globe/MERGE/IMERG/tmp_200310.nc<
                  No such file or directory
Year:   2003
Month:  11
Output: /leonardo/home/userexternal/mdasilva/leonardo_work/MOAAP/GPM/globe/MERGE/IMERG/imerg_200311_1hr_v07b.nc
cdo    mergetime: Open failed on >3B-HHR.MS.MRG.3IMERG.200311*.V07B.nc<
                  No such file or directory
cdo    timselsum: Open failed on >/leonardo/home/userexternal/mdasilva/leonardo_work/MOAAP/GPM/globe/MERGE/IMERG/tmp_200311.nc<
                  No such file or directory
Year:   2003
Month:  12
Output: /leonardo/home/userexternal/mdasilva/leonardo_work/MOAAP/GPM/globe/MERGE/IMERG/imerg_200312_1hr_v07b.nc
cdo    mergetime: Open failed on >3B-HHR.MS.MRG.3IMERG.200312*.V07B.nc<
                  No such file or directory
cdo    timselsum: Open failed on >/leonardo/home/userexternal/mdasilva/leonardo_work/MOAAP/GPM/globe/MERGE/IMERG/tmp_200312.nc<
                  No such file or directory
Done
