Year:   2005
Month:  01
Output: /leonardo/home/userexternal/mdasilva/leonardo_work/MOAAP/GPM/globe/MERGE/MERGIR/merg_200501_4km-pixel_1hr.nc
Expected files: 744
Found files:    744
Merging 2005-01...
Successfully created: /leonardo/home/userexternal/mdasilva/leonardo_work/MOAAP/GPM/globe/MERGE/MERGIR/merg_200501_4km-pixel_1hr.nc
Year:   2005
Month:  02
Output: /leonardo/home/userexternal/mdasilva/leonardo_work/MOAAP/GPM/globe/MERGE/MERGIR/merg_200502_4km-pixel_1hr.nc
Expected files: 672
Found files:    672
Merging 2005-02...
Successfully created: /leonardo/home/userexternal/mdasilva/leonardo_work/MOAAP/GPM/globe/MERGE/MERGIR/merg_200502_4km-pixel_1hr.nc
Year:   2006
Month:  01
Output: /leonardo/home/userexternal/mdasilva/leonardo_work/MOAAP/GPM/globe/MERGE/MERGIR/merg_200601_4km-pixel_1hr.nc
Expected files: 744
Found files:    744
Merging 2006-01...
Successfully created: /leonardo/home/userexternal/mdasilva/leonardo_work/MOAAP/GPM/globe/MERGE/MERGIR/merg_200601_4km-pixel_1hr.nc
Year:   2006
Month:  02
Output: /leonardo/home/userexternal/mdasilva/leonardo_work/MOAAP/GPM/globe/MERGE/MERGIR/merg_200602_4km-pixel_1hr.nc
Expected files: 672
Found files:    672
Merging 2006-02...
Successfully created: /leonardo/home/userexternal/mdasilva/leonardo_work/MOAAP/GPM/globe/MERGE/MERGIR/merg_200602_4km-pixel_1hr.nc
Year:   2007
Month:  01
Output: /leonardo/home/userexternal/mdasilva/leonardo_work/MOAAP/GPM/globe/MERGE/MERGIR/merg_200701_4km-pixel_1hr.nc
Expected files: 744
Found files:    744
Merging 2007-01...
Successfully created: /leonardo/home/userexternal/mdasilva/leonardo_work/MOAAP/GPM/globe/MERGE/MERGIR/merg_200701_4km-pixel_1hr.nc
Year:   2007
Month:  02
Output: /leonardo/home/userexternal/mdasilva/leonardo_work/MOAAP/GPM/globe/MERGE/MERGIR/merg_200702_4km-pixel_1hr.nc
Expected files: 672
Found files:    672
Merging 2007-02...
Successfully created: /leonardo/home/userexternal/mdasilva/leonardo_work/MOAAP/GPM/globe/MERGE/MERGIR/merg_200702_4km-pixel_1hr.nc
Year:   2008
Month:  01
Output: /leonardo/home/userexternal/mdasilva/leonardo_work/MOAAP/GPM/globe/MERGE/MERGIR/merg_200801_4km-pixel_1hr.nc
Expected files: 744
Found files:    744
Merging 2008-01...
Successfully created: /leonardo/home/userexternal/mdasilva/leonardo_work/MOAAP/GPM/globe/MERGE/MERGIR/merg_200801_4km-pixel_1hr.nc
Year:   2008
Month:  02
Output: /leonardo/home/userexternal/mdasilva/leonardo_work/MOAAP/GPM/globe/MERGE/MERGIR/merg_200802_4km-pixel_1hr.nc
Expected files: 696
Found files:    696
Merging 2008-02...
Successfully created: /leonardo/home/userexternal/mdasilva/leonardo_work/MOAAP/GPM/globe/MERGE/MERGIR/merg_200802_4km-pixel_1hr.nc
Year:   2009
Month:  01
Output: /leonardo/home/userexternal/mdasilva/leonardo_work/MOAAP/GPM/globe/MERGE/MERGIR/merg_200901_4km-pixel_1hr.nc
Expected files: 744
Found files:    744
Merging 2009-01...
Successfully created: /leonardo/home/userexternal/mdasilva/leonardo_work/MOAAP/GPM/globe/MERGE/MERGIR/merg_200901_4km-pixel_1hr.nc
Year:   2009
Month:  02
Output: /leonardo/home/userexternal/mdasilva/leonardo_work/MOAAP/GPM/globe/MERGE/MERGIR/merg_200902_4km-pixel_1hr.nc
Expected files: 672
Found files:    672
Merging 2009-02...
Successfully created: /leonardo/home/userexternal/mdasilva/leonardo_work/MOAAP/GPM/globe/MERGE/MERGIR/merg_200902_4km-pixel_1hr.nc
Done
