Year:   2006
Month:  03
Output: /leonardo/home/userexternal/mdasilva/leonardo_work/MOAAP/GPM/globe/MERGE/MERGIR/merg_200603_4km-pixel_1hr.nc
Expected files: 744
Found files:    744
Merging 2006-03...
Successfully created: /leonardo/home/userexternal/mdasilva/leonardo_work/MOAAP/GPM/globe/MERGE/MERGIR/merg_200603_4km-pixel_1hr.nc
Year:   2006
Month:  04
Output: /leonardo/home/userexternal/mdasilva/leonardo_work/MOAAP/GPM/globe/MERGE/MERGIR/merg_200604_4km-pixel_1hr.nc
Expected files: 720
Found files:    720
Merging 2006-04...
Successfully created: /leonardo/home/userexternal/mdasilva/leonardo_work/MOAAP/GPM/globe/MERGE/MERGIR/merg_200604_4km-pixel_1hr.nc
Year:   2006
Month:  05
Output: /leonardo/home/userexternal/mdasilva/leonardo_work/MOAAP/GPM/globe/MERGE/MERGIR/merg_200605_4km-pixel_1hr.nc
Expected files: 744
Found files:    744
Merging 2006-05...
Successfully created: /leonardo/home/userexternal/mdasilva/leonardo_work/MOAAP/GPM/globe/MERGE/MERGIR/merg_200605_4km-pixel_1hr.nc
Year:   2006
Month:  06
Output: /leonardo/home/userexternal/mdasilva/leonardo_work/MOAAP/GPM/globe/MERGE/MERGIR/merg_200606_4km-pixel_1hr.nc
Expected files: 720
Found files:    720
Merging 2006-06...
Successfully created: /leonardo/home/userexternal/mdasilva/leonardo_work/MOAAP/GPM/globe/MERGE/MERGIR/merg_200606_4km-pixel_1hr.nc
Year:   2006
Month:  07
Output: /leonardo/home/userexternal/mdasilva/leonardo_work/MOAAP/GPM/globe/MERGE/MERGIR/merg_200607_4km-pixel_1hr.nc
Expected files: 744
Found files:    744
Merging 2006-07...
Successfully created: /leonardo/home/userexternal/mdasilva/leonardo_work/MOAAP/GPM/globe/MERGE/MERGIR/merg_200607_4km-pixel_1hr.nc
Year:   2006
Month:  08
Output: /leonardo/home/userexternal/mdasilva/leonardo_work/MOAAP/GPM/globe/MERGE/MERGIR/merg_200608_4km-pixel_1hr.nc
Expected files: 744
Found files:    744
Merging 2006-08...
Successfully created: /leonardo/home/userexternal/mdasilva/leonardo_work/MOAAP/GPM/globe/MERGE/MERGIR/merg_200608_4km-pixel_1hr.nc
Year:   2006
Month:  09
Output: /leonardo/home/userexternal/mdasilva/leonardo_work/MOAAP/GPM/globe/MERGE/MERGIR/merg_200609_4km-pixel_1hr.nc
Expected files: 720
Found files:    720
Merging 2006-09...
Successfully created: /leonardo/home/userexternal/mdasilva/leonardo_work/MOAAP/GPM/globe/MERGE/MERGIR/merg_200609_4km-pixel_1hr.nc
Year:   2006
Month:  10
Output: /leonardo/home/userexternal/mdasilva/leonardo_work/MOAAP/GPM/globe/MERGE/MERGIR/merg_200610_4km-pixel_1hr.nc
Expected files: 744
Found files:    744
Merging 2006-10...
Successfully created: /leonardo/home/userexternal/mdasilva/leonardo_work/MOAAP/GPM/globe/MERGE/MERGIR/merg_200610_4km-pixel_1hr.nc
Year:   2006
Month:  11
Output: /leonardo/home/userexternal/mdasilva/leonardo_work/MOAAP/GPM/globe/MERGE/MERGIR/merg_200611_4km-pixel_1hr.nc
Expected files: 720
Found files:    720
Merging 2006-11...
