Year:   2001
Month:  01
Output: /leonardo/home/userexternal/mdasilva/leonardo_work/MOAAP/GPM/globe/MERGE/MERGIR/merg_200101_4km-pixel_1hr.nc
Expected files: 744
Found files:    744
Merging 2001-01...
Successfully created: /leonardo/home/userexternal/mdasilva/leonardo_work/MOAAP/GPM/globe/MERGE/MERGIR/merg_200101_4km-pixel_1hr.nc
Year:   2001
Month:  02
Output: /leonardo/home/userexternal/mdasilva/leonardo_work/MOAAP/GPM/globe/MERGE/MERGIR/merg_200102_4km-pixel_1hr.nc
Expected files: 672
Found files:    672
Merging 2001-02...
Successfully created: /leonardo/home/userexternal/mdasilva/leonardo_work/MOAAP/GPM/globe/MERGE/MERGIR/merg_200102_4km-pixel_1hr.nc
Year:   2001
Month:  03
Output: /leonardo/home/userexternal/mdasilva/leonardo_work/MOAAP/GPM/globe/MERGE/MERGIR/merg_200103_4km-pixel_1hr.nc
Expected files: 744
Found files:    744
Merging 2001-03...
Successfully created: /leonardo/home/userexternal/mdasilva/leonardo_work/MOAAP/GPM/globe/MERGE/MERGIR/merg_200103_4km-pixel_1hr.nc
Year:   2001
Month:  04
Output: /leonardo/home/userexternal/mdasilva/leonardo_work/MOAAP/GPM/globe/MERGE/MERGIR/merg_200104_4km-pixel_1hr.nc
Expected files: 720
Found files:    720
Merging 2001-04...
Successfully created: /leonardo/home/userexternal/mdasilva/leonardo_work/MOAAP/GPM/globe/MERGE/MERGIR/merg_200104_4km-pixel_1hr.nc
Year:   2001
Month:  05
Output: /leonardo/home/userexternal/mdasilva/leonardo_work/MOAAP/GPM/globe/MERGE/MERGIR/merg_200105_4km-pixel_1hr.nc
Expected files: 744
Found files:    744
Merging 2001-05...
Successfully created: /leonardo/home/userexternal/mdasilva/leonardo_work/MOAAP/GPM/globe/MERGE/MERGIR/merg_200105_4km-pixel_1hr.nc
Year:   2001
Month:  06
Output: /leonardo/home/userexternal/mdasilva/leonardo_work/MOAAP/GPM/globe/MERGE/MERGIR/merg_200106_4km-pixel_1hr.nc
Expected files: 720
Found files:    720
Merging 2001-06...
Successfully created: /leonardo/home/userexternal/mdasilva/leonardo_work/MOAAP/GPM/globe/MERGE/MERGIR/merg_200106_4km-pixel_1hr.nc
Year:   2001
Month:  07
Output: /leonardo/home/userexternal/mdasilva/leonardo_work/MOAAP/GPM/globe/MERGE/MERGIR/merg_200107_4km-pixel_1hr.nc
Expected files: 744
Found files:    744
Merging 2001-07...
Successfully created: /leonardo/home/userexternal/mdasilva/leonardo_work/MOAAP/GPM/globe/MERGE/MERGIR/merg_200107_4km-pixel_1hr.nc
Year:   2001
Month:  08
Output: /leonardo/home/userexternal/mdasilva/leonardo_work/MOAAP/GPM/globe/MERGE/MERGIR/merg_200108_4km-pixel_1hr.nc
Expected files: 744
Found files:    744
Merging 2001-08...
Successfully created: /leonardo/home/userexternal/mdasilva/leonardo_work/MOAAP/GPM/globe/MERGE/MERGIR/merg_200108_4km-pixel_1hr.nc
Year:   2001
Month:  09
Output: /leonardo/home/userexternal/mdasilva/leonardo_work/MOAAP/GPM/globe/MERGE/MERGIR/merg_200109_4km-pixel_1hr.nc
Expected files: 720
Found files:    720
Merging 2001-09...
Successfully created: /leonardo/home/userexternal/mdasilva/leonardo_work/MOAAP/GPM/globe/MERGE/MERGIR/merg_200109_4km-pixel_1hr.nc
Year:   2001
Month:  10
Output: /leonardo/home/userexternal/mdasilva/leonardo_work/MOAAP/GPM/globe/MERGE/MERGIR/merg_200110_4km-pixel_1hr.nc
Expected files: 744
Found files:    744
Merging 2001-10...
Successfully created: /leonardo/home/userexternal/mdasilva/leonardo_work/MOAAP/GPM/globe/MERGE/MERGIR/merg_200110_4km-pixel_1hr.nc
Year:   2001
Month:  11
Output: /leonardo/home/userexternal/mdasilva/leonardo_work/MOAAP/GPM/globe/MERGE/MERGIR/merg_200111_4km-pixel_1hr.nc
Expected files: 720
Found files:    720
Merging 2001-11...
Successfully created: /leonardo/home/userexternal/mdasilva/leonardo_work/MOAAP/GPM/globe/MERGE/MERGIR/merg_200111_4km-pixel_1hr.nc
Year:   2001
Month:  12
Output: /leonardo/home/userexternal/mdasilva/leonardo_work/MOAAP/GPM/globe/MERGE/MERGIR/merg_200112_4km-pixel_1hr.nc
Expected files: 744
Found files:    744
Merging 2001-12...
Successfully created: /leonardo/home/userexternal/mdasilva/leonardo_work/MOAAP/GPM/globe/MERGE/MERGIR/merg_200112_4km-pixel_1hr.nc
Year:   2002
Month:  01
Output: /leonardo/home/userexternal/mdasilva/leonardo_work/MOAAP/GPM/globe/MERGE/MERGIR/merg_200201_4km-pixel_1hr.nc
Expected files: 744
Found files:    744
Merging 2002-01...
Successfully created: /leonardo/home/userexternal/mdasilva/leonardo_work/MOAAP/GPM/globe/MERGE/MERGIR/merg_200201_4km-pixel_1hr.nc
Year:   2002
Month:  02
Output: /leonardo/home/userexternal/mdasilva/leonardo_work/MOAAP/GPM/globe/MERGE/MERGIR/merg_200202_4km-pixel_1hr.nc
Expected files: 672
Found files:    672
Merging 2002-02...
Successfully created: /leonardo/home/userexternal/mdasilva/leonardo_work/MOAAP/GPM/globe/MERGE/MERGIR/merg_200202_4km-pixel_1hr.nc
Year:   2002
Month:  03
Output: /leonardo/home/userexternal/mdasilva/leonardo_work/MOAAP/GPM/globe/MERGE/MERGIR/merg_200203_4km-pixel_1hr.nc
Expected files: 744
Found files:    744
Merging 2002-03...
Successfully created: /leonardo/home/userexternal/mdasilva/leonardo_work/MOAAP/GPM/globe/MERGE/MERGIR/merg_200203_4km-pixel_1hr.nc
Year:   2002
Month:  04
Output: /leonardo/home/userexternal/mdasilva/leonardo_work/MOAAP/GPM/globe/MERGE/MERGIR/merg_200204_4km-pixel_1hr.nc
Expected files: 720
Found files:    720
Merging 2002-04...
Successfully created: /leonardo/home/userexternal/mdasilva/leonardo_work/MOAAP/GPM/globe/MERGE/MERGIR/merg_200204_4km-pixel_1hr.nc
Year:   2002
Month:  05
Output: /leonardo/home/userexternal/mdasilva/leonardo_work/MOAAP/GPM/globe/MERGE/MERGIR/merg_200205_4km-pixel_1hr.nc
Expected files: 744
Found files:    744
Merging 2002-05...
Successfully created: /leonardo/home/userexternal/mdasilva/leonardo_work/MOAAP/GPM/globe/MERGE/MERGIR/merg_200205_4km-pixel_1hr.nc
Year:   2002
Month:  06
Output: /leonardo/home/userexternal/mdasilva/leonardo_work/MOAAP/GPM/globe/MERGE/MERGIR/merg_200206_4km-pixel_1hr.nc
Expected files: 720
Found files:    720
Merging 2002-06...
Successfully created: /leonardo/home/userexternal/mdasilva/leonardo_work/MOAAP/GPM/globe/MERGE/MERGIR/merg_200206_4km-pixel_1hr.nc
Year:   2002
Month:  07
Output: /leonardo/home/userexternal/mdasilva/leonardo_work/MOAAP/GPM/globe/MERGE/MERGIR/merg_200207_4km-pixel_1hr.nc
Expected files: 744
Found files:    744
Merging 2002-07...
Successfully created: /leonardo/home/userexternal/mdasilva/leonardo_work/MOAAP/GPM/globe/MERGE/MERGIR/merg_200207_4km-pixel_1hr.nc
Year:   2002
Month:  08
Output: /leonardo/home/userexternal/mdasilva/leonardo_work/MOAAP/GPM/globe/MERGE/MERGIR/merg_200208_4km-pixel_1hr.nc
Expected files: 744
Found files:    744
Merging 2002-08...
Successfully created: /leonardo/home/userexternal/mdasilva/leonardo_work/MOAAP/GPM/globe/MERGE/MERGIR/merg_200208_4km-pixel_1hr.nc
Year:   2002
Month:  09
Output: /leonardo/home/userexternal/mdasilva/leonardo_work/MOAAP/GPM/globe/MERGE/MERGIR/merg_200209_4km-pixel_1hr.nc
Expected files: 720
Found files:    720
Merging 2002-09...
Successfully created: /leonardo/home/userexternal/mdasilva/leonardo_work/MOAAP/GPM/globe/MERGE/MERGIR/merg_200209_4km-pixel_1hr.nc
Year:   2002
Month:  10
Output: /leonardo/home/userexternal/mdasilva/leonardo_work/MOAAP/GPM/globe/MERGE/MERGIR/merg_200210_4km-pixel_1hr.nc
Expected files: 744
Found files:    744
Merging 2002-10...
Successfully created: /leonardo/home/userexternal/mdasilva/leonardo_work/MOAAP/GPM/globe/MERGE/MERGIR/merg_200210_4km-pixel_1hr.nc
Year:   2002
Month:  11
Output: /leonardo/home/userexternal/mdasilva/leonardo_work/MOAAP/GPM/globe/MERGE/MERGIR/merg_200211_4km-pixel_1hr.nc
Expected files: 720
Found files:    720
Merging 2002-11...
Successfully created: /leonardo/home/userexternal/mdasilva/leonardo_work/MOAAP/GPM/globe/MERGE/MERGIR/merg_200211_4km-pixel_1hr.nc
Year:   2002
Month:  12
Output: /leonardo/home/userexternal/mdasilva/leonardo_work/MOAAP/GPM/globe/MERGE/MERGIR/merg_200212_4km-pixel_1hr.nc
Expected files: 744
Found files:    744
Merging 2002-12...
Successfully created: /leonardo/home/userexternal/mdasilva/leonardo_work/MOAAP/GPM/globe/MERGE/MERGIR/merg_200212_4km-pixel_1hr.nc
Year:   2003
Month:  01
Output: /leonardo/home/userexternal/mdasilva/leonardo_work/MOAAP/GPM/globe/MERGE/MERGIR/merg_200301_4km-pixel_1hr.nc
Expected files: 744
Found files:    744
Merging 2003-01...
Successfully created: /leonardo/home/userexternal/mdasilva/leonardo_work/MOAAP/GPM/globe/MERGE/MERGIR/merg_200301_4km-pixel_1hr.nc
Year:   2003
Month:  02
Output: /leonardo/home/userexternal/mdasilva/leonardo_work/MOAAP/GPM/globe/MERGE/MERGIR/merg_200302_4km-pixel_1hr.nc
Expected files: 672
Found files:    672
Merging 2003-02...
Successfully created: /leonardo/home/userexternal/mdasilva/leonardo_work/MOAAP/GPM/globe/MERGE/MERGIR/merg_200302_4km-pixel_1hr.nc
Year:   2003
Month:  03
Output: /leonardo/home/userexternal/mdasilva/leonardo_work/MOAAP/GPM/globe/MERGE/MERGIR/merg_200303_4km-pixel_1hr.nc
Expected files: 744
Found files:    744
Merging 2003-03...
Successfully created: /leonardo/home/userexternal/mdasilva/leonardo_work/MOAAP/GPM/globe/MERGE/MERGIR/merg_200303_4km-pixel_1hr.nc
Year:   2003
Month:  04
Output: /leonardo/home/userexternal/mdasilva/leonardo_work/MOAAP/GPM/globe/MERGE/MERGIR/merg_200304_4km-pixel_1hr.nc
Expected files: 720
Found files:    720
Merging 2003-04...
Successfully created: /leonardo/home/userexternal/mdasilva/leonardo_work/MOAAP/GPM/globe/MERGE/MERGIR/merg_200304_4km-pixel_1hr.nc
Year:   2003
Month:  05
Output: /leonardo/home/userexternal/mdasilva/leonardo_work/MOAAP/GPM/globe/MERGE/MERGIR/merg_200305_4km-pixel_1hr.nc
Expected files: 744
Found files:    744
Merging 2003-05...
Successfully created: /leonardo/home/userexternal/mdasilva/leonardo_work/MOAAP/GPM/globe/MERGE/MERGIR/merg_200305_4km-pixel_1hr.nc
Year:   2003
Month:  06
Output: /leonardo/home/userexternal/mdasilva/leonardo_work/MOAAP/GPM/globe/MERGE/MERGIR/merg_200306_4km-pixel_1hr.nc
Expected files: 720
Found files:    720
Merging 2003-06...
Successfully created: /leonardo/home/userexternal/mdasilva/leonardo_work/MOAAP/GPM/globe/MERGE/MERGIR/merg_200306_4km-pixel_1hr.nc
Year:   2003
Month:  07
Output: /leonardo/home/userexternal/mdasilva/leonardo_work/MOAAP/GPM/globe/MERGE/MERGIR/merg_200307_4km-pixel_1hr.nc
Expected files: 744
Found files:    744
Merging 2003-07...
Successfully created: /leonardo/home/userexternal/mdasilva/leonardo_work/MOAAP/GPM/globe/MERGE/MERGIR/merg_200307_4km-pixel_1hr.nc
Year:   2003
Month:  08
Output: /leonardo/home/userexternal/mdasilva/leonardo_work/MOAAP/GPM/globe/MERGE/MERGIR/merg_200308_4km-pixel_1hr.nc
Expected files: 744
Found files:    744
Merging 2003-08...
Successfully created: /leonardo/home/userexternal/mdasilva/leonardo_work/MOAAP/GPM/globe/MERGE/MERGIR/merg_200308_4km-pixel_1hr.nc
Year:   2003
Month:  09
Output: /leonardo/home/userexternal/mdasilva/leonardo_work/MOAAP/GPM/globe/MERGE/MERGIR/merg_200309_4km-pixel_1hr.nc
Expected files: 720
Found files:    720
Merging 2003-09...
Successfully created: /leonardo/home/userexternal/mdasilva/leonardo_work/MOAAP/GPM/globe/MERGE/MERGIR/merg_200309_4km-pixel_1hr.nc
Year:   2003
Month:  10
Output: /leonardo/home/userexternal/mdasilva/leonardo_work/MOAAP/GPM/globe/MERGE/MERGIR/merg_200310_4km-pixel_1hr.nc
Expected files: 744
Found files:    744
Merging 2003-10...
Successfully created: /leonardo/home/userexternal/mdasilva/leonardo_work/MOAAP/GPM/globe/MERGE/MERGIR/merg_200310_4km-pixel_1hr.nc
Year:   2003
Month:  11
Output: /leonardo/home/userexternal/mdasilva/leonardo_work/MOAAP/GPM/globe/MERGE/MERGIR/merg_200311_4km-pixel_1hr.nc
Expected files: 720
Found files:    720
Merging 2003-11...
Successfully created: /leonardo/home/userexternal/mdasilva/leonardo_work/MOAAP/GPM/globe/MERGE/MERGIR/merg_200311_4km-pixel_1hr.nc
Year:   2003
Month:  12
Output: /leonardo/home/userexternal/mdasilva/leonardo_work/MOAAP/GPM/globe/MERGE/MERGIR/merg_200312_4km-pixel_1hr.nc
Expected files: 744
Found files:    744
Merging 2003-12...
Successfully created: /leonardo/home/userexternal/mdasilva/leonardo_work/MOAAP/GPM/globe/MERGE/MERGIR/merg_200312_4km-pixel_1hr.nc
Year:   2004
Month:  01
Output: /leonardo/home/userexternal/mdasilva/leonardo_work/MOAAP/GPM/globe/MERGE/MERGIR/merg_200401_4km-pixel_1hr.nc
Expected files: 744
Found files:    744
Merging 2004-01...
Successfully created: /leonardo/home/userexternal/mdasilva/leonardo_work/MOAAP/GPM/globe/MERGE/MERGIR/merg_200401_4km-pixel_1hr.nc
Year:   2004
Month:  02
Output: /leonardo/home/userexternal/mdasilva/leonardo_work/MOAAP/GPM/globe/MERGE/MERGIR/merg_200402_4km-pixel_1hr.nc
Expected files: 696
Found files:    696
Merging 2004-02...
Successfully created: /leonardo/home/userexternal/mdasilva/leonardo_work/MOAAP/GPM/globe/MERGE/MERGIR/merg_200402_4km-pixel_1hr.nc
Year:   2004
Month:  03
Output: /leonardo/home/userexternal/mdasilva/leonardo_work/MOAAP/GPM/globe/MERGE/MERGIR/merg_200403_4km-pixel_1hr.nc
Expected files: 744
Found files:    744
Merging 2004-03...
slurmstepd: error: *** JOB 54076292 ON lrdn4108 CANCELLED AT 2026-08-26T10:07:34 DUE TO TIME LIMIT ***
