Year:   2004
Month:  03
Output: /leonardo/home/userexternal/mdasilva/leonardo_work/MOAAP/GPM/globe/MERGE/MERGIR/merg_200403_4km-pixel_1hr.nc
Expected files: 744
Found files:    744
Merging 2004-03...
Successfully created: /leonardo/home/userexternal/mdasilva/leonardo_work/MOAAP/GPM/globe/MERGE/MERGIR/merg_200403_4km-pixel_1hr.nc
Year:   2004
Month:  04
Output: /leonardo/home/userexternal/mdasilva/leonardo_work/MOAAP/GPM/globe/MERGE/MERGIR/merg_200404_4km-pixel_1hr.nc
Expected files: 720
Found files:    720
Merging 2004-04...
Successfully created: /leonardo/home/userexternal/mdasilva/leonardo_work/MOAAP/GPM/globe/MERGE/MERGIR/merg_200404_4km-pixel_1hr.nc
Year:   2004
Month:  05
Output: /leonardo/home/userexternal/mdasilva/leonardo_work/MOAAP/GPM/globe/MERGE/MERGIR/merg_200405_4km-pixel_1hr.nc
Expected files: 744
Found files:    744
Merging 2004-05...
Successfully created: /leonardo/home/userexternal/mdasilva/leonardo_work/MOAAP/GPM/globe/MERGE/MERGIR/merg_200405_4km-pixel_1hr.nc
Year:   2004
Month:  06
Output: /leonardo/home/userexternal/mdasilva/leonardo_work/MOAAP/GPM/globe/MERGE/MERGIR/merg_200406_4km-pixel_1hr.nc
Expected files: 720
Found files:    720
Merging 2004-06...
Successfully created: /leonardo/home/userexternal/mdasilva/leonardo_work/MOAAP/GPM/globe/MERGE/MERGIR/merg_200406_4km-pixel_1hr.nc
Year:   2004
Month:  07
Output: /leonardo/home/userexternal/mdasilva/leonardo_work/MOAAP/GPM/globe/MERGE/MERGIR/merg_200407_4km-pixel_1hr.nc
Expected files: 744
Found files:    744
Merging 2004-07...
Successfully created: /leonardo/home/userexternal/mdasilva/leonardo_work/MOAAP/GPM/globe/MERGE/MERGIR/merg_200407_4km-pixel_1hr.nc
Year:   2004
Month:  08
Output: /leonardo/home/userexternal/mdasilva/leonardo_work/MOAAP/GPM/globe/MERGE/MERGIR/merg_200408_4km-pixel_1hr.nc
Expected files: 744
Found files:    744
Merging 2004-08...
Successfully created: /leonardo/home/userexternal/mdasilva/leonardo_work/MOAAP/GPM/globe/MERGE/MERGIR/merg_200408_4km-pixel_1hr.nc
Year:   2004
Month:  09
Output: /leonardo/home/userexternal/mdasilva/leonardo_work/MOAAP/GPM/globe/MERGE/MERGIR/merg_200409_4km-pixel_1hr.nc
Expected files: 720
Found files:    720
Merging 2004-09...
Successfully created: /leonardo/home/userexternal/mdasilva/leonardo_work/MOAAP/GPM/globe/MERGE/MERGIR/merg_200409_4km-pixel_1hr.nc
Year:   2004
Month:  10
Output: /leonardo/home/userexternal/mdasilva/leonardo_work/MOAAP/GPM/globe/MERGE/MERGIR/merg_200410_4km-pixel_1hr.nc
Expected files: 744
Found files:    744
Merging 2004-10...
Successfully created: /leonardo/home/userexternal/mdasilva/leonardo_work/MOAAP/GPM/globe/MERGE/MERGIR/merg_200410_4km-pixel_1hr.nc
Year:   2004
Month:  11
Output: /leonardo/home/userexternal/mdasilva/leonardo_work/MOAAP/GPM/globe/MERGE/MERGIR/merg_200411_4km-pixel_1hr.nc
Expected files: 720
Found files:    720
Merging 2004-11...
Successfully created: /leonardo/home/userexternal/mdasilva/leonardo_work/MOAAP/GPM/globe/MERGE/MERGIR/merg_200411_4km-pixel_1hr.nc
Year:   2004
Month:  12
Output: /leonardo/home/userexternal/mdasilva/leonardo_work/MOAAP/GPM/globe/MERGE/MERGIR/merg_200412_4km-pixel_1hr.nc
Expected files: 744
Found files:    744
Merging 2004-12...
Successfully created: /leonardo/home/userexternal/mdasilva/leonardo_work/MOAAP/GPM/globe/MERGE/MERGIR/merg_200412_4km-pixel_1hr.nc
Done
