Year:   2000
Month:  02
Output: /leonardo/home/userexternal/mdasilva/leonardo_work/MOAAP/GPM/globe/MERGE/MERGIR/merg_200002_4km-pixel_1hr.nc
Expected files: 696
Found files:    696
Merging 2000-02...
Successfully created: /leonardo/home/userexternal/mdasilva/leonardo_work/MOAAP/GPM/globe/MERGE/MERGIR/merg_200002_4km-pixel_1hr.nc
Year:   2000
Month:  03
Output: /leonardo/home/userexternal/mdasilva/leonardo_work/MOAAP/GPM/globe/MERGE/MERGIR/merg_200003_4km-pixel_1hr.nc
Expected files: 744
Found files:    744
Merging 2000-03...
Successfully created: /leonardo/home/userexternal/mdasilva/leonardo_work/MOAAP/GPM/globe/MERGE/MERGIR/merg_200003_4km-pixel_1hr.nc
Year:   2000
Month:  04
Output: /leonardo/home/userexternal/mdasilva/leonardo_work/MOAAP/GPM/globe/MERGE/MERGIR/merg_200004_4km-pixel_1hr.nc
Expected files: 720
Found files:    720
Merging 2000-04...
Successfully created: /leonardo/home/userexternal/mdasilva/leonardo_work/MOAAP/GPM/globe/MERGE/MERGIR/merg_200004_4km-pixel_1hr.nc
Year:   2000
Month:  05
Output: /leonardo/home/userexternal/mdasilva/leonardo_work/MOAAP/GPM/globe/MERGE/MERGIR/merg_200005_4km-pixel_1hr.nc
Expected files: 744
Found files:    744
Merging 2000-05...
