### Checking icbc for icbc_ECEarth-CSAM-3_2050030100_2051030100 
### previous icbc ended with an error
### printing tail of output
 : it is submitted by   : mdasilva
 : it is running on     : lrdn4892.leonardo.local
 : in directory         : 
 /leonardo/home/userexternal/mdasilva/github_projects/shell/ictp/regcm_exp/corde
 x5
                       
 Using Moloch non-hydrostatic dynamical core
 GLOBIDATE1 :  2050-03-01 00:00:00 UTC        
 GLOBIDATE2 :  2051-03-01 00:00:00 UTC        
 NSTEPS     :         1461
### printing tail of error
slurmstepd: error: *** JOB 53630763 ON lrdn4892 CANCELLED AT 2026-08-23T23:01:50 DUE TO TIME LIMIT ***
WARNING: unsupported restart date 0100!
WARNING - potential infinity loop detected
  previous start = 2050030100
       new start = 2050030100
 >>> re-attempting, n=2
submitting: bash submit-icbc.sh ECEarth-CSAM-3.in 2050030100 true
3
Submitted icbc with job i.d. 53871457 !!!
Submitted control with job i.d. 53871458 !!!
