
  This is icbc part of the RegCM version 5
   SVN Revision: 5.0.1 compiled at: data : Oct 10 2025  time: 16:26:26

 : this run start at    : 2026-08-11 16:48:12+0200
 : it is submitted by   : mdasilva
 : it is running on     : lrdn4561.leonardo.local
 : in directory         : 
 /leonardo/home/userexternal/mdasilva/github_projects/shell/ictp/regcm_exp/corde
 x5
                       
 Using Moloch non-hydrostatic dynamical core
 GLOBIDATE1 :  2014-01-01 00:00:00 UTC        
 GLOBIDATE2 :  2015-01-01 00:00:00 UTC        
 NSTEPS     :         1461
 Computing weights, R =      38.89632416 .......... Done.
 Computing weights, R =      38.89632416 .......... Done.
 Computing weights, R =      38.89632416 .......... Done.
      131072 /leonardo_work/ICT26_ESP/RCMDATA//ERA5/2014/tatm_2014_01.nc
  2.100325874255385E-003   250.476824592922     
      196608 /leonardo_work/ICT26_ESP/RCMDATA//ERA5/2014/geop_2014_01.nc
   7.62693074243129        244521.235362754     
      262144 /leonardo_work/ICT26_ESP/RCMDATA//ERA5/2014/qhum_2014_01.nc
  3.821995075204969E-007  1.247551267042461E-002
      327680 /leonardo_work/ICT26_ESP/RCMDATA//ERA5/2014/uwnd_2014_01.nc
  5.280965305871064E-003   31.0622017414682     
      393216 /leonardo_work/ICT26_ESP/RCMDATA//ERA5/2014/vwnd_2014_01.nc
  5.492550525668485E-003  -7.35047118981362     
 READ IN fields at DATE: 2014-01-01 00:00:00 UTC        
 READ IN fields at DATE: 2014-01-01 06:00:00 UTC        
 READ IN fields at DATE: 2014-01-01 12:00:00 UTC        
 READ IN fields at DATE: 2014-01-01 18:00:00 UTC        
 READ IN fields at DATE: 2014-01-02 00:00:00 UTC        
 READ IN fields at DATE: 2014-01-02 06:00:00 UTC        
 READ IN fields at DATE: 2014-01-02 12:00:00 UTC        
 READ IN fields at DATE: 2014-01-02 18:00:00 UTC        
 READ IN fields at DATE: 2014-01-03 00:00:00 UTC        
 READ IN fields at DATE: 2014-01-03 06:00:00 UTC        
 READ IN fields at DATE: 2014-01-03 12:00:00 UTC        
 READ IN fields at DATE: 2014-01-03 18:00:00 UTC        
 READ IN fields at DATE: 2014-01-04 00:00:00 UTC        
 READ IN fields at DATE: 2014-01-04 06:00:00 UTC        
 READ IN fields at DATE: 2014-01-04 12:00:00 UTC        
 READ IN fields at DATE: 2014-01-04 18:00:00 UTC        
 READ IN fields at DATE: 2014-01-05 00:00:00 UTC        
 READ IN fields at DATE: 2014-01-05 06:00:00 UTC        
 READ IN fields at DATE: 2014-01-05 12:00:00 UTC        
 READ IN fields at DATE: 2014-01-05 18:00:00 UTC        
 READ IN fields at DATE: 2014-01-06 00:00:00 UTC        
 READ IN fields at DATE: 2014-01-06 06:00:00 UTC        
 READ IN fields at DATE: 2014-01-06 12:00:00 UTC        
 READ IN fields at DATE: 2014-01-06 18:00:00 UTC        
 READ IN fields at DATE: 2014-01-07 00:00:00 UTC        
 READ IN fields at DATE: 2014-01-07 06:00:00 UTC        
 READ IN fields at DATE: 2014-01-07 12:00:00 UTC        
 READ IN fields at DATE: 2014-01-07 18:00:00 UTC        
 READ IN fields at DATE: 2014-01-08 00:00:00 UTC        
 READ IN fields at DATE: 2014-01-08 06:00:00 UTC        
 READ IN fields at DATE: 2014-01-08 12:00:00 UTC        
 READ IN fields at DATE: 2014-01-08 18:00:00 UTC        
 READ IN fields at DATE: 2014-01-09 00:00:00 UTC        
 READ IN fields at DATE: 2014-01-09 06:00:00 UTC        
 READ IN fields at DATE: 2014-01-09 12:00:00 UTC        
 READ IN fields at DATE: 2014-01-09 18:00:00 UTC        
 READ IN fields at DATE: 2014-01-10 00:00:00 UTC        
 READ IN fields at DATE: 2014-01-10 06:00:00 UTC        
 READ IN fields at DATE: 2014-01-10 12:00:00 UTC        
 READ IN fields at DATE: 2014-01-10 18:00:00 UTC        
 READ IN fields at DATE: 2014-01-11 00:00:00 UTC        
 READ IN fields at DATE: 2014-01-11 06:00:00 UTC        
 READ IN fields at DATE: 2014-01-11 12:00:00 UTC        
 READ IN fields at DATE: 2014-01-11 18:00:00 UTC        
 READ IN fields at DATE: 2014-01-12 00:00:00 UTC        
 READ IN fields at DATE: 2014-01-12 06:00:00 UTC        
 READ IN fields at DATE: 2014-01-12 12:00:00 UTC        
 READ IN fields at DATE: 2014-01-12 18:00:00 UTC        
 READ IN fields at DATE: 2014-01-13 00:00:00 UTC        
 READ IN fields at DATE: 2014-01-13 06:00:00 UTC        
 READ IN fields at DATE: 2014-01-13 12:00:00 UTC        
 READ IN fields at DATE: 2014-01-13 18:00:00 UTC        
 READ IN fields at DATE: 2014-01-14 00:00:00 UTC        
 READ IN fields at DATE: 2014-01-14 06:00:00 UTC        
 READ IN fields at DATE: 2014-01-14 12:00:00 UTC        
 READ IN fields at DATE: 2014-01-14 18:00:00 UTC        
 READ IN fields at DATE: 2014-01-15 00:00:00 UTC        
 READ IN fields at DATE: 2014-01-15 06:00:00 UTC        
 READ IN fields at DATE: 2014-01-15 12:00:00 UTC        
 READ IN fields at DATE: 2014-01-15 18:00:00 UTC        
 READ IN fields at DATE: 2014-01-16 00:00:00 UTC        
 READ IN fields at DATE: 2014-01-16 06:00:00 UTC        
 READ IN fields at DATE: 2014-01-16 12:00:00 UTC        
 READ IN fields at DATE: 2014-01-16 18:00:00 UTC        
 READ IN fields at DATE: 2014-01-17 00:00:00 UTC        
 READ IN fields at DATE: 2014-01-17 06:00:00 UTC        
 READ IN fields at DATE: 2014-01-17 12:00:00 UTC        
 READ IN fields at DATE: 2014-01-17 18:00:00 UTC        
 READ IN fields at DATE: 2014-01-18 00:00:00 UTC        
 READ IN fields at DATE: 2014-01-18 06:00:00 UTC        
 READ IN fields at DATE: 2014-01-18 12:00:00 UTC        
 READ IN fields at DATE: 2014-01-18 18:00:00 UTC        
 READ IN fields at DATE: 2014-01-19 00:00:00 UTC        
 READ IN fields at DATE: 2014-01-19 06:00:00 UTC        
 READ IN fields at DATE: 2014-01-19 12:00:00 UTC        
 READ IN fields at DATE: 2014-01-19 18:00:00 UTC        
 READ IN fields at DATE: 2014-01-20 00:00:00 UTC        
 READ IN fields at DATE: 2014-01-20 06:00:00 UTC        
 READ IN fields at DATE: 2014-01-20 12:00:00 UTC        
 READ IN fields at DATE: 2014-01-20 18:00:00 UTC        
 READ IN fields at DATE: 2014-01-21 00:00:00 UTC        
 READ IN fields at DATE: 2014-01-21 06:00:00 UTC        
 READ IN fields at DATE: 2014-01-21 12:00:00 UTC        
 READ IN fields at DATE: 2014-01-21 18:00:00 UTC        
 READ IN fields at DATE: 2014-01-22 00:00:00 UTC        
 READ IN fields at DATE: 2014-01-22 06:00:00 UTC        
 READ IN fields at DATE: 2014-01-22 12:00:00 UTC        
 READ IN fields at DATE: 2014-01-22 18:00:00 UTC        
 READ IN fields at DATE: 2014-01-23 00:00:00 UTC        
 READ IN fields at DATE: 2014-01-23 06:00:00 UTC        
 READ IN fields at DATE: 2014-01-23 12:00:00 UTC        
 READ IN fields at DATE: 2014-01-23 18:00:00 UTC        
 READ IN fields at DATE: 2014-01-24 00:00:00 UTC        
 READ IN fields at DATE: 2014-01-24 06:00:00 UTC        
 READ IN fields at DATE: 2014-01-24 12:00:00 UTC        
 READ IN fields at DATE: 2014-01-24 18:00:00 UTC        
 READ IN fields at DATE: 2014-01-25 00:00:00 UTC        
 READ IN fields at DATE: 2014-01-25 06:00:00 UTC        
 READ IN fields at DATE: 2014-01-25 12:00:00 UTC        
 READ IN fields at DATE: 2014-01-25 18:00:00 UTC        
 READ IN fields at DATE: 2014-01-26 00:00:00 UTC        
 READ IN fields at DATE: 2014-01-26 06:00:00 UTC        
 READ IN fields at DATE: 2014-01-26 12:00:00 UTC        
 READ IN fields at DATE: 2014-01-26 18:00:00 UTC        
 READ IN fields at DATE: 2014-01-27 00:00:00 UTC        
 READ IN fields at DATE: 2014-01-27 06:00:00 UTC        
 READ IN fields at DATE: 2014-01-27 12:00:00 UTC        
 READ IN fields at DATE: 2014-01-27 18:00:00 UTC        
 READ IN fields at DATE: 2014-01-28 00:00:00 UTC        
 READ IN fields at DATE: 2014-01-28 06:00:00 UTC        
 READ IN fields at DATE: 2014-01-28 12:00:00 UTC        
 READ IN fields at DATE: 2014-01-28 18:00:00 UTC        
 READ IN fields at DATE: 2014-01-29 00:00:00 UTC        
 READ IN fields at DATE: 2014-01-29 06:00:00 UTC        
 READ IN fields at DATE: 2014-01-29 12:00:00 UTC        
 READ IN fields at DATE: 2014-01-29 18:00:00 UTC        
 READ IN fields at DATE: 2014-01-30 00:00:00 UTC        
 READ IN fields at DATE: 2014-01-30 06:00:00 UTC        
 READ IN fields at DATE: 2014-01-30 12:00:00 UTC        
 READ IN fields at DATE: 2014-01-30 18:00:00 UTC        
 READ IN fields at DATE: 2014-01-31 00:00:00 UTC        
 READ IN fields at DATE: 2014-01-31 06:00:00 UTC        
 READ IN fields at DATE: 2014-01-31 12:00:00 UTC        
 READ IN fields at DATE: 2014-01-31 18:00:00 UTC        
      131072 /leonardo_work/ICT26_ESP/RCMDATA//ERA5/2014/tatm_2014_02.nc
  2.066713835223046E-003   249.673710295426     
      196608 /leonardo_work/ICT26_ESP/RCMDATA//ERA5/2014/geop_2014_02.nc
   7.53396016844567        240426.164660541     
      262144 /leonardo_work/ICT26_ESP/RCMDATA//ERA5/2014/qhum_2014_02.nc
  3.910373639668637E-007  1.272494060043365E-002
      327680 /leonardo_work/ICT26_ESP/RCMDATA//ERA5/2014/uwnd_2014_02.nc
  4.449484358593070E-003   16.5741073501059     
      393216 /leonardo_work/ICT26_ESP/RCMDATA//ERA5/2014/vwnd_2014_02.nc
  4.359918924733054E-003   1.76844992335013     
 READ IN fields at DATE: 2014-02-01 00:00:00 UTC        
 READ IN fields at DATE: 2014-02-01 06:00:00 UTC        
 READ IN fields at DATE: 2014-02-01 12:00:00 UTC        
 READ IN fields at DATE: 2014-02-01 18:00:00 UTC        
 READ IN fields at DATE: 2014-02-02 00:00:00 UTC        
 READ IN fields at DATE: 2014-02-02 06:00:00 UTC        
 READ IN fields at DATE: 2014-02-02 12:00:00 UTC        
 READ IN fields at DATE: 2014-02-02 18:00:00 UTC        
 READ IN fields at DATE: 2014-02-03 00:00:00 UTC        
 READ IN fields at DATE: 2014-02-03 06:00:00 UTC        
 READ IN fields at DATE: 2014-02-03 12:00:00 UTC        
 READ IN fields at DATE: 2014-02-03 18:00:00 UTC        
 READ IN fields at DATE: 2014-02-04 00:00:00 UTC        
 READ IN fields at DATE: 2014-02-04 06:00:00 UTC        
 READ IN fields at DATE: 2014-02-04 12:00:00 UTC        
 READ IN fields at DATE: 2014-02-04 18:00:00 UTC        
 READ IN fields at DATE: 2014-02-05 00:00:00 UTC        
 READ IN fields at DATE: 2014-02-05 06:00:00 UTC        
 READ IN fields at DATE: 2014-02-05 12:00:00 UTC        
 READ IN fields at DATE: 2014-02-05 18:00:00 UTC        
 READ IN fields at DATE: 2014-02-06 00:00:00 UTC        
 READ IN fields at DATE: 2014-02-06 06:00:00 UTC        
 READ IN fields at DATE: 2014-02-06 12:00:00 UTC        
 READ IN fields at DATE: 2014-02-06 18:00:00 UTC        
 READ IN fields at DATE: 2014-02-07 00:00:00 UTC        
 READ IN fields at DATE: 2014-02-07 06:00:00 UTC        
 READ IN fields at DATE: 2014-02-07 12:00:00 UTC        
 READ IN fields at DATE: 2014-02-07 18:00:00 UTC        
 READ IN fields at DATE: 2014-02-08 00:00:00 UTC        
 READ IN fields at DATE: 2014-02-08 06:00:00 UTC        
 READ IN fields at DATE: 2014-02-08 12:00:00 UTC        
 READ IN fields at DATE: 2014-02-08 18:00:00 UTC        
 READ IN fields at DATE: 2014-02-09 00:00:00 UTC        
 READ IN fields at DATE: 2014-02-09 06:00:00 UTC        
 READ IN fields at DATE: 2014-02-09 12:00:00 UTC        
 READ IN fields at DATE: 2014-02-09 18:00:00 UTC        
 READ IN fields at DATE: 2014-02-10 00:00:00 UTC        
 READ IN fields at DATE: 2014-02-10 06:00:00 UTC        
 READ IN fields at DATE: 2014-02-10 12:00:00 UTC        
 READ IN fields at DATE: 2014-02-10 18:00:00 UTC        
 READ IN fields at DATE: 2014-02-11 00:00:00 UTC        
 READ IN fields at DATE: 2014-02-11 06:00:00 UTC        
 READ IN fields at DATE: 2014-02-11 12:00:00 UTC        
 READ IN fields at DATE: 2014-02-11 18:00:00 UTC        
 READ IN fields at DATE: 2014-02-12 00:00:00 UTC        
 READ IN fields at DATE: 2014-02-12 06:00:00 UTC        
 READ IN fields at DATE: 2014-02-12 12:00:00 UTC        
 READ IN fields at DATE: 2014-02-12 18:00:00 UTC        
 READ IN fields at DATE: 2014-02-13 00:00:00 UTC        
 READ IN fields at DATE: 2014-02-13 06:00:00 UTC        
 READ IN fields at DATE: 2014-02-13 12:00:00 UTC        
 READ IN fields at DATE: 2014-02-13 18:00:00 UTC        
 READ IN fields at DATE: 2014-02-14 00:00:00 UTC        
 READ IN fields at DATE: 2014-02-14 06:00:00 UTC        
 READ IN fields at DATE: 2014-02-14 12:00:00 UTC        
 READ IN fields at DATE: 2014-02-14 18:00:00 UTC        
 READ IN fields at DATE: 2014-02-15 00:00:00 UTC        
 READ IN fields at DATE: 2014-02-15 06:00:00 UTC        
 READ IN fields at DATE: 2014-02-15 12:00:00 UTC        
 READ IN fields at DATE: 2014-02-15 18:00:00 UTC        
 READ IN fields at DATE: 2014-02-16 00:00:00 UTC        
 READ IN fields at DATE: 2014-02-16 06:00:00 UTC        
 READ IN fields at DATE: 2014-02-16 12:00:00 UTC        
 READ IN fields at DATE: 2014-02-16 18:00:00 UTC        
 READ IN fields at DATE: 2014-02-17 00:00:00 UTC        
 READ IN fields at DATE: 2014-02-17 06:00:00 UTC        
 READ IN fields at DATE: 2014-02-17 12:00:00 UTC        
 READ IN fields at DATE: 2014-02-17 18:00:00 UTC        
 READ IN fields at DATE: 2014-02-18 00:00:00 UTC        
 READ IN fields at DATE: 2014-02-18 06:00:00 UTC        
 READ IN fields at DATE: 2014-02-18 12:00:00 UTC        
 READ IN fields at DATE: 2014-02-18 18:00:00 UTC        
 READ IN fields at DATE: 2014-02-19 00:00:00 UTC        
 READ IN fields at DATE: 2014-02-19 06:00:00 UTC        
 READ IN fields at DATE: 2014-02-19 12:00:00 UTC        
 READ IN fields at DATE: 2014-02-19 18:00:00 UTC        
 READ IN fields at DATE: 2014-02-20 00:00:00 UTC        
 READ IN fields at DATE: 2014-02-20 06:00:00 UTC        
 READ IN fields at DATE: 2014-02-20 12:00:00 UTC        
 READ IN fields at DATE: 2014-02-20 18:00:00 UTC        
 READ IN fields at DATE: 2014-02-21 00:00:00 UTC        
 READ IN fields at DATE: 2014-02-21 06:00:00 UTC        
 READ IN fields at DATE: 2014-02-21 12:00:00 UTC        
 READ IN fields at DATE: 2014-02-21 18:00:00 UTC        
 READ IN fields at DATE: 2014-02-22 00:00:00 UTC        
 READ IN fields at DATE: 2014-02-22 06:00:00 UTC        
 READ IN fields at DATE: 2014-02-22 12:00:00 UTC        
 READ IN fields at DATE: 2014-02-22 18:00:00 UTC        
 READ IN fields at DATE: 2014-02-23 00:00:00 UTC        
 READ IN fields at DATE: 2014-02-23 06:00:00 UTC        
 READ IN fields at DATE: 2014-02-23 12:00:00 UTC        
 READ IN fields at DATE: 2014-02-23 18:00:00 UTC        
 READ IN fields at DATE: 2014-02-24 00:00:00 UTC        
 READ IN fields at DATE: 2014-02-24 06:00:00 UTC        
 READ IN fields at DATE: 2014-02-24 12:00:00 UTC        
 READ IN fields at DATE: 2014-02-24 18:00:00 UTC        
 READ IN fields at DATE: 2014-02-25 00:00:00 UTC        
 READ IN fields at DATE: 2014-02-25 06:00:00 UTC        
 READ IN fields at DATE: 2014-02-25 12:00:00 UTC        
 READ IN fields at DATE: 2014-02-25 18:00:00 UTC        
 READ IN fields at DATE: 2014-02-26 00:00:00 UTC        
 READ IN fields at DATE: 2014-02-26 06:00:00 UTC        
 READ IN fields at DATE: 2014-02-26 12:00:00 UTC        
 READ IN fields at DATE: 2014-02-26 18:00:00 UTC        
 READ IN fields at DATE: 2014-02-27 00:00:00 UTC        
 READ IN fields at DATE: 2014-02-27 06:00:00 UTC        
 READ IN fields at DATE: 2014-02-27 12:00:00 UTC        
 READ IN fields at DATE: 2014-02-27 18:00:00 UTC        
 READ IN fields at DATE: 2014-02-28 00:00:00 UTC        
 READ IN fields at DATE: 2014-02-28 06:00:00 UTC        
 READ IN fields at DATE: 2014-02-28 12:00:00 UTC        
 READ IN fields at DATE: 2014-02-28 18:00:00 UTC        
      131072 /leonardo_work/ICT26_ESP/RCMDATA//ERA5/2014/tatm_2014_03.nc
  2.053480066966500E-003   249.660502800982     
      196608 /leonardo_work/ICT26_ESP/RCMDATA//ERA5/2014/geop_2014_03.nc
   7.35273873229899        235987.372458759     
      262144 /leonardo_work/ICT26_ESP/RCMDATA//ERA5/2014/qhum_2014_03.nc
  3.674603817739253E-007  1.198304824130787E-002
      327680 /leonardo_work/ICT26_ESP/RCMDATA//ERA5/2014/uwnd_2014_03.nc
  3.690861550371092E-003   1.52035610731075     
      393216 /leonardo_work/ICT26_ESP/RCMDATA//ERA5/2014/vwnd_2014_03.nc
  3.641056795812796E-003 -8.873459089790640E-002
 READ IN fields at DATE: 2014-03-01 00:00:00 UTC        
 READ IN fields at DATE: 2014-03-01 06:00:00 UTC        
 READ IN fields at DATE: 2014-03-01 12:00:00 UTC        
 READ IN fields at DATE: 2014-03-01 18:00:00 UTC        
 READ IN fields at DATE: 2014-03-02 00:00:00 UTC        
 READ IN fields at DATE: 2014-03-02 06:00:00 UTC        
 READ IN fields at DATE: 2014-03-02 12:00:00 UTC        
 READ IN fields at DATE: 2014-03-02 18:00:00 UTC        
 READ IN fields at DATE: 2014-03-03 00:00:00 UTC        
 READ IN fields at DATE: 2014-03-03 06:00:00 UTC        
 READ IN fields at DATE: 2014-03-03 12:00:00 UTC        
 READ IN fields at DATE: 2014-03-03 18:00:00 UTC        
 READ IN fields at DATE: 2014-03-04 00:00:00 UTC        
 READ IN fields at DATE: 2014-03-04 06:00:00 UTC        
 READ IN fields at DATE: 2014-03-04 12:00:00 UTC        
 READ IN fields at DATE: 2014-03-04 18:00:00 UTC        
 READ IN fields at DATE: 2014-03-05 00:00:00 UTC        
 READ IN fields at DATE: 2014-03-05 06:00:00 UTC        
 READ IN fields at DATE: 2014-03-05 12:00:00 UTC        
 READ IN fields at DATE: 2014-03-05 18:00:00 UTC        
 READ IN fields at DATE: 2014-03-06 00:00:00 UTC        
 READ IN fields at DATE: 2014-03-06 06:00:00 UTC        
 READ IN fields at DATE: 2014-03-06 12:00:00 UTC        
 READ IN fields at DATE: 2014-03-06 18:00:00 UTC        
 READ IN fields at DATE: 2014-03-07 00:00:00 UTC        
 READ IN fields at DATE: 2014-03-07 06:00:00 UTC        
 READ IN fields at DATE: 2014-03-07 12:00:00 UTC        
 READ IN fields at DATE: 2014-03-07 18:00:00 UTC        
 READ IN fields at DATE: 2014-03-08 00:00:00 UTC        
 READ IN fields at DATE: 2014-03-08 06:00:00 UTC        
 READ IN fields at DATE: 2014-03-08 12:00:00 UTC        
 READ IN fields at DATE: 2014-03-08 18:00:00 UTC        
 READ IN fields at DATE: 2014-03-09 00:00:00 UTC        
 READ IN fields at DATE: 2014-03-09 06:00:00 UTC        
 READ IN fields at DATE: 2014-03-09 12:00:00 UTC        
 READ IN fields at DATE: 2014-03-09 18:00:00 UTC        
 READ IN fields at DATE: 2014-03-10 00:00:00 UTC        
 READ IN fields at DATE: 2014-03-10 06:00:00 UTC        
 READ IN fields at DATE: 2014-03-10 12:00:00 UTC        
 READ IN fields at DATE: 2014-03-10 18:00:00 UTC        
 READ IN fields at DATE: 2014-03-11 00:00:00 UTC        
 READ IN fields at DATE: 2014-03-11 06:00:00 UTC        
 READ IN fields at DATE: 2014-03-11 12:00:00 UTC        
 READ IN fields at DATE: 2014-03-11 18:00:00 UTC        
 READ IN fields at DATE: 2014-03-12 00:00:00 UTC        
 READ IN fields at DATE: 2014-03-12 06:00:00 UTC        
 READ IN fields at DATE: 2014-03-12 12:00:00 UTC        
 READ IN fields at DATE: 2014-03-12 18:00:00 UTC        
 READ IN fields at DATE: 2014-03-13 00:00:00 UTC        
 READ IN fields at DATE: 2014-03-13 06:00:00 UTC        
 READ IN fields at DATE: 2014-03-13 12:00:00 UTC        
 READ IN fields at DATE: 2014-03-13 18:00:00 UTC        
 READ IN fields at DATE: 2014-03-14 00:00:00 UTC        
 READ IN fields at DATE: 2014-03-14 06:00:00 UTC        
 READ IN fields at DATE: 2014-03-14 12:00:00 UTC        
 READ IN fields at DATE: 2014-03-14 18:00:00 UTC        
 READ IN fields at DATE: 2014-03-15 00:00:00 UTC        
 READ IN fields at DATE: 2014-03-15 06:00:00 UTC        
 READ IN fields at DATE: 2014-03-15 12:00:00 UTC        
 READ IN fields at DATE: 2014-03-15 18:00:00 UTC        
 READ IN fields at DATE: 2014-03-16 00:00:00 UTC        
 READ IN fields at DATE: 2014-03-16 06:00:00 UTC        
 READ IN fields at DATE: 2014-03-16 12:00:00 UTC        
 READ IN fields at DATE: 2014-03-16 18:00:00 UTC        
 READ IN fields at DATE: 2014-03-17 00:00:00 UTC        
 READ IN fields at DATE: 2014-03-17 06:00:00 UTC        
 READ IN fields at DATE: 2014-03-17 12:00:00 UTC        
 READ IN fields at DATE: 2014-03-17 18:00:00 UTC        
 READ IN fields at DATE: 2014-03-18 00:00:00 UTC        
 READ IN fields at DATE: 2014-03-18 06:00:00 UTC        
 READ IN fields at DATE: 2014-03-18 12:00:00 UTC        
 READ IN fields at DATE: 2014-03-18 18:00:00 UTC        
 READ IN fields at DATE: 2014-03-19 00:00:00 UTC        
 READ IN fields at DATE: 2014-03-19 06:00:00 UTC        
 READ IN fields at DATE: 2014-03-19 12:00:00 UTC        
 READ IN fields at DATE: 2014-03-19 18:00:00 UTC        
 READ IN fields at DATE: 2014-03-20 00:00:00 UTC        
 READ IN fields at DATE: 2014-03-20 06:00:00 UTC        
 READ IN fields at DATE: 2014-03-20 12:00:00 UTC        
 READ IN fields at DATE: 2014-03-20 18:00:00 UTC        
 READ IN fields at DATE: 2014-03-21 00:00:00 UTC        
 READ IN fields at DATE: 2014-03-21 06:00:00 UTC        
 READ IN fields at DATE: 2014-03-21 12:00:00 UTC        
 READ IN fields at DATE: 2014-03-21 18:00:00 UTC        
 READ IN fields at DATE: 2014-03-22 00:00:00 UTC        
 READ IN fields at DATE: 2014-03-22 06:00:00 UTC        
 READ IN fields at DATE: 2014-03-22 12:00:00 UTC        
 READ IN fields at DATE: 2014-03-22 18:00:00 UTC        
 READ IN fields at DATE: 2014-03-23 00:00:00 UTC        
 READ IN fields at DATE: 2014-03-23 06:00:00 UTC        
 READ IN fields at DATE: 2014-03-23 12:00:00 UTC        
 READ IN fields at DATE: 2014-03-23 18:00:00 UTC        
 READ IN fields at DATE: 2014-03-24 00:00:00 UTC        
 READ IN fields at DATE: 2014-03-24 06:00:00 UTC        
 READ IN fields at DATE: 2014-03-24 12:00:00 UTC        
 READ IN fields at DATE: 2014-03-24 18:00:00 UTC        
 READ IN fields at DATE: 2014-03-25 00:00:00 UTC        
 READ IN fields at DATE: 2014-03-25 06:00:00 UTC        
 READ IN fields at DATE: 2014-03-25 12:00:00 UTC        
 READ IN fields at DATE: 2014-03-25 18:00:00 UTC        
 READ IN fields at DATE: 2014-03-26 00:00:00 UTC        
 READ IN fields at DATE: 2014-03-26 06:00:00 UTC        
 READ IN fields at DATE: 2014-03-26 12:00:00 UTC        
 READ IN fields at DATE: 2014-03-26 18:00:00 UTC        
 READ IN fields at DATE: 2014-03-27 00:00:00 UTC        
 READ IN fields at DATE: 2014-03-27 06:00:00 UTC        
 READ IN fields at DATE: 2014-03-27 12:00:00 UTC        
 READ IN fields at DATE: 2014-03-27 18:00:00 UTC        
 READ IN fields at DATE: 2014-03-28 00:00:00 UTC        
 READ IN fields at DATE: 2014-03-28 06:00:00 UTC        
 READ IN fields at DATE: 2014-03-28 12:00:00 UTC        
 READ IN fields at DATE: 2014-03-28 18:00:00 UTC        
 READ IN fields at DATE: 2014-03-29 00:00:00 UTC        
 READ IN fields at DATE: 2014-03-29 06:00:00 UTC        
 READ IN fields at DATE: 2014-03-29 12:00:00 UTC        
 READ IN fields at DATE: 2014-03-29 18:00:00 UTC        
 READ IN fields at DATE: 2014-03-30 00:00:00 UTC        
 READ IN fields at DATE: 2014-03-30 06:00:00 UTC        
 READ IN fields at DATE: 2014-03-30 12:00:00 UTC        
 READ IN fields at DATE: 2014-03-30 18:00:00 UTC        
 READ IN fields at DATE: 2014-03-31 00:00:00 UTC        
 READ IN fields at DATE: 2014-03-31 06:00:00 UTC        
 READ IN fields at DATE: 2014-03-31 12:00:00 UTC        
 READ IN fields at DATE: 2014-03-31 18:00:00 UTC        
      131072 /leonardo_work/ICT26_ESP/RCMDATA//ERA5/2014/tatm_2014_04.nc
  2.089167886208690E-003   249.763550447795     
      196608 /leonardo_work/ICT26_ESP/RCMDATA//ERA5/2014/geop_2014_04.nc
   7.33111377330887        234332.519989988     
      262144 /leonardo_work/ICT26_ESP/RCMDATA//ERA5/2014/qhum_2014_04.nc
  3.647081071091675E-007  1.186837360055301E-002
      327680 /leonardo_work/ICT26_ESP/RCMDATA//ERA5/2014/uwnd_2014_04.nc
  2.648922568040028E-003   29.1592971817824     
      393216 /leonardo_work/ICT26_ESP/RCMDATA//ERA5/2014/vwnd_2014_04.nc
  2.677371816876850E-003   1.37433270081031     
 READ IN fields at DATE: 2014-04-01 00:00:00 UTC        
 READ IN fields at DATE: 2014-04-01 06:00:00 UTC        
 READ IN fields at DATE: 2014-04-01 12:00:00 UTC        
 READ IN fields at DATE: 2014-04-01 18:00:00 UTC        
 READ IN fields at DATE: 2014-04-02 00:00:00 UTC        
 READ IN fields at DATE: 2014-04-02 06:00:00 UTC        
 READ IN fields at DATE: 2014-04-02 12:00:00 UTC        
 READ IN fields at DATE: 2014-04-02 18:00:00 UTC        
 READ IN fields at DATE: 2014-04-03 00:00:00 UTC        
 READ IN fields at DATE: 2014-04-03 06:00:00 UTC        
 READ IN fields at DATE: 2014-04-03 12:00:00 UTC        
 READ IN fields at DATE: 2014-04-03 18:00:00 UTC        
 READ IN fields at DATE: 2014-04-04 00:00:00 UTC        
 READ IN fields at DATE: 2014-04-04 06:00:00 UTC        
 READ IN fields at DATE: 2014-04-04 12:00:00 UTC        
 READ IN fields at DATE: 2014-04-04 18:00:00 UTC        
 READ IN fields at DATE: 2014-04-05 00:00:00 UTC        
 READ IN fields at DATE: 2014-04-05 06:00:00 UTC        
 READ IN fields at DATE: 2014-04-05 12:00:00 UTC        
 READ IN fields at DATE: 2014-04-05 18:00:00 UTC        
 READ IN fields at DATE: 2014-04-06 00:00:00 UTC        
 READ IN fields at DATE: 2014-04-06 06:00:00 UTC        
 READ IN fields at DATE: 2014-04-06 12:00:00 UTC        
 READ IN fields at DATE: 2014-04-06 18:00:00 UTC        
 READ IN fields at DATE: 2014-04-07 00:00:00 UTC        
 READ IN fields at DATE: 2014-04-07 06:00:00 UTC        
 READ IN fields at DATE: 2014-04-07 12:00:00 UTC        
 READ IN fields at DATE: 2014-04-07 18:00:00 UTC        
 READ IN fields at DATE: 2014-04-08 00:00:00 UTC        
 READ IN fields at DATE: 2014-04-08 06:00:00 UTC        
 READ IN fields at DATE: 2014-04-08 12:00:00 UTC        
 READ IN fields at DATE: 2014-04-08 18:00:00 UTC        
 READ IN fields at DATE: 2014-04-09 00:00:00 UTC        
 READ IN fields at DATE: 2014-04-09 06:00:00 UTC        
 READ IN fields at DATE: 2014-04-09 12:00:00 UTC        
 READ IN fields at DATE: 2014-04-09 18:00:00 UTC        
 READ IN fields at DATE: 2014-04-10 00:00:00 UTC        
 READ IN fields at DATE: 2014-04-10 06:00:00 UTC        
 READ IN fields at DATE: 2014-04-10 12:00:00 UTC        
 READ IN fields at DATE: 2014-04-10 18:00:00 UTC        
 READ IN fields at DATE: 2014-04-11 00:00:00 UTC        
 READ IN fields at DATE: 2014-04-11 06:00:00 UTC        
 READ IN fields at DATE: 2014-04-11 12:00:00 UTC        
 READ IN fields at DATE: 2014-04-11 18:00:00 UTC        
 READ IN fields at DATE: 2014-04-12 00:00:00 UTC        
 READ IN fields at DATE: 2014-04-12 06:00:00 UTC        
 READ IN fields at DATE: 2014-04-12 12:00:00 UTC        
 READ IN fields at DATE: 2014-04-12 18:00:00 UTC        
 READ IN fields at DATE: 2014-04-13 00:00:00 UTC        
 READ IN fields at DATE: 2014-04-13 06:00:00 UTC        
 READ IN fields at DATE: 2014-04-13 12:00:00 UTC        
 READ IN fields at DATE: 2014-04-13 18:00:00 UTC        
 READ IN fields at DATE: 2014-04-14 00:00:00 UTC        
 READ IN fields at DATE: 2014-04-14 06:00:00 UTC        
 READ IN fields at DATE: 2014-04-14 12:00:00 UTC        
 READ IN fields at DATE: 2014-04-14 18:00:00 UTC        
 READ IN fields at DATE: 2014-04-15 00:00:00 UTC        
 READ IN fields at DATE: 2014-04-15 06:00:00 UTC        
 READ IN fields at DATE: 2014-04-15 12:00:00 UTC        
 READ IN fields at DATE: 2014-04-15 18:00:00 UTC        
 READ IN fields at DATE: 2014-04-16 00:00:00 UTC        
 READ IN fields at DATE: 2014-04-16 06:00:00 UTC        
 READ IN fields at DATE: 2014-04-16 12:00:00 UTC        
 READ IN fields at DATE: 2014-04-16 18:00:00 UTC        
 READ IN fields at DATE: 2014-04-17 00:00:00 UTC        
 READ IN fields at DATE: 2014-04-17 06:00:00 UTC        
 READ IN fields at DATE: 2014-04-17 12:00:00 UTC        
 READ IN fields at DATE: 2014-04-17 18:00:00 UTC        
 READ IN fields at DATE: 2014-04-18 00:00:00 UTC        
 READ IN fields at DATE: 2014-04-18 06:00:00 UTC        
 READ IN fields at DATE: 2014-04-18 12:00:00 UTC        
 READ IN fields at DATE: 2014-04-18 18:00:00 UTC        
 READ IN fields at DATE: 2014-04-19 00:00:00 UTC        
 READ IN fields at DATE: 2014-04-19 06:00:00 UTC        
 READ IN fields at DATE: 2014-04-19 12:00:00 UTC        
 READ IN fields at DATE: 2014-04-19 18:00:00 UTC        
 READ IN fields at DATE: 2014-04-20 00:00:00 UTC        
 READ IN fields at DATE: 2014-04-20 06:00:00 UTC        
 READ IN fields at DATE: 2014-04-20 12:00:00 UTC        
 READ IN fields at DATE: 2014-04-20 18:00:00 UTC        
 READ IN fields at DATE: 2014-04-21 00:00:00 UTC        
 READ IN fields at DATE: 2014-04-21 06:00:00 UTC        
 READ IN fields at DATE: 2014-04-21 12:00:00 UTC        
 READ IN fields at DATE: 2014-04-21 18:00:00 UTC        
 READ IN fields at DATE: 2014-04-22 00:00:00 UTC        
 READ IN fields at DATE: 2014-04-22 06:00:00 UTC        
 READ IN fields at DATE: 2014-04-22 12:00:00 UTC        
 READ IN fields at DATE: 2014-04-22 18:00:00 UTC        
 READ IN fields at DATE: 2014-04-23 00:00:00 UTC        
 READ IN fields at DATE: 2014-04-23 06:00:00 UTC        
 READ IN fields at DATE: 2014-04-23 12:00:00 UTC        
 READ IN fields at DATE: 2014-04-23 18:00:00 UTC        
 READ IN fields at DATE: 2014-04-24 00:00:00 UTC        
 READ IN fields at DATE: 2014-04-24 06:00:00 UTC        
 READ IN fields at DATE: 2014-04-24 12:00:00 UTC        
 READ IN fields at DATE: 2014-04-24 18:00:00 UTC        
 READ IN fields at DATE: 2014-04-25 00:00:00 UTC        
 READ IN fields at DATE: 2014-04-25 06:00:00 UTC        
 READ IN fields at DATE: 2014-04-25 12:00:00 UTC        
 READ IN fields at DATE: 2014-04-25 18:00:00 UTC        
 READ IN fields at DATE: 2014-04-26 00:00:00 UTC        
 READ IN fields at DATE: 2014-04-26 06:00:00 UTC        
 READ IN fields at DATE: 2014-04-26 12:00:00 UTC        
 READ IN fields at DATE: 2014-04-26 18:00:00 UTC        
 READ IN fields at DATE: 2014-04-27 00:00:00 UTC        
 READ IN fields at DATE: 2014-04-27 06:00:00 UTC        
 READ IN fields at DATE: 2014-04-27 12:00:00 UTC        
 READ IN fields at DATE: 2014-04-27 18:00:00 UTC        
 READ IN fields at DATE: 2014-04-28 00:00:00 UTC        
 READ IN fields at DATE: 2014-04-28 06:00:00 UTC        
 READ IN fields at DATE: 2014-04-28 12:00:00 UTC        
 READ IN fields at DATE: 2014-04-28 18:00:00 UTC        
 READ IN fields at DATE: 2014-04-29 00:00:00 UTC        
 READ IN fields at DATE: 2014-04-29 06:00:00 UTC        
 READ IN fields at DATE: 2014-04-29 12:00:00 UTC        
 READ IN fields at DATE: 2014-04-29 18:00:00 UTC        
 READ IN fields at DATE: 2014-04-30 00:00:00 UTC        
 READ IN fields at DATE: 2014-04-30 06:00:00 UTC        
 READ IN fields at DATE: 2014-04-30 12:00:00 UTC        
 READ IN fields at DATE: 2014-04-30 18:00:00 UTC        
      131072 /leonardo_work/ICT26_ESP/RCMDATA//ERA5/2014/tatm_2014_05.nc
  2.103156758808539E-003   251.577882137441     
      196608 /leonardo_work/ICT26_ESP/RCMDATA//ERA5/2014/geop_2014_05.nc
   7.52299515368211        240643.080299298     
      262144 /leonardo_work/ICT26_ESP/RCMDATA//ERA5/2014/qhum_2014_05.nc
  4.060842504214566E-007  1.327201032320081E-002
      327680 /leonardo_work/ICT26_ESP/RCMDATA//ERA5/2014/uwnd_2014_05.nc
  3.406842428370415E-003   51.3848703702897     
      393216 /leonardo_work/ICT26_ESP/RCMDATA//ERA5/2014/vwnd_2014_05.nc
  2.559132442323309E-003   1.62105777508743     
 READ IN fields at DATE: 2014-05-01 00:00:00 UTC        
 READ IN fields at DATE: 2014-05-01 06:00:00 UTC        
 READ IN fields at DATE: 2014-05-01 12:00:00 UTC        
 READ IN fields at DATE: 2014-05-01 18:00:00 UTC        
 READ IN fields at DATE: 2014-05-02 00:00:00 UTC        
 READ IN fields at DATE: 2014-05-02 06:00:00 UTC        
 READ IN fields at DATE: 2014-05-02 12:00:00 UTC        
 READ IN fields at DATE: 2014-05-02 18:00:00 UTC        
 READ IN fields at DATE: 2014-05-03 00:00:00 UTC        
 READ IN fields at DATE: 2014-05-03 06:00:00 UTC        
 READ IN fields at DATE: 2014-05-03 12:00:00 UTC        
 READ IN fields at DATE: 2014-05-03 18:00:00 UTC        
 READ IN fields at DATE: 2014-05-04 00:00:00 UTC        
 READ IN fields at DATE: 2014-05-04 06:00:00 UTC        
 READ IN fields at DATE: 2014-05-04 12:00:00 UTC        
 READ IN fields at DATE: 2014-05-04 18:00:00 UTC        
 READ IN fields at DATE: 2014-05-05 00:00:00 UTC        
 READ IN fields at DATE: 2014-05-05 06:00:00 UTC        
 READ IN fields at DATE: 2014-05-05 12:00:00 UTC        
 READ IN fields at DATE: 2014-05-05 18:00:00 UTC        
 READ IN fields at DATE: 2014-05-06 00:00:00 UTC        
 READ IN fields at DATE: 2014-05-06 06:00:00 UTC        
 READ IN fields at DATE: 2014-05-06 12:00:00 UTC        
 READ IN fields at DATE: 2014-05-06 18:00:00 UTC        
 READ IN fields at DATE: 2014-05-07 00:00:00 UTC        
 READ IN fields at DATE: 2014-05-07 06:00:00 UTC        
 READ IN fields at DATE: 2014-05-07 12:00:00 UTC        
 READ IN fields at DATE: 2014-05-07 18:00:00 UTC        
 READ IN fields at DATE: 2014-05-08 00:00:00 UTC        
 READ IN fields at DATE: 2014-05-08 06:00:00 UTC        
 READ IN fields at DATE: 2014-05-08 12:00:00 UTC        
 READ IN fields at DATE: 2014-05-08 18:00:00 UTC        
 READ IN fields at DATE: 2014-05-09 00:00:00 UTC        
 READ IN fields at DATE: 2014-05-09 06:00:00 UTC        
 READ IN fields at DATE: 2014-05-09 12:00:00 UTC        
 READ IN fields at DATE: 2014-05-09 18:00:00 UTC        
 READ IN fields at DATE: 2014-05-10 00:00:00 UTC        
 READ IN fields at DATE: 2014-05-10 06:00:00 UTC        
 READ IN fields at DATE: 2014-05-10 12:00:00 UTC        
 READ IN fields at DATE: 2014-05-10 18:00:00 UTC        
 READ IN fields at DATE: 2014-05-11 00:00:00 UTC        
 READ IN fields at DATE: 2014-05-11 06:00:00 UTC        
 READ IN fields at DATE: 2014-05-11 12:00:00 UTC        
 READ IN fields at DATE: 2014-05-11 18:00:00 UTC        
 READ IN fields at DATE: 2014-05-12 00:00:00 UTC        
 READ IN fields at DATE: 2014-05-12 06:00:00 UTC        
 READ IN fields at DATE: 2014-05-12 12:00:00 UTC        
 READ IN fields at DATE: 2014-05-12 18:00:00 UTC        
 READ IN fields at DATE: 2014-05-13 00:00:00 UTC        
 READ IN fields at DATE: 2014-05-13 06:00:00 UTC        
 READ IN fields at DATE: 2014-05-13 12:00:00 UTC        
 READ IN fields at DATE: 2014-05-13 18:00:00 UTC        
 READ IN fields at DATE: 2014-05-14 00:00:00 UTC        
 READ IN fields at DATE: 2014-05-14 06:00:00 UTC        
 READ IN fields at DATE: 2014-05-14 12:00:00 UTC        
 READ IN fields at DATE: 2014-05-14 18:00:00 UTC        
 READ IN fields at DATE: 2014-05-15 00:00:00 UTC        
 READ IN fields at DATE: 2014-05-15 06:00:00 UTC        
 READ IN fields at DATE: 2014-05-15 12:00:00 UTC        
 READ IN fields at DATE: 2014-05-15 18:00:00 UTC        
 READ IN fields at DATE: 2014-05-16 00:00:00 UTC        
 READ IN fields at DATE: 2014-05-16 06:00:00 UTC        
 READ IN fields at DATE: 2014-05-16 12:00:00 UTC        
 READ IN fields at DATE: 2014-05-16 18:00:00 UTC        
 READ IN fields at DATE: 2014-05-17 00:00:00 UTC        
 READ IN fields at DATE: 2014-05-17 06:00:00 UTC        
 READ IN fields at DATE: 2014-05-17 12:00:00 UTC        
 READ IN fields at DATE: 2014-05-17 18:00:00 UTC        
 READ IN fields at DATE: 2014-05-18 00:00:00 UTC        
 READ IN fields at DATE: 2014-05-18 06:00:00 UTC        
 READ IN fields at DATE: 2014-05-18 12:00:00 UTC        
 READ IN fields at DATE: 2014-05-18 18:00:00 UTC        
 READ IN fields at DATE: 2014-05-19 00:00:00 UTC        
 READ IN fields at DATE: 2014-05-19 06:00:00 UTC        
 READ IN fields at DATE: 2014-05-19 12:00:00 UTC        
 READ IN fields at DATE: 2014-05-19 18:00:00 UTC        
 READ IN fields at DATE: 2014-05-20 00:00:00 UTC        
 READ IN fields at DATE: 2014-05-20 06:00:00 UTC        
 READ IN fields at DATE: 2014-05-20 12:00:00 UTC        
 READ IN fields at DATE: 2014-05-20 18:00:00 UTC        
 READ IN fields at DATE: 2014-05-21 00:00:00 UTC        
 READ IN fields at DATE: 2014-05-21 06:00:00 UTC        
 READ IN fields at DATE: 2014-05-21 12:00:00 UTC        
 READ IN fields at DATE: 2014-05-21 18:00:00 UTC        
 READ IN fields at DATE: 2014-05-22 00:00:00 UTC        
 READ IN fields at DATE: 2014-05-22 06:00:00 UTC        
 READ IN fields at DATE: 2014-05-22 12:00:00 UTC        
 READ IN fields at DATE: 2014-05-22 18:00:00 UTC        
 READ IN fields at DATE: 2014-05-23 00:00:00 UTC        
 READ IN fields at DATE: 2014-05-23 06:00:00 UTC        
 READ IN fields at DATE: 2014-05-23 12:00:00 UTC        
 READ IN fields at DATE: 2014-05-23 18:00:00 UTC        
 READ IN fields at DATE: 2014-05-24 00:00:00 UTC        
 READ IN fields at DATE: 2014-05-24 06:00:00 UTC        
 READ IN fields at DATE: 2014-05-24 12:00:00 UTC        
 READ IN fields at DATE: 2014-05-24 18:00:00 UTC        
 READ IN fields at DATE: 2014-05-25 00:00:00 UTC        
 READ IN fields at DATE: 2014-05-25 06:00:00 UTC        
 READ IN fields at DATE: 2014-05-25 12:00:00 UTC        
 READ IN fields at DATE: 2014-05-25 18:00:00 UTC        
 READ IN fields at DATE: 2014-05-26 00:00:00 UTC        
 READ IN fields at DATE: 2014-05-26 06:00:00 UTC        
 READ IN fields at DATE: 2014-05-26 12:00:00 UTC        
 READ IN fields at DATE: 2014-05-26 18:00:00 UTC        
 READ IN fields at DATE: 2014-05-27 00:00:00 UTC        
 READ IN fields at DATE: 2014-05-27 06:00:00 UTC        
 READ IN fields at DATE: 2014-05-27 12:00:00 UTC        
 READ IN fields at DATE: 2014-05-27 18:00:00 UTC        
 READ IN fields at DATE: 2014-05-28 00:00:00 UTC        
 READ IN fields at DATE: 2014-05-28 06:00:00 UTC        
 READ IN fields at DATE: 2014-05-28 12:00:00 UTC        
 READ IN fields at DATE: 2014-05-28 18:00:00 UTC        
 READ IN fields at DATE: 2014-05-29 00:00:00 UTC        
 READ IN fields at DATE: 2014-05-29 06:00:00 UTC        
 READ IN fields at DATE: 2014-05-29 12:00:00 UTC        
 READ IN fields at DATE: 2014-05-29 18:00:00 UTC        
 READ IN fields at DATE: 2014-05-30 00:00:00 UTC        
 READ IN fields at DATE: 2014-05-30 06:00:00 UTC        
 READ IN fields at DATE: 2014-05-30 12:00:00 UTC        
 READ IN fields at DATE: 2014-05-30 18:00:00 UTC        
 READ IN fields at DATE: 2014-05-31 00:00:00 UTC        
 READ IN fields at DATE: 2014-05-31 06:00:00 UTC        
 READ IN fields at DATE: 2014-05-31 12:00:00 UTC        
 READ IN fields at DATE: 2014-05-31 18:00:00 UTC        
      131072 /leonardo_work/ICT26_ESP/RCMDATA//ERA5/2014/tatm_2014_06.nc
  2.272319690377844E-003   248.947472238592     
      196608 /leonardo_work/ICT26_ESP/RCMDATA//ERA5/2014/geop_2014_06.nc
   7.60910861464835        243416.588023818     
      262144 /leonardo_work/ICT26_ESP/RCMDATA//ERA5/2014/qhum_2014_06.nc
  4.341138393293748E-007  1.416901885194687E-002
      327680 /leonardo_work/ICT26_ESP/RCMDATA//ERA5/2014/uwnd_2014_06.nc
  4.164729225235878E-003   62.1425785850944     
      393216 /leonardo_work/ICT26_ESP/RCMDATA//ERA5/2014/vwnd_2014_06.nc
  2.750558727851688E-003 -0.872278294500645     
 READ IN fields at DATE: 2014-06-01 00:00:00 UTC        
 READ IN fields at DATE: 2014-06-01 06:00:00 UTC        
 READ IN fields at DATE: 2014-06-01 12:00:00 UTC        
 READ IN fields at DATE: 2014-06-01 18:00:00 UTC        
 READ IN fields at DATE: 2014-06-02 00:00:00 UTC        
 READ IN fields at DATE: 2014-06-02 06:00:00 UTC        
 READ IN fields at DATE: 2014-06-02 12:00:00 UTC        
 READ IN fields at DATE: 2014-06-02 18:00:00 UTC        
 READ IN fields at DATE: 2014-06-03 00:00:00 UTC        
 READ IN fields at DATE: 2014-06-03 06:00:00 UTC        
 READ IN fields at DATE: 2014-06-03 12:00:00 UTC        
 READ IN fields at DATE: 2014-06-03 18:00:00 UTC        
 READ IN fields at DATE: 2014-06-04 00:00:00 UTC        
 READ IN fields at DATE: 2014-06-04 06:00:00 UTC        
 READ IN fields at DATE: 2014-06-04 12:00:00 UTC        
 READ IN fields at DATE: 2014-06-04 18:00:00 UTC        
 READ IN fields at DATE: 2014-06-05 00:00:00 UTC        
 READ IN fields at DATE: 2014-06-05 06:00:00 UTC        
 READ IN fields at DATE: 2014-06-05 12:00:00 UTC        
 READ IN fields at DATE: 2014-06-05 18:00:00 UTC        
 READ IN fields at DATE: 2014-06-06 00:00:00 UTC        
 READ IN fields at DATE: 2014-06-06 06:00:00 UTC        
 READ IN fields at DATE: 2014-06-06 12:00:00 UTC        
 READ IN fields at DATE: 2014-06-06 18:00:00 UTC        
 READ IN fields at DATE: 2014-06-07 00:00:00 UTC        
 READ IN fields at DATE: 2014-06-07 06:00:00 UTC        
 READ IN fields at DATE: 2014-06-07 12:00:00 UTC        
 READ IN fields at DATE: 2014-06-07 18:00:00 UTC        
 READ IN fields at DATE: 2014-06-08 00:00:00 UTC        
 READ IN fields at DATE: 2014-06-08 06:00:00 UTC        
 READ IN fields at DATE: 2014-06-08 12:00:00 UTC        
 READ IN fields at DATE: 2014-06-08 18:00:00 UTC        
 READ IN fields at DATE: 2014-06-09 00:00:00 UTC        
 READ IN fields at DATE: 2014-06-09 06:00:00 UTC        
 READ IN fields at DATE: 2014-06-09 12:00:00 UTC        
 READ IN fields at DATE: 2014-06-09 18:00:00 UTC        
 READ IN fields at DATE: 2014-06-10 00:00:00 UTC        
 READ IN fields at DATE: 2014-06-10 06:00:00 UTC        
 READ IN fields at DATE: 2014-06-10 12:00:00 UTC        
 READ IN fields at DATE: 2014-06-10 18:00:00 UTC        
 READ IN fields at DATE: 2014-06-11 00:00:00 UTC        
 READ IN fields at DATE: 2014-06-11 06:00:00 UTC        
 READ IN fields at DATE: 2014-06-11 12:00:00 UTC        
 READ IN fields at DATE: 2014-06-11 18:00:00 UTC        
 READ IN fields at DATE: 2014-06-12 00:00:00 UTC        
 READ IN fields at DATE: 2014-06-12 06:00:00 UTC        
 READ IN fields at DATE: 2014-06-12 12:00:00 UTC        
 READ IN fields at DATE: 2014-06-12 18:00:00 UTC        
 READ IN fields at DATE: 2014-06-13 00:00:00 UTC        
 READ IN fields at DATE: 2014-06-13 06:00:00 UTC        
 READ IN fields at DATE: 2014-06-13 12:00:00 UTC        
 READ IN fields at DATE: 2014-06-13 18:00:00 UTC        
 READ IN fields at DATE: 2014-06-14 00:00:00 UTC        
 READ IN fields at DATE: 2014-06-14 06:00:00 UTC        
 READ IN fields at DATE: 2014-06-14 12:00:00 UTC        
 READ IN fields at DATE: 2014-06-14 18:00:00 UTC        
 READ IN fields at DATE: 2014-06-15 00:00:00 UTC        
 READ IN fields at DATE: 2014-06-15 06:00:00 UTC        
 READ IN fields at DATE: 2014-06-15 12:00:00 UTC        
 READ IN fields at DATE: 2014-06-15 18:00:00 UTC        
 READ IN fields at DATE: 2014-06-16 00:00:00 UTC        
 READ IN fields at DATE: 2014-06-16 06:00:00 UTC        
 READ IN fields at DATE: 2014-06-16 12:00:00 UTC        
 READ IN fields at DATE: 2014-06-16 18:00:00 UTC        
 READ IN fields at DATE: 2014-06-17 00:00:00 UTC        
 READ IN fields at DATE: 2014-06-17 06:00:00 UTC        
 READ IN fields at DATE: 2014-06-17 12:00:00 UTC        
 READ IN fields at DATE: 2014-06-17 18:00:00 UTC        
 READ IN fields at DATE: 2014-06-18 00:00:00 UTC        
 READ IN fields at DATE: 2014-06-18 06:00:00 UTC        
 READ IN fields at DATE: 2014-06-18 12:00:00 UTC        
 READ IN fields at DATE: 2014-06-18 18:00:00 UTC        
 READ IN fields at DATE: 2014-06-19 00:00:00 UTC        
 READ IN fields at DATE: 2014-06-19 06:00:00 UTC        
 READ IN fields at DATE: 2014-06-19 12:00:00 UTC        
 READ IN fields at DATE: 2014-06-19 18:00:00 UTC        
 READ IN fields at DATE: 2014-06-20 00:00:00 UTC        
 READ IN fields at DATE: 2014-06-20 06:00:00 UTC        
 READ IN fields at DATE: 2014-06-20 12:00:00 UTC        
 READ IN fields at DATE: 2014-06-20 18:00:00 UTC        
 READ IN fields at DATE: 2014-06-21 00:00:00 UTC        
 READ IN fields at DATE: 2014-06-21 06:00:00 UTC        
 READ IN fields at DATE: 2014-06-21 12:00:00 UTC        
 READ IN fields at DATE: 2014-06-21 18:00:00 UTC        
 READ IN fields at DATE: 2014-06-22 00:00:00 UTC        
 READ IN fields at DATE: 2014-06-22 06:00:00 UTC        
 READ IN fields at DATE: 2014-06-22 12:00:00 UTC        
 READ IN fields at DATE: 2014-06-22 18:00:00 UTC        
 READ IN fields at DATE: 2014-06-23 00:00:00 UTC        
 READ IN fields at DATE: 2014-06-23 06:00:00 UTC        
 READ IN fields at DATE: 2014-06-23 12:00:00 UTC        
 READ IN fields at DATE: 2014-06-23 18:00:00 UTC        
 READ IN fields at DATE: 2014-06-24 00:00:00 UTC        
 READ IN fields at DATE: 2014-06-24 06:00:00 UTC        
 READ IN fields at DATE: 2014-06-24 12:00:00 UTC        
 READ IN fields at DATE: 2014-06-24 18:00:00 UTC        
 READ IN fields at DATE: 2014-06-25 00:00:00 UTC        
 READ IN fields at DATE: 2014-06-25 06:00:00 UTC        
 READ IN fields at DATE: 2014-06-25 12:00:00 UTC        
 READ IN fields at DATE: 2014-06-25 18:00:00 UTC        
 READ IN fields at DATE: 2014-06-26 00:00:00 UTC        
 READ IN fields at DATE: 2014-06-26 06:00:00 UTC        
 READ IN fields at DATE: 2014-06-26 12:00:00 UTC        
 READ IN fields at DATE: 2014-06-26 18:00:00 UTC        
 READ IN fields at DATE: 2014-06-27 00:00:00 UTC        
 READ IN fields at DATE: 2014-06-27 06:00:00 UTC        
 READ IN fields at DATE: 2014-06-27 12:00:00 UTC        
 READ IN fields at DATE: 2014-06-27 18:00:00 UTC        
 READ IN fields at DATE: 2014-06-28 00:00:00 UTC        
 READ IN fields at DATE: 2014-06-28 06:00:00 UTC        
 READ IN fields at DATE: 2014-06-28 12:00:00 UTC        
 READ IN fields at DATE: 2014-06-28 18:00:00 UTC        
 READ IN fields at DATE: 2014-06-29 00:00:00 UTC        
 READ IN fields at DATE: 2014-06-29 06:00:00 UTC        
 READ IN fields at DATE: 2014-06-29 12:00:00 UTC        
 READ IN fields at DATE: 2014-06-29 18:00:00 UTC        
 READ IN fields at DATE: 2014-06-30 00:00:00 UTC        
 READ IN fields at DATE: 2014-06-30 06:00:00 UTC        
 READ IN fields at DATE: 2014-06-30 12:00:00 UTC        
 READ IN fields at DATE: 2014-06-30 18:00:00 UTC        
      131072 /leonardo_work/ICT26_ESP/RCMDATA//ERA5/2014/tatm_2014_07.nc
  2.417917219425709E-003   245.455120387093     
      196608 /leonardo_work/ICT26_ESP/RCMDATA//ERA5/2014/geop_2014_07.nc
   7.60514090944639        243937.597820170     
      262144 /leonardo_work/ICT26_ESP/RCMDATA//ERA5/2014/qhum_2014_07.nc
  4.391778838037890E-007  1.408479078636906E-002
      327680 /leonardo_work/ICT26_ESP/RCMDATA//ERA5/2014/uwnd_2014_07.nc
  4.806788883439450E-003   62.5215223868083     
      393216 /leonardo_work/ICT26_ESP/RCMDATA//ERA5/2014/vwnd_2014_07.nc
  4.539155968086928E-003   5.09608857631283     
 READ IN fields at DATE: 2014-07-01 00:00:00 UTC        
 READ IN fields at DATE: 2014-07-01 06:00:00 UTC        
 READ IN fields at DATE: 2014-07-01 12:00:00 UTC        
 READ IN fields at DATE: 2014-07-01 18:00:00 UTC        
 READ IN fields at DATE: 2014-07-02 00:00:00 UTC        
 READ IN fields at DATE: 2014-07-02 06:00:00 UTC        
 READ IN fields at DATE: 2014-07-02 12:00:00 UTC        
 READ IN fields at DATE: 2014-07-02 18:00:00 UTC        
 READ IN fields at DATE: 2014-07-03 00:00:00 UTC        
 READ IN fields at DATE: 2014-07-03 06:00:00 UTC        
 READ IN fields at DATE: 2014-07-03 12:00:00 UTC        
 READ IN fields at DATE: 2014-07-03 18:00:00 UTC        
 READ IN fields at DATE: 2014-07-04 00:00:00 UTC        
 READ IN fields at DATE: 2014-07-04 06:00:00 UTC        
 READ IN fields at DATE: 2014-07-04 12:00:00 UTC        
 READ IN fields at DATE: 2014-07-04 18:00:00 UTC        
 READ IN fields at DATE: 2014-07-05 00:00:00 UTC        
 READ IN fields at DATE: 2014-07-05 06:00:00 UTC        
 READ IN fields at DATE: 2014-07-05 12:00:00 UTC        
 READ IN fields at DATE: 2014-07-05 18:00:00 UTC        
 READ IN fields at DATE: 2014-07-06 00:00:00 UTC        
 READ IN fields at DATE: 2014-07-06 06:00:00 UTC        
 READ IN fields at DATE: 2014-07-06 12:00:00 UTC        
 READ IN fields at DATE: 2014-07-06 18:00:00 UTC        
 READ IN fields at DATE: 2014-07-07 00:00:00 UTC        
 READ IN fields at DATE: 2014-07-07 06:00:00 UTC        
 READ IN fields at DATE: 2014-07-07 12:00:00 UTC        
 READ IN fields at DATE: 2014-07-07 18:00:00 UTC        
 READ IN fields at DATE: 2014-07-08 00:00:00 UTC        
 READ IN fields at DATE: 2014-07-08 06:00:00 UTC        
 READ IN fields at DATE: 2014-07-08 12:00:00 UTC        
 READ IN fields at DATE: 2014-07-08 18:00:00 UTC        
 READ IN fields at DATE: 2014-07-09 00:00:00 UTC        
 READ IN fields at DATE: 2014-07-09 06:00:00 UTC        
 READ IN fields at DATE: 2014-07-09 12:00:00 UTC        
 READ IN fields at DATE: 2014-07-09 18:00:00 UTC        
 READ IN fields at DATE: 2014-07-10 00:00:00 UTC        
 READ IN fields at DATE: 2014-07-10 06:00:00 UTC        
 READ IN fields at DATE: 2014-07-10 12:00:00 UTC        
 READ IN fields at DATE: 2014-07-10 18:00:00 UTC        
 READ IN fields at DATE: 2014-07-11 00:00:00 UTC        
 READ IN fields at DATE: 2014-07-11 06:00:00 UTC        
 READ IN fields at DATE: 2014-07-11 12:00:00 UTC        
 READ IN fields at DATE: 2014-07-11 18:00:00 UTC        
 READ IN fields at DATE: 2014-07-12 00:00:00 UTC        
 READ IN fields at DATE: 2014-07-12 06:00:00 UTC        
 READ IN fields at DATE: 2014-07-12 12:00:00 UTC        
 READ IN fields at DATE: 2014-07-12 18:00:00 UTC        
 READ IN fields at DATE: 2014-07-13 00:00:00 UTC        
 READ IN fields at DATE: 2014-07-13 06:00:00 UTC        
 READ IN fields at DATE: 2014-07-13 12:00:00 UTC        
 READ IN fields at DATE: 2014-07-13 18:00:00 UTC        
 READ IN fields at DATE: 2014-07-14 00:00:00 UTC        
 READ IN fields at DATE: 2014-07-14 06:00:00 UTC        
 READ IN fields at DATE: 2014-07-14 12:00:00 UTC        
 READ IN fields at DATE: 2014-07-14 18:00:00 UTC        
 READ IN fields at DATE: 2014-07-15 00:00:00 UTC        
 READ IN fields at DATE: 2014-07-15 06:00:00 UTC        
 READ IN fields at DATE: 2014-07-15 12:00:00 UTC        
 READ IN fields at DATE: 2014-07-15 18:00:00 UTC        
 READ IN fields at DATE: 2014-07-16 00:00:00 UTC        
 READ IN fields at DATE: 2014-07-16 06:00:00 UTC        
 READ IN fields at DATE: 2014-07-16 12:00:00 UTC        
 READ IN fields at DATE: 2014-07-16 18:00:00 UTC        
 READ IN fields at DATE: 2014-07-17 00:00:00 UTC        
 READ IN fields at DATE: 2014-07-17 06:00:00 UTC        
 READ IN fields at DATE: 2014-07-17 12:00:00 UTC        
 READ IN fields at DATE: 2014-07-17 18:00:00 UTC        
 READ IN fields at DATE: 2014-07-18 00:00:00 UTC        
 READ IN fields at DATE: 2014-07-18 06:00:00 UTC        
 READ IN fields at DATE: 2014-07-18 12:00:00 UTC        
 READ IN fields at DATE: 2014-07-18 18:00:00 UTC        
 READ IN fields at DATE: 2014-07-19 00:00:00 UTC        
 READ IN fields at DATE: 2014-07-19 06:00:00 UTC        
 READ IN fields at DATE: 2014-07-19 12:00:00 UTC        
 READ IN fields at DATE: 2014-07-19 18:00:00 UTC        
 READ IN fields at DATE: 2014-07-20 00:00:00 UTC        
 READ IN fields at DATE: 2014-07-20 06:00:00 UTC        
 READ IN fields at DATE: 2014-07-20 12:00:00 UTC        
 READ IN fields at DATE: 2014-07-20 18:00:00 UTC        
 READ IN fields at DATE: 2014-07-21 00:00:00 UTC        
 READ IN fields at DATE: 2014-07-21 06:00:00 UTC        
 READ IN fields at DATE: 2014-07-21 12:00:00 UTC        
 READ IN fields at DATE: 2014-07-21 18:00:00 UTC        
 READ IN fields at DATE: 2014-07-22 00:00:00 UTC        
 READ IN fields at DATE: 2014-07-22 06:00:00 UTC        
 READ IN fields at DATE: 2014-07-22 12:00:00 UTC        
 READ IN fields at DATE: 2014-07-22 18:00:00 UTC        
 READ IN fields at DATE: 2014-07-23 00:00:00 UTC        
 READ IN fields at DATE: 2014-07-23 06:00:00 UTC        
 READ IN fields at DATE: 2014-07-23 12:00:00 UTC        
 READ IN fields at DATE: 2014-07-23 18:00:00 UTC        
 READ IN fields at DATE: 2014-07-24 00:00:00 UTC        
 READ IN fields at DATE: 2014-07-24 06:00:00 UTC        
 READ IN fields at DATE: 2014-07-24 12:00:00 UTC        
 READ IN fields at DATE: 2014-07-24 18:00:00 UTC        
 READ IN fields at DATE: 2014-07-25 00:00:00 UTC        
 READ IN fields at DATE: 2014-07-25 06:00:00 UTC        
 READ IN fields at DATE: 2014-07-25 12:00:00 UTC        
 READ IN fields at DATE: 2014-07-25 18:00:00 UTC        
 READ IN fields at DATE: 2014-07-26 00:00:00 UTC        
 READ IN fields at DATE: 2014-07-26 06:00:00 UTC        
 READ IN fields at DATE: 2014-07-26 12:00:00 UTC        
 READ IN fields at DATE: 2014-07-26 18:00:00 UTC        
 READ IN fields at DATE: 2014-07-27 00:00:00 UTC        
 READ IN fields at DATE: 2014-07-27 06:00:00 UTC        
 READ IN fields at DATE: 2014-07-27 12:00:00 UTC        
 READ IN fields at DATE: 2014-07-27 18:00:00 UTC        
 READ IN fields at DATE: 2014-07-28 00:00:00 UTC        
 READ IN fields at DATE: 2014-07-28 06:00:00 UTC        
 READ IN fields at DATE: 2014-07-28 12:00:00 UTC        
 READ IN fields at DATE: 2014-07-28 18:00:00 UTC        
 READ IN fields at DATE: 2014-07-29 00:00:00 UTC        
 READ IN fields at DATE: 2014-07-29 06:00:00 UTC        
 READ IN fields at DATE: 2014-07-29 12:00:00 UTC        
 READ IN fields at DATE: 2014-07-29 18:00:00 UTC        
 READ IN fields at DATE: 2014-07-30 00:00:00 UTC        
 READ IN fields at DATE: 2014-07-30 06:00:00 UTC        
 READ IN fields at DATE: 2014-07-30 12:00:00 UTC        
 READ IN fields at DATE: 2014-07-30 18:00:00 UTC        
 READ IN fields at DATE: 2014-07-31 00:00:00 UTC        
 READ IN fields at DATE: 2014-07-31 06:00:00 UTC        
 READ IN fields at DATE: 2014-07-31 12:00:00 UTC        
 READ IN fields at DATE: 2014-07-31 18:00:00 UTC        
      131072 /leonardo_work/ICT26_ESP/RCMDATA//ERA5/2014/tatm_2014_08.nc
  2.388201779587074E-003   247.321033377138     
      196608 /leonardo_work/ICT26_ESP/RCMDATA//ERA5/2014/geop_2014_08.nc
   7.54834521586453        241729.622311767     
      262144 /leonardo_work/ICT26_ESP/RCMDATA//ERA5/2014/qhum_2014_08.nc
  4.428034471817414E-007  1.440899089241657E-002
      327680 /leonardo_work/ICT26_ESP/RCMDATA//ERA5/2014/uwnd_2014_08.nc
  4.075530516426958E-003   51.0749504549566     
      393216 /leonardo_work/ICT26_ESP/RCMDATA//ERA5/2014/vwnd_2014_08.nc
  3.811282647927022E-003   5.56362322830494     
 READ IN fields at DATE: 2014-08-01 00:00:00 UTC        
 READ IN fields at DATE: 2014-08-01 06:00:00 UTC        
 READ IN fields at DATE: 2014-08-01 12:00:00 UTC        
 READ IN fields at DATE: 2014-08-01 18:00:00 UTC        
 READ IN fields at DATE: 2014-08-02 00:00:00 UTC        
 READ IN fields at DATE: 2014-08-02 06:00:00 UTC        
 READ IN fields at DATE: 2014-08-02 12:00:00 UTC        
 READ IN fields at DATE: 2014-08-02 18:00:00 UTC        
 READ IN fields at DATE: 2014-08-03 00:00:00 UTC        
 READ IN fields at DATE: 2014-08-03 06:00:00 UTC        
 READ IN fields at DATE: 2014-08-03 12:00:00 UTC        
 READ IN fields at DATE: 2014-08-03 18:00:00 UTC        
 READ IN fields at DATE: 2014-08-04 00:00:00 UTC        
 READ IN fields at DATE: 2014-08-04 06:00:00 UTC        
 READ IN fields at DATE: 2014-08-04 12:00:00 UTC        
 READ IN fields at DATE: 2014-08-04 18:00:00 UTC        
 READ IN fields at DATE: 2014-08-05 00:00:00 UTC        
 READ IN fields at DATE: 2014-08-05 06:00:00 UTC        
 READ IN fields at DATE: 2014-08-05 12:00:00 UTC        
 READ IN fields at DATE: 2014-08-05 18:00:00 UTC        
 READ IN fields at DATE: 2014-08-06 00:00:00 UTC        
 READ IN fields at DATE: 2014-08-06 06:00:00 UTC        
 READ IN fields at DATE: 2014-08-06 12:00:00 UTC        
 READ IN fields at DATE: 2014-08-06 18:00:00 UTC        
 READ IN fields at DATE: 2014-08-07 00:00:00 UTC        
 READ IN fields at DATE: 2014-08-07 06:00:00 UTC        
 READ IN fields at DATE: 2014-08-07 12:00:00 UTC        
 READ IN fields at DATE: 2014-08-07 18:00:00 UTC        
 READ IN fields at DATE: 2014-08-08 00:00:00 UTC        
 READ IN fields at DATE: 2014-08-08 06:00:00 UTC        
 READ IN fields at DATE: 2014-08-08 12:00:00 UTC        
 READ IN fields at DATE: 2014-08-08 18:00:00 UTC        
 READ IN fields at DATE: 2014-08-09 00:00:00 UTC        
 READ IN fields at DATE: 2014-08-09 06:00:00 UTC        
 READ IN fields at DATE: 2014-08-09 12:00:00 UTC        
 READ IN fields at DATE: 2014-08-09 18:00:00 UTC        
 READ IN fields at DATE: 2014-08-10 00:00:00 UTC        
 READ IN fields at DATE: 2014-08-10 06:00:00 UTC        
 READ IN fields at DATE: 2014-08-10 12:00:00 UTC        
 READ IN fields at DATE: 2014-08-10 18:00:00 UTC        
 READ IN fields at DATE: 2014-08-11 00:00:00 UTC        
 READ IN fields at DATE: 2014-08-11 06:00:00 UTC        
 READ IN fields at DATE: 2014-08-11 12:00:00 UTC        
 READ IN fields at DATE: 2014-08-11 18:00:00 UTC        
 READ IN fields at DATE: 2014-08-12 00:00:00 UTC        
 READ IN fields at DATE: 2014-08-12 06:00:00 UTC        
 READ IN fields at DATE: 2014-08-12 12:00:00 UTC        
 READ IN fields at DATE: 2014-08-12 18:00:00 UTC        
 READ IN fields at DATE: 2014-08-13 00:00:00 UTC        
 READ IN fields at DATE: 2014-08-13 06:00:00 UTC        
 READ IN fields at DATE: 2014-08-13 12:00:00 UTC        
 READ IN fields at DATE: 2014-08-13 18:00:00 UTC        
 READ IN fields at DATE: 2014-08-14 00:00:00 UTC        
 READ IN fields at DATE: 2014-08-14 06:00:00 UTC        
 READ IN fields at DATE: 2014-08-14 12:00:00 UTC        
 READ IN fields at DATE: 2014-08-14 18:00:00 UTC        
 READ IN fields at DATE: 2014-08-15 00:00:00 UTC        
 READ IN fields at DATE: 2014-08-15 06:00:00 UTC        
 READ IN fields at DATE: 2014-08-15 12:00:00 UTC        
 READ IN fields at DATE: 2014-08-15 18:00:00 UTC        
 READ IN fields at DATE: 2014-08-16 00:00:00 UTC        
 READ IN fields at DATE: 2014-08-16 06:00:00 UTC        
 READ IN fields at DATE: 2014-08-16 12:00:00 UTC        
 READ IN fields at DATE: 2014-08-16 18:00:00 UTC        
 READ IN fields at DATE: 2014-08-17 00:00:00 UTC        
 READ IN fields at DATE: 2014-08-17 06:00:00 UTC        
 READ IN fields at DATE: 2014-08-17 12:00:00 UTC        
 READ IN fields at DATE: 2014-08-17 18:00:00 UTC        
 READ IN fields at DATE: 2014-08-18 00:00:00 UTC        
 READ IN fields at DATE: 2014-08-18 06:00:00 UTC        
 READ IN fields at DATE: 2014-08-18 12:00:00 UTC        
 READ IN fields at DATE: 2014-08-18 18:00:00 UTC        
 READ IN fields at DATE: 2014-08-19 00:00:00 UTC        
 READ IN fields at DATE: 2014-08-19 06:00:00 UTC        
 READ IN fields at DATE: 2014-08-19 12:00:00 UTC        
 READ IN fields at DATE: 2014-08-19 18:00:00 UTC        
 READ IN fields at DATE: 2014-08-20 00:00:00 UTC        
 READ IN fields at DATE: 2014-08-20 06:00:00 UTC        
 READ IN fields at DATE: 2014-08-20 12:00:00 UTC        
 READ IN fields at DATE: 2014-08-20 18:00:00 UTC        
 READ IN fields at DATE: 2014-08-21 00:00:00 UTC        
 READ IN fields at DATE: 2014-08-21 06:00:00 UTC        
 READ IN fields at DATE: 2014-08-21 12:00:00 UTC        
 READ IN fields at DATE: 2014-08-21 18:00:00 UTC        
 READ IN fields at DATE: 2014-08-22 00:00:00 UTC        
 READ IN fields at DATE: 2014-08-22 06:00:00 UTC        
 READ IN fields at DATE: 2014-08-22 12:00:00 UTC        
 READ IN fields at DATE: 2014-08-22 18:00:00 UTC        
 READ IN fields at DATE: 2014-08-23 00:00:00 UTC        
 READ IN fields at DATE: 2014-08-23 06:00:00 UTC        
 READ IN fields at DATE: 2014-08-23 12:00:00 UTC        
 READ IN fields at DATE: 2014-08-23 18:00:00 UTC        
 READ IN fields at DATE: 2014-08-24 00:00:00 UTC        
 READ IN fields at DATE: 2014-08-24 06:00:00 UTC        
 READ IN fields at DATE: 2014-08-24 12:00:00 UTC        
 READ IN fields at DATE: 2014-08-24 18:00:00 UTC        
 READ IN fields at DATE: 2014-08-25 00:00:00 UTC        
 READ IN fields at DATE: 2014-08-25 06:00:00 UTC        
 READ IN fields at DATE: 2014-08-25 12:00:00 UTC        
 READ IN fields at DATE: 2014-08-25 18:00:00 UTC        
 READ IN fields at DATE: 2014-08-26 00:00:00 UTC        
 READ IN fields at DATE: 2014-08-26 06:00:00 UTC        
 READ IN fields at DATE: 2014-08-26 12:00:00 UTC        
 READ IN fields at DATE: 2014-08-26 18:00:00 UTC        
 READ IN fields at DATE: 2014-08-27 00:00:00 UTC        
 READ IN fields at DATE: 2014-08-27 06:00:00 UTC        
 READ IN fields at DATE: 2014-08-27 12:00:00 UTC        
 READ IN fields at DATE: 2014-08-27 18:00:00 UTC        
 READ IN fields at DATE: 2014-08-28 00:00:00 UTC        
 READ IN fields at DATE: 2014-08-28 06:00:00 UTC        
 READ IN fields at DATE: 2014-08-28 12:00:00 UTC        
 READ IN fields at DATE: 2014-08-28 18:00:00 UTC        
 READ IN fields at DATE: 2014-08-29 00:00:00 UTC        
 READ IN fields at DATE: 2014-08-29 06:00:00 UTC        
 READ IN fields at DATE: 2014-08-29 12:00:00 UTC        
 READ IN fields at DATE: 2014-08-29 18:00:00 UTC        
 READ IN fields at DATE: 2014-08-30 00:00:00 UTC        
 READ IN fields at DATE: 2014-08-30 06:00:00 UTC        
 READ IN fields at DATE: 2014-08-30 12:00:00 UTC        
 READ IN fields at DATE: 2014-08-30 18:00:00 UTC        
 READ IN fields at DATE: 2014-08-31 00:00:00 UTC        
 READ IN fields at DATE: 2014-08-31 06:00:00 UTC        
 READ IN fields at DATE: 2014-08-31 12:00:00 UTC        
 READ IN fields at DATE: 2014-08-31 18:00:00 UTC        
      131072 /leonardo_work/ICT26_ESP/RCMDATA//ERA5/2014/tatm_2014_09.nc
  2.411512919406420E-003   256.948585198130     
      196608 /leonardo_work/ICT26_ESP/RCMDATA//ERA5/2014/geop_2014_09.nc
   7.42148033958082        236598.791212955     
      262144 /leonardo_work/ICT26_ESP/RCMDATA//ERA5/2014/qhum_2014_09.nc
  4.256029331617600E-007  1.386419414740257E-002
      327680 /leonardo_work/ICT26_ESP/RCMDATA//ERA5/2014/uwnd_2014_09.nc
  4.666987240088009E-003   42.5561229272784     
      393216 /leonardo_work/ICT26_ESP/RCMDATA//ERA5/2014/vwnd_2014_09.nc
  3.976599274023917E-003  -13.2088211853792     
 READ IN fields at DATE: 2014-09-01 00:00:00 UTC        
 READ IN fields at DATE: 2014-09-01 06:00:00 UTC        
 READ IN fields at DATE: 2014-09-01 12:00:00 UTC        
 READ IN fields at DATE: 2014-09-01 18:00:00 UTC        
 READ IN fields at DATE: 2014-09-02 00:00:00 UTC        
 READ IN fields at DATE: 2014-09-02 06:00:00 UTC        
 READ IN fields at DATE: 2014-09-02 12:00:00 UTC        
 READ IN fields at DATE: 2014-09-02 18:00:00 UTC        
 READ IN fields at DATE: 2014-09-03 00:00:00 UTC        
 READ IN fields at DATE: 2014-09-03 06:00:00 UTC        
 READ IN fields at DATE: 2014-09-03 12:00:00 UTC        
 READ IN fields at DATE: 2014-09-03 18:00:00 UTC        
 READ IN fields at DATE: 2014-09-04 00:00:00 UTC        
 READ IN fields at DATE: 2014-09-04 06:00:00 UTC        
 READ IN fields at DATE: 2014-09-04 12:00:00 UTC        
 READ IN fields at DATE: 2014-09-04 18:00:00 UTC        
 READ IN fields at DATE: 2014-09-05 00:00:00 UTC        
 READ IN fields at DATE: 2014-09-05 06:00:00 UTC        
 READ IN fields at DATE: 2014-09-05 12:00:00 UTC        
 READ IN fields at DATE: 2014-09-05 18:00:00 UTC        
 READ IN fields at DATE: 2014-09-06 00:00:00 UTC        
 READ IN fields at DATE: 2014-09-06 06:00:00 UTC        
 READ IN fields at DATE: 2014-09-06 12:00:00 UTC        
 READ IN fields at DATE: 2014-09-06 18:00:00 UTC        
 READ IN fields at DATE: 2014-09-07 00:00:00 UTC        
 READ IN fields at DATE: 2014-09-07 06:00:00 UTC        
 READ IN fields at DATE: 2014-09-07 12:00:00 UTC        
 READ IN fields at DATE: 2014-09-07 18:00:00 UTC        
 READ IN fields at DATE: 2014-09-08 00:00:00 UTC        
 READ IN fields at DATE: 2014-09-08 06:00:00 UTC        
 READ IN fields at DATE: 2014-09-08 12:00:00 UTC        
 READ IN fields at DATE: 2014-09-08 18:00:00 UTC        
 READ IN fields at DATE: 2014-09-09 00:00:00 UTC        
 READ IN fields at DATE: 2014-09-09 06:00:00 UTC        
 READ IN fields at DATE: 2014-09-09 12:00:00 UTC        
 READ IN fields at DATE: 2014-09-09 18:00:00 UTC        
 READ IN fields at DATE: 2014-09-10 00:00:00 UTC        
 READ IN fields at DATE: 2014-09-10 06:00:00 UTC        
 READ IN fields at DATE: 2014-09-10 12:00:00 UTC        
 READ IN fields at DATE: 2014-09-10 18:00:00 UTC        
 READ IN fields at DATE: 2014-09-11 00:00:00 UTC        
 READ IN fields at DATE: 2014-09-11 06:00:00 UTC        
 READ IN fields at DATE: 2014-09-11 12:00:00 UTC        
 READ IN fields at DATE: 2014-09-11 18:00:00 UTC        
 READ IN fields at DATE: 2014-09-12 00:00:00 UTC        
 READ IN fields at DATE: 2014-09-12 06:00:00 UTC        
 READ IN fields at DATE: 2014-09-12 12:00:00 UTC        
 READ IN fields at DATE: 2014-09-12 18:00:00 UTC        
 READ IN fields at DATE: 2014-09-13 00:00:00 UTC        
 READ IN fields at DATE: 2014-09-13 06:00:00 UTC        
 READ IN fields at DATE: 2014-09-13 12:00:00 UTC        
 READ IN fields at DATE: 2014-09-13 18:00:00 UTC        
 READ IN fields at DATE: 2014-09-14 00:00:00 UTC        
 READ IN fields at DATE: 2014-09-14 06:00:00 UTC        
 READ IN fields at DATE: 2014-09-14 12:00:00 UTC        
 READ IN fields at DATE: 2014-09-14 18:00:00 UTC        
 READ IN fields at DATE: 2014-09-15 00:00:00 UTC        
 READ IN fields at DATE: 2014-09-15 06:00:00 UTC        
 READ IN fields at DATE: 2014-09-15 12:00:00 UTC        
 READ IN fields at DATE: 2014-09-15 18:00:00 UTC        
 READ IN fields at DATE: 2014-09-16 00:00:00 UTC        
 READ IN fields at DATE: 2014-09-16 06:00:00 UTC        
 READ IN fields at DATE: 2014-09-16 12:00:00 UTC        
 READ IN fields at DATE: 2014-09-16 18:00:00 UTC        
 READ IN fields at DATE: 2014-09-17 00:00:00 UTC        
 READ IN fields at DATE: 2014-09-17 06:00:00 UTC        
 READ IN fields at DATE: 2014-09-17 12:00:00 UTC        
 READ IN fields at DATE: 2014-09-17 18:00:00 UTC        
 READ IN fields at DATE: 2014-09-18 00:00:00 UTC        
 READ IN fields at DATE: 2014-09-18 06:00:00 UTC        
 READ IN fields at DATE: 2014-09-18 12:00:00 UTC        
 READ IN fields at DATE: 2014-09-18 18:00:00 UTC        
 READ IN fields at DATE: 2014-09-19 00:00:00 UTC        
 READ IN fields at DATE: 2014-09-19 06:00:00 UTC        
 READ IN fields at DATE: 2014-09-19 12:00:00 UTC        
 READ IN fields at DATE: 2014-09-19 18:00:00 UTC        
 READ IN fields at DATE: 2014-09-20 00:00:00 UTC        
 READ IN fields at DATE: 2014-09-20 06:00:00 UTC        
 READ IN fields at DATE: 2014-09-20 12:00:00 UTC        
 READ IN fields at DATE: 2014-09-20 18:00:00 UTC        
 READ IN fields at DATE: 2014-09-21 00:00:00 UTC        
 READ IN fields at DATE: 2014-09-21 06:00:00 UTC        
 READ IN fields at DATE: 2014-09-21 12:00:00 UTC        
 READ IN fields at DATE: 2014-09-21 18:00:00 UTC        
 READ IN fields at DATE: 2014-09-22 00:00:00 UTC        
 READ IN fields at DATE: 2014-09-22 06:00:00 UTC        
 READ IN fields at DATE: 2014-09-22 12:00:00 UTC        
 READ IN fields at DATE: 2014-09-22 18:00:00 UTC        
 READ IN fields at DATE: 2014-09-23 00:00:00 UTC        
 READ IN fields at DATE: 2014-09-23 06:00:00 UTC        
 READ IN fields at DATE: 2014-09-23 12:00:00 UTC        
 READ IN fields at DATE: 2014-09-23 18:00:00 UTC        
 READ IN fields at DATE: 2014-09-24 00:00:00 UTC        
 READ IN fields at DATE: 2014-09-24 06:00:00 UTC        
 READ IN fields at DATE: 2014-09-24 12:00:00 UTC        
 READ IN fields at DATE: 2014-09-24 18:00:00 UTC        
 READ IN fields at DATE: 2014-09-25 00:00:00 UTC        
 READ IN fields at DATE: 2014-09-25 06:00:00 UTC        
 READ IN fields at DATE: 2014-09-25 12:00:00 UTC        
 READ IN fields at DATE: 2014-09-25 18:00:00 UTC        
 READ IN fields at DATE: 2014-09-26 00:00:00 UTC        
 READ IN fields at DATE: 2014-09-26 06:00:00 UTC        
 READ IN fields at DATE: 2014-09-26 12:00:00 UTC        
 READ IN fields at DATE: 2014-09-26 18:00:00 UTC        
 READ IN fields at DATE: 2014-09-27 00:00:00 UTC        
 READ IN fields at DATE: 2014-09-27 06:00:00 UTC        
 READ IN fields at DATE: 2014-09-27 12:00:00 UTC        
 READ IN fields at DATE: 2014-09-27 18:00:00 UTC        
 READ IN fields at DATE: 2014-09-28 00:00:00 UTC        
 READ IN fields at DATE: 2014-09-28 06:00:00 UTC        
 READ IN fields at DATE: 2014-09-28 12:00:00 UTC        
 READ IN fields at DATE: 2014-09-28 18:00:00 UTC        
 READ IN fields at DATE: 2014-09-29 00:00:00 UTC        
 READ IN fields at DATE: 2014-09-29 06:00:00 UTC        
 READ IN fields at DATE: 2014-09-29 12:00:00 UTC        
 READ IN fields at DATE: 2014-09-29 18:00:00 UTC        
 READ IN fields at DATE: 2014-09-30 00:00:00 UTC        
 READ IN fields at DATE: 2014-09-30 06:00:00 UTC        
 READ IN fields at DATE: 2014-09-30 12:00:00 UTC        
 READ IN fields at DATE: 2014-09-30 18:00:00 UTC        
      131072 /leonardo_work/ICT26_ESP/RCMDATA//ERA5/2014/tatm_2014_10.nc
  2.090306014494248E-003   251.576538159981     
      196608 /leonardo_work/ICT26_ESP/RCMDATA//ERA5/2014/geop_2014_10.nc
   7.35773883720797        235533.971521206     
      262144 /leonardo_work/ICT26_ESP/RCMDATA//ERA5/2014/qhum_2014_10.nc
  3.667942741579266E-007  1.195679799112921E-002
      327680 /leonardo_work/ICT26_ESP/RCMDATA//ERA5/2014/uwnd_2014_10.nc
  3.580314321079766E-003   10.4775418130543     
      393216 /leonardo_work/ICT26_ESP/RCMDATA//ERA5/2014/vwnd_2014_10.nc
  3.537857572338912E-003   9.28875078556930     
 READ IN fields at DATE: 2014-10-01 00:00:00 UTC        
 READ IN fields at DATE: 2014-10-01 06:00:00 UTC        
 READ IN fields at DATE: 2014-10-01 12:00:00 UTC        
 READ IN fields at DATE: 2014-10-01 18:00:00 UTC        
 READ IN fields at DATE: 2014-10-02 00:00:00 UTC        
 READ IN fields at DATE: 2014-10-02 06:00:00 UTC        
 READ IN fields at DATE: 2014-10-02 12:00:00 UTC        
 READ IN fields at DATE: 2014-10-02 18:00:00 UTC        
 READ IN fields at DATE: 2014-10-03 00:00:00 UTC        
 READ IN fields at DATE: 2014-10-03 06:00:00 UTC        
 READ IN fields at DATE: 2014-10-03 12:00:00 UTC        
 READ IN fields at DATE: 2014-10-03 18:00:00 UTC        
 READ IN fields at DATE: 2014-10-04 00:00:00 UTC        
 READ IN fields at DATE: 2014-10-04 06:00:00 UTC        
 READ IN fields at DATE: 2014-10-04 12:00:00 UTC        
 READ IN fields at DATE: 2014-10-04 18:00:00 UTC        
 READ IN fields at DATE: 2014-10-05 00:00:00 UTC        
 READ IN fields at DATE: 2014-10-05 06:00:00 UTC        
 READ IN fields at DATE: 2014-10-05 12:00:00 UTC        
 READ IN fields at DATE: 2014-10-05 18:00:00 UTC        
 READ IN fields at DATE: 2014-10-06 00:00:00 UTC        
 READ IN fields at DATE: 2014-10-06 06:00:00 UTC        
 READ IN fields at DATE: 2014-10-06 12:00:00 UTC        
 READ IN fields at DATE: 2014-10-06 18:00:00 UTC        
 READ IN fields at DATE: 2014-10-07 00:00:00 UTC        
 READ IN fields at DATE: 2014-10-07 06:00:00 UTC        
 READ IN fields at DATE: 2014-10-07 12:00:00 UTC        
 READ IN fields at DATE: 2014-10-07 18:00:00 UTC        
 READ IN fields at DATE: 2014-10-08 00:00:00 UTC        
 READ IN fields at DATE: 2014-10-08 06:00:00 UTC        
 READ IN fields at DATE: 2014-10-08 12:00:00 UTC        
 READ IN fields at DATE: 2014-10-08 18:00:00 UTC        
 READ IN fields at DATE: 2014-10-09 00:00:00 UTC        
 READ IN fields at DATE: 2014-10-09 06:00:00 UTC        
 READ IN fields at DATE: 2014-10-09 12:00:00 UTC        
 READ IN fields at DATE: 2014-10-09 18:00:00 UTC        
 READ IN fields at DATE: 2014-10-10 00:00:00 UTC        
 READ IN fields at DATE: 2014-10-10 06:00:00 UTC        
 READ IN fields at DATE: 2014-10-10 12:00:00 UTC        
 READ IN fields at DATE: 2014-10-10 18:00:00 UTC        
 READ IN fields at DATE: 2014-10-11 00:00:00 UTC        
 READ IN fields at DATE: 2014-10-11 06:00:00 UTC        
 READ IN fields at DATE: 2014-10-11 12:00:00 UTC        
 READ IN fields at DATE: 2014-10-11 18:00:00 UTC        
 READ IN fields at DATE: 2014-10-12 00:00:00 UTC        
 READ IN fields at DATE: 2014-10-12 06:00:00 UTC        
 READ IN fields at DATE: 2014-10-12 12:00:00 UTC        
 READ IN fields at DATE: 2014-10-12 18:00:00 UTC        
 READ IN fields at DATE: 2014-10-13 00:00:00 UTC        
 READ IN fields at DATE: 2014-10-13 06:00:00 UTC        
 READ IN fields at DATE: 2014-10-13 12:00:00 UTC        
 READ IN fields at DATE: 2014-10-13 18:00:00 UTC        
 READ IN fields at DATE: 2014-10-14 00:00:00 UTC        
 READ IN fields at DATE: 2014-10-14 06:00:00 UTC        
 READ IN fields at DATE: 2014-10-14 12:00:00 UTC        
 READ IN fields at DATE: 2014-10-14 18:00:00 UTC        
 READ IN fields at DATE: 2014-10-15 00:00:00 UTC        
 READ IN fields at DATE: 2014-10-15 06:00:00 UTC        
 READ IN fields at DATE: 2014-10-15 12:00:00 UTC        
 READ IN fields at DATE: 2014-10-15 18:00:00 UTC        
 READ IN fields at DATE: 2014-10-16 00:00:00 UTC        
 READ IN fields at DATE: 2014-10-16 06:00:00 UTC        
 READ IN fields at DATE: 2014-10-16 12:00:00 UTC        
 READ IN fields at DATE: 2014-10-16 18:00:00 UTC        
 READ IN fields at DATE: 2014-10-17 00:00:00 UTC        
 READ IN fields at DATE: 2014-10-17 06:00:00 UTC        
 READ IN fields at DATE: 2014-10-17 12:00:00 UTC        
 READ IN fields at DATE: 2014-10-17 18:00:00 UTC        
 READ IN fields at DATE: 2014-10-18 00:00:00 UTC        
 READ IN fields at DATE: 2014-10-18 06:00:00 UTC        
 READ IN fields at DATE: 2014-10-18 12:00:00 UTC        
 READ IN fields at DATE: 2014-10-18 18:00:00 UTC        
 READ IN fields at DATE: 2014-10-19 00:00:00 UTC        
 READ IN fields at DATE: 2014-10-19 06:00:00 UTC        
 READ IN fields at DATE: 2014-10-19 12:00:00 UTC        
 READ IN fields at DATE: 2014-10-19 18:00:00 UTC        
 READ IN fields at DATE: 2014-10-20 00:00:00 UTC        
 READ IN fields at DATE: 2014-10-20 06:00:00 UTC        
 READ IN fields at DATE: 2014-10-20 12:00:00 UTC        
 READ IN fields at DATE: 2014-10-20 18:00:00 UTC        
 READ IN fields at DATE: 2014-10-21 00:00:00 UTC        
 READ IN fields at DATE: 2014-10-21 06:00:00 UTC        
 READ IN fields at DATE: 2014-10-21 12:00:00 UTC        
 READ IN fields at DATE: 2014-10-21 18:00:00 UTC        
 READ IN fields at DATE: 2014-10-22 00:00:00 UTC        
 READ IN fields at DATE: 2014-10-22 06:00:00 UTC        
 READ IN fields at DATE: 2014-10-22 12:00:00 UTC        
 READ IN fields at DATE: 2014-10-22 18:00:00 UTC        
 READ IN fields at DATE: 2014-10-23 00:00:00 UTC        
 READ IN fields at DATE: 2014-10-23 06:00:00 UTC        
 READ IN fields at DATE: 2014-10-23 12:00:00 UTC        
 READ IN fields at DATE: 2014-10-23 18:00:00 UTC        
 READ IN fields at DATE: 2014-10-24 00:00:00 UTC        
 READ IN fields at DATE: 2014-10-24 06:00:00 UTC        
 READ IN fields at DATE: 2014-10-24 12:00:00 UTC        
 READ IN fields at DATE: 2014-10-24 18:00:00 UTC        
 READ IN fields at DATE: 2014-10-25 00:00:00 UTC        
 READ IN fields at DATE: 2014-10-25 06:00:00 UTC        
 READ IN fields at DATE: 2014-10-25 12:00:00 UTC        
 READ IN fields at DATE: 2014-10-25 18:00:00 UTC        
 READ IN fields at DATE: 2014-10-26 00:00:00 UTC        
 READ IN fields at DATE: 2014-10-26 06:00:00 UTC        
 READ IN fields at DATE: 2014-10-26 12:00:00 UTC        
 READ IN fields at DATE: 2014-10-26 18:00:00 UTC        
 READ IN fields at DATE: 2014-10-27 00:00:00 UTC        
 READ IN fields at DATE: 2014-10-27 06:00:00 UTC        
 READ IN fields at DATE: 2014-10-27 12:00:00 UTC        
 READ IN fields at DATE: 2014-10-27 18:00:00 UTC        
 READ IN fields at DATE: 2014-10-28 00:00:00 UTC        
 READ IN fields at DATE: 2014-10-28 06:00:00 UTC        
 READ IN fields at DATE: 2014-10-28 12:00:00 UTC        
 READ IN fields at DATE: 2014-10-28 18:00:00 UTC        
 READ IN fields at DATE: 2014-10-29 00:00:00 UTC        
 READ IN fields at DATE: 2014-10-29 06:00:00 UTC        
 READ IN fields at DATE: 2014-10-29 12:00:00 UTC        
 READ IN fields at DATE: 2014-10-29 18:00:00 UTC        
 READ IN fields at DATE: 2014-10-30 00:00:00 UTC        
 READ IN fields at DATE: 2014-10-30 06:00:00 UTC        
 READ IN fields at DATE: 2014-10-30 12:00:00 UTC        
 READ IN fields at DATE: 2014-10-30 18:00:00 UTC        
 READ IN fields at DATE: 2014-10-31 00:00:00 UTC        
 READ IN fields at DATE: 2014-10-31 06:00:00 UTC        
 READ IN fields at DATE: 2014-10-31 12:00:00 UTC        
 READ IN fields at DATE: 2014-10-31 18:00:00 UTC        
      131072 /leonardo_work/ICT26_ESP/RCMDATA//ERA5/2014/tatm_2014_11.nc
  2.045496404393827E-003   249.654998369962     
      196608 /leonardo_work/ICT26_ESP/RCMDATA//ERA5/2014/geop_2014_11.nc
   7.55943618100804        241439.267156909     
      262144 /leonardo_work/ICT26_ESP/RCMDATA//ERA5/2014/qhum_2014_11.nc
  3.727042805777660E-007  1.218824805223893E-002
      327680 /leonardo_work/ICT26_ESP/RCMDATA//ERA5/2014/uwnd_2014_11.nc
  4.838432249260988E-003   29.2397453956918     
      393216 /leonardo_work/ICT26_ESP/RCMDATA//ERA5/2014/vwnd_2014_11.nc
  4.188068306011499E-003  -4.64771628757097     
 READ IN fields at DATE: 2014-11-01 00:00:00 UTC        
 READ IN fields at DATE: 2014-11-01 06:00:00 UTC        
 READ IN fields at DATE: 2014-11-01 12:00:00 UTC        
 READ IN fields at DATE: 2014-11-01 18:00:00 UTC        
 READ IN fields at DATE: 2014-11-02 00:00:00 UTC        
 READ IN fields at DATE: 2014-11-02 06:00:00 UTC        
 READ IN fields at DATE: 2014-11-02 12:00:00 UTC        
 READ IN fields at DATE: 2014-11-02 18:00:00 UTC        
 READ IN fields at DATE: 2014-11-03 00:00:00 UTC        
 READ IN fields at DATE: 2014-11-03 06:00:00 UTC        
 READ IN fields at DATE: 2014-11-03 12:00:00 UTC        
 READ IN fields at DATE: 2014-11-03 18:00:00 UTC        
 READ IN fields at DATE: 2014-11-04 00:00:00 UTC        
 READ IN fields at DATE: 2014-11-04 06:00:00 UTC        
 READ IN fields at DATE: 2014-11-04 12:00:00 UTC        
 READ IN fields at DATE: 2014-11-04 18:00:00 UTC        
 READ IN fields at DATE: 2014-11-05 00:00:00 UTC        
 READ IN fields at DATE: 2014-11-05 06:00:00 UTC        
 READ IN fields at DATE: 2014-11-05 12:00:00 UTC        
 READ IN fields at DATE: 2014-11-05 18:00:00 UTC        
 READ IN fields at DATE: 2014-11-06 00:00:00 UTC        
 READ IN fields at DATE: 2014-11-06 06:00:00 UTC        
 READ IN fields at DATE: 2014-11-06 12:00:00 UTC        
 READ IN fields at DATE: 2014-11-06 18:00:00 UTC        
 READ IN fields at DATE: 2014-11-07 00:00:00 UTC        
 READ IN fields at DATE: 2014-11-07 06:00:00 UTC        
 READ IN fields at DATE: 2014-11-07 12:00:00 UTC        
 READ IN fields at DATE: 2014-11-07 18:00:00 UTC        
 READ IN fields at DATE: 2014-11-08 00:00:00 UTC        
 READ IN fields at DATE: 2014-11-08 06:00:00 UTC        
 READ IN fields at DATE: 2014-11-08 12:00:00 UTC        
 READ IN fields at DATE: 2014-11-08 18:00:00 UTC        
 READ IN fields at DATE: 2014-11-09 00:00:00 UTC        
 READ IN fields at DATE: 2014-11-09 06:00:00 UTC        
 READ IN fields at DATE: 2014-11-09 12:00:00 UTC        
 READ IN fields at DATE: 2014-11-09 18:00:00 UTC        
 READ IN fields at DATE: 2014-11-10 00:00:00 UTC        
 READ IN fields at DATE: 2014-11-10 06:00:00 UTC        
 READ IN fields at DATE: 2014-11-10 12:00:00 UTC        
 READ IN fields at DATE: 2014-11-10 18:00:00 UTC        
 READ IN fields at DATE: 2014-11-11 00:00:00 UTC        
 READ IN fields at DATE: 2014-11-11 06:00:00 UTC        
 READ IN fields at DATE: 2014-11-11 12:00:00 UTC        
 READ IN fields at DATE: 2014-11-11 18:00:00 UTC        
 READ IN fields at DATE: 2014-11-12 00:00:00 UTC        
 READ IN fields at DATE: 2014-11-12 06:00:00 UTC        
 READ IN fields at DATE: 2014-11-12 12:00:00 UTC        
 READ IN fields at DATE: 2014-11-12 18:00:00 UTC        
 READ IN fields at DATE: 2014-11-13 00:00:00 UTC        
 READ IN fields at DATE: 2014-11-13 06:00:00 UTC        
 READ IN fields at DATE: 2014-11-13 12:00:00 UTC        
 READ IN fields at DATE: 2014-11-13 18:00:00 UTC        
 READ IN fields at DATE: 2014-11-14 00:00:00 UTC        
 READ IN fields at DATE: 2014-11-14 06:00:00 UTC        
 READ IN fields at DATE: 2014-11-14 12:00:00 UTC        
 READ IN fields at DATE: 2014-11-14 18:00:00 UTC        
 READ IN fields at DATE: 2014-11-15 00:00:00 UTC        
 READ IN fields at DATE: 2014-11-15 06:00:00 UTC        
 READ IN fields at DATE: 2014-11-15 12:00:00 UTC        
 READ IN fields at DATE: 2014-11-15 18:00:00 UTC        
 READ IN fields at DATE: 2014-11-16 00:00:00 UTC        
 READ IN fields at DATE: 2014-11-16 06:00:00 UTC        
 READ IN fields at DATE: 2014-11-16 12:00:00 UTC        
 READ IN fields at DATE: 2014-11-16 18:00:00 UTC        
 READ IN fields at DATE: 2014-11-17 00:00:00 UTC        
 READ IN fields at DATE: 2014-11-17 06:00:00 UTC        
 READ IN fields at DATE: 2014-11-17 12:00:00 UTC        
 READ IN fields at DATE: 2014-11-17 18:00:00 UTC        
 READ IN fields at DATE: 2014-11-18 00:00:00 UTC        
 READ IN fields at DATE: 2014-11-18 06:00:00 UTC        
 READ IN fields at DATE: 2014-11-18 12:00:00 UTC        
 READ IN fields at DATE: 2014-11-18 18:00:00 UTC        
 READ IN fields at DATE: 2014-11-19 00:00:00 UTC        
 READ IN fields at DATE: 2014-11-19 06:00:00 UTC        
 READ IN fields at DATE: 2014-11-19 12:00:00 UTC        
 READ IN fields at DATE: 2014-11-19 18:00:00 UTC        
 READ IN fields at DATE: 2014-11-20 00:00:00 UTC        
 READ IN fields at DATE: 2014-11-20 06:00:00 UTC        
 READ IN fields at DATE: 2014-11-20 12:00:00 UTC        
 READ IN fields at DATE: 2014-11-20 18:00:00 UTC        
 READ IN fields at DATE: 2014-11-21 00:00:00 UTC        
 READ IN fields at DATE: 2014-11-21 06:00:00 UTC        
 READ IN fields at DATE: 2014-11-21 12:00:00 UTC        
 READ IN fields at DATE: 2014-11-21 18:00:00 UTC        
 READ IN fields at DATE: 2014-11-22 00:00:00 UTC        
 READ IN fields at DATE: 2014-11-22 06:00:00 UTC        
 READ IN fields at DATE: 2014-11-22 12:00:00 UTC        
 READ IN fields at DATE: 2014-11-22 18:00:00 UTC        
 READ IN fields at DATE: 2014-11-23 00:00:00 UTC        
 READ IN fields at DATE: 2014-11-23 06:00:00 UTC        
 READ IN fields at DATE: 2014-11-23 12:00:00 UTC        
 READ IN fields at DATE: 2014-11-23 18:00:00 UTC        
 READ IN fields at DATE: 2014-11-24 00:00:00 UTC        
 READ IN fields at DATE: 2014-11-24 06:00:00 UTC        
 READ IN fields at DATE: 2014-11-24 12:00:00 UTC        
 READ IN fields at DATE: 2014-11-24 18:00:00 UTC        
 READ IN fields at DATE: 2014-11-25 00:00:00 UTC        
 READ IN fields at DATE: 2014-11-25 06:00:00 UTC        
 READ IN fields at DATE: 2014-11-25 12:00:00 UTC        
 READ IN fields at DATE: 2014-11-25 18:00:00 UTC        
 READ IN fields at DATE: 2014-11-26 00:00:00 UTC        
 READ IN fields at DATE: 2014-11-26 06:00:00 UTC        
 READ IN fields at DATE: 2014-11-26 12:00:00 UTC        
 READ IN fields at DATE: 2014-11-26 18:00:00 UTC        
 READ IN fields at DATE: 2014-11-27 00:00:00 UTC        
 READ IN fields at DATE: 2014-11-27 06:00:00 UTC        
 READ IN fields at DATE: 2014-11-27 12:00:00 UTC        
 READ IN fields at DATE: 2014-11-27 18:00:00 UTC        
 READ IN fields at DATE: 2014-11-28 00:00:00 UTC        
 READ IN fields at DATE: 2014-11-28 06:00:00 UTC        
 READ IN fields at DATE: 2014-11-28 12:00:00 UTC        
 READ IN fields at DATE: 2014-11-28 18:00:00 UTC        
 READ IN fields at DATE: 2014-11-29 00:00:00 UTC        
 READ IN fields at DATE: 2014-11-29 06:00:00 UTC        
 READ IN fields at DATE: 2014-11-29 12:00:00 UTC        
 READ IN fields at DATE: 2014-11-29 18:00:00 UTC        
 READ IN fields at DATE: 2014-11-30 00:00:00 UTC        
 READ IN fields at DATE: 2014-11-30 06:00:00 UTC        
 READ IN fields at DATE: 2014-11-30 12:00:00 UTC        
 READ IN fields at DATE: 2014-11-30 18:00:00 UTC        
      131072 /leonardo_work/ICT26_ESP/RCMDATA//ERA5/2014/tatm_2014_12.nc
  2.176709230627961E-003   248.937441613646     
      196608 /leonardo_work/ICT26_ESP/RCMDATA//ERA5/2014/geop_2014_12.nc
   7.63370434552058        244835.097210327     
      262144 /leonardo_work/ICT26_ESP/RCMDATA//ERA5/2014/qhum_2014_12.nc
  3.805355714128302E-007  1.230416910253300E-002
      327680 /leonardo_work/ICT26_ESP/RCMDATA//ERA5/2014/uwnd_2014_12.nc
  6.122185073458339E-003   16.5402204626391     
      393216 /leonardo_work/ICT26_ESP/RCMDATA//ERA5/2014/vwnd_2014_12.nc
  5.627473212371892E-003  -6.98693696658665     
 READ IN fields at DATE: 2014-12-01 00:00:00 UTC        
 READ IN fields at DATE: 2014-12-01 06:00:00 UTC        
 READ IN fields at DATE: 2014-12-01 12:00:00 UTC        
 READ IN fields at DATE: 2014-12-01 18:00:00 UTC        
 READ IN fields at DATE: 2014-12-02 00:00:00 UTC        
 READ IN fields at DATE: 2014-12-02 06:00:00 UTC        
 READ IN fields at DATE: 2014-12-02 12:00:00 UTC        
 READ IN fields at DATE: 2014-12-02 18:00:00 UTC        
 READ IN fields at DATE: 2014-12-03 00:00:00 UTC        
 READ IN fields at DATE: 2014-12-03 06:00:00 UTC        
 READ IN fields at DATE: 2014-12-03 12:00:00 UTC        
 READ IN fields at DATE: 2014-12-03 18:00:00 UTC        
 READ IN fields at DATE: 2014-12-04 00:00:00 UTC        
 READ IN fields at DATE: 2014-12-04 06:00:00 UTC        
 READ IN fields at DATE: 2014-12-04 12:00:00 UTC        
 READ IN fields at DATE: 2014-12-04 18:00:00 UTC        
 READ IN fields at DATE: 2014-12-05 00:00:00 UTC        
 READ IN fields at DATE: 2014-12-05 06:00:00 UTC        
 READ IN fields at DATE: 2014-12-05 12:00:00 UTC        
 READ IN fields at DATE: 2014-12-05 18:00:00 UTC        
 READ IN fields at DATE: 2014-12-06 00:00:00 UTC        
 READ IN fields at DATE: 2014-12-06 06:00:00 UTC        
 READ IN fields at DATE: 2014-12-06 12:00:00 UTC        
 READ IN fields at DATE: 2014-12-06 18:00:00 UTC        
 READ IN fields at DATE: 2014-12-07 00:00:00 UTC        
 READ IN fields at DATE: 2014-12-07 06:00:00 UTC        
 READ IN fields at DATE: 2014-12-07 12:00:00 UTC        
 READ IN fields at DATE: 2014-12-07 18:00:00 UTC        
 READ IN fields at DATE: 2014-12-08 00:00:00 UTC        
 READ IN fields at DATE: 2014-12-08 06:00:00 UTC        
 READ IN fields at DATE: 2014-12-08 12:00:00 UTC        
 READ IN fields at DATE: 2014-12-08 18:00:00 UTC        
 READ IN fields at DATE: 2014-12-09 00:00:00 UTC        
 READ IN fields at DATE: 2014-12-09 06:00:00 UTC        
 READ IN fields at DATE: 2014-12-09 12:00:00 UTC        
 READ IN fields at DATE: 2014-12-09 18:00:00 UTC        
 READ IN fields at DATE: 2014-12-10 00:00:00 UTC        
 READ IN fields at DATE: 2014-12-10 06:00:00 UTC        
 READ IN fields at DATE: 2014-12-10 12:00:00 UTC        
 READ IN fields at DATE: 2014-12-10 18:00:00 UTC        
 READ IN fields at DATE: 2014-12-11 00:00:00 UTC        
 READ IN fields at DATE: 2014-12-11 06:00:00 UTC        
 READ IN fields at DATE: 2014-12-11 12:00:00 UTC        
 READ IN fields at DATE: 2014-12-11 18:00:00 UTC        
 READ IN fields at DATE: 2014-12-12 00:00:00 UTC        
 READ IN fields at DATE: 2014-12-12 06:00:00 UTC        
 READ IN fields at DATE: 2014-12-12 12:00:00 UTC        
 READ IN fields at DATE: 2014-12-12 18:00:00 UTC        
 READ IN fields at DATE: 2014-12-13 00:00:00 UTC        
 READ IN fields at DATE: 2014-12-13 06:00:00 UTC        
 READ IN fields at DATE: 2014-12-13 12:00:00 UTC        
 READ IN fields at DATE: 2014-12-13 18:00:00 UTC        
 READ IN fields at DATE: 2014-12-14 00:00:00 UTC        
 READ IN fields at DATE: 2014-12-14 06:00:00 UTC        
 READ IN fields at DATE: 2014-12-14 12:00:00 UTC        
 READ IN fields at DATE: 2014-12-14 18:00:00 UTC        
 READ IN fields at DATE: 2014-12-15 00:00:00 UTC        
 READ IN fields at DATE: 2014-12-15 06:00:00 UTC        
 READ IN fields at DATE: 2014-12-15 12:00:00 UTC        
 READ IN fields at DATE: 2014-12-15 18:00:00 UTC        
 READ IN fields at DATE: 2014-12-16 00:00:00 UTC        
 READ IN fields at DATE: 2014-12-16 06:00:00 UTC        
 READ IN fields at DATE: 2014-12-16 12:00:00 UTC        
 READ IN fields at DATE: 2014-12-16 18:00:00 UTC        
 READ IN fields at DATE: 2014-12-17 00:00:00 UTC        
 READ IN fields at DATE: 2014-12-17 06:00:00 UTC        
 READ IN fields at DATE: 2014-12-17 12:00:00 UTC        
 READ IN fields at DATE: 2014-12-17 18:00:00 UTC        
 READ IN fields at DATE: 2014-12-18 00:00:00 UTC        
 READ IN fields at DATE: 2014-12-18 06:00:00 UTC        
 READ IN fields at DATE: 2014-12-18 12:00:00 UTC        
 READ IN fields at DATE: 2014-12-18 18:00:00 UTC        
 READ IN fields at DATE: 2014-12-19 00:00:00 UTC        
 READ IN fields at DATE: 2014-12-19 06:00:00 UTC        
 READ IN fields at DATE: 2014-12-19 12:00:00 UTC        
 READ IN fields at DATE: 2014-12-19 18:00:00 UTC        
 READ IN fields at DATE: 2014-12-20 00:00:00 UTC        
 READ IN fields at DATE: 2014-12-20 06:00:00 UTC        
 READ IN fields at DATE: 2014-12-20 12:00:00 UTC        
 READ IN fields at DATE: 2014-12-20 18:00:00 UTC        
 READ IN fields at DATE: 2014-12-21 00:00:00 UTC        
 READ IN fields at DATE: 2014-12-21 06:00:00 UTC        
 READ IN fields at DATE: 2014-12-21 12:00:00 UTC        
 READ IN fields at DATE: 2014-12-21 18:00:00 UTC        
 READ IN fields at DATE: 2014-12-22 00:00:00 UTC        
 READ IN fields at DATE: 2014-12-22 06:00:00 UTC        
 READ IN fields at DATE: 2014-12-22 12:00:00 UTC        
 READ IN fields at DATE: 2014-12-22 18:00:00 UTC        
 READ IN fields at DATE: 2014-12-23 00:00:00 UTC        
 READ IN fields at DATE: 2014-12-23 06:00:00 UTC        
 READ IN fields at DATE: 2014-12-23 12:00:00 UTC        
 READ IN fields at DATE: 2014-12-23 18:00:00 UTC        
 READ IN fields at DATE: 2014-12-24 00:00:00 UTC        
 READ IN fields at DATE: 2014-12-24 06:00:00 UTC        
 READ IN fields at DATE: 2014-12-24 12:00:00 UTC        
 READ IN fields at DATE: 2014-12-24 18:00:00 UTC        
 READ IN fields at DATE: 2014-12-25 00:00:00 UTC        
 READ IN fields at DATE: 2014-12-25 06:00:00 UTC        
 READ IN fields at DATE: 2014-12-25 12:00:00 UTC        
 READ IN fields at DATE: 2014-12-25 18:00:00 UTC        
 READ IN fields at DATE: 2014-12-26 00:00:00 UTC        
 READ IN fields at DATE: 2014-12-26 06:00:00 UTC        
 READ IN fields at DATE: 2014-12-26 12:00:00 UTC        
 READ IN fields at DATE: 2014-12-26 18:00:00 UTC        
 READ IN fields at DATE: 2014-12-27 00:00:00 UTC        
 READ IN fields at DATE: 2014-12-27 06:00:00 UTC        
 READ IN fields at DATE: 2014-12-27 12:00:00 UTC        
 READ IN fields at DATE: 2014-12-27 18:00:00 UTC        
 READ IN fields at DATE: 2014-12-28 00:00:00 UTC        
 READ IN fields at DATE: 2014-12-28 06:00:00 UTC        
 READ IN fields at DATE: 2014-12-28 12:00:00 UTC        
 READ IN fields at DATE: 2014-12-28 18:00:00 UTC        
 READ IN fields at DATE: 2014-12-29 00:00:00 UTC        
 READ IN fields at DATE: 2014-12-29 06:00:00 UTC        
 READ IN fields at DATE: 2014-12-29 12:00:00 UTC        
 READ IN fields at DATE: 2014-12-29 18:00:00 UTC        
 READ IN fields at DATE: 2014-12-30 00:00:00 UTC        
 READ IN fields at DATE: 2014-12-30 06:00:00 UTC        
 READ IN fields at DATE: 2014-12-30 12:00:00 UTC        
 READ IN fields at DATE: 2014-12-30 18:00:00 UTC        
 READ IN fields at DATE: 2014-12-31 00:00:00 UTC        
 READ IN fields at DATE: 2014-12-31 06:00:00 UTC        
 READ IN fields at DATE: 2014-12-31 12:00:00 UTC        
 READ IN fields at DATE: 2014-12-31 18:00:00 UTC        
      131072 /leonardo_work/ICT26_ESP/RCMDATA//ERA5/2015/tatm_2015_01.nc
  2.126167300506639E-003   251.386868740080     
      196608 /leonardo_work/ICT26_ESP/RCMDATA//ERA5/2015/geop_2015_01.nc
   7.62517941819389        244645.933504041     
      262144 /leonardo_work/ICT26_ESP/RCMDATA//ERA5/2015/qhum_2015_01.nc
  4.034429712906106E-007  1.315971367592370E-002
      327680 /leonardo_work/ICT26_ESP/RCMDATA//ERA5/2015/uwnd_2015_01.nc
  5.385693598177040E-003   12.6957095579861     
      393216 /leonardo_work/ICT26_ESP/RCMDATA//ERA5/2015/vwnd_2015_01.nc
  4.976113872555144E-003 -0.353608052053465     
 READ IN fields at DATE: 2015-01-01 00:00:00 UTC        
 Input ready at : Tue Aug 11 21:12:16 2026
 Successfully completed ICBC
icbc script complete
