
  This is icbc part of the RegCM version 5
   SVN Revision: 5.0.1 compiled at: data : Oct 10 2025  time: 16:26:26

 : this run start at    : 2026-07-30 10:30:13+0200
 : it is submitted by   : mdasilva
 : it is running on     : lrdn4567.leonardo.local
 : in directory         : 
 /leonardo/home/userexternal/mdasilva/github_projects/shell/ictp/regcm_exp/corde
 x5
                       
 Using Moloch non-hydrostatic dynamical core
 GLOBIDATE1 :  1994-01-01 00:00:00 UTC        
 GLOBIDATE2 :  1995-01-01 00:00:00 UTC        
 NSTEPS     :         1461
 Computing weights, R =      38.89632416 .......... Done.
 Computing weights, R =      38.89632416 .......... Done.
 Computing weights, R =      38.89632416 .......... Done.
      131072 /leonardo_work/ICT26_ESP/RCMDATA//ERA5/1994/tatm_1994_01.nc
  2.119916210064252E-003   249.286034158106     
      196608 /leonardo_work/ICT26_ESP/RCMDATA//ERA5/1994/geop_1994_01.nc
   7.65334449819175        245534.423327751     
      262144 /leonardo_work/ICT26_ESP/RCMDATA//ERA5/1994/qhum_1994_01.nc
  3.801756265848511E-007  1.245096531214493E-002
      327680 /leonardo_work/ICT26_ESP/RCMDATA//ERA5/1994/uwnd_1994_01.nc
  5.336707513637571E-003  -8.46532246752635     
      393216 /leonardo_work/ICT26_ESP/RCMDATA//ERA5/1994/vwnd_1994_01.nc
  5.014881018020024E-003  0.171717413006615     
 READ IN fields at DATE: 1994-01-01 00:00:00 UTC        
 READ IN fields at DATE: 1994-01-01 06:00:00 UTC        
 READ IN fields at DATE: 1994-01-01 12:00:00 UTC        
 READ IN fields at DATE: 1994-01-01 18:00:00 UTC        
 READ IN fields at DATE: 1994-01-02 00:00:00 UTC        
 READ IN fields at DATE: 1994-01-02 06:00:00 UTC        
 READ IN fields at DATE: 1994-01-02 12:00:00 UTC        
 READ IN fields at DATE: 1994-01-02 18:00:00 UTC        
 READ IN fields at DATE: 1994-01-03 00:00:00 UTC        
 READ IN fields at DATE: 1994-01-03 06:00:00 UTC        
 READ IN fields at DATE: 1994-01-03 12:00:00 UTC        
 READ IN fields at DATE: 1994-01-03 18:00:00 UTC        
 READ IN fields at DATE: 1994-01-04 00:00:00 UTC        
 READ IN fields at DATE: 1994-01-04 06:00:00 UTC        
 READ IN fields at DATE: 1994-01-04 12:00:00 UTC        
 READ IN fields at DATE: 1994-01-04 18:00:00 UTC        
 READ IN fields at DATE: 1994-01-05 00:00:00 UTC        
 READ IN fields at DATE: 1994-01-05 06:00:00 UTC        
 READ IN fields at DATE: 1994-01-05 12:00:00 UTC        
 READ IN fields at DATE: 1994-01-05 18:00:00 UTC        
 READ IN fields at DATE: 1994-01-06 00:00:00 UTC        
 READ IN fields at DATE: 1994-01-06 06:00:00 UTC        
 READ IN fields at DATE: 1994-01-06 12:00:00 UTC        
 READ IN fields at DATE: 1994-01-06 18:00:00 UTC        
 READ IN fields at DATE: 1994-01-07 00:00:00 UTC        
 READ IN fields at DATE: 1994-01-07 06:00:00 UTC        
 READ IN fields at DATE: 1994-01-07 12:00:00 UTC        
 READ IN fields at DATE: 1994-01-07 18:00:00 UTC        
 READ IN fields at DATE: 1994-01-08 00:00:00 UTC        
 READ IN fields at DATE: 1994-01-08 06:00:00 UTC        
 READ IN fields at DATE: 1994-01-08 12:00:00 UTC        
 READ IN fields at DATE: 1994-01-08 18:00:00 UTC        
 READ IN fields at DATE: 1994-01-09 00:00:00 UTC        
 READ IN fields at DATE: 1994-01-09 06:00:00 UTC        
 READ IN fields at DATE: 1994-01-09 12:00:00 UTC        
 READ IN fields at DATE: 1994-01-09 18:00:00 UTC        
 READ IN fields at DATE: 1994-01-10 00:00:00 UTC        
 READ IN fields at DATE: 1994-01-10 06:00:00 UTC        
 READ IN fields at DATE: 1994-01-10 12:00:00 UTC        
 READ IN fields at DATE: 1994-01-10 18:00:00 UTC        
 READ IN fields at DATE: 1994-01-11 00:00:00 UTC        
 READ IN fields at DATE: 1994-01-11 06:00:00 UTC        
 READ IN fields at DATE: 1994-01-11 12:00:00 UTC        
 READ IN fields at DATE: 1994-01-11 18:00:00 UTC        
 READ IN fields at DATE: 1994-01-12 00:00:00 UTC        
 READ IN fields at DATE: 1994-01-12 06:00:00 UTC        
 READ IN fields at DATE: 1994-01-12 12:00:00 UTC        
 READ IN fields at DATE: 1994-01-12 18:00:00 UTC        
 READ IN fields at DATE: 1994-01-13 00:00:00 UTC        
 READ IN fields at DATE: 1994-01-13 06:00:00 UTC        
 READ IN fields at DATE: 1994-01-13 12:00:00 UTC        
 READ IN fields at DATE: 1994-01-13 18:00:00 UTC        
 READ IN fields at DATE: 1994-01-14 00:00:00 UTC        
 READ IN fields at DATE: 1994-01-14 06:00:00 UTC        
 READ IN fields at DATE: 1994-01-14 12:00:00 UTC        
 READ IN fields at DATE: 1994-01-14 18:00:00 UTC        
 READ IN fields at DATE: 1994-01-15 00:00:00 UTC        
 READ IN fields at DATE: 1994-01-15 06:00:00 UTC        
 READ IN fields at DATE: 1994-01-15 12:00:00 UTC        
 READ IN fields at DATE: 1994-01-15 18:00:00 UTC        
 READ IN fields at DATE: 1994-01-16 00:00:00 UTC        
 READ IN fields at DATE: 1994-01-16 06:00:00 UTC        
 READ IN fields at DATE: 1994-01-16 12:00:00 UTC        
 READ IN fields at DATE: 1994-01-16 18:00:00 UTC        
 READ IN fields at DATE: 1994-01-17 00:00:00 UTC        
 READ IN fields at DATE: 1994-01-17 06:00:00 UTC        
 READ IN fields at DATE: 1994-01-17 12:00:00 UTC        
 READ IN fields at DATE: 1994-01-17 18:00:00 UTC        
 READ IN fields at DATE: 1994-01-18 00:00:00 UTC        
 READ IN fields at DATE: 1994-01-18 06:00:00 UTC        
 READ IN fields at DATE: 1994-01-18 12:00:00 UTC        
 READ IN fields at DATE: 1994-01-18 18:00:00 UTC        
 READ IN fields at DATE: 1994-01-19 00:00:00 UTC        
 READ IN fields at DATE: 1994-01-19 06:00:00 UTC        
 READ IN fields at DATE: 1994-01-19 12:00:00 UTC        
 READ IN fields at DATE: 1994-01-19 18:00:00 UTC        
 READ IN fields at DATE: 1994-01-20 00:00:00 UTC        
 READ IN fields at DATE: 1994-01-20 06:00:00 UTC        
 READ IN fields at DATE: 1994-01-20 12:00:00 UTC        
 READ IN fields at DATE: 1994-01-20 18:00:00 UTC        
 READ IN fields at DATE: 1994-01-21 00:00:00 UTC        
 READ IN fields at DATE: 1994-01-21 06:00:00 UTC        
 READ IN fields at DATE: 1994-01-21 12:00:00 UTC        
 READ IN fields at DATE: 1994-01-21 18:00:00 UTC        
 READ IN fields at DATE: 1994-01-22 00:00:00 UTC        
 READ IN fields at DATE: 1994-01-22 06:00:00 UTC        
 READ IN fields at DATE: 1994-01-22 12:00:00 UTC        
 READ IN fields at DATE: 1994-01-22 18:00:00 UTC        
 READ IN fields at DATE: 1994-01-23 00:00:00 UTC        
 READ IN fields at DATE: 1994-01-23 06:00:00 UTC        
 READ IN fields at DATE: 1994-01-23 12:00:00 UTC        
 READ IN fields at DATE: 1994-01-23 18:00:00 UTC        
 READ IN fields at DATE: 1994-01-24 00:00:00 UTC        
 READ IN fields at DATE: 1994-01-24 06:00:00 UTC        
 READ IN fields at DATE: 1994-01-24 12:00:00 UTC        
 READ IN fields at DATE: 1994-01-24 18:00:00 UTC        
 READ IN fields at DATE: 1994-01-25 00:00:00 UTC        
 READ IN fields at DATE: 1994-01-25 06:00:00 UTC        
 READ IN fields at DATE: 1994-01-25 12:00:00 UTC        
 READ IN fields at DATE: 1994-01-25 18:00:00 UTC        
 READ IN fields at DATE: 1994-01-26 00:00:00 UTC        
 READ IN fields at DATE: 1994-01-26 06:00:00 UTC        
 READ IN fields at DATE: 1994-01-26 12:00:00 UTC        
 READ IN fields at DATE: 1994-01-26 18:00:00 UTC        
 READ IN fields at DATE: 1994-01-27 00:00:00 UTC        
 READ IN fields at DATE: 1994-01-27 06:00:00 UTC        
 READ IN fields at DATE: 1994-01-27 12:00:00 UTC        
 READ IN fields at DATE: 1994-01-27 18:00:00 UTC        
 READ IN fields at DATE: 1994-01-28 00:00:00 UTC        
 READ IN fields at DATE: 1994-01-28 06:00:00 UTC        
 READ IN fields at DATE: 1994-01-28 12:00:00 UTC        
 READ IN fields at DATE: 1994-01-28 18:00:00 UTC        
 READ IN fields at DATE: 1994-01-29 00:00:00 UTC        
 READ IN fields at DATE: 1994-01-29 06:00:00 UTC        
 READ IN fields at DATE: 1994-01-29 12:00:00 UTC        
 READ IN fields at DATE: 1994-01-29 18:00:00 UTC        
 READ IN fields at DATE: 1994-01-30 00:00:00 UTC        
 READ IN fields at DATE: 1994-01-30 06:00:00 UTC        
 READ IN fields at DATE: 1994-01-30 12:00:00 UTC        
 READ IN fields at DATE: 1994-01-30 18:00:00 UTC        
 READ IN fields at DATE: 1994-01-31 00:00:00 UTC        
 READ IN fields at DATE: 1994-01-31 06:00:00 UTC        
 READ IN fields at DATE: 1994-01-31 12:00:00 UTC        
 READ IN fields at DATE: 1994-01-31 18:00:00 UTC        
      131072 /leonardo_work/ICT26_ESP/RCMDATA//ERA5/1994/tatm_1994_02.nc
  2.087082326664142E-003   249.899514930516     
      196608 /leonardo_work/ICT26_ESP/RCMDATA//ERA5/1994/geop_1994_02.nc
   7.53881900387973        241269.267699873     
      262144 /leonardo_work/ICT26_ESP/RCMDATA//ERA5/1994/qhum_1994_02.nc
  3.695035413797781E-007  1.207927673320216E-002
      327680 /leonardo_work/ICT26_ESP/RCMDATA//ERA5/1994/uwnd_1994_02.nc
  3.919921509904838E-003   36.3695457765497     
      393216 /leonardo_work/ICT26_ESP/RCMDATA//ERA5/1994/vwnd_1994_02.nc
  3.516865066207698E-003  -2.87272248282607     
 READ IN fields at DATE: 1994-02-01 00:00:00 UTC        
 READ IN fields at DATE: 1994-02-01 06:00:00 UTC        
 READ IN fields at DATE: 1994-02-01 12:00:00 UTC        
 READ IN fields at DATE: 1994-02-01 18:00:00 UTC        
 READ IN fields at DATE: 1994-02-02 00:00:00 UTC        
 READ IN fields at DATE: 1994-02-02 06:00:00 UTC        
 READ IN fields at DATE: 1994-02-02 12:00:00 UTC        
 READ IN fields at DATE: 1994-02-02 18:00:00 UTC        
 READ IN fields at DATE: 1994-02-03 00:00:00 UTC        
 READ IN fields at DATE: 1994-02-03 06:00:00 UTC        
 READ IN fields at DATE: 1994-02-03 12:00:00 UTC        
 READ IN fields at DATE: 1994-02-03 18:00:00 UTC        
 READ IN fields at DATE: 1994-02-04 00:00:00 UTC        
 READ IN fields at DATE: 1994-02-04 06:00:00 UTC        
 READ IN fields at DATE: 1994-02-04 12:00:00 UTC        
 READ IN fields at DATE: 1994-02-04 18:00:00 UTC        
 READ IN fields at DATE: 1994-02-05 00:00:00 UTC        
 READ IN fields at DATE: 1994-02-05 06:00:00 UTC        
 READ IN fields at DATE: 1994-02-05 12:00:00 UTC        
 READ IN fields at DATE: 1994-02-05 18:00:00 UTC        
 READ IN fields at DATE: 1994-02-06 00:00:00 UTC        
 READ IN fields at DATE: 1994-02-06 06:00:00 UTC        
 READ IN fields at DATE: 1994-02-06 12:00:00 UTC        
 READ IN fields at DATE: 1994-02-06 18:00:00 UTC        
 READ IN fields at DATE: 1994-02-07 00:00:00 UTC        
 READ IN fields at DATE: 1994-02-07 06:00:00 UTC        
 READ IN fields at DATE: 1994-02-07 12:00:00 UTC        
 READ IN fields at DATE: 1994-02-07 18:00:00 UTC        
 READ IN fields at DATE: 1994-02-08 00:00:00 UTC        
 READ IN fields at DATE: 1994-02-08 06:00:00 UTC        
 READ IN fields at DATE: 1994-02-08 12:00:00 UTC        
 READ IN fields at DATE: 1994-02-08 18:00:00 UTC        
 READ IN fields at DATE: 1994-02-09 00:00:00 UTC        
 READ IN fields at DATE: 1994-02-09 06:00:00 UTC        
 READ IN fields at DATE: 1994-02-09 12:00:00 UTC        
 READ IN fields at DATE: 1994-02-09 18:00:00 UTC        
 READ IN fields at DATE: 1994-02-10 00:00:00 UTC        
 READ IN fields at DATE: 1994-02-10 06:00:00 UTC        
 READ IN fields at DATE: 1994-02-10 12:00:00 UTC        
 READ IN fields at DATE: 1994-02-10 18:00:00 UTC        
 READ IN fields at DATE: 1994-02-11 00:00:00 UTC        
 READ IN fields at DATE: 1994-02-11 06:00:00 UTC        
 READ IN fields at DATE: 1994-02-11 12:00:00 UTC        
 READ IN fields at DATE: 1994-02-11 18:00:00 UTC        
 READ IN fields at DATE: 1994-02-12 00:00:00 UTC        
 READ IN fields at DATE: 1994-02-12 06:00:00 UTC        
 READ IN fields at DATE: 1994-02-12 12:00:00 UTC        
 READ IN fields at DATE: 1994-02-12 18:00:00 UTC        
 READ IN fields at DATE: 1994-02-13 00:00:00 UTC        
 READ IN fields at DATE: 1994-02-13 06:00:00 UTC        
 READ IN fields at DATE: 1994-02-13 12:00:00 UTC        
 READ IN fields at DATE: 1994-02-13 18:00:00 UTC        
 READ IN fields at DATE: 1994-02-14 00:00:00 UTC        
 READ IN fields at DATE: 1994-02-14 06:00:00 UTC        
 READ IN fields at DATE: 1994-02-14 12:00:00 UTC        
 READ IN fields at DATE: 1994-02-14 18:00:00 UTC        
 READ IN fields at DATE: 1994-02-15 00:00:00 UTC        
 READ IN fields at DATE: 1994-02-15 06:00:00 UTC        
 READ IN fields at DATE: 1994-02-15 12:00:00 UTC        
 READ IN fields at DATE: 1994-02-15 18:00:00 UTC        
 READ IN fields at DATE: 1994-02-16 00:00:00 UTC        
 READ IN fields at DATE: 1994-02-16 06:00:00 UTC        
 READ IN fields at DATE: 1994-02-16 12:00:00 UTC        
 READ IN fields at DATE: 1994-02-16 18:00:00 UTC        
 READ IN fields at DATE: 1994-02-17 00:00:00 UTC        
 READ IN fields at DATE: 1994-02-17 06:00:00 UTC        
 READ IN fields at DATE: 1994-02-17 12:00:00 UTC        
 READ IN fields at DATE: 1994-02-17 18:00:00 UTC        
 READ IN fields at DATE: 1994-02-18 00:00:00 UTC        
 READ IN fields at DATE: 1994-02-18 06:00:00 UTC        
 READ IN fields at DATE: 1994-02-18 12:00:00 UTC        
 READ IN fields at DATE: 1994-02-18 18:00:00 UTC        
 READ IN fields at DATE: 1994-02-19 00:00:00 UTC        
 READ IN fields at DATE: 1994-02-19 06:00:00 UTC        
 READ IN fields at DATE: 1994-02-19 12:00:00 UTC        
 READ IN fields at DATE: 1994-02-19 18:00:00 UTC        
 READ IN fields at DATE: 1994-02-20 00:00:00 UTC        
 READ IN fields at DATE: 1994-02-20 06:00:00 UTC        
 READ IN fields at DATE: 1994-02-20 12:00:00 UTC        
 READ IN fields at DATE: 1994-02-20 18:00:00 UTC        
 READ IN fields at DATE: 1994-02-21 00:00:00 UTC        
 READ IN fields at DATE: 1994-02-21 06:00:00 UTC        
 READ IN fields at DATE: 1994-02-21 12:00:00 UTC        
 READ IN fields at DATE: 1994-02-21 18:00:00 UTC        
 READ IN fields at DATE: 1994-02-22 00:00:00 UTC        
 READ IN fields at DATE: 1994-02-22 06:00:00 UTC        
 READ IN fields at DATE: 1994-02-22 12:00:00 UTC        
 READ IN fields at DATE: 1994-02-22 18:00:00 UTC        
 READ IN fields at DATE: 1994-02-23 00:00:00 UTC        
 READ IN fields at DATE: 1994-02-23 06:00:00 UTC        
 READ IN fields at DATE: 1994-02-23 12:00:00 UTC        
 READ IN fields at DATE: 1994-02-23 18:00:00 UTC        
 READ IN fields at DATE: 1994-02-24 00:00:00 UTC        
 READ IN fields at DATE: 1994-02-24 06:00:00 UTC        
 READ IN fields at DATE: 1994-02-24 12:00:00 UTC        
 READ IN fields at DATE: 1994-02-24 18:00:00 UTC        
 READ IN fields at DATE: 1994-02-25 00:00:00 UTC        
 READ IN fields at DATE: 1994-02-25 06:00:00 UTC        
 READ IN fields at DATE: 1994-02-25 12:00:00 UTC        
 READ IN fields at DATE: 1994-02-25 18:00:00 UTC        
 READ IN fields at DATE: 1994-02-26 00:00:00 UTC        
 READ IN fields at DATE: 1994-02-26 06:00:00 UTC        
 READ IN fields at DATE: 1994-02-26 12:00:00 UTC        
 READ IN fields at DATE: 1994-02-26 18:00:00 UTC        
 READ IN fields at DATE: 1994-02-27 00:00:00 UTC        
 READ IN fields at DATE: 1994-02-27 06:00:00 UTC        
 READ IN fields at DATE: 1994-02-27 12:00:00 UTC        
 READ IN fields at DATE: 1994-02-27 18:00:00 UTC        
 READ IN fields at DATE: 1994-02-28 00:00:00 UTC        
 READ IN fields at DATE: 1994-02-28 06:00:00 UTC        
 READ IN fields at DATE: 1994-02-28 12:00:00 UTC        
 READ IN fields at DATE: 1994-02-28 18:00:00 UTC        
      131072 /leonardo_work/ICT26_ESP/RCMDATA//ERA5/1994/tatm_1994_03.nc
  2.054326212258996E-003   250.035395566386     
      196608 /leonardo_work/ICT26_ESP/RCMDATA//ERA5/1994/geop_1994_03.nc
   7.36909106146903        235779.868188844     
      262144 /leonardo_work/ICT26_ESP/RCMDATA//ERA5/1994/qhum_1994_03.nc
  3.712998546491172E-007  1.216587760717058E-002
      327680 /leonardo_work/ICT26_ESP/RCMDATA//ERA5/1994/uwnd_1994_03.nc
  3.437577014589143E-003  -1.11982944524558     
      393216 /leonardo_work/ICT26_ESP/RCMDATA//ERA5/1994/vwnd_1994_03.nc
  3.385996845100942E-003  -1.31536792518036     
 READ IN fields at DATE: 1994-03-01 00:00:00 UTC        
 READ IN fields at DATE: 1994-03-01 06:00:00 UTC        
 READ IN fields at DATE: 1994-03-01 12:00:00 UTC        
 READ IN fields at DATE: 1994-03-01 18:00:00 UTC        
 READ IN fields at DATE: 1994-03-02 00:00:00 UTC        
 READ IN fields at DATE: 1994-03-02 06:00:00 UTC        
 READ IN fields at DATE: 1994-03-02 12:00:00 UTC        
 READ IN fields at DATE: 1994-03-02 18:00:00 UTC        
 READ IN fields at DATE: 1994-03-03 00:00:00 UTC        
 READ IN fields at DATE: 1994-03-03 06:00:00 UTC        
 READ IN fields at DATE: 1994-03-03 12:00:00 UTC        
 READ IN fields at DATE: 1994-03-03 18:00:00 UTC        
 READ IN fields at DATE: 1994-03-04 00:00:00 UTC        
 READ IN fields at DATE: 1994-03-04 06:00:00 UTC        
 READ IN fields at DATE: 1994-03-04 12:00:00 UTC        
 READ IN fields at DATE: 1994-03-04 18:00:00 UTC        
 READ IN fields at DATE: 1994-03-05 00:00:00 UTC        
 READ IN fields at DATE: 1994-03-05 06:00:00 UTC        
 READ IN fields at DATE: 1994-03-05 12:00:00 UTC        
 READ IN fields at DATE: 1994-03-05 18:00:00 UTC        
 READ IN fields at DATE: 1994-03-06 00:00:00 UTC        
 READ IN fields at DATE: 1994-03-06 06:00:00 UTC        
 READ IN fields at DATE: 1994-03-06 12:00:00 UTC        
 READ IN fields at DATE: 1994-03-06 18:00:00 UTC        
 READ IN fields at DATE: 1994-03-07 00:00:00 UTC        
 READ IN fields at DATE: 1994-03-07 06:00:00 UTC        
 READ IN fields at DATE: 1994-03-07 12:00:00 UTC        
 READ IN fields at DATE: 1994-03-07 18:00:00 UTC        
 READ IN fields at DATE: 1994-03-08 00:00:00 UTC        
 READ IN fields at DATE: 1994-03-08 06:00:00 UTC        
 READ IN fields at DATE: 1994-03-08 12:00:00 UTC        
 READ IN fields at DATE: 1994-03-08 18:00:00 UTC        
 READ IN fields at DATE: 1994-03-09 00:00:00 UTC        
 READ IN fields at DATE: 1994-03-09 06:00:00 UTC        
 READ IN fields at DATE: 1994-03-09 12:00:00 UTC        
 READ IN fields at DATE: 1994-03-09 18:00:00 UTC        
 READ IN fields at DATE: 1994-03-10 00:00:00 UTC        
 READ IN fields at DATE: 1994-03-10 06:00:00 UTC        
 READ IN fields at DATE: 1994-03-10 12:00:00 UTC        
 READ IN fields at DATE: 1994-03-10 18:00:00 UTC        
 READ IN fields at DATE: 1994-03-11 00:00:00 UTC        
 READ IN fields at DATE: 1994-03-11 06:00:00 UTC        
 READ IN fields at DATE: 1994-03-11 12:00:00 UTC        
 READ IN fields at DATE: 1994-03-11 18:00:00 UTC        
 READ IN fields at DATE: 1994-03-12 00:00:00 UTC        
 READ IN fields at DATE: 1994-03-12 06:00:00 UTC        
 READ IN fields at DATE: 1994-03-12 12:00:00 UTC        
 READ IN fields at DATE: 1994-03-12 18:00:00 UTC        
 READ IN fields at DATE: 1994-03-13 00:00:00 UTC        
 READ IN fields at DATE: 1994-03-13 06:00:00 UTC        
 READ IN fields at DATE: 1994-03-13 12:00:00 UTC        
 READ IN fields at DATE: 1994-03-13 18:00:00 UTC        
 READ IN fields at DATE: 1994-03-14 00:00:00 UTC        
 READ IN fields at DATE: 1994-03-14 06:00:00 UTC        
 READ IN fields at DATE: 1994-03-14 12:00:00 UTC        
 READ IN fields at DATE: 1994-03-14 18:00:00 UTC        
 READ IN fields at DATE: 1994-03-15 00:00:00 UTC        
 READ IN fields at DATE: 1994-03-15 06:00:00 UTC        
 READ IN fields at DATE: 1994-03-15 12:00:00 UTC        
 READ IN fields at DATE: 1994-03-15 18:00:00 UTC        
 READ IN fields at DATE: 1994-03-16 00:00:00 UTC        
 READ IN fields at DATE: 1994-03-16 06:00:00 UTC        
 READ IN fields at DATE: 1994-03-16 12:00:00 UTC        
 READ IN fields at DATE: 1994-03-16 18:00:00 UTC        
 READ IN fields at DATE: 1994-03-17 00:00:00 UTC        
 READ IN fields at DATE: 1994-03-17 06:00:00 UTC        
 READ IN fields at DATE: 1994-03-17 12:00:00 UTC        
 READ IN fields at DATE: 1994-03-17 18:00:00 UTC        
 READ IN fields at DATE: 1994-03-18 00:00:00 UTC        
 READ IN fields at DATE: 1994-03-18 06:00:00 UTC        
 READ IN fields at DATE: 1994-03-18 12:00:00 UTC        
 READ IN fields at DATE: 1994-03-18 18:00:00 UTC        
 READ IN fields at DATE: 1994-03-19 00:00:00 UTC        
 READ IN fields at DATE: 1994-03-19 06:00:00 UTC        
 READ IN fields at DATE: 1994-03-19 12:00:00 UTC        
 READ IN fields at DATE: 1994-03-19 18:00:00 UTC        
 READ IN fields at DATE: 1994-03-20 00:00:00 UTC        
 READ IN fields at DATE: 1994-03-20 06:00:00 UTC        
 READ IN fields at DATE: 1994-03-20 12:00:00 UTC        
 READ IN fields at DATE: 1994-03-20 18:00:00 UTC        
 READ IN fields at DATE: 1994-03-21 00:00:00 UTC        
 READ IN fields at DATE: 1994-03-21 06:00:00 UTC        
 READ IN fields at DATE: 1994-03-21 12:00:00 UTC        
 READ IN fields at DATE: 1994-03-21 18:00:00 UTC        
 READ IN fields at DATE: 1994-03-22 00:00:00 UTC        
 READ IN fields at DATE: 1994-03-22 06:00:00 UTC        
 READ IN fields at DATE: 1994-03-22 12:00:00 UTC        
 READ IN fields at DATE: 1994-03-22 18:00:00 UTC        
 READ IN fields at DATE: 1994-03-23 00:00:00 UTC        
 READ IN fields at DATE: 1994-03-23 06:00:00 UTC        
 READ IN fields at DATE: 1994-03-23 12:00:00 UTC        
 READ IN fields at DATE: 1994-03-23 18:00:00 UTC        
 READ IN fields at DATE: 1994-03-24 00:00:00 UTC        
 READ IN fields at DATE: 1994-03-24 06:00:00 UTC        
 READ IN fields at DATE: 1994-03-24 12:00:00 UTC        
 READ IN fields at DATE: 1994-03-24 18:00:00 UTC        
 READ IN fields at DATE: 1994-03-25 00:00:00 UTC        
 READ IN fields at DATE: 1994-03-25 06:00:00 UTC        
 READ IN fields at DATE: 1994-03-25 12:00:00 UTC        
 READ IN fields at DATE: 1994-03-25 18:00:00 UTC        
 READ IN fields at DATE: 1994-03-26 00:00:00 UTC        
 READ IN fields at DATE: 1994-03-26 06:00:00 UTC        
 READ IN fields at DATE: 1994-03-26 12:00:00 UTC        
 READ IN fields at DATE: 1994-03-26 18:00:00 UTC        
 READ IN fields at DATE: 1994-03-27 00:00:00 UTC        
 READ IN fields at DATE: 1994-03-27 06:00:00 UTC        
 READ IN fields at DATE: 1994-03-27 12:00:00 UTC        
 READ IN fields at DATE: 1994-03-27 18:00:00 UTC        
 READ IN fields at DATE: 1994-03-28 00:00:00 UTC        
 READ IN fields at DATE: 1994-03-28 06:00:00 UTC        
 READ IN fields at DATE: 1994-03-28 12:00:00 UTC        
 READ IN fields at DATE: 1994-03-28 18:00:00 UTC        
 READ IN fields at DATE: 1994-03-29 00:00:00 UTC        
 READ IN fields at DATE: 1994-03-29 06:00:00 UTC        
 READ IN fields at DATE: 1994-03-29 12:00:00 UTC        
 READ IN fields at DATE: 1994-03-29 18:00:00 UTC        
 READ IN fields at DATE: 1994-03-30 00:00:00 UTC        
 READ IN fields at DATE: 1994-03-30 06:00:00 UTC        
 READ IN fields at DATE: 1994-03-30 12:00:00 UTC        
 READ IN fields at DATE: 1994-03-30 18:00:00 UTC        
 READ IN fields at DATE: 1994-03-31 00:00:00 UTC        
 READ IN fields at DATE: 1994-03-31 06:00:00 UTC        
 READ IN fields at DATE: 1994-03-31 12:00:00 UTC        
 READ IN fields at DATE: 1994-03-31 18:00:00 UTC        
      131072 /leonardo_work/ICT26_ESP/RCMDATA//ERA5/1994/tatm_1994_04.nc
  2.058968369302608E-003   250.863510615913     
      196608 /leonardo_work/ICT26_ESP/RCMDATA//ERA5/1994/geop_1994_04.nc
   7.35052962343399        235422.945828938     
      262144 /leonardo_work/ICT26_ESP/RCMDATA//ERA5/1994/qhum_1994_04.nc
  3.715762394466641E-007  1.215650075328273E-002
      327680 /leonardo_work/ICT26_ESP/RCMDATA//ERA5/1994/uwnd_1994_04.nc
  2.788701160102544E-003   29.6196078466856     
      393216 /leonardo_work/ICT26_ESP/RCMDATA//ERA5/1994/vwnd_1994_04.nc
  2.478586814831125E-003  -1.44993924457929     
 READ IN fields at DATE: 1994-04-01 00:00:00 UTC        
 READ IN fields at DATE: 1994-04-01 06:00:00 UTC        
 READ IN fields at DATE: 1994-04-01 12:00:00 UTC        
 READ IN fields at DATE: 1994-04-01 18:00:00 UTC        
 READ IN fields at DATE: 1994-04-02 00:00:00 UTC        
 READ IN fields at DATE: 1994-04-02 06:00:00 UTC        
 READ IN fields at DATE: 1994-04-02 12:00:00 UTC        
 READ IN fields at DATE: 1994-04-02 18:00:00 UTC        
 READ IN fields at DATE: 1994-04-03 00:00:00 UTC        
 READ IN fields at DATE: 1994-04-03 06:00:00 UTC        
 READ IN fields at DATE: 1994-04-03 12:00:00 UTC        
 READ IN fields at DATE: 1994-04-03 18:00:00 UTC        
 READ IN fields at DATE: 1994-04-04 00:00:00 UTC        
 READ IN fields at DATE: 1994-04-04 06:00:00 UTC        
 READ IN fields at DATE: 1994-04-04 12:00:00 UTC        
 READ IN fields at DATE: 1994-04-04 18:00:00 UTC        
 READ IN fields at DATE: 1994-04-05 00:00:00 UTC        
 READ IN fields at DATE: 1994-04-05 06:00:00 UTC        
 READ IN fields at DATE: 1994-04-05 12:00:00 UTC        
 READ IN fields at DATE: 1994-04-05 18:00:00 UTC        
 READ IN fields at DATE: 1994-04-06 00:00:00 UTC        
 READ IN fields at DATE: 1994-04-06 06:00:00 UTC        
 READ IN fields at DATE: 1994-04-06 12:00:00 UTC        
 READ IN fields at DATE: 1994-04-06 18:00:00 UTC        
 READ IN fields at DATE: 1994-04-07 00:00:00 UTC        
 READ IN fields at DATE: 1994-04-07 06:00:00 UTC        
 READ IN fields at DATE: 1994-04-07 12:00:00 UTC        
 READ IN fields at DATE: 1994-04-07 18:00:00 UTC        
 READ IN fields at DATE: 1994-04-08 00:00:00 UTC        
 READ IN fields at DATE: 1994-04-08 06:00:00 UTC        
 READ IN fields at DATE: 1994-04-08 12:00:00 UTC        
 READ IN fields at DATE: 1994-04-08 18:00:00 UTC        
 READ IN fields at DATE: 1994-04-09 00:00:00 UTC        
 READ IN fields at DATE: 1994-04-09 06:00:00 UTC        
 READ IN fields at DATE: 1994-04-09 12:00:00 UTC        
 READ IN fields at DATE: 1994-04-09 18:00:00 UTC        
 READ IN fields at DATE: 1994-04-10 00:00:00 UTC        
 READ IN fields at DATE: 1994-04-10 06:00:00 UTC        
 READ IN fields at DATE: 1994-04-10 12:00:00 UTC        
 READ IN fields at DATE: 1994-04-10 18:00:00 UTC        
 READ IN fields at DATE: 1994-04-11 00:00:00 UTC        
 READ IN fields at DATE: 1994-04-11 06:00:00 UTC        
 READ IN fields at DATE: 1994-04-11 12:00:00 UTC        
 READ IN fields at DATE: 1994-04-11 18:00:00 UTC        
 READ IN fields at DATE: 1994-04-12 00:00:00 UTC        
 READ IN fields at DATE: 1994-04-12 06:00:00 UTC        
 READ IN fields at DATE: 1994-04-12 12:00:00 UTC        
 READ IN fields at DATE: 1994-04-12 18:00:00 UTC        
 READ IN fields at DATE: 1994-04-13 00:00:00 UTC        
 READ IN fields at DATE: 1994-04-13 06:00:00 UTC        
 READ IN fields at DATE: 1994-04-13 12:00:00 UTC        
 READ IN fields at DATE: 1994-04-13 18:00:00 UTC        
 READ IN fields at DATE: 1994-04-14 00:00:00 UTC        
 READ IN fields at DATE: 1994-04-14 06:00:00 UTC        
 READ IN fields at DATE: 1994-04-14 12:00:00 UTC        
 READ IN fields at DATE: 1994-04-14 18:00:00 UTC        
 READ IN fields at DATE: 1994-04-15 00:00:00 UTC        
 READ IN fields at DATE: 1994-04-15 06:00:00 UTC        
 READ IN fields at DATE: 1994-04-15 12:00:00 UTC        
 READ IN fields at DATE: 1994-04-15 18:00:00 UTC        
 READ IN fields at DATE: 1994-04-16 00:00:00 UTC        
 READ IN fields at DATE: 1994-04-16 06:00:00 UTC        
 READ IN fields at DATE: 1994-04-16 12:00:00 UTC        
 READ IN fields at DATE: 1994-04-16 18:00:00 UTC        
 READ IN fields at DATE: 1994-04-17 00:00:00 UTC        
 READ IN fields at DATE: 1994-04-17 06:00:00 UTC        
 READ IN fields at DATE: 1994-04-17 12:00:00 UTC        
 READ IN fields at DATE: 1994-04-17 18:00:00 UTC        
 READ IN fields at DATE: 1994-04-18 00:00:00 UTC        
 READ IN fields at DATE: 1994-04-18 06:00:00 UTC        
 READ IN fields at DATE: 1994-04-18 12:00:00 UTC        
 READ IN fields at DATE: 1994-04-18 18:00:00 UTC        
 READ IN fields at DATE: 1994-04-19 00:00:00 UTC        
 READ IN fields at DATE: 1994-04-19 06:00:00 UTC        
 READ IN fields at DATE: 1994-04-19 12:00:00 UTC        
 READ IN fields at DATE: 1994-04-19 18:00:00 UTC        
 READ IN fields at DATE: 1994-04-20 00:00:00 UTC        
 READ IN fields at DATE: 1994-04-20 06:00:00 UTC        
 READ IN fields at DATE: 1994-04-20 12:00:00 UTC        
 READ IN fields at DATE: 1994-04-20 18:00:00 UTC        
 READ IN fields at DATE: 1994-04-21 00:00:00 UTC        
 READ IN fields at DATE: 1994-04-21 06:00:00 UTC        
 READ IN fields at DATE: 1994-04-21 12:00:00 UTC        
 READ IN fields at DATE: 1994-04-21 18:00:00 UTC        
 READ IN fields at DATE: 1994-04-22 00:00:00 UTC        
 READ IN fields at DATE: 1994-04-22 06:00:00 UTC        
 READ IN fields at DATE: 1994-04-22 12:00:00 UTC        
 READ IN fields at DATE: 1994-04-22 18:00:00 UTC        
 READ IN fields at DATE: 1994-04-23 00:00:00 UTC        
 READ IN fields at DATE: 1994-04-23 06:00:00 UTC        
 READ IN fields at DATE: 1994-04-23 12:00:00 UTC        
 READ IN fields at DATE: 1994-04-23 18:00:00 UTC        
 READ IN fields at DATE: 1994-04-24 00:00:00 UTC        
 READ IN fields at DATE: 1994-04-24 06:00:00 UTC        
 READ IN fields at DATE: 1994-04-24 12:00:00 UTC        
 READ IN fields at DATE: 1994-04-24 18:00:00 UTC        
 READ IN fields at DATE: 1994-04-25 00:00:00 UTC        
 READ IN fields at DATE: 1994-04-25 06:00:00 UTC        
 READ IN fields at DATE: 1994-04-25 12:00:00 UTC        
 READ IN fields at DATE: 1994-04-25 18:00:00 UTC        
 READ IN fields at DATE: 1994-04-26 00:00:00 UTC        
 READ IN fields at DATE: 1994-04-26 06:00:00 UTC        
 READ IN fields at DATE: 1994-04-26 12:00:00 UTC        
 READ IN fields at DATE: 1994-04-26 18:00:00 UTC        
 READ IN fields at DATE: 1994-04-27 00:00:00 UTC        
 READ IN fields at DATE: 1994-04-27 06:00:00 UTC        
 READ IN fields at DATE: 1994-04-27 12:00:00 UTC        
 READ IN fields at DATE: 1994-04-27 18:00:00 UTC        
 READ IN fields at DATE: 1994-04-28 00:00:00 UTC        
 READ IN fields at DATE: 1994-04-28 06:00:00 UTC        
 READ IN fields at DATE: 1994-04-28 12:00:00 UTC        
 READ IN fields at DATE: 1994-04-28 18:00:00 UTC        
 READ IN fields at DATE: 1994-04-29 00:00:00 UTC        
 READ IN fields at DATE: 1994-04-29 06:00:00 UTC        
 READ IN fields at DATE: 1994-04-29 12:00:00 UTC        
 READ IN fields at DATE: 1994-04-29 18:00:00 UTC        
 READ IN fields at DATE: 1994-04-30 00:00:00 UTC        
 READ IN fields at DATE: 1994-04-30 06:00:00 UTC        
 READ IN fields at DATE: 1994-04-30 12:00:00 UTC        
 READ IN fields at DATE: 1994-04-30 18:00:00 UTC        
      131072 /leonardo_work/ICT26_ESP/RCMDATA//ERA5/1994/tatm_1994_05.nc
  2.141342266700317E-003   249.898160285898     
      196608 /leonardo_work/ICT26_ESP/RCMDATA//ERA5/1994/geop_1994_05.nc
   7.52637966034288        241205.117669545     
      262144 /leonardo_work/ICT26_ESP/RCMDATA//ERA5/1994/qhum_1994_05.nc
  4.027483886755063E-007  1.316690704355259E-002
      327680 /leonardo_work/ICT26_ESP/RCMDATA//ERA5/1994/uwnd_1994_05.nc
  3.654354828268773E-003   41.5970955520781     
      393216 /leonardo_work/ICT26_ESP/RCMDATA//ERA5/1994/vwnd_1994_05.nc
  2.795874302101970E-003  -1.05621513685808     
 READ IN fields at DATE: 1994-05-01 00:00:00 UTC        
 READ IN fields at DATE: 1994-05-01 06:00:00 UTC        
 READ IN fields at DATE: 1994-05-01 12:00:00 UTC        
 READ IN fields at DATE: 1994-05-01 18:00:00 UTC        
 READ IN fields at DATE: 1994-05-02 00:00:00 UTC        
 READ IN fields at DATE: 1994-05-02 06:00:00 UTC        
 READ IN fields at DATE: 1994-05-02 12:00:00 UTC        
 READ IN fields at DATE: 1994-05-02 18:00:00 UTC        
 READ IN fields at DATE: 1994-05-03 00:00:00 UTC        
 READ IN fields at DATE: 1994-05-03 06:00:00 UTC        
 READ IN fields at DATE: 1994-05-03 12:00:00 UTC        
 READ IN fields at DATE: 1994-05-03 18:00:00 UTC        
 READ IN fields at DATE: 1994-05-04 00:00:00 UTC        
 READ IN fields at DATE: 1994-05-04 06:00:00 UTC        
 READ IN fields at DATE: 1994-05-04 12:00:00 UTC        
 READ IN fields at DATE: 1994-05-04 18:00:00 UTC        
 READ IN fields at DATE: 1994-05-05 00:00:00 UTC        
 READ IN fields at DATE: 1994-05-05 06:00:00 UTC        
 READ IN fields at DATE: 1994-05-05 12:00:00 UTC        
 READ IN fields at DATE: 1994-05-05 18:00:00 UTC        
 READ IN fields at DATE: 1994-05-06 00:00:00 UTC        
 READ IN fields at DATE: 1994-05-06 06:00:00 UTC        
 READ IN fields at DATE: 1994-05-06 12:00:00 UTC        
 READ IN fields at DATE: 1994-05-06 18:00:00 UTC        
 READ IN fields at DATE: 1994-05-07 00:00:00 UTC        
 READ IN fields at DATE: 1994-05-07 06:00:00 UTC        
 READ IN fields at DATE: 1994-05-07 12:00:00 UTC        
 READ IN fields at DATE: 1994-05-07 18:00:00 UTC        
 READ IN fields at DATE: 1994-05-08 00:00:00 UTC        
 READ IN fields at DATE: 1994-05-08 06:00:00 UTC        
 READ IN fields at DATE: 1994-05-08 12:00:00 UTC        
 READ IN fields at DATE: 1994-05-08 18:00:00 UTC        
 READ IN fields at DATE: 1994-05-09 00:00:00 UTC        
 READ IN fields at DATE: 1994-05-09 06:00:00 UTC        
 READ IN fields at DATE: 1994-05-09 12:00:00 UTC        
 READ IN fields at DATE: 1994-05-09 18:00:00 UTC        
 READ IN fields at DATE: 1994-05-10 00:00:00 UTC        
 READ IN fields at DATE: 1994-05-10 06:00:00 UTC        
 READ IN fields at DATE: 1994-05-10 12:00:00 UTC        
 READ IN fields at DATE: 1994-05-10 18:00:00 UTC        
 READ IN fields at DATE: 1994-05-11 00:00:00 UTC        
 READ IN fields at DATE: 1994-05-11 06:00:00 UTC        
 READ IN fields at DATE: 1994-05-11 12:00:00 UTC        
 READ IN fields at DATE: 1994-05-11 18:00:00 UTC        
 READ IN fields at DATE: 1994-05-12 00:00:00 UTC        
 READ IN fields at DATE: 1994-05-12 06:00:00 UTC        
 READ IN fields at DATE: 1994-05-12 12:00:00 UTC        
 READ IN fields at DATE: 1994-05-12 18:00:00 UTC        
 READ IN fields at DATE: 1994-05-13 00:00:00 UTC        
 READ IN fields at DATE: 1994-05-13 06:00:00 UTC        
 READ IN fields at DATE: 1994-05-13 12:00:00 UTC        
 READ IN fields at DATE: 1994-05-13 18:00:00 UTC        
 READ IN fields at DATE: 1994-05-14 00:00:00 UTC        
 READ IN fields at DATE: 1994-05-14 06:00:00 UTC        
 READ IN fields at DATE: 1994-05-14 12:00:00 UTC        
 READ IN fields at DATE: 1994-05-14 18:00:00 UTC        
 READ IN fields at DATE: 1994-05-15 00:00:00 UTC        
 READ IN fields at DATE: 1994-05-15 06:00:00 UTC        
 READ IN fields at DATE: 1994-05-15 12:00:00 UTC        
 READ IN fields at DATE: 1994-05-15 18:00:00 UTC        
 READ IN fields at DATE: 1994-05-16 00:00:00 UTC        
 READ IN fields at DATE: 1994-05-16 06:00:00 UTC        
 READ IN fields at DATE: 1994-05-16 12:00:00 UTC        
 READ IN fields at DATE: 1994-05-16 18:00:00 UTC        
 READ IN fields at DATE: 1994-05-17 00:00:00 UTC        
 READ IN fields at DATE: 1994-05-17 06:00:00 UTC        
 READ IN fields at DATE: 1994-05-17 12:00:00 UTC        
 READ IN fields at DATE: 1994-05-17 18:00:00 UTC        
 READ IN fields at DATE: 1994-05-18 00:00:00 UTC        
 READ IN fields at DATE: 1994-05-18 06:00:00 UTC        
 READ IN fields at DATE: 1994-05-18 12:00:00 UTC        
 READ IN fields at DATE: 1994-05-18 18:00:00 UTC        
 READ IN fields at DATE: 1994-05-19 00:00:00 UTC        
 READ IN fields at DATE: 1994-05-19 06:00:00 UTC        
 READ IN fields at DATE: 1994-05-19 12:00:00 UTC        
 READ IN fields at DATE: 1994-05-19 18:00:00 UTC        
 READ IN fields at DATE: 1994-05-20 00:00:00 UTC        
 READ IN fields at DATE: 1994-05-20 06:00:00 UTC        
 READ IN fields at DATE: 1994-05-20 12:00:00 UTC        
 READ IN fields at DATE: 1994-05-20 18:00:00 UTC        
 READ IN fields at DATE: 1994-05-21 00:00:00 UTC        
 READ IN fields at DATE: 1994-05-21 06:00:00 UTC        
 READ IN fields at DATE: 1994-05-21 12:00:00 UTC        
 READ IN fields at DATE: 1994-05-21 18:00:00 UTC        
 READ IN fields at DATE: 1994-05-22 00:00:00 UTC        
 READ IN fields at DATE: 1994-05-22 06:00:00 UTC        
 READ IN fields at DATE: 1994-05-22 12:00:00 UTC        
 READ IN fields at DATE: 1994-05-22 18:00:00 UTC        
 READ IN fields at DATE: 1994-05-23 00:00:00 UTC        
 READ IN fields at DATE: 1994-05-23 06:00:00 UTC        
 READ IN fields at DATE: 1994-05-23 12:00:00 UTC        
 READ IN fields at DATE: 1994-05-23 18:00:00 UTC        
 READ IN fields at DATE: 1994-05-24 00:00:00 UTC        
 READ IN fields at DATE: 1994-05-24 06:00:00 UTC        
 READ IN fields at DATE: 1994-05-24 12:00:00 UTC        
 READ IN fields at DATE: 1994-05-24 18:00:00 UTC        
 READ IN fields at DATE: 1994-05-25 00:00:00 UTC        
 READ IN fields at DATE: 1994-05-25 06:00:00 UTC        
 READ IN fields at DATE: 1994-05-25 12:00:00 UTC        
 READ IN fields at DATE: 1994-05-25 18:00:00 UTC        
 READ IN fields at DATE: 1994-05-26 00:00:00 UTC        
 READ IN fields at DATE: 1994-05-26 06:00:00 UTC        
 READ IN fields at DATE: 1994-05-26 12:00:00 UTC        
 READ IN fields at DATE: 1994-05-26 18:00:00 UTC        
 READ IN fields at DATE: 1994-05-27 00:00:00 UTC        
 READ IN fields at DATE: 1994-05-27 06:00:00 UTC        
 READ IN fields at DATE: 1994-05-27 12:00:00 UTC        
 READ IN fields at DATE: 1994-05-27 18:00:00 UTC        
 READ IN fields at DATE: 1994-05-28 00:00:00 UTC        
 READ IN fields at DATE: 1994-05-28 06:00:00 UTC        
 READ IN fields at DATE: 1994-05-28 12:00:00 UTC        
 READ IN fields at DATE: 1994-05-28 18:00:00 UTC        
 READ IN fields at DATE: 1994-05-29 00:00:00 UTC        
 READ IN fields at DATE: 1994-05-29 06:00:00 UTC        
 READ IN fields at DATE: 1994-05-29 12:00:00 UTC        
 READ IN fields at DATE: 1994-05-29 18:00:00 UTC        
 READ IN fields at DATE: 1994-05-30 00:00:00 UTC        
 READ IN fields at DATE: 1994-05-30 06:00:00 UTC        
 READ IN fields at DATE: 1994-05-30 12:00:00 UTC        
 READ IN fields at DATE: 1994-05-30 18:00:00 UTC        
 READ IN fields at DATE: 1994-05-31 00:00:00 UTC        
 READ IN fields at DATE: 1994-05-31 06:00:00 UTC        
 READ IN fields at DATE: 1994-05-31 12:00:00 UTC        
 READ IN fields at DATE: 1994-05-31 18:00:00 UTC        
      131072 /leonardo_work/ICT26_ESP/RCMDATA//ERA5/1994/tatm_1994_06.nc
  2.262283531725548E-003   250.895238792316     
      196608 /leonardo_work/ICT26_ESP/RCMDATA//ERA5/1994/geop_1994_06.nc
   7.61157582344010        244258.119993338     
      262144 /leonardo_work/ICT26_ESP/RCMDATA//ERA5/1994/qhum_1994_06.nc
  4.350297504425049E-007  1.422207782103713E-002
      327680 /leonardo_work/ICT26_ESP/RCMDATA//ERA5/1994/uwnd_1994_06.nc
  4.013441287601523E-003   53.5071790703718     
      393216 /leonardo_work/ICT26_ESP/RCMDATA//ERA5/1994/vwnd_1994_06.nc
  2.904906898721946E-003   4.70253466813267     
 READ IN fields at DATE: 1994-06-01 00:00:00 UTC        
 READ IN fields at DATE: 1994-06-01 06:00:00 UTC        
 READ IN fields at DATE: 1994-06-01 12:00:00 UTC        
 READ IN fields at DATE: 1994-06-01 18:00:00 UTC        
 READ IN fields at DATE: 1994-06-02 00:00:00 UTC        
 READ IN fields at DATE: 1994-06-02 06:00:00 UTC        
 READ IN fields at DATE: 1994-06-02 12:00:00 UTC        
 READ IN fields at DATE: 1994-06-02 18:00:00 UTC        
 READ IN fields at DATE: 1994-06-03 00:00:00 UTC        
 READ IN fields at DATE: 1994-06-03 06:00:00 UTC        
 READ IN fields at DATE: 1994-06-03 12:00:00 UTC        
 READ IN fields at DATE: 1994-06-03 18:00:00 UTC        
 READ IN fields at DATE: 1994-06-04 00:00:00 UTC        
 READ IN fields at DATE: 1994-06-04 06:00:00 UTC        
 READ IN fields at DATE: 1994-06-04 12:00:00 UTC        
 READ IN fields at DATE: 1994-06-04 18:00:00 UTC        
 READ IN fields at DATE: 1994-06-05 00:00:00 UTC        
 READ IN fields at DATE: 1994-06-05 06:00:00 UTC        
 READ IN fields at DATE: 1994-06-05 12:00:00 UTC        
 READ IN fields at DATE: 1994-06-05 18:00:00 UTC        
 READ IN fields at DATE: 1994-06-06 00:00:00 UTC        
 READ IN fields at DATE: 1994-06-06 06:00:00 UTC        
 READ IN fields at DATE: 1994-06-06 12:00:00 UTC        
 READ IN fields at DATE: 1994-06-06 18:00:00 UTC        
 READ IN fields at DATE: 1994-06-07 00:00:00 UTC        
 READ IN fields at DATE: 1994-06-07 06:00:00 UTC        
 READ IN fields at DATE: 1994-06-07 12:00:00 UTC        
 READ IN fields at DATE: 1994-06-07 18:00:00 UTC        
 READ IN fields at DATE: 1994-06-08 00:00:00 UTC        
 READ IN fields at DATE: 1994-06-08 06:00:00 UTC        
 READ IN fields at DATE: 1994-06-08 12:00:00 UTC        
 READ IN fields at DATE: 1994-06-08 18:00:00 UTC        
 READ IN fields at DATE: 1994-06-09 00:00:00 UTC        
 READ IN fields at DATE: 1994-06-09 06:00:00 UTC        
 READ IN fields at DATE: 1994-06-09 12:00:00 UTC        
 READ IN fields at DATE: 1994-06-09 18:00:00 UTC        
 READ IN fields at DATE: 1994-06-10 00:00:00 UTC        
 READ IN fields at DATE: 1994-06-10 06:00:00 UTC        
 READ IN fields at DATE: 1994-06-10 12:00:00 UTC        
 READ IN fields at DATE: 1994-06-10 18:00:00 UTC        
 READ IN fields at DATE: 1994-06-11 00:00:00 UTC        
 READ IN fields at DATE: 1994-06-11 06:00:00 UTC        
 READ IN fields at DATE: 1994-06-11 12:00:00 UTC        
 READ IN fields at DATE: 1994-06-11 18:00:00 UTC        
 READ IN fields at DATE: 1994-06-12 00:00:00 UTC        
 READ IN fields at DATE: 1994-06-12 06:00:00 UTC        
 READ IN fields at DATE: 1994-06-12 12:00:00 UTC        
 READ IN fields at DATE: 1994-06-12 18:00:00 UTC        
 READ IN fields at DATE: 1994-06-13 00:00:00 UTC        
 READ IN fields at DATE: 1994-06-13 06:00:00 UTC        
 READ IN fields at DATE: 1994-06-13 12:00:00 UTC        
 READ IN fields at DATE: 1994-06-13 18:00:00 UTC        
 READ IN fields at DATE: 1994-06-14 00:00:00 UTC        
 READ IN fields at DATE: 1994-06-14 06:00:00 UTC        
 READ IN fields at DATE: 1994-06-14 12:00:00 UTC        
 READ IN fields at DATE: 1994-06-14 18:00:00 UTC        
 READ IN fields at DATE: 1994-06-15 00:00:00 UTC        
 READ IN fields at DATE: 1994-06-15 06:00:00 UTC        
 READ IN fields at DATE: 1994-06-15 12:00:00 UTC        
 READ IN fields at DATE: 1994-06-15 18:00:00 UTC        
 READ IN fields at DATE: 1994-06-16 00:00:00 UTC        
 READ IN fields at DATE: 1994-06-16 06:00:00 UTC        
 READ IN fields at DATE: 1994-06-16 12:00:00 UTC        
 READ IN fields at DATE: 1994-06-16 18:00:00 UTC        
 READ IN fields at DATE: 1994-06-17 00:00:00 UTC        
 READ IN fields at DATE: 1994-06-17 06:00:00 UTC        
 READ IN fields at DATE: 1994-06-17 12:00:00 UTC        
 READ IN fields at DATE: 1994-06-17 18:00:00 UTC        
 READ IN fields at DATE: 1994-06-18 00:00:00 UTC        
 READ IN fields at DATE: 1994-06-18 06:00:00 UTC        
 READ IN fields at DATE: 1994-06-18 12:00:00 UTC        
 READ IN fields at DATE: 1994-06-18 18:00:00 UTC        
 READ IN fields at DATE: 1994-06-19 00:00:00 UTC        
 READ IN fields at DATE: 1994-06-19 06:00:00 UTC        
 READ IN fields at DATE: 1994-06-19 12:00:00 UTC        
 READ IN fields at DATE: 1994-06-19 18:00:00 UTC        
 READ IN fields at DATE: 1994-06-20 00:00:00 UTC        
 READ IN fields at DATE: 1994-06-20 06:00:00 UTC        
 READ IN fields at DATE: 1994-06-20 12:00:00 UTC        
 READ IN fields at DATE: 1994-06-20 18:00:00 UTC        
 READ IN fields at DATE: 1994-06-21 00:00:00 UTC        
 READ IN fields at DATE: 1994-06-21 06:00:00 UTC        
 READ IN fields at DATE: 1994-06-21 12:00:00 UTC        
 READ IN fields at DATE: 1994-06-21 18:00:00 UTC        
 READ IN fields at DATE: 1994-06-22 00:00:00 UTC        
 READ IN fields at DATE: 1994-06-22 06:00:00 UTC        
 READ IN fields at DATE: 1994-06-22 12:00:00 UTC        
 READ IN fields at DATE: 1994-06-22 18:00:00 UTC        
 READ IN fields at DATE: 1994-06-23 00:00:00 UTC        
 READ IN fields at DATE: 1994-06-23 06:00:00 UTC        
 READ IN fields at DATE: 1994-06-23 12:00:00 UTC        
 READ IN fields at DATE: 1994-06-23 18:00:00 UTC        
 READ IN fields at DATE: 1994-06-24 00:00:00 UTC        
 READ IN fields at DATE: 1994-06-24 06:00:00 UTC        
 READ IN fields at DATE: 1994-06-24 12:00:00 UTC        
 READ IN fields at DATE: 1994-06-24 18:00:00 UTC        
 READ IN fields at DATE: 1994-06-25 00:00:00 UTC        
 READ IN fields at DATE: 1994-06-25 06:00:00 UTC        
 READ IN fields at DATE: 1994-06-25 12:00:00 UTC        
 READ IN fields at DATE: 1994-06-25 18:00:00 UTC        
 READ IN fields at DATE: 1994-06-26 00:00:00 UTC        
 READ IN fields at DATE: 1994-06-26 06:00:00 UTC        
 READ IN fields at DATE: 1994-06-26 12:00:00 UTC        
 READ IN fields at DATE: 1994-06-26 18:00:00 UTC        
 READ IN fields at DATE: 1994-06-27 00:00:00 UTC        
 READ IN fields at DATE: 1994-06-27 06:00:00 UTC        
 READ IN fields at DATE: 1994-06-27 12:00:00 UTC        
 READ IN fields at DATE: 1994-06-27 18:00:00 UTC        
 READ IN fields at DATE: 1994-06-28 00:00:00 UTC        
 READ IN fields at DATE: 1994-06-28 06:00:00 UTC        
 READ IN fields at DATE: 1994-06-28 12:00:00 UTC        
 READ IN fields at DATE: 1994-06-28 18:00:00 UTC        
 READ IN fields at DATE: 1994-06-29 00:00:00 UTC        
 READ IN fields at DATE: 1994-06-29 06:00:00 UTC        
 READ IN fields at DATE: 1994-06-29 12:00:00 UTC        
 READ IN fields at DATE: 1994-06-29 18:00:00 UTC        
 READ IN fields at DATE: 1994-06-30 00:00:00 UTC        
 READ IN fields at DATE: 1994-06-30 06:00:00 UTC        
 READ IN fields at DATE: 1994-06-30 12:00:00 UTC        
 READ IN fields at DATE: 1994-06-30 18:00:00 UTC        
      131072 /leonardo_work/ICT26_ESP/RCMDATA//ERA5/1994/tatm_1994_07.nc
  2.264885533278558E-003   250.294964358991     
      196608 /leonardo_work/ICT26_ESP/RCMDATA//ERA5/1994/geop_1994_07.nc
   7.62436589676194        244458.215160802     
      262144 /leonardo_work/ICT26_ESP/RCMDATA//ERA5/1994/qhum_1994_07.nc
  4.287669420443445E-007  1.401812274605691E-002
      327680 /leonardo_work/ICT26_ESP/RCMDATA//ERA5/1994/uwnd_1994_07.nc
  4.404162730468929E-003   64.4064664367012     
      393216 /leonardo_work/ICT26_ESP/RCMDATA//ERA5/1994/vwnd_1994_07.nc
  3.099537080569737E-003   8.92834372511206     
 READ IN fields at DATE: 1994-07-01 00:00:00 UTC        
 READ IN fields at DATE: 1994-07-01 06:00:00 UTC        
 READ IN fields at DATE: 1994-07-01 12:00:00 UTC        
 READ IN fields at DATE: 1994-07-01 18:00:00 UTC        
 READ IN fields at DATE: 1994-07-02 00:00:00 UTC        
 READ IN fields at DATE: 1994-07-02 06:00:00 UTC        
 READ IN fields at DATE: 1994-07-02 12:00:00 UTC        
 READ IN fields at DATE: 1994-07-02 18:00:00 UTC        
 READ IN fields at DATE: 1994-07-03 00:00:00 UTC        
 READ IN fields at DATE: 1994-07-03 06:00:00 UTC        
 READ IN fields at DATE: 1994-07-03 12:00:00 UTC        
 READ IN fields at DATE: 1994-07-03 18:00:00 UTC        
 READ IN fields at DATE: 1994-07-04 00:00:00 UTC        
 READ IN fields at DATE: 1994-07-04 06:00:00 UTC        
 READ IN fields at DATE: 1994-07-04 12:00:00 UTC        
 READ IN fields at DATE: 1994-07-04 18:00:00 UTC        
 READ IN fields at DATE: 1994-07-05 00:00:00 UTC        
 READ IN fields at DATE: 1994-07-05 06:00:00 UTC        
 READ IN fields at DATE: 1994-07-05 12:00:00 UTC        
 READ IN fields at DATE: 1994-07-05 18:00:00 UTC        
 READ IN fields at DATE: 1994-07-06 00:00:00 UTC        
 READ IN fields at DATE: 1994-07-06 06:00:00 UTC        
 READ IN fields at DATE: 1994-07-06 12:00:00 UTC        
 READ IN fields at DATE: 1994-07-06 18:00:00 UTC        
 READ IN fields at DATE: 1994-07-07 00:00:00 UTC        
 READ IN fields at DATE: 1994-07-07 06:00:00 UTC        
 READ IN fields at DATE: 1994-07-07 12:00:00 UTC        
 READ IN fields at DATE: 1994-07-07 18:00:00 UTC        
 READ IN fields at DATE: 1994-07-08 00:00:00 UTC        
 READ IN fields at DATE: 1994-07-08 06:00:00 UTC        
 READ IN fields at DATE: 1994-07-08 12:00:00 UTC        
 READ IN fields at DATE: 1994-07-08 18:00:00 UTC        
 READ IN fields at DATE: 1994-07-09 00:00:00 UTC        
 READ IN fields at DATE: 1994-07-09 06:00:00 UTC        
 READ IN fields at DATE: 1994-07-09 12:00:00 UTC        
 READ IN fields at DATE: 1994-07-09 18:00:00 UTC        
 READ IN fields at DATE: 1994-07-10 00:00:00 UTC        
 READ IN fields at DATE: 1994-07-10 06:00:00 UTC        
 READ IN fields at DATE: 1994-07-10 12:00:00 UTC        
 READ IN fields at DATE: 1994-07-10 18:00:00 UTC        
 READ IN fields at DATE: 1994-07-11 00:00:00 UTC        
 READ IN fields at DATE: 1994-07-11 06:00:00 UTC        
 READ IN fields at DATE: 1994-07-11 12:00:00 UTC        
 READ IN fields at DATE: 1994-07-11 18:00:00 UTC        
 READ IN fields at DATE: 1994-07-12 00:00:00 UTC        
 READ IN fields at DATE: 1994-07-12 06:00:00 UTC        
 READ IN fields at DATE: 1994-07-12 12:00:00 UTC        
 READ IN fields at DATE: 1994-07-12 18:00:00 UTC        
 READ IN fields at DATE: 1994-07-13 00:00:00 UTC        
 READ IN fields at DATE: 1994-07-13 06:00:00 UTC        
 READ IN fields at DATE: 1994-07-13 12:00:00 UTC        
 READ IN fields at DATE: 1994-07-13 18:00:00 UTC        
 READ IN fields at DATE: 1994-07-14 00:00:00 UTC        
 READ IN fields at DATE: 1994-07-14 06:00:00 UTC        
 READ IN fields at DATE: 1994-07-14 12:00:00 UTC        
 READ IN fields at DATE: 1994-07-14 18:00:00 UTC        
 READ IN fields at DATE: 1994-07-15 00:00:00 UTC        
 READ IN fields at DATE: 1994-07-15 06:00:00 UTC        
 READ IN fields at DATE: 1994-07-15 12:00:00 UTC        
 READ IN fields at DATE: 1994-07-15 18:00:00 UTC        
 READ IN fields at DATE: 1994-07-16 00:00:00 UTC        
 READ IN fields at DATE: 1994-07-16 06:00:00 UTC        
 READ IN fields at DATE: 1994-07-16 12:00:00 UTC        
 READ IN fields at DATE: 1994-07-16 18:00:00 UTC        
 READ IN fields at DATE: 1994-07-17 00:00:00 UTC        
 READ IN fields at DATE: 1994-07-17 06:00:00 UTC        
 READ IN fields at DATE: 1994-07-17 12:00:00 UTC        
 READ IN fields at DATE: 1994-07-17 18:00:00 UTC        
 READ IN fields at DATE: 1994-07-18 00:00:00 UTC        
 READ IN fields at DATE: 1994-07-18 06:00:00 UTC        
 READ IN fields at DATE: 1994-07-18 12:00:00 UTC        
 READ IN fields at DATE: 1994-07-18 18:00:00 UTC        
 READ IN fields at DATE: 1994-07-19 00:00:00 UTC        
 READ IN fields at DATE: 1994-07-19 06:00:00 UTC        
 READ IN fields at DATE: 1994-07-19 12:00:00 UTC        
 READ IN fields at DATE: 1994-07-19 18:00:00 UTC        
 READ IN fields at DATE: 1994-07-20 00:00:00 UTC        
 READ IN fields at DATE: 1994-07-20 06:00:00 UTC        
 READ IN fields at DATE: 1994-07-20 12:00:00 UTC        
 READ IN fields at DATE: 1994-07-20 18:00:00 UTC        
 READ IN fields at DATE: 1994-07-21 00:00:00 UTC        
 READ IN fields at DATE: 1994-07-21 06:00:00 UTC        
 READ IN fields at DATE: 1994-07-21 12:00:00 UTC        
 READ IN fields at DATE: 1994-07-21 18:00:00 UTC        
 READ IN fields at DATE: 1994-07-22 00:00:00 UTC        
 READ IN fields at DATE: 1994-07-22 06:00:00 UTC        
 READ IN fields at DATE: 1994-07-22 12:00:00 UTC        
 READ IN fields at DATE: 1994-07-22 18:00:00 UTC        
 READ IN fields at DATE: 1994-07-23 00:00:00 UTC        
 READ IN fields at DATE: 1994-07-23 06:00:00 UTC        
 READ IN fields at DATE: 1994-07-23 12:00:00 UTC        
 READ IN fields at DATE: 1994-07-23 18:00:00 UTC        
 READ IN fields at DATE: 1994-07-24 00:00:00 UTC        
 READ IN fields at DATE: 1994-07-24 06:00:00 UTC        
 READ IN fields at DATE: 1994-07-24 12:00:00 UTC        
 READ IN fields at DATE: 1994-07-24 18:00:00 UTC        
 READ IN fields at DATE: 1994-07-25 00:00:00 UTC        
 READ IN fields at DATE: 1994-07-25 06:00:00 UTC        
 READ IN fields at DATE: 1994-07-25 12:00:00 UTC        
 READ IN fields at DATE: 1994-07-25 18:00:00 UTC        
 READ IN fields at DATE: 1994-07-26 00:00:00 UTC        
 READ IN fields at DATE: 1994-07-26 06:00:00 UTC        
 READ IN fields at DATE: 1994-07-26 12:00:00 UTC        
 READ IN fields at DATE: 1994-07-26 18:00:00 UTC        
 READ IN fields at DATE: 1994-07-27 00:00:00 UTC        
 READ IN fields at DATE: 1994-07-27 06:00:00 UTC        
 READ IN fields at DATE: 1994-07-27 12:00:00 UTC        
 READ IN fields at DATE: 1994-07-27 18:00:00 UTC        
 READ IN fields at DATE: 1994-07-28 00:00:00 UTC        
 READ IN fields at DATE: 1994-07-28 06:00:00 UTC        
 READ IN fields at DATE: 1994-07-28 12:00:00 UTC        
 READ IN fields at DATE: 1994-07-28 18:00:00 UTC        
 READ IN fields at DATE: 1994-07-29 00:00:00 UTC        
 READ IN fields at DATE: 1994-07-29 06:00:00 UTC        
 READ IN fields at DATE: 1994-07-29 12:00:00 UTC        
 READ IN fields at DATE: 1994-07-29 18:00:00 UTC        
 READ IN fields at DATE: 1994-07-30 00:00:00 UTC        
 READ IN fields at DATE: 1994-07-30 06:00:00 UTC        
 READ IN fields at DATE: 1994-07-30 12:00:00 UTC        
 READ IN fields at DATE: 1994-07-30 18:00:00 UTC        
 READ IN fields at DATE: 1994-07-31 00:00:00 UTC        
 READ IN fields at DATE: 1994-07-31 06:00:00 UTC        
 READ IN fields at DATE: 1994-07-31 12:00:00 UTC        
 READ IN fields at DATE: 1994-07-31 18:00:00 UTC        
      131072 /leonardo_work/ICT26_ESP/RCMDATA//ERA5/1994/tatm_1994_08.nc
  2.338555357114331E-003   247.130765841950     
      196608 /leonardo_work/ICT26_ESP/RCMDATA//ERA5/1994/geop_1994_08.nc
   7.56101845873453        241507.483162646     
      262144 /leonardo_work/ICT26_ESP/RCMDATA//ERA5/1994/qhum_1994_08.nc
  4.414103640310532E-007  1.441365658691763E-002
      327680 /leonardo_work/ICT26_ESP/RCMDATA//ERA5/1994/uwnd_1994_08.nc
  3.896485101464863E-003   57.8684588619415     
      393216 /leonardo_work/ICT26_ESP/RCMDATA//ERA5/1994/vwnd_1994_08.nc
  3.479388094398767E-003   14.7693174348591     
 READ IN fields at DATE: 1994-08-01 00:00:00 UTC        
 READ IN fields at DATE: 1994-08-01 06:00:00 UTC        
 READ IN fields at DATE: 1994-08-01 12:00:00 UTC        
 READ IN fields at DATE: 1994-08-01 18:00:00 UTC        
 READ IN fields at DATE: 1994-08-02 00:00:00 UTC        
 READ IN fields at DATE: 1994-08-02 06:00:00 UTC        
 READ IN fields at DATE: 1994-08-02 12:00:00 UTC        
 READ IN fields at DATE: 1994-08-02 18:00:00 UTC        
 READ IN fields at DATE: 1994-08-03 00:00:00 UTC        
 READ IN fields at DATE: 1994-08-03 06:00:00 UTC        
 READ IN fields at DATE: 1994-08-03 12:00:00 UTC        
 READ IN fields at DATE: 1994-08-03 18:00:00 UTC        
 READ IN fields at DATE: 1994-08-04 00:00:00 UTC        
 READ IN fields at DATE: 1994-08-04 06:00:00 UTC        
 READ IN fields at DATE: 1994-08-04 12:00:00 UTC        
 READ IN fields at DATE: 1994-08-04 18:00:00 UTC        
 READ IN fields at DATE: 1994-08-05 00:00:00 UTC        
 READ IN fields at DATE: 1994-08-05 06:00:00 UTC        
 READ IN fields at DATE: 1994-08-05 12:00:00 UTC        
 READ IN fields at DATE: 1994-08-05 18:00:00 UTC        
 READ IN fields at DATE: 1994-08-06 00:00:00 UTC        
 READ IN fields at DATE: 1994-08-06 06:00:00 UTC        
 READ IN fields at DATE: 1994-08-06 12:00:00 UTC        
 READ IN fields at DATE: 1994-08-06 18:00:00 UTC        
 READ IN fields at DATE: 1994-08-07 00:00:00 UTC        
 READ IN fields at DATE: 1994-08-07 06:00:00 UTC        
 READ IN fields at DATE: 1994-08-07 12:00:00 UTC        
 READ IN fields at DATE: 1994-08-07 18:00:00 UTC        
 READ IN fields at DATE: 1994-08-08 00:00:00 UTC        
 READ IN fields at DATE: 1994-08-08 06:00:00 UTC        
 READ IN fields at DATE: 1994-08-08 12:00:00 UTC        
 READ IN fields at DATE: 1994-08-08 18:00:00 UTC        
 READ IN fields at DATE: 1994-08-09 00:00:00 UTC        
 READ IN fields at DATE: 1994-08-09 06:00:00 UTC        
 READ IN fields at DATE: 1994-08-09 12:00:00 UTC        
 READ IN fields at DATE: 1994-08-09 18:00:00 UTC        
 READ IN fields at DATE: 1994-08-10 00:00:00 UTC        
 READ IN fields at DATE: 1994-08-10 06:00:00 UTC        
 READ IN fields at DATE: 1994-08-10 12:00:00 UTC        
 READ IN fields at DATE: 1994-08-10 18:00:00 UTC        
 READ IN fields at DATE: 1994-08-11 00:00:00 UTC        
 READ IN fields at DATE: 1994-08-11 06:00:00 UTC        
 READ IN fields at DATE: 1994-08-11 12:00:00 UTC        
 READ IN fields at DATE: 1994-08-11 18:00:00 UTC        
 READ IN fields at DATE: 1994-08-12 00:00:00 UTC        
 READ IN fields at DATE: 1994-08-12 06:00:00 UTC        
 READ IN fields at DATE: 1994-08-12 12:00:00 UTC        
 READ IN fields at DATE: 1994-08-12 18:00:00 UTC        
 READ IN fields at DATE: 1994-08-13 00:00:00 UTC        
 READ IN fields at DATE: 1994-08-13 06:00:00 UTC        
 READ IN fields at DATE: 1994-08-13 12:00:00 UTC        
 READ IN fields at DATE: 1994-08-13 18:00:00 UTC        
 READ IN fields at DATE: 1994-08-14 00:00:00 UTC        
 READ IN fields at DATE: 1994-08-14 06:00:00 UTC        
 READ IN fields at DATE: 1994-08-14 12:00:00 UTC        
 READ IN fields at DATE: 1994-08-14 18:00:00 UTC        
 READ IN fields at DATE: 1994-08-15 00:00:00 UTC        
 READ IN fields at DATE: 1994-08-15 06:00:00 UTC        
 READ IN fields at DATE: 1994-08-15 12:00:00 UTC        
 READ IN fields at DATE: 1994-08-15 18:00:00 UTC        
 READ IN fields at DATE: 1994-08-16 00:00:00 UTC        
 READ IN fields at DATE: 1994-08-16 06:00:00 UTC        
 READ IN fields at DATE: 1994-08-16 12:00:00 UTC        
 READ IN fields at DATE: 1994-08-16 18:00:00 UTC        
 READ IN fields at DATE: 1994-08-17 00:00:00 UTC        
 READ IN fields at DATE: 1994-08-17 06:00:00 UTC        
 READ IN fields at DATE: 1994-08-17 12:00:00 UTC        
 READ IN fields at DATE: 1994-08-17 18:00:00 UTC        
 READ IN fields at DATE: 1994-08-18 00:00:00 UTC        
 READ IN fields at DATE: 1994-08-18 06:00:00 UTC        
 READ IN fields at DATE: 1994-08-18 12:00:00 UTC        
 READ IN fields at DATE: 1994-08-18 18:00:00 UTC        
 READ IN fields at DATE: 1994-08-19 00:00:00 UTC        
 READ IN fields at DATE: 1994-08-19 06:00:00 UTC        
 READ IN fields at DATE: 1994-08-19 12:00:00 UTC        
 READ IN fields at DATE: 1994-08-19 18:00:00 UTC        
 READ IN fields at DATE: 1994-08-20 00:00:00 UTC        
 READ IN fields at DATE: 1994-08-20 06:00:00 UTC        
 READ IN fields at DATE: 1994-08-20 12:00:00 UTC        
 READ IN fields at DATE: 1994-08-20 18:00:00 UTC        
 READ IN fields at DATE: 1994-08-21 00:00:00 UTC        
 READ IN fields at DATE: 1994-08-21 06:00:00 UTC        
 READ IN fields at DATE: 1994-08-21 12:00:00 UTC        
 READ IN fields at DATE: 1994-08-21 18:00:00 UTC        
 READ IN fields at DATE: 1994-08-22 00:00:00 UTC        
 READ IN fields at DATE: 1994-08-22 06:00:00 UTC        
 READ IN fields at DATE: 1994-08-22 12:00:00 UTC        
 READ IN fields at DATE: 1994-08-22 18:00:00 UTC        
 READ IN fields at DATE: 1994-08-23 00:00:00 UTC        
 READ IN fields at DATE: 1994-08-23 06:00:00 UTC        
 READ IN fields at DATE: 1994-08-23 12:00:00 UTC        
 READ IN fields at DATE: 1994-08-23 18:00:00 UTC        
 READ IN fields at DATE: 1994-08-24 00:00:00 UTC        
 READ IN fields at DATE: 1994-08-24 06:00:00 UTC        
 READ IN fields at DATE: 1994-08-24 12:00:00 UTC        
 READ IN fields at DATE: 1994-08-24 18:00:00 UTC        
 READ IN fields at DATE: 1994-08-25 00:00:00 UTC        
 READ IN fields at DATE: 1994-08-25 06:00:00 UTC        
 READ IN fields at DATE: 1994-08-25 12:00:00 UTC        
 READ IN fields at DATE: 1994-08-25 18:00:00 UTC        
 READ IN fields at DATE: 1994-08-26 00:00:00 UTC        
 READ IN fields at DATE: 1994-08-26 06:00:00 UTC        
 READ IN fields at DATE: 1994-08-26 12:00:00 UTC        
 READ IN fields at DATE: 1994-08-26 18:00:00 UTC        
 READ IN fields at DATE: 1994-08-27 00:00:00 UTC        
 READ IN fields at DATE: 1994-08-27 06:00:00 UTC        
 READ IN fields at DATE: 1994-08-27 12:00:00 UTC        
 READ IN fields at DATE: 1994-08-27 18:00:00 UTC        
 READ IN fields at DATE: 1994-08-28 00:00:00 UTC        
 READ IN fields at DATE: 1994-08-28 06:00:00 UTC        
 READ IN fields at DATE: 1994-08-28 12:00:00 UTC        
 READ IN fields at DATE: 1994-08-28 18:00:00 UTC        
 READ IN fields at DATE: 1994-08-29 00:00:00 UTC        
 READ IN fields at DATE: 1994-08-29 06:00:00 UTC        
 READ IN fields at DATE: 1994-08-29 12:00:00 UTC        
 READ IN fields at DATE: 1994-08-29 18:00:00 UTC        
 READ IN fields at DATE: 1994-08-30 00:00:00 UTC        
 READ IN fields at DATE: 1994-08-30 06:00:00 UTC        
 READ IN fields at DATE: 1994-08-30 12:00:00 UTC        
 READ IN fields at DATE: 1994-08-30 18:00:00 UTC        
 READ IN fields at DATE: 1994-08-31 00:00:00 UTC        
 READ IN fields at DATE: 1994-08-31 06:00:00 UTC        
 READ IN fields at DATE: 1994-08-31 12:00:00 UTC        
 READ IN fields at DATE: 1994-08-31 18:00:00 UTC        
      131072 /leonardo_work/ICT26_ESP/RCMDATA//ERA5/1994/tatm_1994_09.nc
  2.149630718537679E-003   248.573014234934     
      196608 /leonardo_work/ICT26_ESP/RCMDATA//ERA5/1994/geop_1994_09.nc
   7.37559249729144        235540.710641251     
      262144 /leonardo_work/ICT26_ESP/RCMDATA//ERA5/1994/qhum_1994_09.nc
  4.161046179368047E-007  1.360252181126917E-002
      327680 /leonardo_work/ICT26_ESP/RCMDATA//ERA5/1994/uwnd_1994_09.nc
  3.635458126699406E-003   32.1337642411515     
      393216 /leonardo_work/ICT26_ESP/RCMDATA//ERA5/1994/vwnd_1994_09.nc
  3.611370228295644E-003   18.5143457431085     
 READ IN fields at DATE: 1994-09-01 00:00:00 UTC        
 READ IN fields at DATE: 1994-09-01 06:00:00 UTC        
 READ IN fields at DATE: 1994-09-01 12:00:00 UTC        
 READ IN fields at DATE: 1994-09-01 18:00:00 UTC        
 READ IN fields at DATE: 1994-09-02 00:00:00 UTC        
 READ IN fields at DATE: 1994-09-02 06:00:00 UTC        
 READ IN fields at DATE: 1994-09-02 12:00:00 UTC        
 READ IN fields at DATE: 1994-09-02 18:00:00 UTC        
 READ IN fields at DATE: 1994-09-03 00:00:00 UTC        
 READ IN fields at DATE: 1994-09-03 06:00:00 UTC        
 READ IN fields at DATE: 1994-09-03 12:00:00 UTC        
 READ IN fields at DATE: 1994-09-03 18:00:00 UTC        
 READ IN fields at DATE: 1994-09-04 00:00:00 UTC        
 READ IN fields at DATE: 1994-09-04 06:00:00 UTC        
 READ IN fields at DATE: 1994-09-04 12:00:00 UTC        
 READ IN fields at DATE: 1994-09-04 18:00:00 UTC        
 READ IN fields at DATE: 1994-09-05 00:00:00 UTC        
 READ IN fields at DATE: 1994-09-05 06:00:00 UTC        
 READ IN fields at DATE: 1994-09-05 12:00:00 UTC        
 READ IN fields at DATE: 1994-09-05 18:00:00 UTC        
 READ IN fields at DATE: 1994-09-06 00:00:00 UTC        
 READ IN fields at DATE: 1994-09-06 06:00:00 UTC        
 READ IN fields at DATE: 1994-09-06 12:00:00 UTC        
 READ IN fields at DATE: 1994-09-06 18:00:00 UTC        
 READ IN fields at DATE: 1994-09-07 00:00:00 UTC        
 READ IN fields at DATE: 1994-09-07 06:00:00 UTC        
 READ IN fields at DATE: 1994-09-07 12:00:00 UTC        
 READ IN fields at DATE: 1994-09-07 18:00:00 UTC        
 READ IN fields at DATE: 1994-09-08 00:00:00 UTC        
 READ IN fields at DATE: 1994-09-08 06:00:00 UTC        
 READ IN fields at DATE: 1994-09-08 12:00:00 UTC        
 READ IN fields at DATE: 1994-09-08 18:00:00 UTC        
 READ IN fields at DATE: 1994-09-09 00:00:00 UTC        
 READ IN fields at DATE: 1994-09-09 06:00:00 UTC        
 READ IN fields at DATE: 1994-09-09 12:00:00 UTC        
 READ IN fields at DATE: 1994-09-09 18:00:00 UTC        
 READ IN fields at DATE: 1994-09-10 00:00:00 UTC        
 READ IN fields at DATE: 1994-09-10 06:00:00 UTC        
 READ IN fields at DATE: 1994-09-10 12:00:00 UTC        
 READ IN fields at DATE: 1994-09-10 18:00:00 UTC        
 READ IN fields at DATE: 1994-09-11 00:00:00 UTC        
 READ IN fields at DATE: 1994-09-11 06:00:00 UTC        
 READ IN fields at DATE: 1994-09-11 12:00:00 UTC        
 READ IN fields at DATE: 1994-09-11 18:00:00 UTC        
 READ IN fields at DATE: 1994-09-12 00:00:00 UTC        
 READ IN fields at DATE: 1994-09-12 06:00:00 UTC        
 READ IN fields at DATE: 1994-09-12 12:00:00 UTC        
 READ IN fields at DATE: 1994-09-12 18:00:00 UTC        
 READ IN fields at DATE: 1994-09-13 00:00:00 UTC        
 READ IN fields at DATE: 1994-09-13 06:00:00 UTC        
 READ IN fields at DATE: 1994-09-13 12:00:00 UTC        
 READ IN fields at DATE: 1994-09-13 18:00:00 UTC        
 READ IN fields at DATE: 1994-09-14 00:00:00 UTC        
 READ IN fields at DATE: 1994-09-14 06:00:00 UTC        
 READ IN fields at DATE: 1994-09-14 12:00:00 UTC        
 READ IN fields at DATE: 1994-09-14 18:00:00 UTC        
 READ IN fields at DATE: 1994-09-15 00:00:00 UTC        
 READ IN fields at DATE: 1994-09-15 06:00:00 UTC        
 READ IN fields at DATE: 1994-09-15 12:00:00 UTC        
 READ IN fields at DATE: 1994-09-15 18:00:00 UTC        
 READ IN fields at DATE: 1994-09-16 00:00:00 UTC        
 READ IN fields at DATE: 1994-09-16 06:00:00 UTC        
 READ IN fields at DATE: 1994-09-16 12:00:00 UTC        
 READ IN fields at DATE: 1994-09-16 18:00:00 UTC        
 READ IN fields at DATE: 1994-09-17 00:00:00 UTC        
 READ IN fields at DATE: 1994-09-17 06:00:00 UTC        
 READ IN fields at DATE: 1994-09-17 12:00:00 UTC        
 READ IN fields at DATE: 1994-09-17 18:00:00 UTC        
 READ IN fields at DATE: 1994-09-18 00:00:00 UTC        
 READ IN fields at DATE: 1994-09-18 06:00:00 UTC        
 READ IN fields at DATE: 1994-09-18 12:00:00 UTC        
 READ IN fields at DATE: 1994-09-18 18:00:00 UTC        
 READ IN fields at DATE: 1994-09-19 00:00:00 UTC        
 READ IN fields at DATE: 1994-09-19 06:00:00 UTC        
 READ IN fields at DATE: 1994-09-19 12:00:00 UTC        
 READ IN fields at DATE: 1994-09-19 18:00:00 UTC        
 READ IN fields at DATE: 1994-09-20 00:00:00 UTC        
 READ IN fields at DATE: 1994-09-20 06:00:00 UTC        
 READ IN fields at DATE: 1994-09-20 12:00:00 UTC        
 READ IN fields at DATE: 1994-09-20 18:00:00 UTC        
 READ IN fields at DATE: 1994-09-21 00:00:00 UTC        
 READ IN fields at DATE: 1994-09-21 06:00:00 UTC        
 READ IN fields at DATE: 1994-09-21 12:00:00 UTC        
 READ IN fields at DATE: 1994-09-21 18:00:00 UTC        
 READ IN fields at DATE: 1994-09-22 00:00:00 UTC        
 READ IN fields at DATE: 1994-09-22 06:00:00 UTC        
 READ IN fields at DATE: 1994-09-22 12:00:00 UTC        
 READ IN fields at DATE: 1994-09-22 18:00:00 UTC        
 READ IN fields at DATE: 1994-09-23 00:00:00 UTC        
 READ IN fields at DATE: 1994-09-23 06:00:00 UTC        
 READ IN fields at DATE: 1994-09-23 12:00:00 UTC        
 READ IN fields at DATE: 1994-09-23 18:00:00 UTC        
 READ IN fields at DATE: 1994-09-24 00:00:00 UTC        
 READ IN fields at DATE: 1994-09-24 06:00:00 UTC        
 READ IN fields at DATE: 1994-09-24 12:00:00 UTC        
 READ IN fields at DATE: 1994-09-24 18:00:00 UTC        
 READ IN fields at DATE: 1994-09-25 00:00:00 UTC        
 READ IN fields at DATE: 1994-09-25 06:00:00 UTC        
 READ IN fields at DATE: 1994-09-25 12:00:00 UTC        
 READ IN fields at DATE: 1994-09-25 18:00:00 UTC        
 READ IN fields at DATE: 1994-09-26 00:00:00 UTC        
 READ IN fields at DATE: 1994-09-26 06:00:00 UTC        
 READ IN fields at DATE: 1994-09-26 12:00:00 UTC        
 READ IN fields at DATE: 1994-09-26 18:00:00 UTC        
 READ IN fields at DATE: 1994-09-27 00:00:00 UTC        
 READ IN fields at DATE: 1994-09-27 06:00:00 UTC        
 READ IN fields at DATE: 1994-09-27 12:00:00 UTC        
 READ IN fields at DATE: 1994-09-27 18:00:00 UTC        
 READ IN fields at DATE: 1994-09-28 00:00:00 UTC        
 READ IN fields at DATE: 1994-09-28 06:00:00 UTC        
 READ IN fields at DATE: 1994-09-28 12:00:00 UTC        
 READ IN fields at DATE: 1994-09-28 18:00:00 UTC        
 READ IN fields at DATE: 1994-09-29 00:00:00 UTC        
 READ IN fields at DATE: 1994-09-29 06:00:00 UTC        
 READ IN fields at DATE: 1994-09-29 12:00:00 UTC        
 READ IN fields at DATE: 1994-09-29 18:00:00 UTC        
 READ IN fields at DATE: 1994-09-30 00:00:00 UTC        
 READ IN fields at DATE: 1994-09-30 06:00:00 UTC        
 READ IN fields at DATE: 1994-09-30 12:00:00 UTC        
 READ IN fields at DATE: 1994-09-30 18:00:00 UTC        
      131072 /leonardo_work/ICT26_ESP/RCMDATA//ERA5/1994/tatm_1994_10.nc
  2.030074393578426E-003   249.264915138584     
      196608 /leonardo_work/ICT26_ESP/RCMDATA//ERA5/1994/geop_1994_10.nc
   7.39979374656662        236738.895806252     
      262144 /leonardo_work/ICT26_ESP/RCMDATA//ERA5/1994/qhum_1994_10.nc
  3.673108724917265E-007  1.202017506758452E-002
      327680 /leonardo_work/ICT26_ESP/RCMDATA//ERA5/1994/uwnd_1994_10.nc
  3.324472023592241E-003   19.6450739090077     
      393216 /leonardo_work/ICT26_ESP/RCMDATA//ERA5/1994/vwnd_1994_10.nc
  2.848213999918219E-003   3.65636703069535     
 READ IN fields at DATE: 1994-10-01 00:00:00 UTC        
 READ IN fields at DATE: 1994-10-01 06:00:00 UTC        
 READ IN fields at DATE: 1994-10-01 12:00:00 UTC        
 READ IN fields at DATE: 1994-10-01 18:00:00 UTC        
 READ IN fields at DATE: 1994-10-02 00:00:00 UTC        
 READ IN fields at DATE: 1994-10-02 06:00:00 UTC        
 READ IN fields at DATE: 1994-10-02 12:00:00 UTC        
 READ IN fields at DATE: 1994-10-02 18:00:00 UTC        
 READ IN fields at DATE: 1994-10-03 00:00:00 UTC        
 READ IN fields at DATE: 1994-10-03 06:00:00 UTC        
 READ IN fields at DATE: 1994-10-03 12:00:00 UTC        
 READ IN fields at DATE: 1994-10-03 18:00:00 UTC        
 READ IN fields at DATE: 1994-10-04 00:00:00 UTC        
 READ IN fields at DATE: 1994-10-04 06:00:00 UTC        
 READ IN fields at DATE: 1994-10-04 12:00:00 UTC        
 READ IN fields at DATE: 1994-10-04 18:00:00 UTC        
 READ IN fields at DATE: 1994-10-05 00:00:00 UTC        
 READ IN fields at DATE: 1994-10-05 06:00:00 UTC        
 READ IN fields at DATE: 1994-10-05 12:00:00 UTC        
 READ IN fields at DATE: 1994-10-05 18:00:00 UTC        
 READ IN fields at DATE: 1994-10-06 00:00:00 UTC        
 READ IN fields at DATE: 1994-10-06 06:00:00 UTC        
 READ IN fields at DATE: 1994-10-06 12:00:00 UTC        
 READ IN fields at DATE: 1994-10-06 18:00:00 UTC        
 READ IN fields at DATE: 1994-10-07 00:00:00 UTC        
 READ IN fields at DATE: 1994-10-07 06:00:00 UTC        
 READ IN fields at DATE: 1994-10-07 12:00:00 UTC        
 READ IN fields at DATE: 1994-10-07 18:00:00 UTC        
 READ IN fields at DATE: 1994-10-08 00:00:00 UTC        
 READ IN fields at DATE: 1994-10-08 06:00:00 UTC        
 READ IN fields at DATE: 1994-10-08 12:00:00 UTC        
 READ IN fields at DATE: 1994-10-08 18:00:00 UTC        
 READ IN fields at DATE: 1994-10-09 00:00:00 UTC        
 READ IN fields at DATE: 1994-10-09 06:00:00 UTC        
 READ IN fields at DATE: 1994-10-09 12:00:00 UTC        
 READ IN fields at DATE: 1994-10-09 18:00:00 UTC        
 READ IN fields at DATE: 1994-10-10 00:00:00 UTC        
 READ IN fields at DATE: 1994-10-10 06:00:00 UTC        
 READ IN fields at DATE: 1994-10-10 12:00:00 UTC        
 READ IN fields at DATE: 1994-10-10 18:00:00 UTC        
 READ IN fields at DATE: 1994-10-11 00:00:00 UTC        
 READ IN fields at DATE: 1994-10-11 06:00:00 UTC        
 READ IN fields at DATE: 1994-10-11 12:00:00 UTC        
 READ IN fields at DATE: 1994-10-11 18:00:00 UTC        
 READ IN fields at DATE: 1994-10-12 00:00:00 UTC        
 READ IN fields at DATE: 1994-10-12 06:00:00 UTC        
 READ IN fields at DATE: 1994-10-12 12:00:00 UTC        
 READ IN fields at DATE: 1994-10-12 18:00:00 UTC        
 READ IN fields at DATE: 1994-10-13 00:00:00 UTC        
 READ IN fields at DATE: 1994-10-13 06:00:00 UTC        
 READ IN fields at DATE: 1994-10-13 12:00:00 UTC        
 READ IN fields at DATE: 1994-10-13 18:00:00 UTC        
 READ IN fields at DATE: 1994-10-14 00:00:00 UTC        
 READ IN fields at DATE: 1994-10-14 06:00:00 UTC        
 READ IN fields at DATE: 1994-10-14 12:00:00 UTC        
 READ IN fields at DATE: 1994-10-14 18:00:00 UTC        
 READ IN fields at DATE: 1994-10-15 00:00:00 UTC        
 READ IN fields at DATE: 1994-10-15 06:00:00 UTC        
 READ IN fields at DATE: 1994-10-15 12:00:00 UTC        
 READ IN fields at DATE: 1994-10-15 18:00:00 UTC        
 READ IN fields at DATE: 1994-10-16 00:00:00 UTC        
 READ IN fields at DATE: 1994-10-16 06:00:00 UTC        
 READ IN fields at DATE: 1994-10-16 12:00:00 UTC        
 READ IN fields at DATE: 1994-10-16 18:00:00 UTC        
 READ IN fields at DATE: 1994-10-17 00:00:00 UTC        
 READ IN fields at DATE: 1994-10-17 06:00:00 UTC        
 READ IN fields at DATE: 1994-10-17 12:00:00 UTC        
 READ IN fields at DATE: 1994-10-17 18:00:00 UTC        
 READ IN fields at DATE: 1994-10-18 00:00:00 UTC        
 READ IN fields at DATE: 1994-10-18 06:00:00 UTC        
 READ IN fields at DATE: 1994-10-18 12:00:00 UTC        
 READ IN fields at DATE: 1994-10-18 18:00:00 UTC        
 READ IN fields at DATE: 1994-10-19 00:00:00 UTC        
 READ IN fields at DATE: 1994-10-19 06:00:00 UTC        
 READ IN fields at DATE: 1994-10-19 12:00:00 UTC        
 READ IN fields at DATE: 1994-10-19 18:00:00 UTC        
 READ IN fields at DATE: 1994-10-20 00:00:00 UTC        
 READ IN fields at DATE: 1994-10-20 06:00:00 UTC        
 READ IN fields at DATE: 1994-10-20 12:00:00 UTC        
 READ IN fields at DATE: 1994-10-20 18:00:00 UTC        
 READ IN fields at DATE: 1994-10-21 00:00:00 UTC        
 READ IN fields at DATE: 1994-10-21 06:00:00 UTC        
 READ IN fields at DATE: 1994-10-21 12:00:00 UTC        
 READ IN fields at DATE: 1994-10-21 18:00:00 UTC        
 READ IN fields at DATE: 1994-10-22 00:00:00 UTC        
 READ IN fields at DATE: 1994-10-22 06:00:00 UTC        
 READ IN fields at DATE: 1994-10-22 12:00:00 UTC        
 READ IN fields at DATE: 1994-10-22 18:00:00 UTC        
 READ IN fields at DATE: 1994-10-23 00:00:00 UTC        
 READ IN fields at DATE: 1994-10-23 06:00:00 UTC        
 READ IN fields at DATE: 1994-10-23 12:00:00 UTC        
 READ IN fields at DATE: 1994-10-23 18:00:00 UTC        
 READ IN fields at DATE: 1994-10-24 00:00:00 UTC        
 READ IN fields at DATE: 1994-10-24 06:00:00 UTC        
 READ IN fields at DATE: 1994-10-24 12:00:00 UTC        
 READ IN fields at DATE: 1994-10-24 18:00:00 UTC        
 READ IN fields at DATE: 1994-10-25 00:00:00 UTC        
 READ IN fields at DATE: 1994-10-25 06:00:00 UTC        
 READ IN fields at DATE: 1994-10-25 12:00:00 UTC        
 READ IN fields at DATE: 1994-10-25 18:00:00 UTC        
 READ IN fields at DATE: 1994-10-26 00:00:00 UTC        
 READ IN fields at DATE: 1994-10-26 06:00:00 UTC        
 READ IN fields at DATE: 1994-10-26 12:00:00 UTC        
 READ IN fields at DATE: 1994-10-26 18:00:00 UTC        
 READ IN fields at DATE: 1994-10-27 00:00:00 UTC        
 READ IN fields at DATE: 1994-10-27 06:00:00 UTC        
 READ IN fields at DATE: 1994-10-27 12:00:00 UTC        
 READ IN fields at DATE: 1994-10-27 18:00:00 UTC        
 READ IN fields at DATE: 1994-10-28 00:00:00 UTC        
 READ IN fields at DATE: 1994-10-28 06:00:00 UTC        
 READ IN fields at DATE: 1994-10-28 12:00:00 UTC        
 READ IN fields at DATE: 1994-10-28 18:00:00 UTC        
 READ IN fields at DATE: 1994-10-29 00:00:00 UTC        
 READ IN fields at DATE: 1994-10-29 06:00:00 UTC        
 READ IN fields at DATE: 1994-10-29 12:00:00 UTC        
 READ IN fields at DATE: 1994-10-29 18:00:00 UTC        
 READ IN fields at DATE: 1994-10-30 00:00:00 UTC        
 READ IN fields at DATE: 1994-10-30 06:00:00 UTC        
 READ IN fields at DATE: 1994-10-30 12:00:00 UTC        
 READ IN fields at DATE: 1994-10-30 18:00:00 UTC        
 READ IN fields at DATE: 1994-10-31 00:00:00 UTC        
 READ IN fields at DATE: 1994-10-31 06:00:00 UTC        
 READ IN fields at DATE: 1994-10-31 12:00:00 UTC        
 READ IN fields at DATE: 1994-10-31 18:00:00 UTC        
      131072 /leonardo_work/ICT26_ESP/RCMDATA//ERA5/1994/tatm_1994_11.nc
  2.057559679423797E-003   249.185731168891     
      196608 /leonardo_work/ICT26_ESP/RCMDATA//ERA5/1994/geop_1994_11.nc
   7.61770304417240        243423.099351603     
      262144 /leonardo_work/ICT26_ESP/RCMDATA//ERA5/1994/qhum_1994_11.nc
  3.517246886818724E-007  1.150936120967118E-002
      327680 /leonardo_work/ICT26_ESP/RCMDATA//ERA5/1994/uwnd_1994_11.nc
  3.483266531970891E-003   26.8632714892926     
      393216 /leonardo_work/ICT26_ESP/RCMDATA//ERA5/1994/vwnd_1994_11.nc
  2.892338823748627E-003   1.71008642336156     
 READ IN fields at DATE: 1994-11-01 00:00:00 UTC        
 READ IN fields at DATE: 1994-11-01 06:00:00 UTC        
 READ IN fields at DATE: 1994-11-01 12:00:00 UTC        
 READ IN fields at DATE: 1994-11-01 18:00:00 UTC        
 READ IN fields at DATE: 1994-11-02 00:00:00 UTC        
 READ IN fields at DATE: 1994-11-02 06:00:00 UTC        
 READ IN fields at DATE: 1994-11-02 12:00:00 UTC        
 READ IN fields at DATE: 1994-11-02 18:00:00 UTC        
 READ IN fields at DATE: 1994-11-03 00:00:00 UTC        
 READ IN fields at DATE: 1994-11-03 06:00:00 UTC        
 READ IN fields at DATE: 1994-11-03 12:00:00 UTC        
 READ IN fields at DATE: 1994-11-03 18:00:00 UTC        
 READ IN fields at DATE: 1994-11-04 00:00:00 UTC        
 READ IN fields at DATE: 1994-11-04 06:00:00 UTC        
 READ IN fields at DATE: 1994-11-04 12:00:00 UTC        
 READ IN fields at DATE: 1994-11-04 18:00:00 UTC        
 READ IN fields at DATE: 1994-11-05 00:00:00 UTC        
 READ IN fields at DATE: 1994-11-05 06:00:00 UTC        
 READ IN fields at DATE: 1994-11-05 12:00:00 UTC        
 READ IN fields at DATE: 1994-11-05 18:00:00 UTC        
 READ IN fields at DATE: 1994-11-06 00:00:00 UTC        
 READ IN fields at DATE: 1994-11-06 06:00:00 UTC        
 READ IN fields at DATE: 1994-11-06 12:00:00 UTC        
 READ IN fields at DATE: 1994-11-06 18:00:00 UTC        
 READ IN fields at DATE: 1994-11-07 00:00:00 UTC        
 READ IN fields at DATE: 1994-11-07 06:00:00 UTC        
 READ IN fields at DATE: 1994-11-07 12:00:00 UTC        
 READ IN fields at DATE: 1994-11-07 18:00:00 UTC        
 READ IN fields at DATE: 1994-11-08 00:00:00 UTC        
 READ IN fields at DATE: 1994-11-08 06:00:00 UTC        
 READ IN fields at DATE: 1994-11-08 12:00:00 UTC        
 READ IN fields at DATE: 1994-11-08 18:00:00 UTC        
 READ IN fields at DATE: 1994-11-09 00:00:00 UTC        
 READ IN fields at DATE: 1994-11-09 06:00:00 UTC        
 READ IN fields at DATE: 1994-11-09 12:00:00 UTC        
 READ IN fields at DATE: 1994-11-09 18:00:00 UTC        
 READ IN fields at DATE: 1994-11-10 00:00:00 UTC        
 READ IN fields at DATE: 1994-11-10 06:00:00 UTC        
 READ IN fields at DATE: 1994-11-10 12:00:00 UTC        
 READ IN fields at DATE: 1994-11-10 18:00:00 UTC        
 READ IN fields at DATE: 1994-11-11 00:00:00 UTC        
 READ IN fields at DATE: 1994-11-11 06:00:00 UTC        
 READ IN fields at DATE: 1994-11-11 12:00:00 UTC        
 READ IN fields at DATE: 1994-11-11 18:00:00 UTC        
 READ IN fields at DATE: 1994-11-12 00:00:00 UTC        
 READ IN fields at DATE: 1994-11-12 06:00:00 UTC        
 READ IN fields at DATE: 1994-11-12 12:00:00 UTC        
 READ IN fields at DATE: 1994-11-12 18:00:00 UTC        
 READ IN fields at DATE: 1994-11-13 00:00:00 UTC        
 READ IN fields at DATE: 1994-11-13 06:00:00 UTC        
 READ IN fields at DATE: 1994-11-13 12:00:00 UTC        
 READ IN fields at DATE: 1994-11-13 18:00:00 UTC        
 READ IN fields at DATE: 1994-11-14 00:00:00 UTC        
 READ IN fields at DATE: 1994-11-14 06:00:00 UTC        
 READ IN fields at DATE: 1994-11-14 12:00:00 UTC        
 READ IN fields at DATE: 1994-11-14 18:00:00 UTC        
 READ IN fields at DATE: 1994-11-15 00:00:00 UTC        
 READ IN fields at DATE: 1994-11-15 06:00:00 UTC        
 READ IN fields at DATE: 1994-11-15 12:00:00 UTC        
 READ IN fields at DATE: 1994-11-15 18:00:00 UTC        
 READ IN fields at DATE: 1994-11-16 00:00:00 UTC        
 READ IN fields at DATE: 1994-11-16 06:00:00 UTC        
 READ IN fields at DATE: 1994-11-16 12:00:00 UTC        
 READ IN fields at DATE: 1994-11-16 18:00:00 UTC        
 READ IN fields at DATE: 1994-11-17 00:00:00 UTC        
 READ IN fields at DATE: 1994-11-17 06:00:00 UTC        
 READ IN fields at DATE: 1994-11-17 12:00:00 UTC        
 READ IN fields at DATE: 1994-11-17 18:00:00 UTC        
 READ IN fields at DATE: 1994-11-18 00:00:00 UTC        
 READ IN fields at DATE: 1994-11-18 06:00:00 UTC        
 READ IN fields at DATE: 1994-11-18 12:00:00 UTC        
 READ IN fields at DATE: 1994-11-18 18:00:00 UTC        
 READ IN fields at DATE: 1994-11-19 00:00:00 UTC        
 READ IN fields at DATE: 1994-11-19 06:00:00 UTC        
 READ IN fields at DATE: 1994-11-19 12:00:00 UTC        
 READ IN fields at DATE: 1994-11-19 18:00:00 UTC        
 READ IN fields at DATE: 1994-11-20 00:00:00 UTC        
 READ IN fields at DATE: 1994-11-20 06:00:00 UTC        
 READ IN fields at DATE: 1994-11-20 12:00:00 UTC        
 READ IN fields at DATE: 1994-11-20 18:00:00 UTC        
 READ IN fields at DATE: 1994-11-21 00:00:00 UTC        
 READ IN fields at DATE: 1994-11-21 06:00:00 UTC        
 READ IN fields at DATE: 1994-11-21 12:00:00 UTC        
 READ IN fields at DATE: 1994-11-21 18:00:00 UTC        
 READ IN fields at DATE: 1994-11-22 00:00:00 UTC        
 READ IN fields at DATE: 1994-11-22 06:00:00 UTC        
 READ IN fields at DATE: 1994-11-22 12:00:00 UTC        
 READ IN fields at DATE: 1994-11-22 18:00:00 UTC        
 READ IN fields at DATE: 1994-11-23 00:00:00 UTC        
 READ IN fields at DATE: 1994-11-23 06:00:00 UTC        
 READ IN fields at DATE: 1994-11-23 12:00:00 UTC        
 READ IN fields at DATE: 1994-11-23 18:00:00 UTC        
 READ IN fields at DATE: 1994-11-24 00:00:00 UTC        
 READ IN fields at DATE: 1994-11-24 06:00:00 UTC        
 READ IN fields at DATE: 1994-11-24 12:00:00 UTC        
 READ IN fields at DATE: 1994-11-24 18:00:00 UTC        
 READ IN fields at DATE: 1994-11-25 00:00:00 UTC        
 READ IN fields at DATE: 1994-11-25 06:00:00 UTC        
 READ IN fields at DATE: 1994-11-25 12:00:00 UTC        
 READ IN fields at DATE: 1994-11-25 18:00:00 UTC        
 READ IN fields at DATE: 1994-11-26 00:00:00 UTC        
 READ IN fields at DATE: 1994-11-26 06:00:00 UTC        
 READ IN fields at DATE: 1994-11-26 12:00:00 UTC        
 READ IN fields at DATE: 1994-11-26 18:00:00 UTC        
 READ IN fields at DATE: 1994-11-27 00:00:00 UTC        
 READ IN fields at DATE: 1994-11-27 06:00:00 UTC        
 READ IN fields at DATE: 1994-11-27 12:00:00 UTC        
 READ IN fields at DATE: 1994-11-27 18:00:00 UTC        
 READ IN fields at DATE: 1994-11-28 00:00:00 UTC        
 READ IN fields at DATE: 1994-11-28 06:00:00 UTC        
 READ IN fields at DATE: 1994-11-28 12:00:00 UTC        
 READ IN fields at DATE: 1994-11-28 18:00:00 UTC        
 READ IN fields at DATE: 1994-11-29 00:00:00 UTC        
 READ IN fields at DATE: 1994-11-29 06:00:00 UTC        
 READ IN fields at DATE: 1994-11-29 12:00:00 UTC        
 READ IN fields at DATE: 1994-11-29 18:00:00 UTC        
 READ IN fields at DATE: 1994-11-30 00:00:00 UTC        
 READ IN fields at DATE: 1994-11-30 06:00:00 UTC        
 READ IN fields at DATE: 1994-11-30 12:00:00 UTC        
 READ IN fields at DATE: 1994-11-30 18:00:00 UTC        
      131072 /leonardo_work/ICT26_ESP/RCMDATA//ERA5/1994/tatm_1994_12.nc
  2.161418309465746E-003   249.197817606275     
      196608 /leonardo_work/ICT26_ESP/RCMDATA//ERA5/1994/geop_1994_12.nc
   7.66003512781728        245931.003966811     
      262144 /leonardo_work/ICT26_ESP/RCMDATA//ERA5/1994/qhum_1994_12.nc
  3.638451173239524E-007  1.181465151469765E-002
      327680 /leonardo_work/ICT26_ESP/RCMDATA//ERA5/1994/uwnd_1994_12.nc
  6.106273630225540E-003   22.8607240238294     
      393216 /leonardo_work/ICT26_ESP/RCMDATA//ERA5/1994/vwnd_1994_12.nc
  5.927118779851372E-003  -4.40642120099149     
 READ IN fields at DATE: 1994-12-01 00:00:00 UTC        
 READ IN fields at DATE: 1994-12-01 06:00:00 UTC        
 READ IN fields at DATE: 1994-12-01 12:00:00 UTC        
 READ IN fields at DATE: 1994-12-01 18:00:00 UTC        
 READ IN fields at DATE: 1994-12-02 00:00:00 UTC        
 READ IN fields at DATE: 1994-12-02 06:00:00 UTC        
 READ IN fields at DATE: 1994-12-02 12:00:00 UTC        
 READ IN fields at DATE: 1994-12-02 18:00:00 UTC        
 READ IN fields at DATE: 1994-12-03 00:00:00 UTC        
 READ IN fields at DATE: 1994-12-03 06:00:00 UTC        
 READ IN fields at DATE: 1994-12-03 12:00:00 UTC        
 READ IN fields at DATE: 1994-12-03 18:00:00 UTC        
 READ IN fields at DATE: 1994-12-04 00:00:00 UTC        
 READ IN fields at DATE: 1994-12-04 06:00:00 UTC        
 READ IN fields at DATE: 1994-12-04 12:00:00 UTC        
 READ IN fields at DATE: 1994-12-04 18:00:00 UTC        
 READ IN fields at DATE: 1994-12-05 00:00:00 UTC        
 READ IN fields at DATE: 1994-12-05 06:00:00 UTC        
 READ IN fields at DATE: 1994-12-05 12:00:00 UTC        
 READ IN fields at DATE: 1994-12-05 18:00:00 UTC        
 READ IN fields at DATE: 1994-12-06 00:00:00 UTC        
 READ IN fields at DATE: 1994-12-06 06:00:00 UTC        
 READ IN fields at DATE: 1994-12-06 12:00:00 UTC        
 READ IN fields at DATE: 1994-12-06 18:00:00 UTC        
 READ IN fields at DATE: 1994-12-07 00:00:00 UTC        
 READ IN fields at DATE: 1994-12-07 06:00:00 UTC        
 READ IN fields at DATE: 1994-12-07 12:00:00 UTC        
 READ IN fields at DATE: 1994-12-07 18:00:00 UTC        
 READ IN fields at DATE: 1994-12-08 00:00:00 UTC        
 READ IN fields at DATE: 1994-12-08 06:00:00 UTC        
 READ IN fields at DATE: 1994-12-08 12:00:00 UTC        
 READ IN fields at DATE: 1994-12-08 18:00:00 UTC        
 READ IN fields at DATE: 1994-12-09 00:00:00 UTC        
 READ IN fields at DATE: 1994-12-09 06:00:00 UTC        
 READ IN fields at DATE: 1994-12-09 12:00:00 UTC        
 READ IN fields at DATE: 1994-12-09 18:00:00 UTC        
 READ IN fields at DATE: 1994-12-10 00:00:00 UTC        
 READ IN fields at DATE: 1994-12-10 06:00:00 UTC        
 READ IN fields at DATE: 1994-12-10 12:00:00 UTC        
 READ IN fields at DATE: 1994-12-10 18:00:00 UTC        
 READ IN fields at DATE: 1994-12-11 00:00:00 UTC        
 READ IN fields at DATE: 1994-12-11 06:00:00 UTC        
 READ IN fields at DATE: 1994-12-11 12:00:00 UTC        
 READ IN fields at DATE: 1994-12-11 18:00:00 UTC        
 READ IN fields at DATE: 1994-12-12 00:00:00 UTC        
 READ IN fields at DATE: 1994-12-12 06:00:00 UTC        
 READ IN fields at DATE: 1994-12-12 12:00:00 UTC        
 READ IN fields at DATE: 1994-12-12 18:00:00 UTC        
 READ IN fields at DATE: 1994-12-13 00:00:00 UTC        
 READ IN fields at DATE: 1994-12-13 06:00:00 UTC        
 READ IN fields at DATE: 1994-12-13 12:00:00 UTC        
 READ IN fields at DATE: 1994-12-13 18:00:00 UTC        
 READ IN fields at DATE: 1994-12-14 00:00:00 UTC        
 READ IN fields at DATE: 1994-12-14 06:00:00 UTC        
 READ IN fields at DATE: 1994-12-14 12:00:00 UTC        
 READ IN fields at DATE: 1994-12-14 18:00:00 UTC        
 READ IN fields at DATE: 1994-12-15 00:00:00 UTC        
 READ IN fields at DATE: 1994-12-15 06:00:00 UTC        
 READ IN fields at DATE: 1994-12-15 12:00:00 UTC        
 READ IN fields at DATE: 1994-12-15 18:00:00 UTC        
 READ IN fields at DATE: 1994-12-16 00:00:00 UTC        
 READ IN fields at DATE: 1994-12-16 06:00:00 UTC        
 READ IN fields at DATE: 1994-12-16 12:00:00 UTC        
 READ IN fields at DATE: 1994-12-16 18:00:00 UTC        
 READ IN fields at DATE: 1994-12-17 00:00:00 UTC        
 READ IN fields at DATE: 1994-12-17 06:00:00 UTC        
 READ IN fields at DATE: 1994-12-17 12:00:00 UTC        
 READ IN fields at DATE: 1994-12-17 18:00:00 UTC        
 READ IN fields at DATE: 1994-12-18 00:00:00 UTC        
 READ IN fields at DATE: 1994-12-18 06:00:00 UTC        
 READ IN fields at DATE: 1994-12-18 12:00:00 UTC        
 READ IN fields at DATE: 1994-12-18 18:00:00 UTC        
 READ IN fields at DATE: 1994-12-19 00:00:00 UTC        
 READ IN fields at DATE: 1994-12-19 06:00:00 UTC        
 READ IN fields at DATE: 1994-12-19 12:00:00 UTC        
 READ IN fields at DATE: 1994-12-19 18:00:00 UTC        
 READ IN fields at DATE: 1994-12-20 00:00:00 UTC        
 READ IN fields at DATE: 1994-12-20 06:00:00 UTC        
 READ IN fields at DATE: 1994-12-20 12:00:00 UTC        
 READ IN fields at DATE: 1994-12-20 18:00:00 UTC        
 READ IN fields at DATE: 1994-12-21 00:00:00 UTC        
 READ IN fields at DATE: 1994-12-21 06:00:00 UTC        
 READ IN fields at DATE: 1994-12-21 12:00:00 UTC        
 READ IN fields at DATE: 1994-12-21 18:00:00 UTC        
 READ IN fields at DATE: 1994-12-22 00:00:00 UTC        
 READ IN fields at DATE: 1994-12-22 06:00:00 UTC        
 READ IN fields at DATE: 1994-12-22 12:00:00 UTC        
 READ IN fields at DATE: 1994-12-22 18:00:00 UTC        
 READ IN fields at DATE: 1994-12-23 00:00:00 UTC        
 READ IN fields at DATE: 1994-12-23 06:00:00 UTC        
 READ IN fields at DATE: 1994-12-23 12:00:00 UTC        
 READ IN fields at DATE: 1994-12-23 18:00:00 UTC        
 READ IN fields at DATE: 1994-12-24 00:00:00 UTC        
 READ IN fields at DATE: 1994-12-24 06:00:00 UTC        
 READ IN fields at DATE: 1994-12-24 12:00:00 UTC        
 READ IN fields at DATE: 1994-12-24 18:00:00 UTC        
 READ IN fields at DATE: 1994-12-25 00:00:00 UTC        
 READ IN fields at DATE: 1994-12-25 06:00:00 UTC        
 READ IN fields at DATE: 1994-12-25 12:00:00 UTC        
 READ IN fields at DATE: 1994-12-25 18:00:00 UTC        
 READ IN fields at DATE: 1994-12-26 00:00:00 UTC        
 READ IN fields at DATE: 1994-12-26 06:00:00 UTC        
 READ IN fields at DATE: 1994-12-26 12:00:00 UTC        
 READ IN fields at DATE: 1994-12-26 18:00:00 UTC        
 READ IN fields at DATE: 1994-12-27 00:00:00 UTC        
 READ IN fields at DATE: 1994-12-27 06:00:00 UTC        
 READ IN fields at DATE: 1994-12-27 12:00:00 UTC        
 READ IN fields at DATE: 1994-12-27 18:00:00 UTC        
 READ IN fields at DATE: 1994-12-28 00:00:00 UTC        
 READ IN fields at DATE: 1994-12-28 06:00:00 UTC        
 READ IN fields at DATE: 1994-12-28 12:00:00 UTC        
 READ IN fields at DATE: 1994-12-28 18:00:00 UTC        
 READ IN fields at DATE: 1994-12-29 00:00:00 UTC        
 READ IN fields at DATE: 1994-12-29 06:00:00 UTC        
 READ IN fields at DATE: 1994-12-29 12:00:00 UTC        
 READ IN fields at DATE: 1994-12-29 18:00:00 UTC        
 READ IN fields at DATE: 1994-12-30 00:00:00 UTC        
 READ IN fields at DATE: 1994-12-30 06:00:00 UTC        
 READ IN fields at DATE: 1994-12-30 12:00:00 UTC        
 READ IN fields at DATE: 1994-12-30 18:00:00 UTC        
 READ IN fields at DATE: 1994-12-31 00:00:00 UTC        
 READ IN fields at DATE: 1994-12-31 06:00:00 UTC        
 READ IN fields at DATE: 1994-12-31 12:00:00 UTC        
 READ IN fields at DATE: 1994-12-31 18:00:00 UTC        
      131072 /leonardo_work/ICT26_ESP/RCMDATA//ERA5/1995/tatm_1995_01.nc
  2.130911907723256E-003   249.549914158304     
      196608 /leonardo_work/ICT26_ESP/RCMDATA//ERA5/1995/geop_1995_01.nc
   7.64925614766606        245811.573809426     
      262144 /leonardo_work/ICT26_ESP/RCMDATA//ERA5/1995/qhum_1995_01.nc
  3.664583908517193E-007  1.192702995592215E-002
      327680 /leonardo_work/ICT26_ESP/RCMDATA//ERA5/1995/uwnd_1995_01.nc
  6.005507132677906E-003   12.0411714407696     
      393216 /leonardo_work/ICT26_ESP/RCMDATA//ERA5/1995/vwnd_1995_01.nc
  6.156249523141013E-003  -12.2166706540584     
 READ IN fields at DATE: 1995-01-01 00:00:00 UTC        
 Input ready at : Thu Jul 30 14:56:19 2026
 Successfully completed ICBC
icbc script complete
