
  This is icbc part of the RegCM version 5
   SVN Revision: 5.0.1 compiled at: data : Oct 10 2025  time: 16:26:26

 : this run start at    : 2026-08-11 12:29:58+0200
 : it is submitted by   : mdasilva
 : it is running on     : lrdn4564.leonardo.local
 : in directory         : 
 /leonardo/home/userexternal/mdasilva/github_projects/shell/ictp/regcm_exp/corde
 x5
                       
 Using Moloch non-hydrostatic dynamical core
 GLOBIDATE1 :  2013-01-01 00:00:00 UTC        
 GLOBIDATE2 :  2014-01-01 00:00:00 UTC        
 NSTEPS     :         1461
 Computing weights, R =      38.89632416 .......... Done.
 Computing weights, R =      38.89632416 .......... Done.
 Computing weights, R =      38.89632416 .......... Done.
      131072 /leonardo_work/ICT26_ESP/RCMDATA//ERA5/2013/tatm_2013_01.nc
  2.352869741854772E-003   255.482603472356     
      196608 /leonardo_work/ICT26_ESP/RCMDATA//ERA5/2013/geop_2013_01.nc
   7.63650940890467        244473.621198421     
      262144 /leonardo_work/ICT26_ESP/RCMDATA//ERA5/2013/qhum_2013_01.nc
  3.980589827123917E-007  1.300687069739068E-002
      327680 /leonardo_work/ICT26_ESP/RCMDATA//ERA5/2013/uwnd_2013_01.nc
  5.495153691428007E-003   1.40811820684569     
      393216 /leonardo_work/ICT26_ESP/RCMDATA//ERA5/2013/vwnd_2013_01.nc
  5.441081654322774E-003  -7.05560750371779     
 READ IN fields at DATE: 2013-01-01 00:00:00 UTC        
 READ IN fields at DATE: 2013-01-01 06:00:00 UTC        
 READ IN fields at DATE: 2013-01-01 12:00:00 UTC        
 READ IN fields at DATE: 2013-01-01 18:00:00 UTC        
 READ IN fields at DATE: 2013-01-02 00:00:00 UTC        
 READ IN fields at DATE: 2013-01-02 06:00:00 UTC        
 READ IN fields at DATE: 2013-01-02 12:00:00 UTC        
 READ IN fields at DATE: 2013-01-02 18:00:00 UTC        
 READ IN fields at DATE: 2013-01-03 00:00:00 UTC        
 READ IN fields at DATE: 2013-01-03 06:00:00 UTC        
 READ IN fields at DATE: 2013-01-03 12:00:00 UTC        
 READ IN fields at DATE: 2013-01-03 18:00:00 UTC        
 READ IN fields at DATE: 2013-01-04 00:00:00 UTC        
 READ IN fields at DATE: 2013-01-04 06:00:00 UTC        
 READ IN fields at DATE: 2013-01-04 12:00:00 UTC        
 READ IN fields at DATE: 2013-01-04 18:00:00 UTC        
 READ IN fields at DATE: 2013-01-05 00:00:00 UTC        
 READ IN fields at DATE: 2013-01-05 06:00:00 UTC        
 READ IN fields at DATE: 2013-01-05 12:00:00 UTC        
 READ IN fields at DATE: 2013-01-05 18:00:00 UTC        
 READ IN fields at DATE: 2013-01-06 00:00:00 UTC        
 READ IN fields at DATE: 2013-01-06 06:00:00 UTC        
 READ IN fields at DATE: 2013-01-06 12:00:00 UTC        
 READ IN fields at DATE: 2013-01-06 18:00:00 UTC        
 READ IN fields at DATE: 2013-01-07 00:00:00 UTC        
 READ IN fields at DATE: 2013-01-07 06:00:00 UTC        
 READ IN fields at DATE: 2013-01-07 12:00:00 UTC        
 READ IN fields at DATE: 2013-01-07 18:00:00 UTC        
 READ IN fields at DATE: 2013-01-08 00:00:00 UTC        
 READ IN fields at DATE: 2013-01-08 06:00:00 UTC        
 READ IN fields at DATE: 2013-01-08 12:00:00 UTC        
 READ IN fields at DATE: 2013-01-08 18:00:00 UTC        
 READ IN fields at DATE: 2013-01-09 00:00:00 UTC        
 READ IN fields at DATE: 2013-01-09 06:00:00 UTC        
 READ IN fields at DATE: 2013-01-09 12:00:00 UTC        
 READ IN fields at DATE: 2013-01-09 18:00:00 UTC        
 READ IN fields at DATE: 2013-01-10 00:00:00 UTC        
 READ IN fields at DATE: 2013-01-10 06:00:00 UTC        
 READ IN fields at DATE: 2013-01-10 12:00:00 UTC        
 READ IN fields at DATE: 2013-01-10 18:00:00 UTC        
 READ IN fields at DATE: 2013-01-11 00:00:00 UTC        
 READ IN fields at DATE: 2013-01-11 06:00:00 UTC        
 READ IN fields at DATE: 2013-01-11 12:00:00 UTC        
 READ IN fields at DATE: 2013-01-11 18:00:00 UTC        
 READ IN fields at DATE: 2013-01-12 00:00:00 UTC        
 READ IN fields at DATE: 2013-01-12 06:00:00 UTC        
 READ IN fields at DATE: 2013-01-12 12:00:00 UTC        
 READ IN fields at DATE: 2013-01-12 18:00:00 UTC        
 READ IN fields at DATE: 2013-01-13 00:00:00 UTC        
 READ IN fields at DATE: 2013-01-13 06:00:00 UTC        
 READ IN fields at DATE: 2013-01-13 12:00:00 UTC        
 READ IN fields at DATE: 2013-01-13 18:00:00 UTC        
 READ IN fields at DATE: 2013-01-14 00:00:00 UTC        
 READ IN fields at DATE: 2013-01-14 06:00:00 UTC        
 READ IN fields at DATE: 2013-01-14 12:00:00 UTC        
 READ IN fields at DATE: 2013-01-14 18:00:00 UTC        
 READ IN fields at DATE: 2013-01-15 00:00:00 UTC        
 READ IN fields at DATE: 2013-01-15 06:00:00 UTC        
 READ IN fields at DATE: 2013-01-15 12:00:00 UTC        
 READ IN fields at DATE: 2013-01-15 18:00:00 UTC        
 READ IN fields at DATE: 2013-01-16 00:00:00 UTC        
 READ IN fields at DATE: 2013-01-16 06:00:00 UTC        
 READ IN fields at DATE: 2013-01-16 12:00:00 UTC        
 READ IN fields at DATE: 2013-01-16 18:00:00 UTC        
 READ IN fields at DATE: 2013-01-17 00:00:00 UTC        
 READ IN fields at DATE: 2013-01-17 06:00:00 UTC        
 READ IN fields at DATE: 2013-01-17 12:00:00 UTC        
 READ IN fields at DATE: 2013-01-17 18:00:00 UTC        
 READ IN fields at DATE: 2013-01-18 00:00:00 UTC        
 READ IN fields at DATE: 2013-01-18 06:00:00 UTC        
 READ IN fields at DATE: 2013-01-18 12:00:00 UTC        
 READ IN fields at DATE: 2013-01-18 18:00:00 UTC        
 READ IN fields at DATE: 2013-01-19 00:00:00 UTC        
 READ IN fields at DATE: 2013-01-19 06:00:00 UTC        
 READ IN fields at DATE: 2013-01-19 12:00:00 UTC        
 READ IN fields at DATE: 2013-01-19 18:00:00 UTC        
 READ IN fields at DATE: 2013-01-20 00:00:00 UTC        
 READ IN fields at DATE: 2013-01-20 06:00:00 UTC        
 READ IN fields at DATE: 2013-01-20 12:00:00 UTC        
 READ IN fields at DATE: 2013-01-20 18:00:00 UTC        
 READ IN fields at DATE: 2013-01-21 00:00:00 UTC        
 READ IN fields at DATE: 2013-01-21 06:00:00 UTC        
 READ IN fields at DATE: 2013-01-21 12:00:00 UTC        
 READ IN fields at DATE: 2013-01-21 18:00:00 UTC        
 READ IN fields at DATE: 2013-01-22 00:00:00 UTC        
 READ IN fields at DATE: 2013-01-22 06:00:00 UTC        
 READ IN fields at DATE: 2013-01-22 12:00:00 UTC        
 READ IN fields at DATE: 2013-01-22 18:00:00 UTC        
 READ IN fields at DATE: 2013-01-23 00:00:00 UTC        
 READ IN fields at DATE: 2013-01-23 06:00:00 UTC        
 READ IN fields at DATE: 2013-01-23 12:00:00 UTC        
 READ IN fields at DATE: 2013-01-23 18:00:00 UTC        
 READ IN fields at DATE: 2013-01-24 00:00:00 UTC        
 READ IN fields at DATE: 2013-01-24 06:00:00 UTC        
 READ IN fields at DATE: 2013-01-24 12:00:00 UTC        
 READ IN fields at DATE: 2013-01-24 18:00:00 UTC        
 READ IN fields at DATE: 2013-01-25 00:00:00 UTC        
 READ IN fields at DATE: 2013-01-25 06:00:00 UTC        
 READ IN fields at DATE: 2013-01-25 12:00:00 UTC        
 READ IN fields at DATE: 2013-01-25 18:00:00 UTC        
 READ IN fields at DATE: 2013-01-26 00:00:00 UTC        
 READ IN fields at DATE: 2013-01-26 06:00:00 UTC        
 READ IN fields at DATE: 2013-01-26 12:00:00 UTC        
 READ IN fields at DATE: 2013-01-26 18:00:00 UTC        
 READ IN fields at DATE: 2013-01-27 00:00:00 UTC        
 READ IN fields at DATE: 2013-01-27 06:00:00 UTC        
 READ IN fields at DATE: 2013-01-27 12:00:00 UTC        
 READ IN fields at DATE: 2013-01-27 18:00:00 UTC        
 READ IN fields at DATE: 2013-01-28 00:00:00 UTC        
 READ IN fields at DATE: 2013-01-28 06:00:00 UTC        
 READ IN fields at DATE: 2013-01-28 12:00:00 UTC        
 READ IN fields at DATE: 2013-01-28 18:00:00 UTC        
 READ IN fields at DATE: 2013-01-29 00:00:00 UTC        
 READ IN fields at DATE: 2013-01-29 06:00:00 UTC        
 READ IN fields at DATE: 2013-01-29 12:00:00 UTC        
 READ IN fields at DATE: 2013-01-29 18:00:00 UTC        
 READ IN fields at DATE: 2013-01-30 00:00:00 UTC        
 READ IN fields at DATE: 2013-01-30 06:00:00 UTC        
 READ IN fields at DATE: 2013-01-30 12:00:00 UTC        
 READ IN fields at DATE: 2013-01-30 18:00:00 UTC        
 READ IN fields at DATE: 2013-01-31 00:00:00 UTC        
 READ IN fields at DATE: 2013-01-31 06:00:00 UTC        
 READ IN fields at DATE: 2013-01-31 12:00:00 UTC        
 READ IN fields at DATE: 2013-01-31 18:00:00 UTC        
      131072 /leonardo_work/ICT26_ESP/RCMDATA//ERA5/2013/tatm_2013_02.nc
  2.118893803905928E-003   249.136078919797     
      196608 /leonardo_work/ICT26_ESP/RCMDATA//ERA5/2013/geop_2013_02.nc
   7.52926477642943        241265.456070737     
      262144 /leonardo_work/ICT26_ESP/RCMDATA//ERA5/2013/qhum_2013_02.nc
  3.937438261234711E-007  1.285561742501378E-002
      327680 /leonardo_work/ICT26_ESP/RCMDATA//ERA5/2013/uwnd_2013_02.nc
  3.496490288051440E-003   25.8925693818091     
      393216 /leonardo_work/ICT26_ESP/RCMDATA//ERA5/2013/vwnd_2013_02.nc
  2.839866173548775E-003  -2.44560328269615     
 READ IN fields at DATE: 2013-02-01 00:00:00 UTC        
 READ IN fields at DATE: 2013-02-01 06:00:00 UTC        
 READ IN fields at DATE: 2013-02-01 12:00:00 UTC        
 READ IN fields at DATE: 2013-02-01 18:00:00 UTC        
 READ IN fields at DATE: 2013-02-02 00:00:00 UTC        
 READ IN fields at DATE: 2013-02-02 06:00:00 UTC        
 READ IN fields at DATE: 2013-02-02 12:00:00 UTC        
 READ IN fields at DATE: 2013-02-02 18:00:00 UTC        
 READ IN fields at DATE: 2013-02-03 00:00:00 UTC        
 READ IN fields at DATE: 2013-02-03 06:00:00 UTC        
 READ IN fields at DATE: 2013-02-03 12:00:00 UTC        
 READ IN fields at DATE: 2013-02-03 18:00:00 UTC        
 READ IN fields at DATE: 2013-02-04 00:00:00 UTC        
 READ IN fields at DATE: 2013-02-04 06:00:00 UTC        
 READ IN fields at DATE: 2013-02-04 12:00:00 UTC        
 READ IN fields at DATE: 2013-02-04 18:00:00 UTC        
 READ IN fields at DATE: 2013-02-05 00:00:00 UTC        
 READ IN fields at DATE: 2013-02-05 06:00:00 UTC        
 READ IN fields at DATE: 2013-02-05 12:00:00 UTC        
 READ IN fields at DATE: 2013-02-05 18:00:00 UTC        
 READ IN fields at DATE: 2013-02-06 00:00:00 UTC        
 READ IN fields at DATE: 2013-02-06 06:00:00 UTC        
 READ IN fields at DATE: 2013-02-06 12:00:00 UTC        
 READ IN fields at DATE: 2013-02-06 18:00:00 UTC        
 READ IN fields at DATE: 2013-02-07 00:00:00 UTC        
 READ IN fields at DATE: 2013-02-07 06:00:00 UTC        
 READ IN fields at DATE: 2013-02-07 12:00:00 UTC        
 READ IN fields at DATE: 2013-02-07 18:00:00 UTC        
 READ IN fields at DATE: 2013-02-08 00:00:00 UTC        
 READ IN fields at DATE: 2013-02-08 06:00:00 UTC        
 READ IN fields at DATE: 2013-02-08 12:00:00 UTC        
 READ IN fields at DATE: 2013-02-08 18:00:00 UTC        
 READ IN fields at DATE: 2013-02-09 00:00:00 UTC        
 READ IN fields at DATE: 2013-02-09 06:00:00 UTC        
 READ IN fields at DATE: 2013-02-09 12:00:00 UTC        
 READ IN fields at DATE: 2013-02-09 18:00:00 UTC        
 READ IN fields at DATE: 2013-02-10 00:00:00 UTC        
 READ IN fields at DATE: 2013-02-10 06:00:00 UTC        
 READ IN fields at DATE: 2013-02-10 12:00:00 UTC        
 READ IN fields at DATE: 2013-02-10 18:00:00 UTC        
 READ IN fields at DATE: 2013-02-11 00:00:00 UTC        
 READ IN fields at DATE: 2013-02-11 06:00:00 UTC        
 READ IN fields at DATE: 2013-02-11 12:00:00 UTC        
 READ IN fields at DATE: 2013-02-11 18:00:00 UTC        
 READ IN fields at DATE: 2013-02-12 00:00:00 UTC        
 READ IN fields at DATE: 2013-02-12 06:00:00 UTC        
 READ IN fields at DATE: 2013-02-12 12:00:00 UTC        
 READ IN fields at DATE: 2013-02-12 18:00:00 UTC        
 READ IN fields at DATE: 2013-02-13 00:00:00 UTC        
 READ IN fields at DATE: 2013-02-13 06:00:00 UTC        
 READ IN fields at DATE: 2013-02-13 12:00:00 UTC        
 READ IN fields at DATE: 2013-02-13 18:00:00 UTC        
 READ IN fields at DATE: 2013-02-14 00:00:00 UTC        
 READ IN fields at DATE: 2013-02-14 06:00:00 UTC        
 READ IN fields at DATE: 2013-02-14 12:00:00 UTC        
 READ IN fields at DATE: 2013-02-14 18:00:00 UTC        
 READ IN fields at DATE: 2013-02-15 00:00:00 UTC        
 READ IN fields at DATE: 2013-02-15 06:00:00 UTC        
 READ IN fields at DATE: 2013-02-15 12:00:00 UTC        
 READ IN fields at DATE: 2013-02-15 18:00:00 UTC        
 READ IN fields at DATE: 2013-02-16 00:00:00 UTC        
 READ IN fields at DATE: 2013-02-16 06:00:00 UTC        
 READ IN fields at DATE: 2013-02-16 12:00:00 UTC        
 READ IN fields at DATE: 2013-02-16 18:00:00 UTC        
 READ IN fields at DATE: 2013-02-17 00:00:00 UTC        
 READ IN fields at DATE: 2013-02-17 06:00:00 UTC        
 READ IN fields at DATE: 2013-02-17 12:00:00 UTC        
 READ IN fields at DATE: 2013-02-17 18:00:00 UTC        
 READ IN fields at DATE: 2013-02-18 00:00:00 UTC        
 READ IN fields at DATE: 2013-02-18 06:00:00 UTC        
 READ IN fields at DATE: 2013-02-18 12:00:00 UTC        
 READ IN fields at DATE: 2013-02-18 18:00:00 UTC        
 READ IN fields at DATE: 2013-02-19 00:00:00 UTC        
 READ IN fields at DATE: 2013-02-19 06:00:00 UTC        
 READ IN fields at DATE: 2013-02-19 12:00:00 UTC        
 READ IN fields at DATE: 2013-02-19 18:00:00 UTC        
 READ IN fields at DATE: 2013-02-20 00:00:00 UTC        
 READ IN fields at DATE: 2013-02-20 06:00:00 UTC        
 READ IN fields at DATE: 2013-02-20 12:00:00 UTC        
 READ IN fields at DATE: 2013-02-20 18:00:00 UTC        
 READ IN fields at DATE: 2013-02-21 00:00:00 UTC        
 READ IN fields at DATE: 2013-02-21 06:00:00 UTC        
 READ IN fields at DATE: 2013-02-21 12:00:00 UTC        
 READ IN fields at DATE: 2013-02-21 18:00:00 UTC        
 READ IN fields at DATE: 2013-02-22 00:00:00 UTC        
 READ IN fields at DATE: 2013-02-22 06:00:00 UTC        
 READ IN fields at DATE: 2013-02-22 12:00:00 UTC        
 READ IN fields at DATE: 2013-02-22 18:00:00 UTC        
 READ IN fields at DATE: 2013-02-23 00:00:00 UTC        
 READ IN fields at DATE: 2013-02-23 06:00:00 UTC        
 READ IN fields at DATE: 2013-02-23 12:00:00 UTC        
 READ IN fields at DATE: 2013-02-23 18:00:00 UTC        
 READ IN fields at DATE: 2013-02-24 00:00:00 UTC        
 READ IN fields at DATE: 2013-02-24 06:00:00 UTC        
 READ IN fields at DATE: 2013-02-24 12:00:00 UTC        
 READ IN fields at DATE: 2013-02-24 18:00:00 UTC        
 READ IN fields at DATE: 2013-02-25 00:00:00 UTC        
 READ IN fields at DATE: 2013-02-25 06:00:00 UTC        
 READ IN fields at DATE: 2013-02-25 12:00:00 UTC        
 READ IN fields at DATE: 2013-02-25 18:00:00 UTC        
 READ IN fields at DATE: 2013-02-26 00:00:00 UTC        
 READ IN fields at DATE: 2013-02-26 06:00:00 UTC        
 READ IN fields at DATE: 2013-02-26 12:00:00 UTC        
 READ IN fields at DATE: 2013-02-26 18:00:00 UTC        
 READ IN fields at DATE: 2013-02-27 00:00:00 UTC        
 READ IN fields at DATE: 2013-02-27 06:00:00 UTC        
 READ IN fields at DATE: 2013-02-27 12:00:00 UTC        
 READ IN fields at DATE: 2013-02-27 18:00:00 UTC        
 READ IN fields at DATE: 2013-02-28 00:00:00 UTC        
 READ IN fields at DATE: 2013-02-28 06:00:00 UTC        
 READ IN fields at DATE: 2013-02-28 12:00:00 UTC        
 READ IN fields at DATE: 2013-02-28 18:00:00 UTC        
      131072 /leonardo_work/ICT26_ESP/RCMDATA//ERA5/2013/tatm_2013_03.nc
  2.056571500936909E-003   249.884019626847     
      196608 /leonardo_work/ICT26_ESP/RCMDATA//ERA5/2013/geop_2013_03.nc
   7.35003005403766        234954.065219348     
      262144 /leonardo_work/ICT26_ESP/RCMDATA//ERA5/2013/qhum_2013_03.nc
  3.891455112875985E-007  1.272207430246701E-002
      327680 /leonardo_work/ICT26_ESP/RCMDATA//ERA5/2013/uwnd_2013_03.nc
  3.386068094539440E-003   28.0121009112652     
      393216 /leonardo_work/ICT26_ESP/RCMDATA//ERA5/2013/vwnd_2013_03.nc
  3.295264643475186E-003  -8.77499357958736     
 READ IN fields at DATE: 2013-03-01 00:00:00 UTC        
 READ IN fields at DATE: 2013-03-01 06:00:00 UTC        
 READ IN fields at DATE: 2013-03-01 12:00:00 UTC        
 READ IN fields at DATE: 2013-03-01 18:00:00 UTC        
 READ IN fields at DATE: 2013-03-02 00:00:00 UTC        
 READ IN fields at DATE: 2013-03-02 06:00:00 UTC        
 READ IN fields at DATE: 2013-03-02 12:00:00 UTC        
 READ IN fields at DATE: 2013-03-02 18:00:00 UTC        
 READ IN fields at DATE: 2013-03-03 00:00:00 UTC        
 READ IN fields at DATE: 2013-03-03 06:00:00 UTC        
 READ IN fields at DATE: 2013-03-03 12:00:00 UTC        
 READ IN fields at DATE: 2013-03-03 18:00:00 UTC        
 READ IN fields at DATE: 2013-03-04 00:00:00 UTC        
 READ IN fields at DATE: 2013-03-04 06:00:00 UTC        
 READ IN fields at DATE: 2013-03-04 12:00:00 UTC        
 READ IN fields at DATE: 2013-03-04 18:00:00 UTC        
 READ IN fields at DATE: 2013-03-05 00:00:00 UTC        
 READ IN fields at DATE: 2013-03-05 06:00:00 UTC        
 READ IN fields at DATE: 2013-03-05 12:00:00 UTC        
 READ IN fields at DATE: 2013-03-05 18:00:00 UTC        
 READ IN fields at DATE: 2013-03-06 00:00:00 UTC        
 READ IN fields at DATE: 2013-03-06 06:00:00 UTC        
 READ IN fields at DATE: 2013-03-06 12:00:00 UTC        
 READ IN fields at DATE: 2013-03-06 18:00:00 UTC        
 READ IN fields at DATE: 2013-03-07 00:00:00 UTC        
 READ IN fields at DATE: 2013-03-07 06:00:00 UTC        
 READ IN fields at DATE: 2013-03-07 12:00:00 UTC        
 READ IN fields at DATE: 2013-03-07 18:00:00 UTC        
 READ IN fields at DATE: 2013-03-08 00:00:00 UTC        
 READ IN fields at DATE: 2013-03-08 06:00:00 UTC        
 READ IN fields at DATE: 2013-03-08 12:00:00 UTC        
 READ IN fields at DATE: 2013-03-08 18:00:00 UTC        
 READ IN fields at DATE: 2013-03-09 00:00:00 UTC        
 READ IN fields at DATE: 2013-03-09 06:00:00 UTC        
 READ IN fields at DATE: 2013-03-09 12:00:00 UTC        
 READ IN fields at DATE: 2013-03-09 18:00:00 UTC        
 READ IN fields at DATE: 2013-03-10 00:00:00 UTC        
 READ IN fields at DATE: 2013-03-10 06:00:00 UTC        
 READ IN fields at DATE: 2013-03-10 12:00:00 UTC        
 READ IN fields at DATE: 2013-03-10 18:00:00 UTC        
 READ IN fields at DATE: 2013-03-11 00:00:00 UTC        
 READ IN fields at DATE: 2013-03-11 06:00:00 UTC        
 READ IN fields at DATE: 2013-03-11 12:00:00 UTC        
 READ IN fields at DATE: 2013-03-11 18:00:00 UTC        
 READ IN fields at DATE: 2013-03-12 00:00:00 UTC        
 READ IN fields at DATE: 2013-03-12 06:00:00 UTC        
 READ IN fields at DATE: 2013-03-12 12:00:00 UTC        
 READ IN fields at DATE: 2013-03-12 18:00:00 UTC        
 READ IN fields at DATE: 2013-03-13 00:00:00 UTC        
 READ IN fields at DATE: 2013-03-13 06:00:00 UTC        
 READ IN fields at DATE: 2013-03-13 12:00:00 UTC        
 READ IN fields at DATE: 2013-03-13 18:00:00 UTC        
 READ IN fields at DATE: 2013-03-14 00:00:00 UTC        
 READ IN fields at DATE: 2013-03-14 06:00:00 UTC        
 READ IN fields at DATE: 2013-03-14 12:00:00 UTC        
 READ IN fields at DATE: 2013-03-14 18:00:00 UTC        
 READ IN fields at DATE: 2013-03-15 00:00:00 UTC        
 READ IN fields at DATE: 2013-03-15 06:00:00 UTC        
 READ IN fields at DATE: 2013-03-15 12:00:00 UTC        
 READ IN fields at DATE: 2013-03-15 18:00:00 UTC        
 READ IN fields at DATE: 2013-03-16 00:00:00 UTC        
 READ IN fields at DATE: 2013-03-16 06:00:00 UTC        
 READ IN fields at DATE: 2013-03-16 12:00:00 UTC        
 READ IN fields at DATE: 2013-03-16 18:00:00 UTC        
 READ IN fields at DATE: 2013-03-17 00:00:00 UTC        
 READ IN fields at DATE: 2013-03-17 06:00:00 UTC        
 READ IN fields at DATE: 2013-03-17 12:00:00 UTC        
 READ IN fields at DATE: 2013-03-17 18:00:00 UTC        
 READ IN fields at DATE: 2013-03-18 00:00:00 UTC        
 READ IN fields at DATE: 2013-03-18 06:00:00 UTC        
 READ IN fields at DATE: 2013-03-18 12:00:00 UTC        
 READ IN fields at DATE: 2013-03-18 18:00:00 UTC        
 READ IN fields at DATE: 2013-03-19 00:00:00 UTC        
 READ IN fields at DATE: 2013-03-19 06:00:00 UTC        
 READ IN fields at DATE: 2013-03-19 12:00:00 UTC        
 READ IN fields at DATE: 2013-03-19 18:00:00 UTC        
 READ IN fields at DATE: 2013-03-20 00:00:00 UTC        
 READ IN fields at DATE: 2013-03-20 06:00:00 UTC        
 READ IN fields at DATE: 2013-03-20 12:00:00 UTC        
 READ IN fields at DATE: 2013-03-20 18:00:00 UTC        
 READ IN fields at DATE: 2013-03-21 00:00:00 UTC        
 READ IN fields at DATE: 2013-03-21 06:00:00 UTC        
 READ IN fields at DATE: 2013-03-21 12:00:00 UTC        
 READ IN fields at DATE: 2013-03-21 18:00:00 UTC        
 READ IN fields at DATE: 2013-03-22 00:00:00 UTC        
 READ IN fields at DATE: 2013-03-22 06:00:00 UTC        
 READ IN fields at DATE: 2013-03-22 12:00:00 UTC        
 READ IN fields at DATE: 2013-03-22 18:00:00 UTC        
 READ IN fields at DATE: 2013-03-23 00:00:00 UTC        
 READ IN fields at DATE: 2013-03-23 06:00:00 UTC        
 READ IN fields at DATE: 2013-03-23 12:00:00 UTC        
 READ IN fields at DATE: 2013-03-23 18:00:00 UTC        
 READ IN fields at DATE: 2013-03-24 00:00:00 UTC        
 READ IN fields at DATE: 2013-03-24 06:00:00 UTC        
 READ IN fields at DATE: 2013-03-24 12:00:00 UTC        
 READ IN fields at DATE: 2013-03-24 18:00:00 UTC        
 READ IN fields at DATE: 2013-03-25 00:00:00 UTC        
 READ IN fields at DATE: 2013-03-25 06:00:00 UTC        
 READ IN fields at DATE: 2013-03-25 12:00:00 UTC        
 READ IN fields at DATE: 2013-03-25 18:00:00 UTC        
 READ IN fields at DATE: 2013-03-26 00:00:00 UTC        
 READ IN fields at DATE: 2013-03-26 06:00:00 UTC        
 READ IN fields at DATE: 2013-03-26 12:00:00 UTC        
 READ IN fields at DATE: 2013-03-26 18:00:00 UTC        
 READ IN fields at DATE: 2013-03-27 00:00:00 UTC        
 READ IN fields at DATE: 2013-03-27 06:00:00 UTC        
 READ IN fields at DATE: 2013-03-27 12:00:00 UTC        
 READ IN fields at DATE: 2013-03-27 18:00:00 UTC        
 READ IN fields at DATE: 2013-03-28 00:00:00 UTC        
 READ IN fields at DATE: 2013-03-28 06:00:00 UTC        
 READ IN fields at DATE: 2013-03-28 12:00:00 UTC        
 READ IN fields at DATE: 2013-03-28 18:00:00 UTC        
 READ IN fields at DATE: 2013-03-29 00:00:00 UTC        
 READ IN fields at DATE: 2013-03-29 06:00:00 UTC        
 READ IN fields at DATE: 2013-03-29 12:00:00 UTC        
 READ IN fields at DATE: 2013-03-29 18:00:00 UTC        
 READ IN fields at DATE: 2013-03-30 00:00:00 UTC        
 READ IN fields at DATE: 2013-03-30 06:00:00 UTC        
 READ IN fields at DATE: 2013-03-30 12:00:00 UTC        
 READ IN fields at DATE: 2013-03-30 18:00:00 UTC        
 READ IN fields at DATE: 2013-03-31 00:00:00 UTC        
 READ IN fields at DATE: 2013-03-31 06:00:00 UTC        
 READ IN fields at DATE: 2013-03-31 12:00:00 UTC        
 READ IN fields at DATE: 2013-03-31 18:00:00 UTC        
      131072 /leonardo_work/ICT26_ESP/RCMDATA//ERA5/2013/tatm_2013_04.nc
  2.079241395809769E-003   250.317235830962     
      196608 /leonardo_work/ICT26_ESP/RCMDATA//ERA5/2013/geop_2013_04.nc
   7.40999411794439        237216.722737316     
      262144 /leonardo_work/ICT26_ESP/RCMDATA//ERA5/2013/qhum_2013_04.nc
  3.686324123573959E-007  1.199231459776285E-002
      327680 /leonardo_work/ICT26_ESP/RCMDATA//ERA5/2013/uwnd_2013_04.nc
  3.018115969780969E-003   24.6929794674057     
      393216 /leonardo_work/ICT26_ESP/RCMDATA//ERA5/2013/vwnd_2013_04.nc
  2.658892832603779E-003   3.96146199645479     
 READ IN fields at DATE: 2013-04-01 00:00:00 UTC        
 READ IN fields at DATE: 2013-04-01 06:00:00 UTC        
 READ IN fields at DATE: 2013-04-01 12:00:00 UTC        
 READ IN fields at DATE: 2013-04-01 18:00:00 UTC        
 READ IN fields at DATE: 2013-04-02 00:00:00 UTC        
 READ IN fields at DATE: 2013-04-02 06:00:00 UTC        
 READ IN fields at DATE: 2013-04-02 12:00:00 UTC        
 READ IN fields at DATE: 2013-04-02 18:00:00 UTC        
 READ IN fields at DATE: 2013-04-03 00:00:00 UTC        
 READ IN fields at DATE: 2013-04-03 06:00:00 UTC        
 READ IN fields at DATE: 2013-04-03 12:00:00 UTC        
 READ IN fields at DATE: 2013-04-03 18:00:00 UTC        
 READ IN fields at DATE: 2013-04-04 00:00:00 UTC        
 READ IN fields at DATE: 2013-04-04 06:00:00 UTC        
 READ IN fields at DATE: 2013-04-04 12:00:00 UTC        
 READ IN fields at DATE: 2013-04-04 18:00:00 UTC        
 READ IN fields at DATE: 2013-04-05 00:00:00 UTC        
 READ IN fields at DATE: 2013-04-05 06:00:00 UTC        
 READ IN fields at DATE: 2013-04-05 12:00:00 UTC        
 READ IN fields at DATE: 2013-04-05 18:00:00 UTC        
 READ IN fields at DATE: 2013-04-06 00:00:00 UTC        
 READ IN fields at DATE: 2013-04-06 06:00:00 UTC        
 READ IN fields at DATE: 2013-04-06 12:00:00 UTC        
 READ IN fields at DATE: 2013-04-06 18:00:00 UTC        
 READ IN fields at DATE: 2013-04-07 00:00:00 UTC        
 READ IN fields at DATE: 2013-04-07 06:00:00 UTC        
 READ IN fields at DATE: 2013-04-07 12:00:00 UTC        
 READ IN fields at DATE: 2013-04-07 18:00:00 UTC        
 READ IN fields at DATE: 2013-04-08 00:00:00 UTC        
 READ IN fields at DATE: 2013-04-08 06:00:00 UTC        
 READ IN fields at DATE: 2013-04-08 12:00:00 UTC        
 READ IN fields at DATE: 2013-04-08 18:00:00 UTC        
 READ IN fields at DATE: 2013-04-09 00:00:00 UTC        
 READ IN fields at DATE: 2013-04-09 06:00:00 UTC        
 READ IN fields at DATE: 2013-04-09 12:00:00 UTC        
 READ IN fields at DATE: 2013-04-09 18:00:00 UTC        
 READ IN fields at DATE: 2013-04-10 00:00:00 UTC        
 READ IN fields at DATE: 2013-04-10 06:00:00 UTC        
 READ IN fields at DATE: 2013-04-10 12:00:00 UTC        
 READ IN fields at DATE: 2013-04-10 18:00:00 UTC        
 READ IN fields at DATE: 2013-04-11 00:00:00 UTC        
 READ IN fields at DATE: 2013-04-11 06:00:00 UTC        
 READ IN fields at DATE: 2013-04-11 12:00:00 UTC        
 READ IN fields at DATE: 2013-04-11 18:00:00 UTC        
 READ IN fields at DATE: 2013-04-12 00:00:00 UTC        
 READ IN fields at DATE: 2013-04-12 06:00:00 UTC        
 READ IN fields at DATE: 2013-04-12 12:00:00 UTC        
 READ IN fields at DATE: 2013-04-12 18:00:00 UTC        
 READ IN fields at DATE: 2013-04-13 00:00:00 UTC        
 READ IN fields at DATE: 2013-04-13 06:00:00 UTC        
 READ IN fields at DATE: 2013-04-13 12:00:00 UTC        
 READ IN fields at DATE: 2013-04-13 18:00:00 UTC        
 READ IN fields at DATE: 2013-04-14 00:00:00 UTC        
 READ IN fields at DATE: 2013-04-14 06:00:00 UTC        
 READ IN fields at DATE: 2013-04-14 12:00:00 UTC        
 READ IN fields at DATE: 2013-04-14 18:00:00 UTC        
 READ IN fields at DATE: 2013-04-15 00:00:00 UTC        
 READ IN fields at DATE: 2013-04-15 06:00:00 UTC        
 READ IN fields at DATE: 2013-04-15 12:00:00 UTC        
 READ IN fields at DATE: 2013-04-15 18:00:00 UTC        
 READ IN fields at DATE: 2013-04-16 00:00:00 UTC        
 READ IN fields at DATE: 2013-04-16 06:00:00 UTC        
 READ IN fields at DATE: 2013-04-16 12:00:00 UTC        
 READ IN fields at DATE: 2013-04-16 18:00:00 UTC        
 READ IN fields at DATE: 2013-04-17 00:00:00 UTC        
 READ IN fields at DATE: 2013-04-17 06:00:00 UTC        
 READ IN fields at DATE: 2013-04-17 12:00:00 UTC        
 READ IN fields at DATE: 2013-04-17 18:00:00 UTC        
 READ IN fields at DATE: 2013-04-18 00:00:00 UTC        
 READ IN fields at DATE: 2013-04-18 06:00:00 UTC        
 READ IN fields at DATE: 2013-04-18 12:00:00 UTC        
 READ IN fields at DATE: 2013-04-18 18:00:00 UTC        
 READ IN fields at DATE: 2013-04-19 00:00:00 UTC        
 READ IN fields at DATE: 2013-04-19 06:00:00 UTC        
 READ IN fields at DATE: 2013-04-19 12:00:00 UTC        
 READ IN fields at DATE: 2013-04-19 18:00:00 UTC        
 READ IN fields at DATE: 2013-04-20 00:00:00 UTC        
 READ IN fields at DATE: 2013-04-20 06:00:00 UTC        
 READ IN fields at DATE: 2013-04-20 12:00:00 UTC        
 READ IN fields at DATE: 2013-04-20 18:00:00 UTC        
 READ IN fields at DATE: 2013-04-21 00:00:00 UTC        
 READ IN fields at DATE: 2013-04-21 06:00:00 UTC        
 READ IN fields at DATE: 2013-04-21 12:00:00 UTC        
 READ IN fields at DATE: 2013-04-21 18:00:00 UTC        
 READ IN fields at DATE: 2013-04-22 00:00:00 UTC        
 READ IN fields at DATE: 2013-04-22 06:00:00 UTC        
 READ IN fields at DATE: 2013-04-22 12:00:00 UTC        
 READ IN fields at DATE: 2013-04-22 18:00:00 UTC        
 READ IN fields at DATE: 2013-04-23 00:00:00 UTC        
 READ IN fields at DATE: 2013-04-23 06:00:00 UTC        
 READ IN fields at DATE: 2013-04-23 12:00:00 UTC        
 READ IN fields at DATE: 2013-04-23 18:00:00 UTC        
 READ IN fields at DATE: 2013-04-24 00:00:00 UTC        
 READ IN fields at DATE: 2013-04-24 06:00:00 UTC        
 READ IN fields at DATE: 2013-04-24 12:00:00 UTC        
 READ IN fields at DATE: 2013-04-24 18:00:00 UTC        
 READ IN fields at DATE: 2013-04-25 00:00:00 UTC        
 READ IN fields at DATE: 2013-04-25 06:00:00 UTC        
 READ IN fields at DATE: 2013-04-25 12:00:00 UTC        
 READ IN fields at DATE: 2013-04-25 18:00:00 UTC        
 READ IN fields at DATE: 2013-04-26 00:00:00 UTC        
 READ IN fields at DATE: 2013-04-26 06:00:00 UTC        
 READ IN fields at DATE: 2013-04-26 12:00:00 UTC        
 READ IN fields at DATE: 2013-04-26 18:00:00 UTC        
 READ IN fields at DATE: 2013-04-27 00:00:00 UTC        
 READ IN fields at DATE: 2013-04-27 06:00:00 UTC        
 READ IN fields at DATE: 2013-04-27 12:00:00 UTC        
 READ IN fields at DATE: 2013-04-27 18:00:00 UTC        
 READ IN fields at DATE: 2013-04-28 00:00:00 UTC        
 READ IN fields at DATE: 2013-04-28 06:00:00 UTC        
 READ IN fields at DATE: 2013-04-28 12:00:00 UTC        
 READ IN fields at DATE: 2013-04-28 18:00:00 UTC        
 READ IN fields at DATE: 2013-04-29 00:00:00 UTC        
 READ IN fields at DATE: 2013-04-29 06:00:00 UTC        
 READ IN fields at DATE: 2013-04-29 12:00:00 UTC        
 READ IN fields at DATE: 2013-04-29 18:00:00 UTC        
 READ IN fields at DATE: 2013-04-30 00:00:00 UTC        
 READ IN fields at DATE: 2013-04-30 06:00:00 UTC        
 READ IN fields at DATE: 2013-04-30 12:00:00 UTC        
 READ IN fields at DATE: 2013-04-30 18:00:00 UTC        
      131072 /leonardo_work/ICT26_ESP/RCMDATA//ERA5/2013/tatm_2013_05.nc
  2.220573039358510E-003   247.458240299418     
      196608 /leonardo_work/ICT26_ESP/RCMDATA//ERA5/2013/geop_2013_05.nc
   7.55148563033128        241730.470350935     
      262144 /leonardo_work/ICT26_ESP/RCMDATA//ERA5/2013/qhum_2013_05.nc
  3.981407815553178E-007  1.285241351687600E-002
      327680 /leonardo_work/ICT26_ESP/RCMDATA//ERA5/2013/uwnd_2013_05.nc
  3.231554839185863E-003   45.4897706361546     
      393216 /leonardo_work/ICT26_ESP/RCMDATA//ERA5/2013/vwnd_2013_05.nc
  2.739276868232179E-003   10.3398626613706     
 READ IN fields at DATE: 2013-05-01 00:00:00 UTC        
 READ IN fields at DATE: 2013-05-01 06:00:00 UTC        
 READ IN fields at DATE: 2013-05-01 12:00:00 UTC        
 READ IN fields at DATE: 2013-05-01 18:00:00 UTC        
 READ IN fields at DATE: 2013-05-02 00:00:00 UTC        
 READ IN fields at DATE: 2013-05-02 06:00:00 UTC        
 READ IN fields at DATE: 2013-05-02 12:00:00 UTC        
 READ IN fields at DATE: 2013-05-02 18:00:00 UTC        
 READ IN fields at DATE: 2013-05-03 00:00:00 UTC        
 READ IN fields at DATE: 2013-05-03 06:00:00 UTC        
 READ IN fields at DATE: 2013-05-03 12:00:00 UTC        
 READ IN fields at DATE: 2013-05-03 18:00:00 UTC        
 READ IN fields at DATE: 2013-05-04 00:00:00 UTC        
 READ IN fields at DATE: 2013-05-04 06:00:00 UTC        
 READ IN fields at DATE: 2013-05-04 12:00:00 UTC        
 READ IN fields at DATE: 2013-05-04 18:00:00 UTC        
 READ IN fields at DATE: 2013-05-05 00:00:00 UTC        
 READ IN fields at DATE: 2013-05-05 06:00:00 UTC        
 READ IN fields at DATE: 2013-05-05 12:00:00 UTC        
 READ IN fields at DATE: 2013-05-05 18:00:00 UTC        
 READ IN fields at DATE: 2013-05-06 00:00:00 UTC        
 READ IN fields at DATE: 2013-05-06 06:00:00 UTC        
 READ IN fields at DATE: 2013-05-06 12:00:00 UTC        
 READ IN fields at DATE: 2013-05-06 18:00:00 UTC        
 READ IN fields at DATE: 2013-05-07 00:00:00 UTC        
 READ IN fields at DATE: 2013-05-07 06:00:00 UTC        
 READ IN fields at DATE: 2013-05-07 12:00:00 UTC        
 READ IN fields at DATE: 2013-05-07 18:00:00 UTC        
 READ IN fields at DATE: 2013-05-08 00:00:00 UTC        
 READ IN fields at DATE: 2013-05-08 06:00:00 UTC        
 READ IN fields at DATE: 2013-05-08 12:00:00 UTC        
 READ IN fields at DATE: 2013-05-08 18:00:00 UTC        
 READ IN fields at DATE: 2013-05-09 00:00:00 UTC        
 READ IN fields at DATE: 2013-05-09 06:00:00 UTC        
 READ IN fields at DATE: 2013-05-09 12:00:00 UTC        
 READ IN fields at DATE: 2013-05-09 18:00:00 UTC        
 READ IN fields at DATE: 2013-05-10 00:00:00 UTC        
 READ IN fields at DATE: 2013-05-10 06:00:00 UTC        
 READ IN fields at DATE: 2013-05-10 12:00:00 UTC        
 READ IN fields at DATE: 2013-05-10 18:00:00 UTC        
 READ IN fields at DATE: 2013-05-11 00:00:00 UTC        
 READ IN fields at DATE: 2013-05-11 06:00:00 UTC        
 READ IN fields at DATE: 2013-05-11 12:00:00 UTC        
 READ IN fields at DATE: 2013-05-11 18:00:00 UTC        
 READ IN fields at DATE: 2013-05-12 00:00:00 UTC        
 READ IN fields at DATE: 2013-05-12 06:00:00 UTC        
 READ IN fields at DATE: 2013-05-12 12:00:00 UTC        
 READ IN fields at DATE: 2013-05-12 18:00:00 UTC        
 READ IN fields at DATE: 2013-05-13 00:00:00 UTC        
 READ IN fields at DATE: 2013-05-13 06:00:00 UTC        
 READ IN fields at DATE: 2013-05-13 12:00:00 UTC        
 READ IN fields at DATE: 2013-05-13 18:00:00 UTC        
 READ IN fields at DATE: 2013-05-14 00:00:00 UTC        
 READ IN fields at DATE: 2013-05-14 06:00:00 UTC        
 READ IN fields at DATE: 2013-05-14 12:00:00 UTC        
 READ IN fields at DATE: 2013-05-14 18:00:00 UTC        
 READ IN fields at DATE: 2013-05-15 00:00:00 UTC        
 READ IN fields at DATE: 2013-05-15 06:00:00 UTC        
 READ IN fields at DATE: 2013-05-15 12:00:00 UTC        
 READ IN fields at DATE: 2013-05-15 18:00:00 UTC        
 READ IN fields at DATE: 2013-05-16 00:00:00 UTC        
 READ IN fields at DATE: 2013-05-16 06:00:00 UTC        
 READ IN fields at DATE: 2013-05-16 12:00:00 UTC        
 READ IN fields at DATE: 2013-05-16 18:00:00 UTC        
 READ IN fields at DATE: 2013-05-17 00:00:00 UTC        
 READ IN fields at DATE: 2013-05-17 06:00:00 UTC        
 READ IN fields at DATE: 2013-05-17 12:00:00 UTC        
 READ IN fields at DATE: 2013-05-17 18:00:00 UTC        
 READ IN fields at DATE: 2013-05-18 00:00:00 UTC        
 READ IN fields at DATE: 2013-05-18 06:00:00 UTC        
 READ IN fields at DATE: 2013-05-18 12:00:00 UTC        
 READ IN fields at DATE: 2013-05-18 18:00:00 UTC        
 READ IN fields at DATE: 2013-05-19 00:00:00 UTC        
 READ IN fields at DATE: 2013-05-19 06:00:00 UTC        
 READ IN fields at DATE: 2013-05-19 12:00:00 UTC        
 READ IN fields at DATE: 2013-05-19 18:00:00 UTC        
 READ IN fields at DATE: 2013-05-20 00:00:00 UTC        
 READ IN fields at DATE: 2013-05-20 06:00:00 UTC        
 READ IN fields at DATE: 2013-05-20 12:00:00 UTC        
 READ IN fields at DATE: 2013-05-20 18:00:00 UTC        
 READ IN fields at DATE: 2013-05-21 00:00:00 UTC        
 READ IN fields at DATE: 2013-05-21 06:00:00 UTC        
 READ IN fields at DATE: 2013-05-21 12:00:00 UTC        
 READ IN fields at DATE: 2013-05-21 18:00:00 UTC        
 READ IN fields at DATE: 2013-05-22 00:00:00 UTC        
 READ IN fields at DATE: 2013-05-22 06:00:00 UTC        
 READ IN fields at DATE: 2013-05-22 12:00:00 UTC        
 READ IN fields at DATE: 2013-05-22 18:00:00 UTC        
 READ IN fields at DATE: 2013-05-23 00:00:00 UTC        
 READ IN fields at DATE: 2013-05-23 06:00:00 UTC        
 READ IN fields at DATE: 2013-05-23 12:00:00 UTC        
 READ IN fields at DATE: 2013-05-23 18:00:00 UTC        
 READ IN fields at DATE: 2013-05-24 00:00:00 UTC        
 READ IN fields at DATE: 2013-05-24 06:00:00 UTC        
 READ IN fields at DATE: 2013-05-24 12:00:00 UTC        
 READ IN fields at DATE: 2013-05-24 18:00:00 UTC        
 READ IN fields at DATE: 2013-05-25 00:00:00 UTC        
 READ IN fields at DATE: 2013-05-25 06:00:00 UTC        
 READ IN fields at DATE: 2013-05-25 12:00:00 UTC        
 READ IN fields at DATE: 2013-05-25 18:00:00 UTC        
 READ IN fields at DATE: 2013-05-26 00:00:00 UTC        
 READ IN fields at DATE: 2013-05-26 06:00:00 UTC        
 READ IN fields at DATE: 2013-05-26 12:00:00 UTC        
 READ IN fields at DATE: 2013-05-26 18:00:00 UTC        
 READ IN fields at DATE: 2013-05-27 00:00:00 UTC        
 READ IN fields at DATE: 2013-05-27 06:00:00 UTC        
 READ IN fields at DATE: 2013-05-27 12:00:00 UTC        
 READ IN fields at DATE: 2013-05-27 18:00:00 UTC        
 READ IN fields at DATE: 2013-05-28 00:00:00 UTC        
 READ IN fields at DATE: 2013-05-28 06:00:00 UTC        
 READ IN fields at DATE: 2013-05-28 12:00:00 UTC        
 READ IN fields at DATE: 2013-05-28 18:00:00 UTC        
 READ IN fields at DATE: 2013-05-29 00:00:00 UTC        
 READ IN fields at DATE: 2013-05-29 06:00:00 UTC        
 READ IN fields at DATE: 2013-05-29 12:00:00 UTC        
 READ IN fields at DATE: 2013-05-29 18:00:00 UTC        
 READ IN fields at DATE: 2013-05-30 00:00:00 UTC        
 READ IN fields at DATE: 2013-05-30 06:00:00 UTC        
 READ IN fields at DATE: 2013-05-30 12:00:00 UTC        
 READ IN fields at DATE: 2013-05-30 18:00:00 UTC        
 READ IN fields at DATE: 2013-05-31 00:00:00 UTC        
 READ IN fields at DATE: 2013-05-31 06:00:00 UTC        
 READ IN fields at DATE: 2013-05-31 12:00:00 UTC        
 READ IN fields at DATE: 2013-05-31 18:00:00 UTC        
      131072 /leonardo_work/ICT26_ESP/RCMDATA//ERA5/2013/tatm_2013_06.nc
  2.270672338164193E-003   249.809083474866     
      196608 /leonardo_work/ICT26_ESP/RCMDATA//ERA5/2013/geop_2013_06.nc
   7.61559198943662        243772.584782130     
      262144 /leonardo_work/ICT26_ESP/RCMDATA//ERA5/2013/qhum_2013_06.nc
  4.135288059369197E-007  1.340555920899963E-002
      327680 /leonardo_work/ICT26_ESP/RCMDATA//ERA5/2013/uwnd_2013_06.nc
  4.203204620548998E-003   60.7540934660491     
      393216 /leonardo_work/ICT26_ESP/RCMDATA//ERA5/2013/vwnd_2013_06.nc
  2.883934882625333E-003   10.1604156375392     
 READ IN fields at DATE: 2013-06-01 00:00:00 UTC        
 READ IN fields at DATE: 2013-06-01 06:00:00 UTC        
 READ IN fields at DATE: 2013-06-01 12:00:00 UTC        
 READ IN fields at DATE: 2013-06-01 18:00:00 UTC        
 READ IN fields at DATE: 2013-06-02 00:00:00 UTC        
 READ IN fields at DATE: 2013-06-02 06:00:00 UTC        
 READ IN fields at DATE: 2013-06-02 12:00:00 UTC        
 READ IN fields at DATE: 2013-06-02 18:00:00 UTC        
 READ IN fields at DATE: 2013-06-03 00:00:00 UTC        
 READ IN fields at DATE: 2013-06-03 06:00:00 UTC        
 READ IN fields at DATE: 2013-06-03 12:00:00 UTC        
 READ IN fields at DATE: 2013-06-03 18:00:00 UTC        
 READ IN fields at DATE: 2013-06-04 00:00:00 UTC        
 READ IN fields at DATE: 2013-06-04 06:00:00 UTC        
 READ IN fields at DATE: 2013-06-04 12:00:00 UTC        
 READ IN fields at DATE: 2013-06-04 18:00:00 UTC        
 READ IN fields at DATE: 2013-06-05 00:00:00 UTC        
 READ IN fields at DATE: 2013-06-05 06:00:00 UTC        
 READ IN fields at DATE: 2013-06-05 12:00:00 UTC        
 READ IN fields at DATE: 2013-06-05 18:00:00 UTC        
 READ IN fields at DATE: 2013-06-06 00:00:00 UTC        
 READ IN fields at DATE: 2013-06-06 06:00:00 UTC        
 READ IN fields at DATE: 2013-06-06 12:00:00 UTC        
 READ IN fields at DATE: 2013-06-06 18:00:00 UTC        
 READ IN fields at DATE: 2013-06-07 00:00:00 UTC        
 READ IN fields at DATE: 2013-06-07 06:00:00 UTC        
 READ IN fields at DATE: 2013-06-07 12:00:00 UTC        
 READ IN fields at DATE: 2013-06-07 18:00:00 UTC        
 READ IN fields at DATE: 2013-06-08 00:00:00 UTC        
 READ IN fields at DATE: 2013-06-08 06:00:00 UTC        
 READ IN fields at DATE: 2013-06-08 12:00:00 UTC        
 READ IN fields at DATE: 2013-06-08 18:00:00 UTC        
 READ IN fields at DATE: 2013-06-09 00:00:00 UTC        
 READ IN fields at DATE: 2013-06-09 06:00:00 UTC        
 READ IN fields at DATE: 2013-06-09 12:00:00 UTC        
 READ IN fields at DATE: 2013-06-09 18:00:00 UTC        
 READ IN fields at DATE: 2013-06-10 00:00:00 UTC        
 READ IN fields at DATE: 2013-06-10 06:00:00 UTC        
 READ IN fields at DATE: 2013-06-10 12:00:00 UTC        
 READ IN fields at DATE: 2013-06-10 18:00:00 UTC        
 READ IN fields at DATE: 2013-06-11 00:00:00 UTC        
 READ IN fields at DATE: 2013-06-11 06:00:00 UTC        
 READ IN fields at DATE: 2013-06-11 12:00:00 UTC        
 READ IN fields at DATE: 2013-06-11 18:00:00 UTC        
 READ IN fields at DATE: 2013-06-12 00:00:00 UTC        
 READ IN fields at DATE: 2013-06-12 06:00:00 UTC        
 READ IN fields at DATE: 2013-06-12 12:00:00 UTC        
 READ IN fields at DATE: 2013-06-12 18:00:00 UTC        
 READ IN fields at DATE: 2013-06-13 00:00:00 UTC        
 READ IN fields at DATE: 2013-06-13 06:00:00 UTC        
 READ IN fields at DATE: 2013-06-13 12:00:00 UTC        
 READ IN fields at DATE: 2013-06-13 18:00:00 UTC        
 READ IN fields at DATE: 2013-06-14 00:00:00 UTC        
 READ IN fields at DATE: 2013-06-14 06:00:00 UTC        
 READ IN fields at DATE: 2013-06-14 12:00:00 UTC        
 READ IN fields at DATE: 2013-06-14 18:00:00 UTC        
 READ IN fields at DATE: 2013-06-15 00:00:00 UTC        
 READ IN fields at DATE: 2013-06-15 06:00:00 UTC        
 READ IN fields at DATE: 2013-06-15 12:00:00 UTC        
 READ IN fields at DATE: 2013-06-15 18:00:00 UTC        
 READ IN fields at DATE: 2013-06-16 00:00:00 UTC        
 READ IN fields at DATE: 2013-06-16 06:00:00 UTC        
 READ IN fields at DATE: 2013-06-16 12:00:00 UTC        
 READ IN fields at DATE: 2013-06-16 18:00:00 UTC        
 READ IN fields at DATE: 2013-06-17 00:00:00 UTC        
 READ IN fields at DATE: 2013-06-17 06:00:00 UTC        
 READ IN fields at DATE: 2013-06-17 12:00:00 UTC        
 READ IN fields at DATE: 2013-06-17 18:00:00 UTC        
 READ IN fields at DATE: 2013-06-18 00:00:00 UTC        
 READ IN fields at DATE: 2013-06-18 06:00:00 UTC        
 READ IN fields at DATE: 2013-06-18 12:00:00 UTC        
 READ IN fields at DATE: 2013-06-18 18:00:00 UTC        
 READ IN fields at DATE: 2013-06-19 00:00:00 UTC        
 READ IN fields at DATE: 2013-06-19 06:00:00 UTC        
 READ IN fields at DATE: 2013-06-19 12:00:00 UTC        
 READ IN fields at DATE: 2013-06-19 18:00:00 UTC        
 READ IN fields at DATE: 2013-06-20 00:00:00 UTC        
 READ IN fields at DATE: 2013-06-20 06:00:00 UTC        
 READ IN fields at DATE: 2013-06-20 12:00:00 UTC        
 READ IN fields at DATE: 2013-06-20 18:00:00 UTC        
 READ IN fields at DATE: 2013-06-21 00:00:00 UTC        
 READ IN fields at DATE: 2013-06-21 06:00:00 UTC        
 READ IN fields at DATE: 2013-06-21 12:00:00 UTC        
 READ IN fields at DATE: 2013-06-21 18:00:00 UTC        
 READ IN fields at DATE: 2013-06-22 00:00:00 UTC        
 READ IN fields at DATE: 2013-06-22 06:00:00 UTC        
 READ IN fields at DATE: 2013-06-22 12:00:00 UTC        
 READ IN fields at DATE: 2013-06-22 18:00:00 UTC        
 READ IN fields at DATE: 2013-06-23 00:00:00 UTC        
 READ IN fields at DATE: 2013-06-23 06:00:00 UTC        
 READ IN fields at DATE: 2013-06-23 12:00:00 UTC        
 READ IN fields at DATE: 2013-06-23 18:00:00 UTC        
 READ IN fields at DATE: 2013-06-24 00:00:00 UTC        
 READ IN fields at DATE: 2013-06-24 06:00:00 UTC        
 READ IN fields at DATE: 2013-06-24 12:00:00 UTC        
 READ IN fields at DATE: 2013-06-24 18:00:00 UTC        
 READ IN fields at DATE: 2013-06-25 00:00:00 UTC        
 READ IN fields at DATE: 2013-06-25 06:00:00 UTC        
 READ IN fields at DATE: 2013-06-25 12:00:00 UTC        
 READ IN fields at DATE: 2013-06-25 18:00:00 UTC        
 READ IN fields at DATE: 2013-06-26 00:00:00 UTC        
 READ IN fields at DATE: 2013-06-26 06:00:00 UTC        
 READ IN fields at DATE: 2013-06-26 12:00:00 UTC        
 READ IN fields at DATE: 2013-06-26 18:00:00 UTC        
 READ IN fields at DATE: 2013-06-27 00:00:00 UTC        
 READ IN fields at DATE: 2013-06-27 06:00:00 UTC        
 READ IN fields at DATE: 2013-06-27 12:00:00 UTC        
 READ IN fields at DATE: 2013-06-27 18:00:00 UTC        
 READ IN fields at DATE: 2013-06-28 00:00:00 UTC        
 READ IN fields at DATE: 2013-06-28 06:00:00 UTC        
 READ IN fields at DATE: 2013-06-28 12:00:00 UTC        
 READ IN fields at DATE: 2013-06-28 18:00:00 UTC        
 READ IN fields at DATE: 2013-06-29 00:00:00 UTC        
 READ IN fields at DATE: 2013-06-29 06:00:00 UTC        
 READ IN fields at DATE: 2013-06-29 12:00:00 UTC        
 READ IN fields at DATE: 2013-06-29 18:00:00 UTC        
 READ IN fields at DATE: 2013-06-30 00:00:00 UTC        
 READ IN fields at DATE: 2013-06-30 06:00:00 UTC        
 READ IN fields at DATE: 2013-06-30 12:00:00 UTC        
 READ IN fields at DATE: 2013-06-30 18:00:00 UTC        
      131072 /leonardo_work/ICT26_ESP/RCMDATA//ERA5/2013/tatm_2013_07.nc
  2.343310907872155E-003   248.677073888980     
      196608 /leonardo_work/ICT26_ESP/RCMDATA//ERA5/2013/geop_2013_07.nc
   7.63121192280988        243638.953925289     
      262144 /leonardo_work/ICT26_ESP/RCMDATA//ERA5/2013/qhum_2013_07.nc
  4.476411115509013E-007  1.450431978828091E-002
      327680 /leonardo_work/ICT26_ESP/RCMDATA//ERA5/2013/uwnd_2013_07.nc
  4.514939541284306E-003   61.1601723397997     
      393216 /leonardo_work/ICT26_ESP/RCMDATA//ERA5/2013/vwnd_2013_07.nc
  3.963789509778828E-003   3.84356101295995     
 READ IN fields at DATE: 2013-07-01 00:00:00 UTC        
 READ IN fields at DATE: 2013-07-01 06:00:00 UTC        
 READ IN fields at DATE: 2013-07-01 12:00:00 UTC        
 READ IN fields at DATE: 2013-07-01 18:00:00 UTC        
 READ IN fields at DATE: 2013-07-02 00:00:00 UTC        
 READ IN fields at DATE: 2013-07-02 06:00:00 UTC        
 READ IN fields at DATE: 2013-07-02 12:00:00 UTC        
 READ IN fields at DATE: 2013-07-02 18:00:00 UTC        
 READ IN fields at DATE: 2013-07-03 00:00:00 UTC        
 READ IN fields at DATE: 2013-07-03 06:00:00 UTC        
 READ IN fields at DATE: 2013-07-03 12:00:00 UTC        
 READ IN fields at DATE: 2013-07-03 18:00:00 UTC        
 READ IN fields at DATE: 2013-07-04 00:00:00 UTC        
 READ IN fields at DATE: 2013-07-04 06:00:00 UTC        
 READ IN fields at DATE: 2013-07-04 12:00:00 UTC        
 READ IN fields at DATE: 2013-07-04 18:00:00 UTC        
 READ IN fields at DATE: 2013-07-05 00:00:00 UTC        
 READ IN fields at DATE: 2013-07-05 06:00:00 UTC        
 READ IN fields at DATE: 2013-07-05 12:00:00 UTC        
 READ IN fields at DATE: 2013-07-05 18:00:00 UTC        
 READ IN fields at DATE: 2013-07-06 00:00:00 UTC        
 READ IN fields at DATE: 2013-07-06 06:00:00 UTC        
 READ IN fields at DATE: 2013-07-06 12:00:00 UTC        
 READ IN fields at DATE: 2013-07-06 18:00:00 UTC        
 READ IN fields at DATE: 2013-07-07 00:00:00 UTC        
 READ IN fields at DATE: 2013-07-07 06:00:00 UTC        
 READ IN fields at DATE: 2013-07-07 12:00:00 UTC        
 READ IN fields at DATE: 2013-07-07 18:00:00 UTC        
 READ IN fields at DATE: 2013-07-08 00:00:00 UTC        
 READ IN fields at DATE: 2013-07-08 06:00:00 UTC        
 READ IN fields at DATE: 2013-07-08 12:00:00 UTC        
 READ IN fields at DATE: 2013-07-08 18:00:00 UTC        
 READ IN fields at DATE: 2013-07-09 00:00:00 UTC        
 READ IN fields at DATE: 2013-07-09 06:00:00 UTC        
 READ IN fields at DATE: 2013-07-09 12:00:00 UTC        
 READ IN fields at DATE: 2013-07-09 18:00:00 UTC        
 READ IN fields at DATE: 2013-07-10 00:00:00 UTC        
 READ IN fields at DATE: 2013-07-10 06:00:00 UTC        
 READ IN fields at DATE: 2013-07-10 12:00:00 UTC        
 READ IN fields at DATE: 2013-07-10 18:00:00 UTC        
 READ IN fields at DATE: 2013-07-11 00:00:00 UTC        
 READ IN fields at DATE: 2013-07-11 06:00:00 UTC        
 READ IN fields at DATE: 2013-07-11 12:00:00 UTC        
 READ IN fields at DATE: 2013-07-11 18:00:00 UTC        
 READ IN fields at DATE: 2013-07-12 00:00:00 UTC        
 READ IN fields at DATE: 2013-07-12 06:00:00 UTC        
 READ IN fields at DATE: 2013-07-12 12:00:00 UTC        
 READ IN fields at DATE: 2013-07-12 18:00:00 UTC        
 READ IN fields at DATE: 2013-07-13 00:00:00 UTC        
 READ IN fields at DATE: 2013-07-13 06:00:00 UTC        
 READ IN fields at DATE: 2013-07-13 12:00:00 UTC        
 READ IN fields at DATE: 2013-07-13 18:00:00 UTC        
 READ IN fields at DATE: 2013-07-14 00:00:00 UTC        
 READ IN fields at DATE: 2013-07-14 06:00:00 UTC        
 READ IN fields at DATE: 2013-07-14 12:00:00 UTC        
 READ IN fields at DATE: 2013-07-14 18:00:00 UTC        
 READ IN fields at DATE: 2013-07-15 00:00:00 UTC        
 READ IN fields at DATE: 2013-07-15 06:00:00 UTC        
 READ IN fields at DATE: 2013-07-15 12:00:00 UTC        
 READ IN fields at DATE: 2013-07-15 18:00:00 UTC        
 READ IN fields at DATE: 2013-07-16 00:00:00 UTC        
 READ IN fields at DATE: 2013-07-16 06:00:00 UTC        
 READ IN fields at DATE: 2013-07-16 12:00:00 UTC        
 READ IN fields at DATE: 2013-07-16 18:00:00 UTC        
 READ IN fields at DATE: 2013-07-17 00:00:00 UTC        
 READ IN fields at DATE: 2013-07-17 06:00:00 UTC        
 READ IN fields at DATE: 2013-07-17 12:00:00 UTC        
 READ IN fields at DATE: 2013-07-17 18:00:00 UTC        
 READ IN fields at DATE: 2013-07-18 00:00:00 UTC        
 READ IN fields at DATE: 2013-07-18 06:00:00 UTC        
 READ IN fields at DATE: 2013-07-18 12:00:00 UTC        
 READ IN fields at DATE: 2013-07-18 18:00:00 UTC        
 READ IN fields at DATE: 2013-07-19 00:00:00 UTC        
 READ IN fields at DATE: 2013-07-19 06:00:00 UTC        
 READ IN fields at DATE: 2013-07-19 12:00:00 UTC        
 READ IN fields at DATE: 2013-07-19 18:00:00 UTC        
 READ IN fields at DATE: 2013-07-20 00:00:00 UTC        
 READ IN fields at DATE: 2013-07-20 06:00:00 UTC        
 READ IN fields at DATE: 2013-07-20 12:00:00 UTC        
 READ IN fields at DATE: 2013-07-20 18:00:00 UTC        
 READ IN fields at DATE: 2013-07-21 00:00:00 UTC        
 READ IN fields at DATE: 2013-07-21 06:00:00 UTC        
 READ IN fields at DATE: 2013-07-21 12:00:00 UTC        
 READ IN fields at DATE: 2013-07-21 18:00:00 UTC        
 READ IN fields at DATE: 2013-07-22 00:00:00 UTC        
 READ IN fields at DATE: 2013-07-22 06:00:00 UTC        
 READ IN fields at DATE: 2013-07-22 12:00:00 UTC        
 READ IN fields at DATE: 2013-07-22 18:00:00 UTC        
 READ IN fields at DATE: 2013-07-23 00:00:00 UTC        
 READ IN fields at DATE: 2013-07-23 06:00:00 UTC        
 READ IN fields at DATE: 2013-07-23 12:00:00 UTC        
 READ IN fields at DATE: 2013-07-23 18:00:00 UTC        
 READ IN fields at DATE: 2013-07-24 00:00:00 UTC        
 READ IN fields at DATE: 2013-07-24 06:00:00 UTC        
 READ IN fields at DATE: 2013-07-24 12:00:00 UTC        
 READ IN fields at DATE: 2013-07-24 18:00:00 UTC        
 READ IN fields at DATE: 2013-07-25 00:00:00 UTC        
 READ IN fields at DATE: 2013-07-25 06:00:00 UTC        
 READ IN fields at DATE: 2013-07-25 12:00:00 UTC        
 READ IN fields at DATE: 2013-07-25 18:00:00 UTC        
 READ IN fields at DATE: 2013-07-26 00:00:00 UTC        
 READ IN fields at DATE: 2013-07-26 06:00:00 UTC        
 READ IN fields at DATE: 2013-07-26 12:00:00 UTC        
 READ IN fields at DATE: 2013-07-26 18:00:00 UTC        
 READ IN fields at DATE: 2013-07-27 00:00:00 UTC        
 READ IN fields at DATE: 2013-07-27 06:00:00 UTC        
 READ IN fields at DATE: 2013-07-27 12:00:00 UTC        
 READ IN fields at DATE: 2013-07-27 18:00:00 UTC        
 READ IN fields at DATE: 2013-07-28 00:00:00 UTC        
 READ IN fields at DATE: 2013-07-28 06:00:00 UTC        
 READ IN fields at DATE: 2013-07-28 12:00:00 UTC        
 READ IN fields at DATE: 2013-07-28 18:00:00 UTC        
 READ IN fields at DATE: 2013-07-29 00:00:00 UTC        
 READ IN fields at DATE: 2013-07-29 06:00:00 UTC        
 READ IN fields at DATE: 2013-07-29 12:00:00 UTC        
 READ IN fields at DATE: 2013-07-29 18:00:00 UTC        
 READ IN fields at DATE: 2013-07-30 00:00:00 UTC        
 READ IN fields at DATE: 2013-07-30 06:00:00 UTC        
 READ IN fields at DATE: 2013-07-30 12:00:00 UTC        
 READ IN fields at DATE: 2013-07-30 18:00:00 UTC        
 READ IN fields at DATE: 2013-07-31 00:00:00 UTC        
 READ IN fields at DATE: 2013-07-31 06:00:00 UTC        
 READ IN fields at DATE: 2013-07-31 12:00:00 UTC        
 READ IN fields at DATE: 2013-07-31 18:00:00 UTC        
      131072 /leonardo_work/ICT26_ESP/RCMDATA//ERA5/2013/tatm_2013_08.nc
  2.325128097735588E-003   248.552716220131     
      196608 /leonardo_work/ICT26_ESP/RCMDATA//ERA5/2013/geop_2013_08.nc
   7.56187299003937        241362.795235380     
      262144 /leonardo_work/ICT26_ESP/RCMDATA//ERA5/2013/qhum_2013_08.nc
  4.415310419995115E-007  1.437551710909488E-002
      327680 /leonardo_work/ICT26_ESP/RCMDATA//ERA5/2013/uwnd_2013_08.nc
  4.512102602857291E-003   55.4482902133470     
      393216 /leonardo_work/ICT26_ESP/RCMDATA//ERA5/2013/vwnd_2013_08.nc
  3.806479131860928E-003   1.47892409197704     
 READ IN fields at DATE: 2013-08-01 00:00:00 UTC        
 READ IN fields at DATE: 2013-08-01 06:00:00 UTC        
 READ IN fields at DATE: 2013-08-01 12:00:00 UTC        
 READ IN fields at DATE: 2013-08-01 18:00:00 UTC        
 READ IN fields at DATE: 2013-08-02 00:00:00 UTC        
 READ IN fields at DATE: 2013-08-02 06:00:00 UTC        
 READ IN fields at DATE: 2013-08-02 12:00:00 UTC        
 READ IN fields at DATE: 2013-08-02 18:00:00 UTC        
 READ IN fields at DATE: 2013-08-03 00:00:00 UTC        
 READ IN fields at DATE: 2013-08-03 06:00:00 UTC        
 READ IN fields at DATE: 2013-08-03 12:00:00 UTC        
 READ IN fields at DATE: 2013-08-03 18:00:00 UTC        
 READ IN fields at DATE: 2013-08-04 00:00:00 UTC        
 READ IN fields at DATE: 2013-08-04 06:00:00 UTC        
 READ IN fields at DATE: 2013-08-04 12:00:00 UTC        
 READ IN fields at DATE: 2013-08-04 18:00:00 UTC        
 READ IN fields at DATE: 2013-08-05 00:00:00 UTC        
 READ IN fields at DATE: 2013-08-05 06:00:00 UTC        
 READ IN fields at DATE: 2013-08-05 12:00:00 UTC        
 READ IN fields at DATE: 2013-08-05 18:00:00 UTC        
 READ IN fields at DATE: 2013-08-06 00:00:00 UTC        
 READ IN fields at DATE: 2013-08-06 06:00:00 UTC        
 READ IN fields at DATE: 2013-08-06 12:00:00 UTC        
 READ IN fields at DATE: 2013-08-06 18:00:00 UTC        
 READ IN fields at DATE: 2013-08-07 00:00:00 UTC        
 READ IN fields at DATE: 2013-08-07 06:00:00 UTC        
 READ IN fields at DATE: 2013-08-07 12:00:00 UTC        
 READ IN fields at DATE: 2013-08-07 18:00:00 UTC        
 READ IN fields at DATE: 2013-08-08 00:00:00 UTC        
 READ IN fields at DATE: 2013-08-08 06:00:00 UTC        
 READ IN fields at DATE: 2013-08-08 12:00:00 UTC        
 READ IN fields at DATE: 2013-08-08 18:00:00 UTC        
 READ IN fields at DATE: 2013-08-09 00:00:00 UTC        
 READ IN fields at DATE: 2013-08-09 06:00:00 UTC        
 READ IN fields at DATE: 2013-08-09 12:00:00 UTC        
 READ IN fields at DATE: 2013-08-09 18:00:00 UTC        
 READ IN fields at DATE: 2013-08-10 00:00:00 UTC        
 READ IN fields at DATE: 2013-08-10 06:00:00 UTC        
 READ IN fields at DATE: 2013-08-10 12:00:00 UTC        
 READ IN fields at DATE: 2013-08-10 18:00:00 UTC        
 READ IN fields at DATE: 2013-08-11 00:00:00 UTC        
 READ IN fields at DATE: 2013-08-11 06:00:00 UTC        
 READ IN fields at DATE: 2013-08-11 12:00:00 UTC        
 READ IN fields at DATE: 2013-08-11 18:00:00 UTC        
 READ IN fields at DATE: 2013-08-12 00:00:00 UTC        
 READ IN fields at DATE: 2013-08-12 06:00:00 UTC        
 READ IN fields at DATE: 2013-08-12 12:00:00 UTC        
 READ IN fields at DATE: 2013-08-12 18:00:00 UTC        
 READ IN fields at DATE: 2013-08-13 00:00:00 UTC        
 READ IN fields at DATE: 2013-08-13 06:00:00 UTC        
 READ IN fields at DATE: 2013-08-13 12:00:00 UTC        
 READ IN fields at DATE: 2013-08-13 18:00:00 UTC        
 READ IN fields at DATE: 2013-08-14 00:00:00 UTC        
 READ IN fields at DATE: 2013-08-14 06:00:00 UTC        
 READ IN fields at DATE: 2013-08-14 12:00:00 UTC        
 READ IN fields at DATE: 2013-08-14 18:00:00 UTC        
 READ IN fields at DATE: 2013-08-15 00:00:00 UTC        
 READ IN fields at DATE: 2013-08-15 06:00:00 UTC        
 READ IN fields at DATE: 2013-08-15 12:00:00 UTC        
 READ IN fields at DATE: 2013-08-15 18:00:00 UTC        
 READ IN fields at DATE: 2013-08-16 00:00:00 UTC        
 READ IN fields at DATE: 2013-08-16 06:00:00 UTC        
 READ IN fields at DATE: 2013-08-16 12:00:00 UTC        
 READ IN fields at DATE: 2013-08-16 18:00:00 UTC        
 READ IN fields at DATE: 2013-08-17 00:00:00 UTC        
 READ IN fields at DATE: 2013-08-17 06:00:00 UTC        
 READ IN fields at DATE: 2013-08-17 12:00:00 UTC        
 READ IN fields at DATE: 2013-08-17 18:00:00 UTC        
 READ IN fields at DATE: 2013-08-18 00:00:00 UTC        
 READ IN fields at DATE: 2013-08-18 06:00:00 UTC        
 READ IN fields at DATE: 2013-08-18 12:00:00 UTC        
 READ IN fields at DATE: 2013-08-18 18:00:00 UTC        
 READ IN fields at DATE: 2013-08-19 00:00:00 UTC        
 READ IN fields at DATE: 2013-08-19 06:00:00 UTC        
 READ IN fields at DATE: 2013-08-19 12:00:00 UTC        
 READ IN fields at DATE: 2013-08-19 18:00:00 UTC        
 READ IN fields at DATE: 2013-08-20 00:00:00 UTC        
 READ IN fields at DATE: 2013-08-20 06:00:00 UTC        
 READ IN fields at DATE: 2013-08-20 12:00:00 UTC        
 READ IN fields at DATE: 2013-08-20 18:00:00 UTC        
 READ IN fields at DATE: 2013-08-21 00:00:00 UTC        
 READ IN fields at DATE: 2013-08-21 06:00:00 UTC        
 READ IN fields at DATE: 2013-08-21 12:00:00 UTC        
 READ IN fields at DATE: 2013-08-21 18:00:00 UTC        
 READ IN fields at DATE: 2013-08-22 00:00:00 UTC        
 READ IN fields at DATE: 2013-08-22 06:00:00 UTC        
 READ IN fields at DATE: 2013-08-22 12:00:00 UTC        
 READ IN fields at DATE: 2013-08-22 18:00:00 UTC        
 READ IN fields at DATE: 2013-08-23 00:00:00 UTC        
 READ IN fields at DATE: 2013-08-23 06:00:00 UTC        
 READ IN fields at DATE: 2013-08-23 12:00:00 UTC        
 READ IN fields at DATE: 2013-08-23 18:00:00 UTC        
 READ IN fields at DATE: 2013-08-24 00:00:00 UTC        
 READ IN fields at DATE: 2013-08-24 06:00:00 UTC        
 READ IN fields at DATE: 2013-08-24 12:00:00 UTC        
 READ IN fields at DATE: 2013-08-24 18:00:00 UTC        
 READ IN fields at DATE: 2013-08-25 00:00:00 UTC        
 READ IN fields at DATE: 2013-08-25 06:00:00 UTC        
 READ IN fields at DATE: 2013-08-25 12:00:00 UTC        
 READ IN fields at DATE: 2013-08-25 18:00:00 UTC        
 READ IN fields at DATE: 2013-08-26 00:00:00 UTC        
 READ IN fields at DATE: 2013-08-26 06:00:00 UTC        
 READ IN fields at DATE: 2013-08-26 12:00:00 UTC        
 READ IN fields at DATE: 2013-08-26 18:00:00 UTC        
 READ IN fields at DATE: 2013-08-27 00:00:00 UTC        
 READ IN fields at DATE: 2013-08-27 06:00:00 UTC        
 READ IN fields at DATE: 2013-08-27 12:00:00 UTC        
 READ IN fields at DATE: 2013-08-27 18:00:00 UTC        
 READ IN fields at DATE: 2013-08-28 00:00:00 UTC        
 READ IN fields at DATE: 2013-08-28 06:00:00 UTC        
 READ IN fields at DATE: 2013-08-28 12:00:00 UTC        
 READ IN fields at DATE: 2013-08-28 18:00:00 UTC        
 READ IN fields at DATE: 2013-08-29 00:00:00 UTC        
 READ IN fields at DATE: 2013-08-29 06:00:00 UTC        
 READ IN fields at DATE: 2013-08-29 12:00:00 UTC        
 READ IN fields at DATE: 2013-08-29 18:00:00 UTC        
 READ IN fields at DATE: 2013-08-30 00:00:00 UTC        
 READ IN fields at DATE: 2013-08-30 06:00:00 UTC        
 READ IN fields at DATE: 2013-08-30 12:00:00 UTC        
 READ IN fields at DATE: 2013-08-30 18:00:00 UTC        
 READ IN fields at DATE: 2013-08-31 00:00:00 UTC        
 READ IN fields at DATE: 2013-08-31 06:00:00 UTC        
 READ IN fields at DATE: 2013-08-31 12:00:00 UTC        
 READ IN fields at DATE: 2013-08-31 18:00:00 UTC        
      131072 /leonardo_work/ICT26_ESP/RCMDATA//ERA5/2013/tatm_2013_09.nc
  2.208703022609435E-003   247.233995440969     
      196608 /leonardo_work/ICT26_ESP/RCMDATA//ERA5/2013/geop_2013_09.nc
   7.36731774211084        235808.537044254     
      262144 /leonardo_work/ICT26_ESP/RCMDATA//ERA5/2013/qhum_2013_09.nc
  4.214948069226034E-007  1.343427944655502E-002
      327680 /leonardo_work/ICT26_ESP/RCMDATA//ERA5/2013/uwnd_2013_09.nc
  4.275320927215940E-003   24.3895783429544     
      393216 /leonardo_work/ICT26_ESP/RCMDATA//ERA5/2013/vwnd_2013_09.nc
  4.207757366532534E-003   13.5895938141878     
 READ IN fields at DATE: 2013-09-01 00:00:00 UTC        
 READ IN fields at DATE: 2013-09-01 06:00:00 UTC        
 READ IN fields at DATE: 2013-09-01 12:00:00 UTC        
 READ IN fields at DATE: 2013-09-01 18:00:00 UTC        
 READ IN fields at DATE: 2013-09-02 00:00:00 UTC        
 READ IN fields at DATE: 2013-09-02 06:00:00 UTC        
 READ IN fields at DATE: 2013-09-02 12:00:00 UTC        
 READ IN fields at DATE: 2013-09-02 18:00:00 UTC        
 READ IN fields at DATE: 2013-09-03 00:00:00 UTC        
 READ IN fields at DATE: 2013-09-03 06:00:00 UTC        
 READ IN fields at DATE: 2013-09-03 12:00:00 UTC        
 READ IN fields at DATE: 2013-09-03 18:00:00 UTC        
 READ IN fields at DATE: 2013-09-04 00:00:00 UTC        
 READ IN fields at DATE: 2013-09-04 06:00:00 UTC        
 READ IN fields at DATE: 2013-09-04 12:00:00 UTC        
 READ IN fields at DATE: 2013-09-04 18:00:00 UTC        
 READ IN fields at DATE: 2013-09-05 00:00:00 UTC        
 READ IN fields at DATE: 2013-09-05 06:00:00 UTC        
 READ IN fields at DATE: 2013-09-05 12:00:00 UTC        
 READ IN fields at DATE: 2013-09-05 18:00:00 UTC        
 READ IN fields at DATE: 2013-09-06 00:00:00 UTC        
 READ IN fields at DATE: 2013-09-06 06:00:00 UTC        
 READ IN fields at DATE: 2013-09-06 12:00:00 UTC        
 READ IN fields at DATE: 2013-09-06 18:00:00 UTC        
 READ IN fields at DATE: 2013-09-07 00:00:00 UTC        
 READ IN fields at DATE: 2013-09-07 06:00:00 UTC        
 READ IN fields at DATE: 2013-09-07 12:00:00 UTC        
 READ IN fields at DATE: 2013-09-07 18:00:00 UTC        
 READ IN fields at DATE: 2013-09-08 00:00:00 UTC        
 READ IN fields at DATE: 2013-09-08 06:00:00 UTC        
 READ IN fields at DATE: 2013-09-08 12:00:00 UTC        
 READ IN fields at DATE: 2013-09-08 18:00:00 UTC        
 READ IN fields at DATE: 2013-09-09 00:00:00 UTC        
 READ IN fields at DATE: 2013-09-09 06:00:00 UTC        
 READ IN fields at DATE: 2013-09-09 12:00:00 UTC        
 READ IN fields at DATE: 2013-09-09 18:00:00 UTC        
 READ IN fields at DATE: 2013-09-10 00:00:00 UTC        
 READ IN fields at DATE: 2013-09-10 06:00:00 UTC        
 READ IN fields at DATE: 2013-09-10 12:00:00 UTC        
 READ IN fields at DATE: 2013-09-10 18:00:00 UTC        
 READ IN fields at DATE: 2013-09-11 00:00:00 UTC        
 READ IN fields at DATE: 2013-09-11 06:00:00 UTC        
 READ IN fields at DATE: 2013-09-11 12:00:00 UTC        
 READ IN fields at DATE: 2013-09-11 18:00:00 UTC        
 READ IN fields at DATE: 2013-09-12 00:00:00 UTC        
 READ IN fields at DATE: 2013-09-12 06:00:00 UTC        
 READ IN fields at DATE: 2013-09-12 12:00:00 UTC        
 READ IN fields at DATE: 2013-09-12 18:00:00 UTC        
 READ IN fields at DATE: 2013-09-13 00:00:00 UTC        
 READ IN fields at DATE: 2013-09-13 06:00:00 UTC        
 READ IN fields at DATE: 2013-09-13 12:00:00 UTC        
 READ IN fields at DATE: 2013-09-13 18:00:00 UTC        
 READ IN fields at DATE: 2013-09-14 00:00:00 UTC        
 READ IN fields at DATE: 2013-09-14 06:00:00 UTC        
 READ IN fields at DATE: 2013-09-14 12:00:00 UTC        
 READ IN fields at DATE: 2013-09-14 18:00:00 UTC        
 READ IN fields at DATE: 2013-09-15 00:00:00 UTC        
 READ IN fields at DATE: 2013-09-15 06:00:00 UTC        
 READ IN fields at DATE: 2013-09-15 12:00:00 UTC        
 READ IN fields at DATE: 2013-09-15 18:00:00 UTC        
 READ IN fields at DATE: 2013-09-16 00:00:00 UTC        
 READ IN fields at DATE: 2013-09-16 06:00:00 UTC        
 READ IN fields at DATE: 2013-09-16 12:00:00 UTC        
 READ IN fields at DATE: 2013-09-16 18:00:00 UTC        
 READ IN fields at DATE: 2013-09-17 00:00:00 UTC        
 READ IN fields at DATE: 2013-09-17 06:00:00 UTC        
 READ IN fields at DATE: 2013-09-17 12:00:00 UTC        
 READ IN fields at DATE: 2013-09-17 18:00:00 UTC        
 READ IN fields at DATE: 2013-09-18 00:00:00 UTC        
 READ IN fields at DATE: 2013-09-18 06:00:00 UTC        
 READ IN fields at DATE: 2013-09-18 12:00:00 UTC        
 READ IN fields at DATE: 2013-09-18 18:00:00 UTC        
 READ IN fields at DATE: 2013-09-19 00:00:00 UTC        
 READ IN fields at DATE: 2013-09-19 06:00:00 UTC        
 READ IN fields at DATE: 2013-09-19 12:00:00 UTC        
 READ IN fields at DATE: 2013-09-19 18:00:00 UTC        
 READ IN fields at DATE: 2013-09-20 00:00:00 UTC        
 READ IN fields at DATE: 2013-09-20 06:00:00 UTC        
 READ IN fields at DATE: 2013-09-20 12:00:00 UTC        
 READ IN fields at DATE: 2013-09-20 18:00:00 UTC        
 READ IN fields at DATE: 2013-09-21 00:00:00 UTC        
 READ IN fields at DATE: 2013-09-21 06:00:00 UTC        
 READ IN fields at DATE: 2013-09-21 12:00:00 UTC        
 READ IN fields at DATE: 2013-09-21 18:00:00 UTC        
 READ IN fields at DATE: 2013-09-22 00:00:00 UTC        
 READ IN fields at DATE: 2013-09-22 06:00:00 UTC        
 READ IN fields at DATE: 2013-09-22 12:00:00 UTC        
 READ IN fields at DATE: 2013-09-22 18:00:00 UTC        
 READ IN fields at DATE: 2013-09-23 00:00:00 UTC        
 READ IN fields at DATE: 2013-09-23 06:00:00 UTC        
 READ IN fields at DATE: 2013-09-23 12:00:00 UTC        
 READ IN fields at DATE: 2013-09-23 18:00:00 UTC        
 READ IN fields at DATE: 2013-09-24 00:00:00 UTC        
 READ IN fields at DATE: 2013-09-24 06:00:00 UTC        
 READ IN fields at DATE: 2013-09-24 12:00:00 UTC        
 READ IN fields at DATE: 2013-09-24 18:00:00 UTC        
 READ IN fields at DATE: 2013-09-25 00:00:00 UTC        
 READ IN fields at DATE: 2013-09-25 06:00:00 UTC        
 READ IN fields at DATE: 2013-09-25 12:00:00 UTC        
 READ IN fields at DATE: 2013-09-25 18:00:00 UTC        
 READ IN fields at DATE: 2013-09-26 00:00:00 UTC        
 READ IN fields at DATE: 2013-09-26 06:00:00 UTC        
 READ IN fields at DATE: 2013-09-26 12:00:00 UTC        
 READ IN fields at DATE: 2013-09-26 18:00:00 UTC        
 READ IN fields at DATE: 2013-09-27 00:00:00 UTC        
 READ IN fields at DATE: 2013-09-27 06:00:00 UTC        
 READ IN fields at DATE: 2013-09-27 12:00:00 UTC        
 READ IN fields at DATE: 2013-09-27 18:00:00 UTC        
 READ IN fields at DATE: 2013-09-28 00:00:00 UTC        
 READ IN fields at DATE: 2013-09-28 06:00:00 UTC        
 READ IN fields at DATE: 2013-09-28 12:00:00 UTC        
 READ IN fields at DATE: 2013-09-28 18:00:00 UTC        
 READ IN fields at DATE: 2013-09-29 00:00:00 UTC        
 READ IN fields at DATE: 2013-09-29 06:00:00 UTC        
 READ IN fields at DATE: 2013-09-29 12:00:00 UTC        
 READ IN fields at DATE: 2013-09-29 18:00:00 UTC        
 READ IN fields at DATE: 2013-09-30 00:00:00 UTC        
 READ IN fields at DATE: 2013-09-30 06:00:00 UTC        
 READ IN fields at DATE: 2013-09-30 12:00:00 UTC        
 READ IN fields at DATE: 2013-09-30 18:00:00 UTC        
      131072 /leonardo_work/ICT26_ESP/RCMDATA//ERA5/2013/tatm_2013_10.nc
  2.052234598840589E-003   249.939136541392     
      196608 /leonardo_work/ICT26_ESP/RCMDATA//ERA5/2013/geop_2013_10.nc
   7.40815379989852        236454.274438725     
      262144 /leonardo_work/ICT26_ESP/RCMDATA//ERA5/2013/qhum_2013_10.nc
  3.645294163883699E-007  1.190019510052844E-002
      327680 /leonardo_work/ICT26_ESP/RCMDATA//ERA5/2013/uwnd_2013_10.nc
  3.379408833294152E-003   5.72218724870835     
      393216 /leonardo_work/ICT26_ESP/RCMDATA//ERA5/2013/vwnd_2013_10.nc
  3.388794666189172E-003   4.09956292688566     
 READ IN fields at DATE: 2013-10-01 00:00:00 UTC        
 READ IN fields at DATE: 2013-10-01 06:00:00 UTC        
 READ IN fields at DATE: 2013-10-01 12:00:00 UTC        
 READ IN fields at DATE: 2013-10-01 18:00:00 UTC        
 READ IN fields at DATE: 2013-10-02 00:00:00 UTC        
 READ IN fields at DATE: 2013-10-02 06:00:00 UTC        
 READ IN fields at DATE: 2013-10-02 12:00:00 UTC        
 READ IN fields at DATE: 2013-10-02 18:00:00 UTC        
 READ IN fields at DATE: 2013-10-03 00:00:00 UTC        
 READ IN fields at DATE: 2013-10-03 06:00:00 UTC        
 READ IN fields at DATE: 2013-10-03 12:00:00 UTC        
 READ IN fields at DATE: 2013-10-03 18:00:00 UTC        
 READ IN fields at DATE: 2013-10-04 00:00:00 UTC        
 READ IN fields at DATE: 2013-10-04 06:00:00 UTC        
 READ IN fields at DATE: 2013-10-04 12:00:00 UTC        
 READ IN fields at DATE: 2013-10-04 18:00:00 UTC        
 READ IN fields at DATE: 2013-10-05 00:00:00 UTC        
 READ IN fields at DATE: 2013-10-05 06:00:00 UTC        
 READ IN fields at DATE: 2013-10-05 12:00:00 UTC        
 READ IN fields at DATE: 2013-10-05 18:00:00 UTC        
 READ IN fields at DATE: 2013-10-06 00:00:00 UTC        
 READ IN fields at DATE: 2013-10-06 06:00:00 UTC        
 READ IN fields at DATE: 2013-10-06 12:00:00 UTC        
 READ IN fields at DATE: 2013-10-06 18:00:00 UTC        
 READ IN fields at DATE: 2013-10-07 00:00:00 UTC        
 READ IN fields at DATE: 2013-10-07 06:00:00 UTC        
 READ IN fields at DATE: 2013-10-07 12:00:00 UTC        
 READ IN fields at DATE: 2013-10-07 18:00:00 UTC        
 READ IN fields at DATE: 2013-10-08 00:00:00 UTC        
 READ IN fields at DATE: 2013-10-08 06:00:00 UTC        
 READ IN fields at DATE: 2013-10-08 12:00:00 UTC        
 READ IN fields at DATE: 2013-10-08 18:00:00 UTC        
 READ IN fields at DATE: 2013-10-09 00:00:00 UTC        
 READ IN fields at DATE: 2013-10-09 06:00:00 UTC        
 READ IN fields at DATE: 2013-10-09 12:00:00 UTC        
 READ IN fields at DATE: 2013-10-09 18:00:00 UTC        
 READ IN fields at DATE: 2013-10-10 00:00:00 UTC        
 READ IN fields at DATE: 2013-10-10 06:00:00 UTC        
 READ IN fields at DATE: 2013-10-10 12:00:00 UTC        
 READ IN fields at DATE: 2013-10-10 18:00:00 UTC        
 READ IN fields at DATE: 2013-10-11 00:00:00 UTC        
 READ IN fields at DATE: 2013-10-11 06:00:00 UTC        
 READ IN fields at DATE: 2013-10-11 12:00:00 UTC        
 READ IN fields at DATE: 2013-10-11 18:00:00 UTC        
 READ IN fields at DATE: 2013-10-12 00:00:00 UTC        
 READ IN fields at DATE: 2013-10-12 06:00:00 UTC        
 READ IN fields at DATE: 2013-10-12 12:00:00 UTC        
 READ IN fields at DATE: 2013-10-12 18:00:00 UTC        
 READ IN fields at DATE: 2013-10-13 00:00:00 UTC        
 READ IN fields at DATE: 2013-10-13 06:00:00 UTC        
 READ IN fields at DATE: 2013-10-13 12:00:00 UTC        
 READ IN fields at DATE: 2013-10-13 18:00:00 UTC        
 READ IN fields at DATE: 2013-10-14 00:00:00 UTC        
 READ IN fields at DATE: 2013-10-14 06:00:00 UTC        
 READ IN fields at DATE: 2013-10-14 12:00:00 UTC        
 READ IN fields at DATE: 2013-10-14 18:00:00 UTC        
 READ IN fields at DATE: 2013-10-15 00:00:00 UTC        
 READ IN fields at DATE: 2013-10-15 06:00:00 UTC        
 READ IN fields at DATE: 2013-10-15 12:00:00 UTC        
 READ IN fields at DATE: 2013-10-15 18:00:00 UTC        
 READ IN fields at DATE: 2013-10-16 00:00:00 UTC        
 READ IN fields at DATE: 2013-10-16 06:00:00 UTC        
 READ IN fields at DATE: 2013-10-16 12:00:00 UTC        
 READ IN fields at DATE: 2013-10-16 18:00:00 UTC        
 READ IN fields at DATE: 2013-10-17 00:00:00 UTC        
 READ IN fields at DATE: 2013-10-17 06:00:00 UTC        
 READ IN fields at DATE: 2013-10-17 12:00:00 UTC        
 READ IN fields at DATE: 2013-10-17 18:00:00 UTC        
 READ IN fields at DATE: 2013-10-18 00:00:00 UTC        
 READ IN fields at DATE: 2013-10-18 06:00:00 UTC        
 READ IN fields at DATE: 2013-10-18 12:00:00 UTC        
 READ IN fields at DATE: 2013-10-18 18:00:00 UTC        
 READ IN fields at DATE: 2013-10-19 00:00:00 UTC        
 READ IN fields at DATE: 2013-10-19 06:00:00 UTC        
 READ IN fields at DATE: 2013-10-19 12:00:00 UTC        
 READ IN fields at DATE: 2013-10-19 18:00:00 UTC        
 READ IN fields at DATE: 2013-10-20 00:00:00 UTC        
 READ IN fields at DATE: 2013-10-20 06:00:00 UTC        
 READ IN fields at DATE: 2013-10-20 12:00:00 UTC        
 READ IN fields at DATE: 2013-10-20 18:00:00 UTC        
 READ IN fields at DATE: 2013-10-21 00:00:00 UTC        
 READ IN fields at DATE: 2013-10-21 06:00:00 UTC        
 READ IN fields at DATE: 2013-10-21 12:00:00 UTC        
 READ IN fields at DATE: 2013-10-21 18:00:00 UTC        
 READ IN fields at DATE: 2013-10-22 00:00:00 UTC        
 READ IN fields at DATE: 2013-10-22 06:00:00 UTC        
 READ IN fields at DATE: 2013-10-22 12:00:00 UTC        
 READ IN fields at DATE: 2013-10-22 18:00:00 UTC        
 READ IN fields at DATE: 2013-10-23 00:00:00 UTC        
 READ IN fields at DATE: 2013-10-23 06:00:00 UTC        
 READ IN fields at DATE: 2013-10-23 12:00:00 UTC        
 READ IN fields at DATE: 2013-10-23 18:00:00 UTC        
 READ IN fields at DATE: 2013-10-24 00:00:00 UTC        
 READ IN fields at DATE: 2013-10-24 06:00:00 UTC        
 READ IN fields at DATE: 2013-10-24 12:00:00 UTC        
 READ IN fields at DATE: 2013-10-24 18:00:00 UTC        
 READ IN fields at DATE: 2013-10-25 00:00:00 UTC        
 READ IN fields at DATE: 2013-10-25 06:00:00 UTC        
 READ IN fields at DATE: 2013-10-25 12:00:00 UTC        
 READ IN fields at DATE: 2013-10-25 18:00:00 UTC        
 READ IN fields at DATE: 2013-10-26 00:00:00 UTC        
 READ IN fields at DATE: 2013-10-26 06:00:00 UTC        
 READ IN fields at DATE: 2013-10-26 12:00:00 UTC        
 READ IN fields at DATE: 2013-10-26 18:00:00 UTC        
 READ IN fields at DATE: 2013-10-27 00:00:00 UTC        
 READ IN fields at DATE: 2013-10-27 06:00:00 UTC        
 READ IN fields at DATE: 2013-10-27 12:00:00 UTC        
 READ IN fields at DATE: 2013-10-27 18:00:00 UTC        
 READ IN fields at DATE: 2013-10-28 00:00:00 UTC        
 READ IN fields at DATE: 2013-10-28 06:00:00 UTC        
 READ IN fields at DATE: 2013-10-28 12:00:00 UTC        
 READ IN fields at DATE: 2013-10-28 18:00:00 UTC        
 READ IN fields at DATE: 2013-10-29 00:00:00 UTC        
 READ IN fields at DATE: 2013-10-29 06:00:00 UTC        
 READ IN fields at DATE: 2013-10-29 12:00:00 UTC        
 READ IN fields at DATE: 2013-10-29 18:00:00 UTC        
 READ IN fields at DATE: 2013-10-30 00:00:00 UTC        
 READ IN fields at DATE: 2013-10-30 06:00:00 UTC        
 READ IN fields at DATE: 2013-10-30 12:00:00 UTC        
 READ IN fields at DATE: 2013-10-30 18:00:00 UTC        
 READ IN fields at DATE: 2013-10-31 00:00:00 UTC        
 READ IN fields at DATE: 2013-10-31 06:00:00 UTC        
 READ IN fields at DATE: 2013-10-31 12:00:00 UTC        
 READ IN fields at DATE: 2013-10-31 18:00:00 UTC        
      131072 /leonardo_work/ICT26_ESP/RCMDATA//ERA5/2013/tatm_2013_11.nc
  2.052899593599909E-003   249.613193215731     
      196608 /leonardo_work/ICT26_ESP/RCMDATA//ERA5/2013/geop_2013_11.nc
   7.54076882067050        241634.878053090     
      262144 /leonardo_work/ICT26_ESP/RCMDATA//ERA5/2013/qhum_2013_11.nc
  3.706655124658247E-007  1.208979735427376E-002
      327680 /leonardo_work/ICT26_ESP/RCMDATA//ERA5/2013/uwnd_2013_11.nc
  3.157120364513394E-003   36.6078879925521     
      393216 /leonardo_work/ICT26_ESP/RCMDATA//ERA5/2013/vwnd_2013_11.nc
  2.774495512250269E-003   3.41874825029075     
 READ IN fields at DATE: 2013-11-01 00:00:00 UTC        
 READ IN fields at DATE: 2013-11-01 06:00:00 UTC        
 READ IN fields at DATE: 2013-11-01 12:00:00 UTC        
 READ IN fields at DATE: 2013-11-01 18:00:00 UTC        
 READ IN fields at DATE: 2013-11-02 00:00:00 UTC        
 READ IN fields at DATE: 2013-11-02 06:00:00 UTC        
 READ IN fields at DATE: 2013-11-02 12:00:00 UTC        
 READ IN fields at DATE: 2013-11-02 18:00:00 UTC        
 READ IN fields at DATE: 2013-11-03 00:00:00 UTC        
 READ IN fields at DATE: 2013-11-03 06:00:00 UTC        
 READ IN fields at DATE: 2013-11-03 12:00:00 UTC        
 READ IN fields at DATE: 2013-11-03 18:00:00 UTC        
 READ IN fields at DATE: 2013-11-04 00:00:00 UTC        
 READ IN fields at DATE: 2013-11-04 06:00:00 UTC        
 READ IN fields at DATE: 2013-11-04 12:00:00 UTC        
 READ IN fields at DATE: 2013-11-04 18:00:00 UTC        
 READ IN fields at DATE: 2013-11-05 00:00:00 UTC        
 READ IN fields at DATE: 2013-11-05 06:00:00 UTC        
 READ IN fields at DATE: 2013-11-05 12:00:00 UTC        
 READ IN fields at DATE: 2013-11-05 18:00:00 UTC        
 READ IN fields at DATE: 2013-11-06 00:00:00 UTC        
 READ IN fields at DATE: 2013-11-06 06:00:00 UTC        
 READ IN fields at DATE: 2013-11-06 12:00:00 UTC        
 READ IN fields at DATE: 2013-11-06 18:00:00 UTC        
 READ IN fields at DATE: 2013-11-07 00:00:00 UTC        
 READ IN fields at DATE: 2013-11-07 06:00:00 UTC        
 READ IN fields at DATE: 2013-11-07 12:00:00 UTC        
 READ IN fields at DATE: 2013-11-07 18:00:00 UTC        
 READ IN fields at DATE: 2013-11-08 00:00:00 UTC        
 READ IN fields at DATE: 2013-11-08 06:00:00 UTC        
 READ IN fields at DATE: 2013-11-08 12:00:00 UTC        
 READ IN fields at DATE: 2013-11-08 18:00:00 UTC        
 READ IN fields at DATE: 2013-11-09 00:00:00 UTC        
 READ IN fields at DATE: 2013-11-09 06:00:00 UTC        
 READ IN fields at DATE: 2013-11-09 12:00:00 UTC        
 READ IN fields at DATE: 2013-11-09 18:00:00 UTC        
 READ IN fields at DATE: 2013-11-10 00:00:00 UTC        
 READ IN fields at DATE: 2013-11-10 06:00:00 UTC        
 READ IN fields at DATE: 2013-11-10 12:00:00 UTC        
 READ IN fields at DATE: 2013-11-10 18:00:00 UTC        
 READ IN fields at DATE: 2013-11-11 00:00:00 UTC        
 READ IN fields at DATE: 2013-11-11 06:00:00 UTC        
 READ IN fields at DATE: 2013-11-11 12:00:00 UTC        
 READ IN fields at DATE: 2013-11-11 18:00:00 UTC        
 READ IN fields at DATE: 2013-11-12 00:00:00 UTC        
 READ IN fields at DATE: 2013-11-12 06:00:00 UTC        
 READ IN fields at DATE: 2013-11-12 12:00:00 UTC        
 READ IN fields at DATE: 2013-11-12 18:00:00 UTC        
 READ IN fields at DATE: 2013-11-13 00:00:00 UTC        
 READ IN fields at DATE: 2013-11-13 06:00:00 UTC        
 READ IN fields at DATE: 2013-11-13 12:00:00 UTC        
 READ IN fields at DATE: 2013-11-13 18:00:00 UTC        
 READ IN fields at DATE: 2013-11-14 00:00:00 UTC        
 READ IN fields at DATE: 2013-11-14 06:00:00 UTC        
 READ IN fields at DATE: 2013-11-14 12:00:00 UTC        
 READ IN fields at DATE: 2013-11-14 18:00:00 UTC        
 READ IN fields at DATE: 2013-11-15 00:00:00 UTC        
 READ IN fields at DATE: 2013-11-15 06:00:00 UTC        
 READ IN fields at DATE: 2013-11-15 12:00:00 UTC        
 READ IN fields at DATE: 2013-11-15 18:00:00 UTC        
 READ IN fields at DATE: 2013-11-16 00:00:00 UTC        
 READ IN fields at DATE: 2013-11-16 06:00:00 UTC        
 READ IN fields at DATE: 2013-11-16 12:00:00 UTC        
 READ IN fields at DATE: 2013-11-16 18:00:00 UTC        
 READ IN fields at DATE: 2013-11-17 00:00:00 UTC        
 READ IN fields at DATE: 2013-11-17 06:00:00 UTC        
 READ IN fields at DATE: 2013-11-17 12:00:00 UTC        
 READ IN fields at DATE: 2013-11-17 18:00:00 UTC        
 READ IN fields at DATE: 2013-11-18 00:00:00 UTC        
 READ IN fields at DATE: 2013-11-18 06:00:00 UTC        
 READ IN fields at DATE: 2013-11-18 12:00:00 UTC        
 READ IN fields at DATE: 2013-11-18 18:00:00 UTC        
 READ IN fields at DATE: 2013-11-19 00:00:00 UTC        
 READ IN fields at DATE: 2013-11-19 06:00:00 UTC        
 READ IN fields at DATE: 2013-11-19 12:00:00 UTC        
 READ IN fields at DATE: 2013-11-19 18:00:00 UTC        
 READ IN fields at DATE: 2013-11-20 00:00:00 UTC        
 READ IN fields at DATE: 2013-11-20 06:00:00 UTC        
 READ IN fields at DATE: 2013-11-20 12:00:00 UTC        
 READ IN fields at DATE: 2013-11-20 18:00:00 UTC        
 READ IN fields at DATE: 2013-11-21 00:00:00 UTC        
 READ IN fields at DATE: 2013-11-21 06:00:00 UTC        
 READ IN fields at DATE: 2013-11-21 12:00:00 UTC        
 READ IN fields at DATE: 2013-11-21 18:00:00 UTC        
 READ IN fields at DATE: 2013-11-22 00:00:00 UTC        
 READ IN fields at DATE: 2013-11-22 06:00:00 UTC        
 READ IN fields at DATE: 2013-11-22 12:00:00 UTC        
 READ IN fields at DATE: 2013-11-22 18:00:00 UTC        
 READ IN fields at DATE: 2013-11-23 00:00:00 UTC        
 READ IN fields at DATE: 2013-11-23 06:00:00 UTC        
 READ IN fields at DATE: 2013-11-23 12:00:00 UTC        
 READ IN fields at DATE: 2013-11-23 18:00:00 UTC        
 READ IN fields at DATE: 2013-11-24 00:00:00 UTC        
 READ IN fields at DATE: 2013-11-24 06:00:00 UTC        
 READ IN fields at DATE: 2013-11-24 12:00:00 UTC        
 READ IN fields at DATE: 2013-11-24 18:00:00 UTC        
 READ IN fields at DATE: 2013-11-25 00:00:00 UTC        
 READ IN fields at DATE: 2013-11-25 06:00:00 UTC        
 READ IN fields at DATE: 2013-11-25 12:00:00 UTC        
 READ IN fields at DATE: 2013-11-25 18:00:00 UTC        
 READ IN fields at DATE: 2013-11-26 00:00:00 UTC        
 READ IN fields at DATE: 2013-11-26 06:00:00 UTC        
 READ IN fields at DATE: 2013-11-26 12:00:00 UTC        
 READ IN fields at DATE: 2013-11-26 18:00:00 UTC        
 READ IN fields at DATE: 2013-11-27 00:00:00 UTC        
 READ IN fields at DATE: 2013-11-27 06:00:00 UTC        
 READ IN fields at DATE: 2013-11-27 12:00:00 UTC        
 READ IN fields at DATE: 2013-11-27 18:00:00 UTC        
 READ IN fields at DATE: 2013-11-28 00:00:00 UTC        
 READ IN fields at DATE: 2013-11-28 06:00:00 UTC        
 READ IN fields at DATE: 2013-11-28 12:00:00 UTC        
 READ IN fields at DATE: 2013-11-28 18:00:00 UTC        
 READ IN fields at DATE: 2013-11-29 00:00:00 UTC        
 READ IN fields at DATE: 2013-11-29 06:00:00 UTC        
 READ IN fields at DATE: 2013-11-29 12:00:00 UTC        
 READ IN fields at DATE: 2013-11-29 18:00:00 UTC        
 READ IN fields at DATE: 2013-11-30 00:00:00 UTC        
 READ IN fields at DATE: 2013-11-30 06:00:00 UTC        
 READ IN fields at DATE: 2013-11-30 12:00:00 UTC        
 READ IN fields at DATE: 2013-11-30 18:00:00 UTC        
      131072 /leonardo_work/ICT26_ESP/RCMDATA//ERA5/2013/tatm_2013_12.nc
  2.085040541284425E-003   250.035799825921     
      196608 /leonardo_work/ICT26_ESP/RCMDATA//ERA5/2013/geop_2013_12.nc
   7.63802731066791        244323.321611345     
      262144 /leonardo_work/ICT26_ESP/RCMDATA//ERA5/2013/qhum_2013_12.nc
  3.733887410898796E-007  1.219216360856876E-002
      327680 /leonardo_work/ICT26_ESP/RCMDATA//ERA5/2013/uwnd_2013_12.nc
  4.169977468189333E-003   49.6540505703479     
      393216 /leonardo_work/ICT26_ESP/RCMDATA//ERA5/2013/vwnd_2013_12.nc
  3.583366870552694E-003 -0.315443722009495     
 READ IN fields at DATE: 2013-12-01 00:00:00 UTC        
 READ IN fields at DATE: 2013-12-01 06:00:00 UTC        
 READ IN fields at DATE: 2013-12-01 12:00:00 UTC        
 READ IN fields at DATE: 2013-12-01 18:00:00 UTC        
 READ IN fields at DATE: 2013-12-02 00:00:00 UTC        
 READ IN fields at DATE: 2013-12-02 06:00:00 UTC        
 READ IN fields at DATE: 2013-12-02 12:00:00 UTC        
 READ IN fields at DATE: 2013-12-02 18:00:00 UTC        
 READ IN fields at DATE: 2013-12-03 00:00:00 UTC        
 READ IN fields at DATE: 2013-12-03 06:00:00 UTC        
 READ IN fields at DATE: 2013-12-03 12:00:00 UTC        
 READ IN fields at DATE: 2013-12-03 18:00:00 UTC        
 READ IN fields at DATE: 2013-12-04 00:00:00 UTC        
 READ IN fields at DATE: 2013-12-04 06:00:00 UTC        
 READ IN fields at DATE: 2013-12-04 12:00:00 UTC        
 READ IN fields at DATE: 2013-12-04 18:00:00 UTC        
 READ IN fields at DATE: 2013-12-05 00:00:00 UTC        
 READ IN fields at DATE: 2013-12-05 06:00:00 UTC        
 READ IN fields at DATE: 2013-12-05 12:00:00 UTC        
 READ IN fields at DATE: 2013-12-05 18:00:00 UTC        
 READ IN fields at DATE: 2013-12-06 00:00:00 UTC        
 READ IN fields at DATE: 2013-12-06 06:00:00 UTC        
 READ IN fields at DATE: 2013-12-06 12:00:00 UTC        
 READ IN fields at DATE: 2013-12-06 18:00:00 UTC        
 READ IN fields at DATE: 2013-12-07 00:00:00 UTC        
 READ IN fields at DATE: 2013-12-07 06:00:00 UTC        
 READ IN fields at DATE: 2013-12-07 12:00:00 UTC        
 READ IN fields at DATE: 2013-12-07 18:00:00 UTC        
 READ IN fields at DATE: 2013-12-08 00:00:00 UTC        
 READ IN fields at DATE: 2013-12-08 06:00:00 UTC        
 READ IN fields at DATE: 2013-12-08 12:00:00 UTC        
 READ IN fields at DATE: 2013-12-08 18:00:00 UTC        
 READ IN fields at DATE: 2013-12-09 00:00:00 UTC        
 READ IN fields at DATE: 2013-12-09 06:00:00 UTC        
 READ IN fields at DATE: 2013-12-09 12:00:00 UTC        
 READ IN fields at DATE: 2013-12-09 18:00:00 UTC        
 READ IN fields at DATE: 2013-12-10 00:00:00 UTC        
 READ IN fields at DATE: 2013-12-10 06:00:00 UTC        
 READ IN fields at DATE: 2013-12-10 12:00:00 UTC        
 READ IN fields at DATE: 2013-12-10 18:00:00 UTC        
 READ IN fields at DATE: 2013-12-11 00:00:00 UTC        
 READ IN fields at DATE: 2013-12-11 06:00:00 UTC        
 READ IN fields at DATE: 2013-12-11 12:00:00 UTC        
 READ IN fields at DATE: 2013-12-11 18:00:00 UTC        
 READ IN fields at DATE: 2013-12-12 00:00:00 UTC        
 READ IN fields at DATE: 2013-12-12 06:00:00 UTC        
 READ IN fields at DATE: 2013-12-12 12:00:00 UTC        
 READ IN fields at DATE: 2013-12-12 18:00:00 UTC        
 READ IN fields at DATE: 2013-12-13 00:00:00 UTC        
 READ IN fields at DATE: 2013-12-13 06:00:00 UTC        
 READ IN fields at DATE: 2013-12-13 12:00:00 UTC        
 READ IN fields at DATE: 2013-12-13 18:00:00 UTC        
 READ IN fields at DATE: 2013-12-14 00:00:00 UTC        
 READ IN fields at DATE: 2013-12-14 06:00:00 UTC        
 READ IN fields at DATE: 2013-12-14 12:00:00 UTC        
 READ IN fields at DATE: 2013-12-14 18:00:00 UTC        
 READ IN fields at DATE: 2013-12-15 00:00:00 UTC        
 READ IN fields at DATE: 2013-12-15 06:00:00 UTC        
 READ IN fields at DATE: 2013-12-15 12:00:00 UTC        
 READ IN fields at DATE: 2013-12-15 18:00:00 UTC        
 READ IN fields at DATE: 2013-12-16 00:00:00 UTC        
 READ IN fields at DATE: 2013-12-16 06:00:00 UTC        
 READ IN fields at DATE: 2013-12-16 12:00:00 UTC        
 READ IN fields at DATE: 2013-12-16 18:00:00 UTC        
 READ IN fields at DATE: 2013-12-17 00:00:00 UTC        
 READ IN fields at DATE: 2013-12-17 06:00:00 UTC        
 READ IN fields at DATE: 2013-12-17 12:00:00 UTC        
 READ IN fields at DATE: 2013-12-17 18:00:00 UTC        
 READ IN fields at DATE: 2013-12-18 00:00:00 UTC        
 READ IN fields at DATE: 2013-12-18 06:00:00 UTC        
 READ IN fields at DATE: 2013-12-18 12:00:00 UTC        
 READ IN fields at DATE: 2013-12-18 18:00:00 UTC        
 READ IN fields at DATE: 2013-12-19 00:00:00 UTC        
 READ IN fields at DATE: 2013-12-19 06:00:00 UTC        
 READ IN fields at DATE: 2013-12-19 12:00:00 UTC        
 READ IN fields at DATE: 2013-12-19 18:00:00 UTC        
 READ IN fields at DATE: 2013-12-20 00:00:00 UTC        
 READ IN fields at DATE: 2013-12-20 06:00:00 UTC        
 READ IN fields at DATE: 2013-12-20 12:00:00 UTC        
 READ IN fields at DATE: 2013-12-20 18:00:00 UTC        
 READ IN fields at DATE: 2013-12-21 00:00:00 UTC        
 READ IN fields at DATE: 2013-12-21 06:00:00 UTC        
 READ IN fields at DATE: 2013-12-21 12:00:00 UTC        
 READ IN fields at DATE: 2013-12-21 18:00:00 UTC        
 READ IN fields at DATE: 2013-12-22 00:00:00 UTC        
 READ IN fields at DATE: 2013-12-22 06:00:00 UTC        
 READ IN fields at DATE: 2013-12-22 12:00:00 UTC        
 READ IN fields at DATE: 2013-12-22 18:00:00 UTC        
 READ IN fields at DATE: 2013-12-23 00:00:00 UTC        
 READ IN fields at DATE: 2013-12-23 06:00:00 UTC        
 READ IN fields at DATE: 2013-12-23 12:00:00 UTC        
 READ IN fields at DATE: 2013-12-23 18:00:00 UTC        
 READ IN fields at DATE: 2013-12-24 00:00:00 UTC        
 READ IN fields at DATE: 2013-12-24 06:00:00 UTC        
 READ IN fields at DATE: 2013-12-24 12:00:00 UTC        
 READ IN fields at DATE: 2013-12-24 18:00:00 UTC        
 READ IN fields at DATE: 2013-12-25 00:00:00 UTC        
 READ IN fields at DATE: 2013-12-25 06:00:00 UTC        
 READ IN fields at DATE: 2013-12-25 12:00:00 UTC        
 READ IN fields at DATE: 2013-12-25 18:00:00 UTC        
 READ IN fields at DATE: 2013-12-26 00:00:00 UTC        
 READ IN fields at DATE: 2013-12-26 06:00:00 UTC        
 READ IN fields at DATE: 2013-12-26 12:00:00 UTC        
 READ IN fields at DATE: 2013-12-26 18:00:00 UTC        
 READ IN fields at DATE: 2013-12-27 00:00:00 UTC        
 READ IN fields at DATE: 2013-12-27 06:00:00 UTC        
 READ IN fields at DATE: 2013-12-27 12:00:00 UTC        
 READ IN fields at DATE: 2013-12-27 18:00:00 UTC        
 READ IN fields at DATE: 2013-12-28 00:00:00 UTC        
 READ IN fields at DATE: 2013-12-28 06:00:00 UTC        
 READ IN fields at DATE: 2013-12-28 12:00:00 UTC        
 READ IN fields at DATE: 2013-12-28 18:00:00 UTC        
 READ IN fields at DATE: 2013-12-29 00:00:00 UTC        
 READ IN fields at DATE: 2013-12-29 06:00:00 UTC        
 READ IN fields at DATE: 2013-12-29 12:00:00 UTC        
 READ IN fields at DATE: 2013-12-29 18:00:00 UTC        
 READ IN fields at DATE: 2013-12-30 00:00:00 UTC        
 READ IN fields at DATE: 2013-12-30 06:00:00 UTC        
 READ IN fields at DATE: 2013-12-30 12:00:00 UTC        
 READ IN fields at DATE: 2013-12-30 18:00:00 UTC        
 READ IN fields at DATE: 2013-12-31 00:00:00 UTC        
 READ IN fields at DATE: 2013-12-31 06:00:00 UTC        
 READ IN fields at DATE: 2013-12-31 12:00:00 UTC        
 READ IN fields at DATE: 2013-12-31 18:00:00 UTC        
      131072 /leonardo_work/ICT26_ESP/RCMDATA//ERA5/2014/tatm_2014_01.nc
  2.100325874255385E-003   250.476824592922     
      196608 /leonardo_work/ICT26_ESP/RCMDATA//ERA5/2014/geop_2014_01.nc
   7.62693074243129        244521.235362754     
      262144 /leonardo_work/ICT26_ESP/RCMDATA//ERA5/2014/qhum_2014_01.nc
  3.821995075204969E-007  1.247551267042461E-002
      327680 /leonardo_work/ICT26_ESP/RCMDATA//ERA5/2014/uwnd_2014_01.nc
  5.280965305871064E-003   31.0622017414682     
      393216 /leonardo_work/ICT26_ESP/RCMDATA//ERA5/2014/vwnd_2014_01.nc
  5.492550525668485E-003  -7.35047118981362     
 READ IN fields at DATE: 2014-01-01 00:00:00 UTC        
 Input ready at : Tue Aug 11 16:47:50 2026
 Successfully completed ICBC
icbc script complete
