
  This is icbc part of the RegCM version 5
   SVN Revision: 5.0.1 compiled at: data : Oct 10 2025  time: 16:26:26

 : this run start at    : 2026-07-31 04:24:13+0200
 : it is submitted by   : mdasilva
 : it is running on     : lrdn4621.leonardo.local
 : in directory         : 
 /leonardo/home/userexternal/mdasilva/github_projects/shell/ictp/regcm_exp/corde
 x5
                       
 Using Moloch non-hydrostatic dynamical core
 GLOBIDATE1 :  1998-01-01 00:00:00 UTC        
 GLOBIDATE2 :  1999-01-01 00:00:00 UTC        
 NSTEPS     :         1461
 Computing weights, R =      38.89632416 .......... Done.
 Computing weights, R =      38.89632416 .......... Done.
 Computing weights, R =      38.89632416 .......... Done.
      131072 /leonardo_work/ICT26_ESP/RCMDATA//ERA5/1998/tatm_1998_01.nc
  2.194453367751028E-003   248.142991518433     
      196608 /leonardo_work/ICT26_ESP/RCMDATA//ERA5/1998/geop_1998_01.nc
   7.63914369716402        244918.428475026     
      262144 /leonardo_work/ICT26_ESP/RCMDATA//ERA5/1998/qhum_1998_01.nc
  4.085157381180173E-007  1.336866173378249E-002
      327680 /leonardo_work/ICT26_ESP/RCMDATA//ERA5/1998/uwnd_1998_01.nc
  5.378293901590492E-003   1.38420507912342     
      393216 /leonardo_work/ICT26_ESP/RCMDATA//ERA5/1998/vwnd_1998_01.nc
  5.350596264477439E-003  0.554972406945886     
 READ IN fields at DATE: 1998-01-01 00:00:00 UTC        
 READ IN fields at DATE: 1998-01-01 06:00:00 UTC        
 READ IN fields at DATE: 1998-01-01 12:00:00 UTC        
 READ IN fields at DATE: 1998-01-01 18:00:00 UTC        
 READ IN fields at DATE: 1998-01-02 00:00:00 UTC        
 READ IN fields at DATE: 1998-01-02 06:00:00 UTC        
 READ IN fields at DATE: 1998-01-02 12:00:00 UTC        
 READ IN fields at DATE: 1998-01-02 18:00:00 UTC        
 READ IN fields at DATE: 1998-01-03 00:00:00 UTC        
 READ IN fields at DATE: 1998-01-03 06:00:00 UTC        
 READ IN fields at DATE: 1998-01-03 12:00:00 UTC        
 READ IN fields at DATE: 1998-01-03 18:00:00 UTC        
 READ IN fields at DATE: 1998-01-04 00:00:00 UTC        
 READ IN fields at DATE: 1998-01-04 06:00:00 UTC        
 READ IN fields at DATE: 1998-01-04 12:00:00 UTC        
 READ IN fields at DATE: 1998-01-04 18:00:00 UTC        
 READ IN fields at DATE: 1998-01-05 00:00:00 UTC        
 READ IN fields at DATE: 1998-01-05 06:00:00 UTC        
 READ IN fields at DATE: 1998-01-05 12:00:00 UTC        
 READ IN fields at DATE: 1998-01-05 18:00:00 UTC        
 READ IN fields at DATE: 1998-01-06 00:00:00 UTC        
 READ IN fields at DATE: 1998-01-06 06:00:00 UTC        
 READ IN fields at DATE: 1998-01-06 12:00:00 UTC        
 READ IN fields at DATE: 1998-01-06 18:00:00 UTC        
 READ IN fields at DATE: 1998-01-07 00:00:00 UTC        
 READ IN fields at DATE: 1998-01-07 06:00:00 UTC        
 READ IN fields at DATE: 1998-01-07 12:00:00 UTC        
 READ IN fields at DATE: 1998-01-07 18:00:00 UTC        
 READ IN fields at DATE: 1998-01-08 00:00:00 UTC        
 READ IN fields at DATE: 1998-01-08 06:00:00 UTC        
 READ IN fields at DATE: 1998-01-08 12:00:00 UTC        
 READ IN fields at DATE: 1998-01-08 18:00:00 UTC        
 READ IN fields at DATE: 1998-01-09 00:00:00 UTC        
 READ IN fields at DATE: 1998-01-09 06:00:00 UTC        
 READ IN fields at DATE: 1998-01-09 12:00:00 UTC        
 READ IN fields at DATE: 1998-01-09 18:00:00 UTC        
 READ IN fields at DATE: 1998-01-10 00:00:00 UTC        
 READ IN fields at DATE: 1998-01-10 06:00:00 UTC        
 READ IN fields at DATE: 1998-01-10 12:00:00 UTC        
 READ IN fields at DATE: 1998-01-10 18:00:00 UTC        
 READ IN fields at DATE: 1998-01-11 00:00:00 UTC        
 READ IN fields at DATE: 1998-01-11 06:00:00 UTC        
 READ IN fields at DATE: 1998-01-11 12:00:00 UTC        
 READ IN fields at DATE: 1998-01-11 18:00:00 UTC        
 READ IN fields at DATE: 1998-01-12 00:00:00 UTC        
 READ IN fields at DATE: 1998-01-12 06:00:00 UTC        
 READ IN fields at DATE: 1998-01-12 12:00:00 UTC        
 READ IN fields at DATE: 1998-01-12 18:00:00 UTC        
 READ IN fields at DATE: 1998-01-13 00:00:00 UTC        
 READ IN fields at DATE: 1998-01-13 06:00:00 UTC        
 READ IN fields at DATE: 1998-01-13 12:00:00 UTC        
 READ IN fields at DATE: 1998-01-13 18:00:00 UTC        
 READ IN fields at DATE: 1998-01-14 00:00:00 UTC        
 READ IN fields at DATE: 1998-01-14 06:00:00 UTC        
 READ IN fields at DATE: 1998-01-14 12:00:00 UTC        
 READ IN fields at DATE: 1998-01-14 18:00:00 UTC        
 READ IN fields at DATE: 1998-01-15 00:00:00 UTC        
 READ IN fields at DATE: 1998-01-15 06:00:00 UTC        
 READ IN fields at DATE: 1998-01-15 12:00:00 UTC        
 READ IN fields at DATE: 1998-01-15 18:00:00 UTC        
 READ IN fields at DATE: 1998-01-16 00:00:00 UTC        
 READ IN fields at DATE: 1998-01-16 06:00:00 UTC        
 READ IN fields at DATE: 1998-01-16 12:00:00 UTC        
 READ IN fields at DATE: 1998-01-16 18:00:00 UTC        
 READ IN fields at DATE: 1998-01-17 00:00:00 UTC        
 READ IN fields at DATE: 1998-01-17 06:00:00 UTC        
 READ IN fields at DATE: 1998-01-17 12:00:00 UTC        
 READ IN fields at DATE: 1998-01-17 18:00:00 UTC        
 READ IN fields at DATE: 1998-01-18 00:00:00 UTC        
 READ IN fields at DATE: 1998-01-18 06:00:00 UTC        
 READ IN fields at DATE: 1998-01-18 12:00:00 UTC        
 READ IN fields at DATE: 1998-01-18 18:00:00 UTC        
 READ IN fields at DATE: 1998-01-19 00:00:00 UTC        
 READ IN fields at DATE: 1998-01-19 06:00:00 UTC        
 READ IN fields at DATE: 1998-01-19 12:00:00 UTC        
 READ IN fields at DATE: 1998-01-19 18:00:00 UTC        
 READ IN fields at DATE: 1998-01-20 00:00:00 UTC        
 READ IN fields at DATE: 1998-01-20 06:00:00 UTC        
 READ IN fields at DATE: 1998-01-20 12:00:00 UTC        
 READ IN fields at DATE: 1998-01-20 18:00:00 UTC        
 READ IN fields at DATE: 1998-01-21 00:00:00 UTC        
 READ IN fields at DATE: 1998-01-21 06:00:00 UTC        
 READ IN fields at DATE: 1998-01-21 12:00:00 UTC        
 READ IN fields at DATE: 1998-01-21 18:00:00 UTC        
 READ IN fields at DATE: 1998-01-22 00:00:00 UTC        
 READ IN fields at DATE: 1998-01-22 06:00:00 UTC        
 READ IN fields at DATE: 1998-01-22 12:00:00 UTC        
 READ IN fields at DATE: 1998-01-22 18:00:00 UTC        
 READ IN fields at DATE: 1998-01-23 00:00:00 UTC        
 READ IN fields at DATE: 1998-01-23 06:00:00 UTC        
 READ IN fields at DATE: 1998-01-23 12:00:00 UTC        
 READ IN fields at DATE: 1998-01-23 18:00:00 UTC        
 READ IN fields at DATE: 1998-01-24 00:00:00 UTC        
 READ IN fields at DATE: 1998-01-24 06:00:00 UTC        
 READ IN fields at DATE: 1998-01-24 12:00:00 UTC        
 READ IN fields at DATE: 1998-01-24 18:00:00 UTC        
 READ IN fields at DATE: 1998-01-25 00:00:00 UTC        
 READ IN fields at DATE: 1998-01-25 06:00:00 UTC        
 READ IN fields at DATE: 1998-01-25 12:00:00 UTC        
 READ IN fields at DATE: 1998-01-25 18:00:00 UTC        
 READ IN fields at DATE: 1998-01-26 00:00:00 UTC        
 READ IN fields at DATE: 1998-01-26 06:00:00 UTC        
 READ IN fields at DATE: 1998-01-26 12:00:00 UTC        
 READ IN fields at DATE: 1998-01-26 18:00:00 UTC        
 READ IN fields at DATE: 1998-01-27 00:00:00 UTC        
 READ IN fields at DATE: 1998-01-27 06:00:00 UTC        
 READ IN fields at DATE: 1998-01-27 12:00:00 UTC        
 READ IN fields at DATE: 1998-01-27 18:00:00 UTC        
 READ IN fields at DATE: 1998-01-28 00:00:00 UTC        
 READ IN fields at DATE: 1998-01-28 06:00:00 UTC        
 READ IN fields at DATE: 1998-01-28 12:00:00 UTC        
 READ IN fields at DATE: 1998-01-28 18:00:00 UTC        
 READ IN fields at DATE: 1998-01-29 00:00:00 UTC        
 READ IN fields at DATE: 1998-01-29 06:00:00 UTC        
 READ IN fields at DATE: 1998-01-29 12:00:00 UTC        
 READ IN fields at DATE: 1998-01-29 18:00:00 UTC        
 READ IN fields at DATE: 1998-01-30 00:00:00 UTC        
 READ IN fields at DATE: 1998-01-30 06:00:00 UTC        
 READ IN fields at DATE: 1998-01-30 12:00:00 UTC        
 READ IN fields at DATE: 1998-01-30 18:00:00 UTC        
 READ IN fields at DATE: 1998-01-31 00:00:00 UTC        
 READ IN fields at DATE: 1998-01-31 06:00:00 UTC        
 READ IN fields at DATE: 1998-01-31 12:00:00 UTC        
 READ IN fields at DATE: 1998-01-31 18:00:00 UTC        
      131072 /leonardo_work/ICT26_ESP/RCMDATA//ERA5/1998/tatm_1998_02.nc
  2.277731155084199E-003   253.694639027489     
      196608 /leonardo_work/ICT26_ESP/RCMDATA//ERA5/1998/geop_1998_02.nc
   7.51981921322082        240947.458840393     
      262144 /leonardo_work/ICT26_ESP/RCMDATA//ERA5/1998/qhum_1998_02.nc
  4.087841216455362E-007  1.338626893225637E-002
      327680 /leonardo_work/ICT26_ESP/RCMDATA//ERA5/1998/uwnd_1998_02.nc
  5.911024789037584E-003 -0.567240790714831     
      393216 /leonardo_work/ICT26_ESP/RCMDATA//ERA5/1998/vwnd_1998_02.nc
  5.983864999313323E-003   2.96238587511753     
 READ IN fields at DATE: 1998-02-01 00:00:00 UTC        
 READ IN fields at DATE: 1998-02-01 06:00:00 UTC        
 READ IN fields at DATE: 1998-02-01 12:00:00 UTC        
 READ IN fields at DATE: 1998-02-01 18:00:00 UTC        
 READ IN fields at DATE: 1998-02-02 00:00:00 UTC        
 READ IN fields at DATE: 1998-02-02 06:00:00 UTC        
 READ IN fields at DATE: 1998-02-02 12:00:00 UTC        
 READ IN fields at DATE: 1998-02-02 18:00:00 UTC        
 READ IN fields at DATE: 1998-02-03 00:00:00 UTC        
 READ IN fields at DATE: 1998-02-03 06:00:00 UTC        
 READ IN fields at DATE: 1998-02-03 12:00:00 UTC        
 READ IN fields at DATE: 1998-02-03 18:00:00 UTC        
 READ IN fields at DATE: 1998-02-04 00:00:00 UTC        
 READ IN fields at DATE: 1998-02-04 06:00:00 UTC        
 READ IN fields at DATE: 1998-02-04 12:00:00 UTC        
 READ IN fields at DATE: 1998-02-04 18:00:00 UTC        
 READ IN fields at DATE: 1998-02-05 00:00:00 UTC        
 READ IN fields at DATE: 1998-02-05 06:00:00 UTC        
 READ IN fields at DATE: 1998-02-05 12:00:00 UTC        
 READ IN fields at DATE: 1998-02-05 18:00:00 UTC        
 READ IN fields at DATE: 1998-02-06 00:00:00 UTC        
 READ IN fields at DATE: 1998-02-06 06:00:00 UTC        
 READ IN fields at DATE: 1998-02-06 12:00:00 UTC        
 READ IN fields at DATE: 1998-02-06 18:00:00 UTC        
 READ IN fields at DATE: 1998-02-07 00:00:00 UTC        
 READ IN fields at DATE: 1998-02-07 06:00:00 UTC        
 READ IN fields at DATE: 1998-02-07 12:00:00 UTC        
 READ IN fields at DATE: 1998-02-07 18:00:00 UTC        
 READ IN fields at DATE: 1998-02-08 00:00:00 UTC        
 READ IN fields at DATE: 1998-02-08 06:00:00 UTC        
 READ IN fields at DATE: 1998-02-08 12:00:00 UTC        
 READ IN fields at DATE: 1998-02-08 18:00:00 UTC        
 READ IN fields at DATE: 1998-02-09 00:00:00 UTC        
 READ IN fields at DATE: 1998-02-09 06:00:00 UTC        
 READ IN fields at DATE: 1998-02-09 12:00:00 UTC        
 READ IN fields at DATE: 1998-02-09 18:00:00 UTC        
 READ IN fields at DATE: 1998-02-10 00:00:00 UTC        
 READ IN fields at DATE: 1998-02-10 06:00:00 UTC        
 READ IN fields at DATE: 1998-02-10 12:00:00 UTC        
 READ IN fields at DATE: 1998-02-10 18:00:00 UTC        
 READ IN fields at DATE: 1998-02-11 00:00:00 UTC        
 READ IN fields at DATE: 1998-02-11 06:00:00 UTC        
 READ IN fields at DATE: 1998-02-11 12:00:00 UTC        
 READ IN fields at DATE: 1998-02-11 18:00:00 UTC        
 READ IN fields at DATE: 1998-02-12 00:00:00 UTC        
 READ IN fields at DATE: 1998-02-12 06:00:00 UTC        
 READ IN fields at DATE: 1998-02-12 12:00:00 UTC        
 READ IN fields at DATE: 1998-02-12 18:00:00 UTC        
 READ IN fields at DATE: 1998-02-13 00:00:00 UTC        
 READ IN fields at DATE: 1998-02-13 06:00:00 UTC        
 READ IN fields at DATE: 1998-02-13 12:00:00 UTC        
 READ IN fields at DATE: 1998-02-13 18:00:00 UTC        
 READ IN fields at DATE: 1998-02-14 00:00:00 UTC        
 READ IN fields at DATE: 1998-02-14 06:00:00 UTC        
 READ IN fields at DATE: 1998-02-14 12:00:00 UTC        
 READ IN fields at DATE: 1998-02-14 18:00:00 UTC        
 READ IN fields at DATE: 1998-02-15 00:00:00 UTC        
 READ IN fields at DATE: 1998-02-15 06:00:00 UTC        
 READ IN fields at DATE: 1998-02-15 12:00:00 UTC        
 READ IN fields at DATE: 1998-02-15 18:00:00 UTC        
 READ IN fields at DATE: 1998-02-16 00:00:00 UTC        
 READ IN fields at DATE: 1998-02-16 06:00:00 UTC        
 READ IN fields at DATE: 1998-02-16 12:00:00 UTC        
 READ IN fields at DATE: 1998-02-16 18:00:00 UTC        
 READ IN fields at DATE: 1998-02-17 00:00:00 UTC        
 READ IN fields at DATE: 1998-02-17 06:00:00 UTC        
 READ IN fields at DATE: 1998-02-17 12:00:00 UTC        
 READ IN fields at DATE: 1998-02-17 18:00:00 UTC        
 READ IN fields at DATE: 1998-02-18 00:00:00 UTC        
 READ IN fields at DATE: 1998-02-18 06:00:00 UTC        
 READ IN fields at DATE: 1998-02-18 12:00:00 UTC        
 READ IN fields at DATE: 1998-02-18 18:00:00 UTC        
 READ IN fields at DATE: 1998-02-19 00:00:00 UTC        
 READ IN fields at DATE: 1998-02-19 06:00:00 UTC        
 READ IN fields at DATE: 1998-02-19 12:00:00 UTC        
 READ IN fields at DATE: 1998-02-19 18:00:00 UTC        
 READ IN fields at DATE: 1998-02-20 00:00:00 UTC        
 READ IN fields at DATE: 1998-02-20 06:00:00 UTC        
 READ IN fields at DATE: 1998-02-20 12:00:00 UTC        
 READ IN fields at DATE: 1998-02-20 18:00:00 UTC        
 READ IN fields at DATE: 1998-02-21 00:00:00 UTC        
 READ IN fields at DATE: 1998-02-21 06:00:00 UTC        
 READ IN fields at DATE: 1998-02-21 12:00:00 UTC        
 READ IN fields at DATE: 1998-02-21 18:00:00 UTC        
 READ IN fields at DATE: 1998-02-22 00:00:00 UTC        
 READ IN fields at DATE: 1998-02-22 06:00:00 UTC        
 READ IN fields at DATE: 1998-02-22 12:00:00 UTC        
 READ IN fields at DATE: 1998-02-22 18:00:00 UTC        
 READ IN fields at DATE: 1998-02-23 00:00:00 UTC        
 READ IN fields at DATE: 1998-02-23 06:00:00 UTC        
 READ IN fields at DATE: 1998-02-23 12:00:00 UTC        
 READ IN fields at DATE: 1998-02-23 18:00:00 UTC        
 READ IN fields at DATE: 1998-02-24 00:00:00 UTC        
 READ IN fields at DATE: 1998-02-24 06:00:00 UTC        
 READ IN fields at DATE: 1998-02-24 12:00:00 UTC        
 READ IN fields at DATE: 1998-02-24 18:00:00 UTC        
 READ IN fields at DATE: 1998-02-25 00:00:00 UTC        
 READ IN fields at DATE: 1998-02-25 06:00:00 UTC        
 READ IN fields at DATE: 1998-02-25 12:00:00 UTC        
 READ IN fields at DATE: 1998-02-25 18:00:00 UTC        
 READ IN fields at DATE: 1998-02-26 00:00:00 UTC        
 READ IN fields at DATE: 1998-02-26 06:00:00 UTC        
 READ IN fields at DATE: 1998-02-26 12:00:00 UTC        
 READ IN fields at DATE: 1998-02-26 18:00:00 UTC        
 READ IN fields at DATE: 1998-02-27 00:00:00 UTC        
 READ IN fields at DATE: 1998-02-27 06:00:00 UTC        
 READ IN fields at DATE: 1998-02-27 12:00:00 UTC        
 READ IN fields at DATE: 1998-02-27 18:00:00 UTC        
 READ IN fields at DATE: 1998-02-28 00:00:00 UTC        
 READ IN fields at DATE: 1998-02-28 06:00:00 UTC        
 READ IN fields at DATE: 1998-02-28 12:00:00 UTC        
 READ IN fields at DATE: 1998-02-28 18:00:00 UTC        
      131072 /leonardo_work/ICT26_ESP/RCMDATA//ERA5/1998/tatm_1998_03.nc
  2.067367187917252E-003   250.108081916992     
      196608 /leonardo_work/ICT26_ESP/RCMDATA//ERA5/1998/geop_1998_03.nc
   7.36269292522470        235805.578419162     
      262144 /leonardo_work/ICT26_ESP/RCMDATA//ERA5/1998/qhum_1998_03.nc
  3.854071065038251E-007  1.261259820121494E-002
      327680 /leonardo_work/ICT26_ESP/RCMDATA//ERA5/1998/uwnd_1998_03.nc
  2.809003058931187E-003   21.0930931791346     
      393216 /leonardo_work/ICT26_ESP/RCMDATA//ERA5/1998/vwnd_1998_03.nc
  2.847462621035752E-003  -2.81614388511911     
 READ IN fields at DATE: 1998-03-01 00:00:00 UTC        
 READ IN fields at DATE: 1998-03-01 06:00:00 UTC        
 READ IN fields at DATE: 1998-03-01 12:00:00 UTC        
 READ IN fields at DATE: 1998-03-01 18:00:00 UTC        
 READ IN fields at DATE: 1998-03-02 00:00:00 UTC        
 READ IN fields at DATE: 1998-03-02 06:00:00 UTC        
 READ IN fields at DATE: 1998-03-02 12:00:00 UTC        
 READ IN fields at DATE: 1998-03-02 18:00:00 UTC        
 READ IN fields at DATE: 1998-03-03 00:00:00 UTC        
 READ IN fields at DATE: 1998-03-03 06:00:00 UTC        
 READ IN fields at DATE: 1998-03-03 12:00:00 UTC        
 READ IN fields at DATE: 1998-03-03 18:00:00 UTC        
 READ IN fields at DATE: 1998-03-04 00:00:00 UTC        
 READ IN fields at DATE: 1998-03-04 06:00:00 UTC        
 READ IN fields at DATE: 1998-03-04 12:00:00 UTC        
 READ IN fields at DATE: 1998-03-04 18:00:00 UTC        
 READ IN fields at DATE: 1998-03-05 00:00:00 UTC        
 READ IN fields at DATE: 1998-03-05 06:00:00 UTC        
 READ IN fields at DATE: 1998-03-05 12:00:00 UTC        
 READ IN fields at DATE: 1998-03-05 18:00:00 UTC        
 READ IN fields at DATE: 1998-03-06 00:00:00 UTC        
 READ IN fields at DATE: 1998-03-06 06:00:00 UTC        
 READ IN fields at DATE: 1998-03-06 12:00:00 UTC        
 READ IN fields at DATE: 1998-03-06 18:00:00 UTC        
 READ IN fields at DATE: 1998-03-07 00:00:00 UTC        
 READ IN fields at DATE: 1998-03-07 06:00:00 UTC        
 READ IN fields at DATE: 1998-03-07 12:00:00 UTC        
 READ IN fields at DATE: 1998-03-07 18:00:00 UTC        
 READ IN fields at DATE: 1998-03-08 00:00:00 UTC        
 READ IN fields at DATE: 1998-03-08 06:00:00 UTC        
 READ IN fields at DATE: 1998-03-08 12:00:00 UTC        
 READ IN fields at DATE: 1998-03-08 18:00:00 UTC        
 READ IN fields at DATE: 1998-03-09 00:00:00 UTC        
 READ IN fields at DATE: 1998-03-09 06:00:00 UTC        
 READ IN fields at DATE: 1998-03-09 12:00:00 UTC        
 READ IN fields at DATE: 1998-03-09 18:00:00 UTC        
 READ IN fields at DATE: 1998-03-10 00:00:00 UTC        
 READ IN fields at DATE: 1998-03-10 06:00:00 UTC        
 READ IN fields at DATE: 1998-03-10 12:00:00 UTC        
 READ IN fields at DATE: 1998-03-10 18:00:00 UTC        
 READ IN fields at DATE: 1998-03-11 00:00:00 UTC        
 READ IN fields at DATE: 1998-03-11 06:00:00 UTC        
 READ IN fields at DATE: 1998-03-11 12:00:00 UTC        
 READ IN fields at DATE: 1998-03-11 18:00:00 UTC        
 READ IN fields at DATE: 1998-03-12 00:00:00 UTC        
 READ IN fields at DATE: 1998-03-12 06:00:00 UTC        
 READ IN fields at DATE: 1998-03-12 12:00:00 UTC        
 READ IN fields at DATE: 1998-03-12 18:00:00 UTC        
 READ IN fields at DATE: 1998-03-13 00:00:00 UTC        
 READ IN fields at DATE: 1998-03-13 06:00:00 UTC        
 READ IN fields at DATE: 1998-03-13 12:00:00 UTC        
 READ IN fields at DATE: 1998-03-13 18:00:00 UTC        
 READ IN fields at DATE: 1998-03-14 00:00:00 UTC        
 READ IN fields at DATE: 1998-03-14 06:00:00 UTC        
 READ IN fields at DATE: 1998-03-14 12:00:00 UTC        
 READ IN fields at DATE: 1998-03-14 18:00:00 UTC        
 READ IN fields at DATE: 1998-03-15 00:00:00 UTC        
 READ IN fields at DATE: 1998-03-15 06:00:00 UTC        
 READ IN fields at DATE: 1998-03-15 12:00:00 UTC        
 READ IN fields at DATE: 1998-03-15 18:00:00 UTC        
 READ IN fields at DATE: 1998-03-16 00:00:00 UTC        
 READ IN fields at DATE: 1998-03-16 06:00:00 UTC        
 READ IN fields at DATE: 1998-03-16 12:00:00 UTC        
 READ IN fields at DATE: 1998-03-16 18:00:00 UTC        
 READ IN fields at DATE: 1998-03-17 00:00:00 UTC        
 READ IN fields at DATE: 1998-03-17 06:00:00 UTC        
 READ IN fields at DATE: 1998-03-17 12:00:00 UTC        
 READ IN fields at DATE: 1998-03-17 18:00:00 UTC        
 READ IN fields at DATE: 1998-03-18 00:00:00 UTC        
 READ IN fields at DATE: 1998-03-18 06:00:00 UTC        
 READ IN fields at DATE: 1998-03-18 12:00:00 UTC        
 READ IN fields at DATE: 1998-03-18 18:00:00 UTC        
 READ IN fields at DATE: 1998-03-19 00:00:00 UTC        
 READ IN fields at DATE: 1998-03-19 06:00:00 UTC        
 READ IN fields at DATE: 1998-03-19 12:00:00 UTC        
 READ IN fields at DATE: 1998-03-19 18:00:00 UTC        
 READ IN fields at DATE: 1998-03-20 00:00:00 UTC        
 READ IN fields at DATE: 1998-03-20 06:00:00 UTC        
 READ IN fields at DATE: 1998-03-20 12:00:00 UTC        
 READ IN fields at DATE: 1998-03-20 18:00:00 UTC        
 READ IN fields at DATE: 1998-03-21 00:00:00 UTC        
 READ IN fields at DATE: 1998-03-21 06:00:00 UTC        
 READ IN fields at DATE: 1998-03-21 12:00:00 UTC        
 READ IN fields at DATE: 1998-03-21 18:00:00 UTC        
 READ IN fields at DATE: 1998-03-22 00:00:00 UTC        
 READ IN fields at DATE: 1998-03-22 06:00:00 UTC        
 READ IN fields at DATE: 1998-03-22 12:00:00 UTC        
 READ IN fields at DATE: 1998-03-22 18:00:00 UTC        
 READ IN fields at DATE: 1998-03-23 00:00:00 UTC        
 READ IN fields at DATE: 1998-03-23 06:00:00 UTC        
 READ IN fields at DATE: 1998-03-23 12:00:00 UTC        
 READ IN fields at DATE: 1998-03-23 18:00:00 UTC        
 READ IN fields at DATE: 1998-03-24 00:00:00 UTC        
 READ IN fields at DATE: 1998-03-24 06:00:00 UTC        
 READ IN fields at DATE: 1998-03-24 12:00:00 UTC        
 READ IN fields at DATE: 1998-03-24 18:00:00 UTC        
 READ IN fields at DATE: 1998-03-25 00:00:00 UTC        
 READ IN fields at DATE: 1998-03-25 06:00:00 UTC        
 READ IN fields at DATE: 1998-03-25 12:00:00 UTC        
 READ IN fields at DATE: 1998-03-25 18:00:00 UTC        
 READ IN fields at DATE: 1998-03-26 00:00:00 UTC        
 READ IN fields at DATE: 1998-03-26 06:00:00 UTC        
 READ IN fields at DATE: 1998-03-26 12:00:00 UTC        
 READ IN fields at DATE: 1998-03-26 18:00:00 UTC        
 READ IN fields at DATE: 1998-03-27 00:00:00 UTC        
 READ IN fields at DATE: 1998-03-27 06:00:00 UTC        
 READ IN fields at DATE: 1998-03-27 12:00:00 UTC        
 READ IN fields at DATE: 1998-03-27 18:00:00 UTC        
 READ IN fields at DATE: 1998-03-28 00:00:00 UTC        
 READ IN fields at DATE: 1998-03-28 06:00:00 UTC        
 READ IN fields at DATE: 1998-03-28 12:00:00 UTC        
 READ IN fields at DATE: 1998-03-28 18:00:00 UTC        
 READ IN fields at DATE: 1998-03-29 00:00:00 UTC        
 READ IN fields at DATE: 1998-03-29 06:00:00 UTC        
 READ IN fields at DATE: 1998-03-29 12:00:00 UTC        
 READ IN fields at DATE: 1998-03-29 18:00:00 UTC        
 READ IN fields at DATE: 1998-03-30 00:00:00 UTC        
 READ IN fields at DATE: 1998-03-30 06:00:00 UTC        
 READ IN fields at DATE: 1998-03-30 12:00:00 UTC        
 READ IN fields at DATE: 1998-03-30 18:00:00 UTC        
 READ IN fields at DATE: 1998-03-31 00:00:00 UTC        
 READ IN fields at DATE: 1998-03-31 06:00:00 UTC        
 READ IN fields at DATE: 1998-03-31 12:00:00 UTC        
 READ IN fields at DATE: 1998-03-31 18:00:00 UTC        
      131072 /leonardo_work/ICT26_ESP/RCMDATA//ERA5/1998/tatm_1998_04.nc
  2.056408977707915E-003   251.572114800882     
      196608 /leonardo_work/ICT26_ESP/RCMDATA//ERA5/1998/geop_1998_04.nc
   7.34654194976195        234925.484932150     
      262144 /leonardo_work/ICT26_ESP/RCMDATA//ERA5/1998/qhum_1998_04.nc
  3.926350960409374E-007  1.283198037351505E-002
      327680 /leonardo_work/ICT26_ESP/RCMDATA//ERA5/1998/uwnd_1998_04.nc
  2.677148056385356E-003   29.3271907838820     
      393216 /leonardo_work/ICT26_ESP/RCMDATA//ERA5/1998/vwnd_1998_04.nc
  2.456934436449241E-003   3.54734025836771     
 READ IN fields at DATE: 1998-04-01 00:00:00 UTC        
 READ IN fields at DATE: 1998-04-01 06:00:00 UTC        
 READ IN fields at DATE: 1998-04-01 12:00:00 UTC        
 READ IN fields at DATE: 1998-04-01 18:00:00 UTC        
 READ IN fields at DATE: 1998-04-02 00:00:00 UTC        
 READ IN fields at DATE: 1998-04-02 06:00:00 UTC        
 READ IN fields at DATE: 1998-04-02 12:00:00 UTC        
 READ IN fields at DATE: 1998-04-02 18:00:00 UTC        
 READ IN fields at DATE: 1998-04-03 00:00:00 UTC        
 READ IN fields at DATE: 1998-04-03 06:00:00 UTC        
 READ IN fields at DATE: 1998-04-03 12:00:00 UTC        
 READ IN fields at DATE: 1998-04-03 18:00:00 UTC        
 READ IN fields at DATE: 1998-04-04 00:00:00 UTC        
 READ IN fields at DATE: 1998-04-04 06:00:00 UTC        
 READ IN fields at DATE: 1998-04-04 12:00:00 UTC        
 READ IN fields at DATE: 1998-04-04 18:00:00 UTC        
 READ IN fields at DATE: 1998-04-05 00:00:00 UTC        
 READ IN fields at DATE: 1998-04-05 06:00:00 UTC        
 READ IN fields at DATE: 1998-04-05 12:00:00 UTC        
 READ IN fields at DATE: 1998-04-05 18:00:00 UTC        
 READ IN fields at DATE: 1998-04-06 00:00:00 UTC        
 READ IN fields at DATE: 1998-04-06 06:00:00 UTC        
 READ IN fields at DATE: 1998-04-06 12:00:00 UTC        
 READ IN fields at DATE: 1998-04-06 18:00:00 UTC        
 READ IN fields at DATE: 1998-04-07 00:00:00 UTC        
 READ IN fields at DATE: 1998-04-07 06:00:00 UTC        
 READ IN fields at DATE: 1998-04-07 12:00:00 UTC        
 READ IN fields at DATE: 1998-04-07 18:00:00 UTC        
 READ IN fields at DATE: 1998-04-08 00:00:00 UTC        
 READ IN fields at DATE: 1998-04-08 06:00:00 UTC        
 READ IN fields at DATE: 1998-04-08 12:00:00 UTC        
 READ IN fields at DATE: 1998-04-08 18:00:00 UTC        
 READ IN fields at DATE: 1998-04-09 00:00:00 UTC        
 READ IN fields at DATE: 1998-04-09 06:00:00 UTC        
 READ IN fields at DATE: 1998-04-09 12:00:00 UTC        
 READ IN fields at DATE: 1998-04-09 18:00:00 UTC        
 READ IN fields at DATE: 1998-04-10 00:00:00 UTC        
 READ IN fields at DATE: 1998-04-10 06:00:00 UTC        
 READ IN fields at DATE: 1998-04-10 12:00:00 UTC        
 READ IN fields at DATE: 1998-04-10 18:00:00 UTC        
 READ IN fields at DATE: 1998-04-11 00:00:00 UTC        
 READ IN fields at DATE: 1998-04-11 06:00:00 UTC        
 READ IN fields at DATE: 1998-04-11 12:00:00 UTC        
 READ IN fields at DATE: 1998-04-11 18:00:00 UTC        
 READ IN fields at DATE: 1998-04-12 00:00:00 UTC        
 READ IN fields at DATE: 1998-04-12 06:00:00 UTC        
 READ IN fields at DATE: 1998-04-12 12:00:00 UTC        
 READ IN fields at DATE: 1998-04-12 18:00:00 UTC        
 READ IN fields at DATE: 1998-04-13 00:00:00 UTC        
 READ IN fields at DATE: 1998-04-13 06:00:00 UTC        
 READ IN fields at DATE: 1998-04-13 12:00:00 UTC        
 READ IN fields at DATE: 1998-04-13 18:00:00 UTC        
 READ IN fields at DATE: 1998-04-14 00:00:00 UTC        
 READ IN fields at DATE: 1998-04-14 06:00:00 UTC        
 READ IN fields at DATE: 1998-04-14 12:00:00 UTC        
 READ IN fields at DATE: 1998-04-14 18:00:00 UTC        
 READ IN fields at DATE: 1998-04-15 00:00:00 UTC        
 READ IN fields at DATE: 1998-04-15 06:00:00 UTC        
 READ IN fields at DATE: 1998-04-15 12:00:00 UTC        
 READ IN fields at DATE: 1998-04-15 18:00:00 UTC        
 READ IN fields at DATE: 1998-04-16 00:00:00 UTC        
 READ IN fields at DATE: 1998-04-16 06:00:00 UTC        
 READ IN fields at DATE: 1998-04-16 12:00:00 UTC        
 READ IN fields at DATE: 1998-04-16 18:00:00 UTC        
 READ IN fields at DATE: 1998-04-17 00:00:00 UTC        
 READ IN fields at DATE: 1998-04-17 06:00:00 UTC        
 READ IN fields at DATE: 1998-04-17 12:00:00 UTC        
 READ IN fields at DATE: 1998-04-17 18:00:00 UTC        
 READ IN fields at DATE: 1998-04-18 00:00:00 UTC        
 READ IN fields at DATE: 1998-04-18 06:00:00 UTC        
 READ IN fields at DATE: 1998-04-18 12:00:00 UTC        
 READ IN fields at DATE: 1998-04-18 18:00:00 UTC        
 READ IN fields at DATE: 1998-04-19 00:00:00 UTC        
 READ IN fields at DATE: 1998-04-19 06:00:00 UTC        
 READ IN fields at DATE: 1998-04-19 12:00:00 UTC        
 READ IN fields at DATE: 1998-04-19 18:00:00 UTC        
 READ IN fields at DATE: 1998-04-20 00:00:00 UTC        
 READ IN fields at DATE: 1998-04-20 06:00:00 UTC        
 READ IN fields at DATE: 1998-04-20 12:00:00 UTC        
 READ IN fields at DATE: 1998-04-20 18:00:00 UTC        
 READ IN fields at DATE: 1998-04-21 00:00:00 UTC        
 READ IN fields at DATE: 1998-04-21 06:00:00 UTC        
 READ IN fields at DATE: 1998-04-21 12:00:00 UTC        
 READ IN fields at DATE: 1998-04-21 18:00:00 UTC        
 READ IN fields at DATE: 1998-04-22 00:00:00 UTC        
 READ IN fields at DATE: 1998-04-22 06:00:00 UTC        
 READ IN fields at DATE: 1998-04-22 12:00:00 UTC        
 READ IN fields at DATE: 1998-04-22 18:00:00 UTC        
 READ IN fields at DATE: 1998-04-23 00:00:00 UTC        
 READ IN fields at DATE: 1998-04-23 06:00:00 UTC        
 READ IN fields at DATE: 1998-04-23 12:00:00 UTC        
 READ IN fields at DATE: 1998-04-23 18:00:00 UTC        
 READ IN fields at DATE: 1998-04-24 00:00:00 UTC        
 READ IN fields at DATE: 1998-04-24 06:00:00 UTC        
 READ IN fields at DATE: 1998-04-24 12:00:00 UTC        
 READ IN fields at DATE: 1998-04-24 18:00:00 UTC        
 READ IN fields at DATE: 1998-04-25 00:00:00 UTC        
 READ IN fields at DATE: 1998-04-25 06:00:00 UTC        
 READ IN fields at DATE: 1998-04-25 12:00:00 UTC        
 READ IN fields at DATE: 1998-04-25 18:00:00 UTC        
 READ IN fields at DATE: 1998-04-26 00:00:00 UTC        
 READ IN fields at DATE: 1998-04-26 06:00:00 UTC        
 READ IN fields at DATE: 1998-04-26 12:00:00 UTC        
 READ IN fields at DATE: 1998-04-26 18:00:00 UTC        
 READ IN fields at DATE: 1998-04-27 00:00:00 UTC        
 READ IN fields at DATE: 1998-04-27 06:00:00 UTC        
 READ IN fields at DATE: 1998-04-27 12:00:00 UTC        
 READ IN fields at DATE: 1998-04-27 18:00:00 UTC        
 READ IN fields at DATE: 1998-04-28 00:00:00 UTC        
 READ IN fields at DATE: 1998-04-28 06:00:00 UTC        
 READ IN fields at DATE: 1998-04-28 12:00:00 UTC        
 READ IN fields at DATE: 1998-04-28 18:00:00 UTC        
 READ IN fields at DATE: 1998-04-29 00:00:00 UTC        
 READ IN fields at DATE: 1998-04-29 06:00:00 UTC        
 READ IN fields at DATE: 1998-04-29 12:00:00 UTC        
 READ IN fields at DATE: 1998-04-29 18:00:00 UTC        
 READ IN fields at DATE: 1998-04-30 00:00:00 UTC        
 READ IN fields at DATE: 1998-04-30 06:00:00 UTC        
 READ IN fields at DATE: 1998-04-30 12:00:00 UTC        
 READ IN fields at DATE: 1998-04-30 18:00:00 UTC        
      131072 /leonardo_work/ICT26_ESP/RCMDATA//ERA5/1998/tatm_1998_05.nc
  2.153555491528958E-003   251.417433659266     
      196608 /leonardo_work/ICT26_ESP/RCMDATA//ERA5/1998/geop_1998_05.nc
   7.52931782699174        240660.092762962     
      262144 /leonardo_work/ICT26_ESP/RCMDATA//ERA5/1998/qhum_1998_05.nc
  4.236260417494502E-007  1.373976866545548E-002
      327680 /leonardo_work/ICT26_ESP/RCMDATA//ERA5/1998/uwnd_1998_05.nc
  3.087556231360774E-003   39.8921787560640     
      393216 /leonardo_work/ICT26_ESP/RCMDATA//ERA5/1998/vwnd_1998_05.nc
  2.722847818784405E-003  8.723873478201405E-002
 READ IN fields at DATE: 1998-05-01 00:00:00 UTC        
 READ IN fields at DATE: 1998-05-01 06:00:00 UTC        
 READ IN fields at DATE: 1998-05-01 12:00:00 UTC        
 READ IN fields at DATE: 1998-05-01 18:00:00 UTC        
 READ IN fields at DATE: 1998-05-02 00:00:00 UTC        
 READ IN fields at DATE: 1998-05-02 06:00:00 UTC        
 READ IN fields at DATE: 1998-05-02 12:00:00 UTC        
 READ IN fields at DATE: 1998-05-02 18:00:00 UTC        
 READ IN fields at DATE: 1998-05-03 00:00:00 UTC        
 READ IN fields at DATE: 1998-05-03 06:00:00 UTC        
 READ IN fields at DATE: 1998-05-03 12:00:00 UTC        
 READ IN fields at DATE: 1998-05-03 18:00:00 UTC        
 READ IN fields at DATE: 1998-05-04 00:00:00 UTC        
 READ IN fields at DATE: 1998-05-04 06:00:00 UTC        
 READ IN fields at DATE: 1998-05-04 12:00:00 UTC        
 READ IN fields at DATE: 1998-05-04 18:00:00 UTC        
 READ IN fields at DATE: 1998-05-05 00:00:00 UTC        
 READ IN fields at DATE: 1998-05-05 06:00:00 UTC        
 READ IN fields at DATE: 1998-05-05 12:00:00 UTC        
 READ IN fields at DATE: 1998-05-05 18:00:00 UTC        
 READ IN fields at DATE: 1998-05-06 00:00:00 UTC        
 READ IN fields at DATE: 1998-05-06 06:00:00 UTC        
 READ IN fields at DATE: 1998-05-06 12:00:00 UTC        
 READ IN fields at DATE: 1998-05-06 18:00:00 UTC        
 READ IN fields at DATE: 1998-05-07 00:00:00 UTC        
 READ IN fields at DATE: 1998-05-07 06:00:00 UTC        
 READ IN fields at DATE: 1998-05-07 12:00:00 UTC        
 READ IN fields at DATE: 1998-05-07 18:00:00 UTC        
 READ IN fields at DATE: 1998-05-08 00:00:00 UTC        
 READ IN fields at DATE: 1998-05-08 06:00:00 UTC        
 READ IN fields at DATE: 1998-05-08 12:00:00 UTC        
 READ IN fields at DATE: 1998-05-08 18:00:00 UTC        
 READ IN fields at DATE: 1998-05-09 00:00:00 UTC        
 READ IN fields at DATE: 1998-05-09 06:00:00 UTC        
 READ IN fields at DATE: 1998-05-09 12:00:00 UTC        
 READ IN fields at DATE: 1998-05-09 18:00:00 UTC        
 READ IN fields at DATE: 1998-05-10 00:00:00 UTC        
 READ IN fields at DATE: 1998-05-10 06:00:00 UTC        
 READ IN fields at DATE: 1998-05-10 12:00:00 UTC        
 READ IN fields at DATE: 1998-05-10 18:00:00 UTC        
 READ IN fields at DATE: 1998-05-11 00:00:00 UTC        
 READ IN fields at DATE: 1998-05-11 06:00:00 UTC        
 READ IN fields at DATE: 1998-05-11 12:00:00 UTC        
 READ IN fields at DATE: 1998-05-11 18:00:00 UTC        
 READ IN fields at DATE: 1998-05-12 00:00:00 UTC        
 READ IN fields at DATE: 1998-05-12 06:00:00 UTC        
 READ IN fields at DATE: 1998-05-12 12:00:00 UTC        
 READ IN fields at DATE: 1998-05-12 18:00:00 UTC        
 READ IN fields at DATE: 1998-05-13 00:00:00 UTC        
 READ IN fields at DATE: 1998-05-13 06:00:00 UTC        
 READ IN fields at DATE: 1998-05-13 12:00:00 UTC        
 READ IN fields at DATE: 1998-05-13 18:00:00 UTC        
 READ IN fields at DATE: 1998-05-14 00:00:00 UTC        
 READ IN fields at DATE: 1998-05-14 06:00:00 UTC        
 READ IN fields at DATE: 1998-05-14 12:00:00 UTC        
 READ IN fields at DATE: 1998-05-14 18:00:00 UTC        
 READ IN fields at DATE: 1998-05-15 00:00:00 UTC        
 READ IN fields at DATE: 1998-05-15 06:00:00 UTC        
 READ IN fields at DATE: 1998-05-15 12:00:00 UTC        
 READ IN fields at DATE: 1998-05-15 18:00:00 UTC        
 READ IN fields at DATE: 1998-05-16 00:00:00 UTC        
 READ IN fields at DATE: 1998-05-16 06:00:00 UTC        
 READ IN fields at DATE: 1998-05-16 12:00:00 UTC        
 READ IN fields at DATE: 1998-05-16 18:00:00 UTC        
 READ IN fields at DATE: 1998-05-17 00:00:00 UTC        
 READ IN fields at DATE: 1998-05-17 06:00:00 UTC        
 READ IN fields at DATE: 1998-05-17 12:00:00 UTC        
 READ IN fields at DATE: 1998-05-17 18:00:00 UTC        
 READ IN fields at DATE: 1998-05-18 00:00:00 UTC        
 READ IN fields at DATE: 1998-05-18 06:00:00 UTC        
 READ IN fields at DATE: 1998-05-18 12:00:00 UTC        
 READ IN fields at DATE: 1998-05-18 18:00:00 UTC        
 READ IN fields at DATE: 1998-05-19 00:00:00 UTC        
 READ IN fields at DATE: 1998-05-19 06:00:00 UTC        
 READ IN fields at DATE: 1998-05-19 12:00:00 UTC        
 READ IN fields at DATE: 1998-05-19 18:00:00 UTC        
 READ IN fields at DATE: 1998-05-20 00:00:00 UTC        
 READ IN fields at DATE: 1998-05-20 06:00:00 UTC        
 READ IN fields at DATE: 1998-05-20 12:00:00 UTC        
 READ IN fields at DATE: 1998-05-20 18:00:00 UTC        
 READ IN fields at DATE: 1998-05-21 00:00:00 UTC        
 READ IN fields at DATE: 1998-05-21 06:00:00 UTC        
 READ IN fields at DATE: 1998-05-21 12:00:00 UTC        
 READ IN fields at DATE: 1998-05-21 18:00:00 UTC        
 READ IN fields at DATE: 1998-05-22 00:00:00 UTC        
 READ IN fields at DATE: 1998-05-22 06:00:00 UTC        
 READ IN fields at DATE: 1998-05-22 12:00:00 UTC        
 READ IN fields at DATE: 1998-05-22 18:00:00 UTC        
 READ IN fields at DATE: 1998-05-23 00:00:00 UTC        
 READ IN fields at DATE: 1998-05-23 06:00:00 UTC        
 READ IN fields at DATE: 1998-05-23 12:00:00 UTC        
 READ IN fields at DATE: 1998-05-23 18:00:00 UTC        
 READ IN fields at DATE: 1998-05-24 00:00:00 UTC        
 READ IN fields at DATE: 1998-05-24 06:00:00 UTC        
 READ IN fields at DATE: 1998-05-24 12:00:00 UTC        
 READ IN fields at DATE: 1998-05-24 18:00:00 UTC        
 READ IN fields at DATE: 1998-05-25 00:00:00 UTC        
 READ IN fields at DATE: 1998-05-25 06:00:00 UTC        
 READ IN fields at DATE: 1998-05-25 12:00:00 UTC        
 READ IN fields at DATE: 1998-05-25 18:00:00 UTC        
 READ IN fields at DATE: 1998-05-26 00:00:00 UTC        
 READ IN fields at DATE: 1998-05-26 06:00:00 UTC        
 READ IN fields at DATE: 1998-05-26 12:00:00 UTC        
 READ IN fields at DATE: 1998-05-26 18:00:00 UTC        
 READ IN fields at DATE: 1998-05-27 00:00:00 UTC        
 READ IN fields at DATE: 1998-05-27 06:00:00 UTC        
 READ IN fields at DATE: 1998-05-27 12:00:00 UTC        
 READ IN fields at DATE: 1998-05-27 18:00:00 UTC        
 READ IN fields at DATE: 1998-05-28 00:00:00 UTC        
 READ IN fields at DATE: 1998-05-28 06:00:00 UTC        
 READ IN fields at DATE: 1998-05-28 12:00:00 UTC        
 READ IN fields at DATE: 1998-05-28 18:00:00 UTC        
 READ IN fields at DATE: 1998-05-29 00:00:00 UTC        
 READ IN fields at DATE: 1998-05-29 06:00:00 UTC        
 READ IN fields at DATE: 1998-05-29 12:00:00 UTC        
 READ IN fields at DATE: 1998-05-29 18:00:00 UTC        
 READ IN fields at DATE: 1998-05-30 00:00:00 UTC        
 READ IN fields at DATE: 1998-05-30 06:00:00 UTC        
 READ IN fields at DATE: 1998-05-30 12:00:00 UTC        
 READ IN fields at DATE: 1998-05-30 18:00:00 UTC        
 READ IN fields at DATE: 1998-05-31 00:00:00 UTC        
 READ IN fields at DATE: 1998-05-31 06:00:00 UTC        
 READ IN fields at DATE: 1998-05-31 12:00:00 UTC        
 READ IN fields at DATE: 1998-05-31 18:00:00 UTC        
      131072 /leonardo_work/ICT26_ESP/RCMDATA//ERA5/1998/tatm_1998_06.nc
  2.210237912474083E-003   249.654908369813     
      196608 /leonardo_work/ICT26_ESP/RCMDATA//ERA5/1998/geop_1998_06.nc
   7.62185016756825        243908.085559291     
      262144 /leonardo_work/ICT26_ESP/RCMDATA//ERA5/1998/qhum_1998_06.nc
  4.415794882021373E-007  1.440302644969876E-002
      327680 /leonardo_work/ICT26_ESP/RCMDATA//ERA5/1998/uwnd_1998_06.nc
  4.167109561869116E-003   66.3526832909222     
      393216 /leonardo_work/ICT26_ESP/RCMDATA//ERA5/1998/vwnd_1998_06.nc
  2.692474369425519E-003   4.56510578918247     
 READ IN fields at DATE: 1998-06-01 00:00:00 UTC        
 READ IN fields at DATE: 1998-06-01 06:00:00 UTC        
 READ IN fields at DATE: 1998-06-01 12:00:00 UTC        
 READ IN fields at DATE: 1998-06-01 18:00:00 UTC        
 READ IN fields at DATE: 1998-06-02 00:00:00 UTC        
 READ IN fields at DATE: 1998-06-02 06:00:00 UTC        
 READ IN fields at DATE: 1998-06-02 12:00:00 UTC        
 READ IN fields at DATE: 1998-06-02 18:00:00 UTC        
 READ IN fields at DATE: 1998-06-03 00:00:00 UTC        
 READ IN fields at DATE: 1998-06-03 06:00:00 UTC        
 READ IN fields at DATE: 1998-06-03 12:00:00 UTC        
 READ IN fields at DATE: 1998-06-03 18:00:00 UTC        
 READ IN fields at DATE: 1998-06-04 00:00:00 UTC        
 READ IN fields at DATE: 1998-06-04 06:00:00 UTC        
 READ IN fields at DATE: 1998-06-04 12:00:00 UTC        
 READ IN fields at DATE: 1998-06-04 18:00:00 UTC        
 READ IN fields at DATE: 1998-06-05 00:00:00 UTC        
 READ IN fields at DATE: 1998-06-05 06:00:00 UTC        
 READ IN fields at DATE: 1998-06-05 12:00:00 UTC        
 READ IN fields at DATE: 1998-06-05 18:00:00 UTC        
 READ IN fields at DATE: 1998-06-06 00:00:00 UTC        
 READ IN fields at DATE: 1998-06-06 06:00:00 UTC        
 READ IN fields at DATE: 1998-06-06 12:00:00 UTC        
 READ IN fields at DATE: 1998-06-06 18:00:00 UTC        
 READ IN fields at DATE: 1998-06-07 00:00:00 UTC        
 READ IN fields at DATE: 1998-06-07 06:00:00 UTC        
 READ IN fields at DATE: 1998-06-07 12:00:00 UTC        
 READ IN fields at DATE: 1998-06-07 18:00:00 UTC        
 READ IN fields at DATE: 1998-06-08 00:00:00 UTC        
 READ IN fields at DATE: 1998-06-08 06:00:00 UTC        
 READ IN fields at DATE: 1998-06-08 12:00:00 UTC        
 READ IN fields at DATE: 1998-06-08 18:00:00 UTC        
 READ IN fields at DATE: 1998-06-09 00:00:00 UTC        
 READ IN fields at DATE: 1998-06-09 06:00:00 UTC        
 READ IN fields at DATE: 1998-06-09 12:00:00 UTC        
 READ IN fields at DATE: 1998-06-09 18:00:00 UTC        
 READ IN fields at DATE: 1998-06-10 00:00:00 UTC        
 READ IN fields at DATE: 1998-06-10 06:00:00 UTC        
 READ IN fields at DATE: 1998-06-10 12:00:00 UTC        
 READ IN fields at DATE: 1998-06-10 18:00:00 UTC        
 READ IN fields at DATE: 1998-06-11 00:00:00 UTC        
 READ IN fields at DATE: 1998-06-11 06:00:00 UTC        
 READ IN fields at DATE: 1998-06-11 12:00:00 UTC        
 READ IN fields at DATE: 1998-06-11 18:00:00 UTC        
 READ IN fields at DATE: 1998-06-12 00:00:00 UTC        
 READ IN fields at DATE: 1998-06-12 06:00:00 UTC        
 READ IN fields at DATE: 1998-06-12 12:00:00 UTC        
 READ IN fields at DATE: 1998-06-12 18:00:00 UTC        
 READ IN fields at DATE: 1998-06-13 00:00:00 UTC        
 READ IN fields at DATE: 1998-06-13 06:00:00 UTC        
 READ IN fields at DATE: 1998-06-13 12:00:00 UTC        
 READ IN fields at DATE: 1998-06-13 18:00:00 UTC        
 READ IN fields at DATE: 1998-06-14 00:00:00 UTC        
 READ IN fields at DATE: 1998-06-14 06:00:00 UTC        
 READ IN fields at DATE: 1998-06-14 12:00:00 UTC        
 READ IN fields at DATE: 1998-06-14 18:00:00 UTC        
 READ IN fields at DATE: 1998-06-15 00:00:00 UTC        
 READ IN fields at DATE: 1998-06-15 06:00:00 UTC        
 READ IN fields at DATE: 1998-06-15 12:00:00 UTC        
 READ IN fields at DATE: 1998-06-15 18:00:00 UTC        
 READ IN fields at DATE: 1998-06-16 00:00:00 UTC        
 READ IN fields at DATE: 1998-06-16 06:00:00 UTC        
 READ IN fields at DATE: 1998-06-16 12:00:00 UTC        
 READ IN fields at DATE: 1998-06-16 18:00:00 UTC        
 READ IN fields at DATE: 1998-06-17 00:00:00 UTC        
 READ IN fields at DATE: 1998-06-17 06:00:00 UTC        
 READ IN fields at DATE: 1998-06-17 12:00:00 UTC        
 READ IN fields at DATE: 1998-06-17 18:00:00 UTC        
 READ IN fields at DATE: 1998-06-18 00:00:00 UTC        
 READ IN fields at DATE: 1998-06-18 06:00:00 UTC        
 READ IN fields at DATE: 1998-06-18 12:00:00 UTC        
 READ IN fields at DATE: 1998-06-18 18:00:00 UTC        
 READ IN fields at DATE: 1998-06-19 00:00:00 UTC        
 READ IN fields at DATE: 1998-06-19 06:00:00 UTC        
 READ IN fields at DATE: 1998-06-19 12:00:00 UTC        
 READ IN fields at DATE: 1998-06-19 18:00:00 UTC        
 READ IN fields at DATE: 1998-06-20 00:00:00 UTC        
 READ IN fields at DATE: 1998-06-20 06:00:00 UTC        
 READ IN fields at DATE: 1998-06-20 12:00:00 UTC        
 READ IN fields at DATE: 1998-06-20 18:00:00 UTC        
 READ IN fields at DATE: 1998-06-21 00:00:00 UTC        
 READ IN fields at DATE: 1998-06-21 06:00:00 UTC        
 READ IN fields at DATE: 1998-06-21 12:00:00 UTC        
 READ IN fields at DATE: 1998-06-21 18:00:00 UTC        
 READ IN fields at DATE: 1998-06-22 00:00:00 UTC        
 READ IN fields at DATE: 1998-06-22 06:00:00 UTC        
 READ IN fields at DATE: 1998-06-22 12:00:00 UTC        
 READ IN fields at DATE: 1998-06-22 18:00:00 UTC        
 READ IN fields at DATE: 1998-06-23 00:00:00 UTC        
 READ IN fields at DATE: 1998-06-23 06:00:00 UTC        
 READ IN fields at DATE: 1998-06-23 12:00:00 UTC        
 READ IN fields at DATE: 1998-06-23 18:00:00 UTC        
 READ IN fields at DATE: 1998-06-24 00:00:00 UTC        
 READ IN fields at DATE: 1998-06-24 06:00:00 UTC        
 READ IN fields at DATE: 1998-06-24 12:00:00 UTC        
 READ IN fields at DATE: 1998-06-24 18:00:00 UTC        
 READ IN fields at DATE: 1998-06-25 00:00:00 UTC        
 READ IN fields at DATE: 1998-06-25 06:00:00 UTC        
 READ IN fields at DATE: 1998-06-25 12:00:00 UTC        
 READ IN fields at DATE: 1998-06-25 18:00:00 UTC        
 READ IN fields at DATE: 1998-06-26 00:00:00 UTC        
 READ IN fields at DATE: 1998-06-26 06:00:00 UTC        
 READ IN fields at DATE: 1998-06-26 12:00:00 UTC        
 READ IN fields at DATE: 1998-06-26 18:00:00 UTC        
 READ IN fields at DATE: 1998-06-27 00:00:00 UTC        
 READ IN fields at DATE: 1998-06-27 06:00:00 UTC        
 READ IN fields at DATE: 1998-06-27 12:00:00 UTC        
 READ IN fields at DATE: 1998-06-27 18:00:00 UTC        
 READ IN fields at DATE: 1998-06-28 00:00:00 UTC        
 READ IN fields at DATE: 1998-06-28 06:00:00 UTC        
 READ IN fields at DATE: 1998-06-28 12:00:00 UTC        
 READ IN fields at DATE: 1998-06-28 18:00:00 UTC        
 READ IN fields at DATE: 1998-06-29 00:00:00 UTC        
 READ IN fields at DATE: 1998-06-29 06:00:00 UTC        
 READ IN fields at DATE: 1998-06-29 12:00:00 UTC        
 READ IN fields at DATE: 1998-06-29 18:00:00 UTC        
 READ IN fields at DATE: 1998-06-30 00:00:00 UTC        
 READ IN fields at DATE: 1998-06-30 06:00:00 UTC        
 READ IN fields at DATE: 1998-06-30 12:00:00 UTC        
 READ IN fields at DATE: 1998-06-30 18:00:00 UTC        
      131072 /leonardo_work/ICT26_ESP/RCMDATA//ERA5/1998/tatm_1998_07.nc
  2.271351769084254E-003   251.675721318744     
      196608 /leonardo_work/ICT26_ESP/RCMDATA//ERA5/1998/geop_1998_07.nc
   7.64001801811683        243787.529600366     
      262144 /leonardo_work/ICT26_ESP/RCMDATA//ERA5/1998/qhum_1998_07.nc
  4.737438262033612E-007  1.547924082440409E-002
      327680 /leonardo_work/ICT26_ESP/RCMDATA//ERA5/1998/uwnd_1998_07.nc
  4.421464003435053E-003   57.6958025736623     
      393216 /leonardo_work/ICT26_ESP/RCMDATA//ERA5/1998/vwnd_1998_07.nc
  2.869481491627429E-003  -6.45256846877316     
 READ IN fields at DATE: 1998-07-01 00:00:00 UTC        
 READ IN fields at DATE: 1998-07-01 06:00:00 UTC        
 READ IN fields at DATE: 1998-07-01 12:00:00 UTC        
 READ IN fields at DATE: 1998-07-01 18:00:00 UTC        
 READ IN fields at DATE: 1998-07-02 00:00:00 UTC        
 READ IN fields at DATE: 1998-07-02 06:00:00 UTC        
 READ IN fields at DATE: 1998-07-02 12:00:00 UTC        
 READ IN fields at DATE: 1998-07-02 18:00:00 UTC        
 READ IN fields at DATE: 1998-07-03 00:00:00 UTC        
 READ IN fields at DATE: 1998-07-03 06:00:00 UTC        
 READ IN fields at DATE: 1998-07-03 12:00:00 UTC        
 READ IN fields at DATE: 1998-07-03 18:00:00 UTC        
 READ IN fields at DATE: 1998-07-04 00:00:00 UTC        
 READ IN fields at DATE: 1998-07-04 06:00:00 UTC        
 READ IN fields at DATE: 1998-07-04 12:00:00 UTC        
 READ IN fields at DATE: 1998-07-04 18:00:00 UTC        
 READ IN fields at DATE: 1998-07-05 00:00:00 UTC        
 READ IN fields at DATE: 1998-07-05 06:00:00 UTC        
 READ IN fields at DATE: 1998-07-05 12:00:00 UTC        
 READ IN fields at DATE: 1998-07-05 18:00:00 UTC        
 READ IN fields at DATE: 1998-07-06 00:00:00 UTC        
 READ IN fields at DATE: 1998-07-06 06:00:00 UTC        
 READ IN fields at DATE: 1998-07-06 12:00:00 UTC        
 READ IN fields at DATE: 1998-07-06 18:00:00 UTC        
 READ IN fields at DATE: 1998-07-07 00:00:00 UTC        
 READ IN fields at DATE: 1998-07-07 06:00:00 UTC        
 READ IN fields at DATE: 1998-07-07 12:00:00 UTC        
 READ IN fields at DATE: 1998-07-07 18:00:00 UTC        
 READ IN fields at DATE: 1998-07-08 00:00:00 UTC        
 READ IN fields at DATE: 1998-07-08 06:00:00 UTC        
 READ IN fields at DATE: 1998-07-08 12:00:00 UTC        
 READ IN fields at DATE: 1998-07-08 18:00:00 UTC        
 READ IN fields at DATE: 1998-07-09 00:00:00 UTC        
 READ IN fields at DATE: 1998-07-09 06:00:00 UTC        
 READ IN fields at DATE: 1998-07-09 12:00:00 UTC        
 READ IN fields at DATE: 1998-07-09 18:00:00 UTC        
 READ IN fields at DATE: 1998-07-10 00:00:00 UTC        
 READ IN fields at DATE: 1998-07-10 06:00:00 UTC        
 READ IN fields at DATE: 1998-07-10 12:00:00 UTC        
 READ IN fields at DATE: 1998-07-10 18:00:00 UTC        
 READ IN fields at DATE: 1998-07-11 00:00:00 UTC        
 READ IN fields at DATE: 1998-07-11 06:00:00 UTC        
 READ IN fields at DATE: 1998-07-11 12:00:00 UTC        
 READ IN fields at DATE: 1998-07-11 18:00:00 UTC        
 READ IN fields at DATE: 1998-07-12 00:00:00 UTC        
 READ IN fields at DATE: 1998-07-12 06:00:00 UTC        
 READ IN fields at DATE: 1998-07-12 12:00:00 UTC        
 READ IN fields at DATE: 1998-07-12 18:00:00 UTC        
 READ IN fields at DATE: 1998-07-13 00:00:00 UTC        
 READ IN fields at DATE: 1998-07-13 06:00:00 UTC        
 READ IN fields at DATE: 1998-07-13 12:00:00 UTC        
 READ IN fields at DATE: 1998-07-13 18:00:00 UTC        
 READ IN fields at DATE: 1998-07-14 00:00:00 UTC        
 READ IN fields at DATE: 1998-07-14 06:00:00 UTC        
 READ IN fields at DATE: 1998-07-14 12:00:00 UTC        
 READ IN fields at DATE: 1998-07-14 18:00:00 UTC        
 READ IN fields at DATE: 1998-07-15 00:00:00 UTC        
 READ IN fields at DATE: 1998-07-15 06:00:00 UTC        
 READ IN fields at DATE: 1998-07-15 12:00:00 UTC        
 READ IN fields at DATE: 1998-07-15 18:00:00 UTC        
 READ IN fields at DATE: 1998-07-16 00:00:00 UTC        
 READ IN fields at DATE: 1998-07-16 06:00:00 UTC        
 READ IN fields at DATE: 1998-07-16 12:00:00 UTC        
 READ IN fields at DATE: 1998-07-16 18:00:00 UTC        
 READ IN fields at DATE: 1998-07-17 00:00:00 UTC        
 READ IN fields at DATE: 1998-07-17 06:00:00 UTC        
 READ IN fields at DATE: 1998-07-17 12:00:00 UTC        
 READ IN fields at DATE: 1998-07-17 18:00:00 UTC        
 READ IN fields at DATE: 1998-07-18 00:00:00 UTC        
 READ IN fields at DATE: 1998-07-18 06:00:00 UTC        
 READ IN fields at DATE: 1998-07-18 12:00:00 UTC        
 READ IN fields at DATE: 1998-07-18 18:00:00 UTC        
 READ IN fields at DATE: 1998-07-19 00:00:00 UTC        
 READ IN fields at DATE: 1998-07-19 06:00:00 UTC        
 READ IN fields at DATE: 1998-07-19 12:00:00 UTC        
 READ IN fields at DATE: 1998-07-19 18:00:00 UTC        
 READ IN fields at DATE: 1998-07-20 00:00:00 UTC        
 READ IN fields at DATE: 1998-07-20 06:00:00 UTC        
 READ IN fields at DATE: 1998-07-20 12:00:00 UTC        
 READ IN fields at DATE: 1998-07-20 18:00:00 UTC        
 READ IN fields at DATE: 1998-07-21 00:00:00 UTC        
 READ IN fields at DATE: 1998-07-21 06:00:00 UTC        
 READ IN fields at DATE: 1998-07-21 12:00:00 UTC        
 READ IN fields at DATE: 1998-07-21 18:00:00 UTC        
 READ IN fields at DATE: 1998-07-22 00:00:00 UTC        
 READ IN fields at DATE: 1998-07-22 06:00:00 UTC        
 READ IN fields at DATE: 1998-07-22 12:00:00 UTC        
 READ IN fields at DATE: 1998-07-22 18:00:00 UTC        
 READ IN fields at DATE: 1998-07-23 00:00:00 UTC        
 READ IN fields at DATE: 1998-07-23 06:00:00 UTC        
 READ IN fields at DATE: 1998-07-23 12:00:00 UTC        
 READ IN fields at DATE: 1998-07-23 18:00:00 UTC        
 READ IN fields at DATE: 1998-07-24 00:00:00 UTC        
 READ IN fields at DATE: 1998-07-24 06:00:00 UTC        
 READ IN fields at DATE: 1998-07-24 12:00:00 UTC        
 READ IN fields at DATE: 1998-07-24 18:00:00 UTC        
 READ IN fields at DATE: 1998-07-25 00:00:00 UTC        
 READ IN fields at DATE: 1998-07-25 06:00:00 UTC        
 READ IN fields at DATE: 1998-07-25 12:00:00 UTC        
 READ IN fields at DATE: 1998-07-25 18:00:00 UTC        
 READ IN fields at DATE: 1998-07-26 00:00:00 UTC        
 READ IN fields at DATE: 1998-07-26 06:00:00 UTC        
 READ IN fields at DATE: 1998-07-26 12:00:00 UTC        
 READ IN fields at DATE: 1998-07-26 18:00:00 UTC        
 READ IN fields at DATE: 1998-07-27 00:00:00 UTC        
 READ IN fields at DATE: 1998-07-27 06:00:00 UTC        
 READ IN fields at DATE: 1998-07-27 12:00:00 UTC        
 READ IN fields at DATE: 1998-07-27 18:00:00 UTC        
 READ IN fields at DATE: 1998-07-28 00:00:00 UTC        
 READ IN fields at DATE: 1998-07-28 06:00:00 UTC        
 READ IN fields at DATE: 1998-07-28 12:00:00 UTC        
 READ IN fields at DATE: 1998-07-28 18:00:00 UTC        
 READ IN fields at DATE: 1998-07-29 00:00:00 UTC        
 READ IN fields at DATE: 1998-07-29 06:00:00 UTC        
 READ IN fields at DATE: 1998-07-29 12:00:00 UTC        
 READ IN fields at DATE: 1998-07-29 18:00:00 UTC        
 READ IN fields at DATE: 1998-07-30 00:00:00 UTC        
 READ IN fields at DATE: 1998-07-30 06:00:00 UTC        
 READ IN fields at DATE: 1998-07-30 12:00:00 UTC        
 READ IN fields at DATE: 1998-07-30 18:00:00 UTC        
 READ IN fields at DATE: 1998-07-31 00:00:00 UTC        
 READ IN fields at DATE: 1998-07-31 06:00:00 UTC        
 READ IN fields at DATE: 1998-07-31 12:00:00 UTC        
 READ IN fields at DATE: 1998-07-31 18:00:00 UTC        
      131072 /leonardo_work/ICT26_ESP/RCMDATA//ERA5/1998/tatm_1998_08.nc
  2.406573191178490E-003   244.028459799342     
      196608 /leonardo_work/ICT26_ESP/RCMDATA//ERA5/1998/geop_1998_08.nc
   7.59009070334793        242218.060423398     
      262144 /leonardo_work/ICT26_ESP/RCMDATA//ERA5/1998/qhum_1998_08.nc
  4.774552782151112E-007  1.561217753004251E-002
      327680 /leonardo_work/ICT26_ESP/RCMDATA//ERA5/1998/uwnd_1998_08.nc
  3.903681294753216E-003   57.4101575343526     
      393216 /leonardo_work/ICT26_ESP/RCMDATA//ERA5/1998/vwnd_1998_08.nc
  2.576681691276366E-003  -2.00466816262298     
 READ IN fields at DATE: 1998-08-01 00:00:00 UTC        
 READ IN fields at DATE: 1998-08-01 06:00:00 UTC        
 READ IN fields at DATE: 1998-08-01 12:00:00 UTC        
 READ IN fields at DATE: 1998-08-01 18:00:00 UTC        
 READ IN fields at DATE: 1998-08-02 00:00:00 UTC        
 READ IN fields at DATE: 1998-08-02 06:00:00 UTC        
 READ IN fields at DATE: 1998-08-02 12:00:00 UTC        
 READ IN fields at DATE: 1998-08-02 18:00:00 UTC        
 READ IN fields at DATE: 1998-08-03 00:00:00 UTC        
 READ IN fields at DATE: 1998-08-03 06:00:00 UTC        
 READ IN fields at DATE: 1998-08-03 12:00:00 UTC        
 READ IN fields at DATE: 1998-08-03 18:00:00 UTC        
 READ IN fields at DATE: 1998-08-04 00:00:00 UTC        
 READ IN fields at DATE: 1998-08-04 06:00:00 UTC        
 READ IN fields at DATE: 1998-08-04 12:00:00 UTC        
 READ IN fields at DATE: 1998-08-04 18:00:00 UTC        
 READ IN fields at DATE: 1998-08-05 00:00:00 UTC        
 READ IN fields at DATE: 1998-08-05 06:00:00 UTC        
 READ IN fields at DATE: 1998-08-05 12:00:00 UTC        
 READ IN fields at DATE: 1998-08-05 18:00:00 UTC        
 READ IN fields at DATE: 1998-08-06 00:00:00 UTC        
 READ IN fields at DATE: 1998-08-06 06:00:00 UTC        
 READ IN fields at DATE: 1998-08-06 12:00:00 UTC        
 READ IN fields at DATE: 1998-08-06 18:00:00 UTC        
 READ IN fields at DATE: 1998-08-07 00:00:00 UTC        
 READ IN fields at DATE: 1998-08-07 06:00:00 UTC        
 READ IN fields at DATE: 1998-08-07 12:00:00 UTC        
 READ IN fields at DATE: 1998-08-07 18:00:00 UTC        
 READ IN fields at DATE: 1998-08-08 00:00:00 UTC        
 READ IN fields at DATE: 1998-08-08 06:00:00 UTC        
 READ IN fields at DATE: 1998-08-08 12:00:00 UTC        
 READ IN fields at DATE: 1998-08-08 18:00:00 UTC        
 READ IN fields at DATE: 1998-08-09 00:00:00 UTC        
 READ IN fields at DATE: 1998-08-09 06:00:00 UTC        
 READ IN fields at DATE: 1998-08-09 12:00:00 UTC        
 READ IN fields at DATE: 1998-08-09 18:00:00 UTC        
 READ IN fields at DATE: 1998-08-10 00:00:00 UTC        
 READ IN fields at DATE: 1998-08-10 06:00:00 UTC        
 READ IN fields at DATE: 1998-08-10 12:00:00 UTC        
 READ IN fields at DATE: 1998-08-10 18:00:00 UTC        
 READ IN fields at DATE: 1998-08-11 00:00:00 UTC        
 READ IN fields at DATE: 1998-08-11 06:00:00 UTC        
 READ IN fields at DATE: 1998-08-11 12:00:00 UTC        
 READ IN fields at DATE: 1998-08-11 18:00:00 UTC        
 READ IN fields at DATE: 1998-08-12 00:00:00 UTC        
 READ IN fields at DATE: 1998-08-12 06:00:00 UTC        
 READ IN fields at DATE: 1998-08-12 12:00:00 UTC        
 READ IN fields at DATE: 1998-08-12 18:00:00 UTC        
 READ IN fields at DATE: 1998-08-13 00:00:00 UTC        
 READ IN fields at DATE: 1998-08-13 06:00:00 UTC        
 READ IN fields at DATE: 1998-08-13 12:00:00 UTC        
 READ IN fields at DATE: 1998-08-13 18:00:00 UTC        
 READ IN fields at DATE: 1998-08-14 00:00:00 UTC        
 READ IN fields at DATE: 1998-08-14 06:00:00 UTC        
 READ IN fields at DATE: 1998-08-14 12:00:00 UTC        
 READ IN fields at DATE: 1998-08-14 18:00:00 UTC        
 READ IN fields at DATE: 1998-08-15 00:00:00 UTC        
 READ IN fields at DATE: 1998-08-15 06:00:00 UTC        
 READ IN fields at DATE: 1998-08-15 12:00:00 UTC        
 READ IN fields at DATE: 1998-08-15 18:00:00 UTC        
 READ IN fields at DATE: 1998-08-16 00:00:00 UTC        
 READ IN fields at DATE: 1998-08-16 06:00:00 UTC        
 READ IN fields at DATE: 1998-08-16 12:00:00 UTC        
 READ IN fields at DATE: 1998-08-16 18:00:00 UTC        
 READ IN fields at DATE: 1998-08-17 00:00:00 UTC        
 READ IN fields at DATE: 1998-08-17 06:00:00 UTC        
 READ IN fields at DATE: 1998-08-17 12:00:00 UTC        
 READ IN fields at DATE: 1998-08-17 18:00:00 UTC        
 READ IN fields at DATE: 1998-08-18 00:00:00 UTC        
 READ IN fields at DATE: 1998-08-18 06:00:00 UTC        
 READ IN fields at DATE: 1998-08-18 12:00:00 UTC        
 READ IN fields at DATE: 1998-08-18 18:00:00 UTC        
 READ IN fields at DATE: 1998-08-19 00:00:00 UTC        
 READ IN fields at DATE: 1998-08-19 06:00:00 UTC        
 READ IN fields at DATE: 1998-08-19 12:00:00 UTC        
 READ IN fields at DATE: 1998-08-19 18:00:00 UTC        
 READ IN fields at DATE: 1998-08-20 00:00:00 UTC        
 READ IN fields at DATE: 1998-08-20 06:00:00 UTC        
 READ IN fields at DATE: 1998-08-20 12:00:00 UTC        
 READ IN fields at DATE: 1998-08-20 18:00:00 UTC        
 READ IN fields at DATE: 1998-08-21 00:00:00 UTC        
 READ IN fields at DATE: 1998-08-21 06:00:00 UTC        
 READ IN fields at DATE: 1998-08-21 12:00:00 UTC        
 READ IN fields at DATE: 1998-08-21 18:00:00 UTC        
 READ IN fields at DATE: 1998-08-22 00:00:00 UTC        
 READ IN fields at DATE: 1998-08-22 06:00:00 UTC        
 READ IN fields at DATE: 1998-08-22 12:00:00 UTC        
 READ IN fields at DATE: 1998-08-22 18:00:00 UTC        
 READ IN fields at DATE: 1998-08-23 00:00:00 UTC        
 READ IN fields at DATE: 1998-08-23 06:00:00 UTC        
 READ IN fields at DATE: 1998-08-23 12:00:00 UTC        
 READ IN fields at DATE: 1998-08-23 18:00:00 UTC        
 READ IN fields at DATE: 1998-08-24 00:00:00 UTC        
 READ IN fields at DATE: 1998-08-24 06:00:00 UTC        
 READ IN fields at DATE: 1998-08-24 12:00:00 UTC        
 READ IN fields at DATE: 1998-08-24 18:00:00 UTC        
 READ IN fields at DATE: 1998-08-25 00:00:00 UTC        
 READ IN fields at DATE: 1998-08-25 06:00:00 UTC        
 READ IN fields at DATE: 1998-08-25 12:00:00 UTC        
 READ IN fields at DATE: 1998-08-25 18:00:00 UTC        
 READ IN fields at DATE: 1998-08-26 00:00:00 UTC        
 READ IN fields at DATE: 1998-08-26 06:00:00 UTC        
 READ IN fields at DATE: 1998-08-26 12:00:00 UTC        
 READ IN fields at DATE: 1998-08-26 18:00:00 UTC        
 READ IN fields at DATE: 1998-08-27 00:00:00 UTC        
 READ IN fields at DATE: 1998-08-27 06:00:00 UTC        
 READ IN fields at DATE: 1998-08-27 12:00:00 UTC        
 READ IN fields at DATE: 1998-08-27 18:00:00 UTC        
 READ IN fields at DATE: 1998-08-28 00:00:00 UTC        
 READ IN fields at DATE: 1998-08-28 06:00:00 UTC        
 READ IN fields at DATE: 1998-08-28 12:00:00 UTC        
 READ IN fields at DATE: 1998-08-28 18:00:00 UTC        
 READ IN fields at DATE: 1998-08-29 00:00:00 UTC        
 READ IN fields at DATE: 1998-08-29 06:00:00 UTC        
 READ IN fields at DATE: 1998-08-29 12:00:00 UTC        
 READ IN fields at DATE: 1998-08-29 18:00:00 UTC        
 READ IN fields at DATE: 1998-08-30 00:00:00 UTC        
 READ IN fields at DATE: 1998-08-30 06:00:00 UTC        
 READ IN fields at DATE: 1998-08-30 12:00:00 UTC        
 READ IN fields at DATE: 1998-08-30 18:00:00 UTC        
 READ IN fields at DATE: 1998-08-31 00:00:00 UTC        
 READ IN fields at DATE: 1998-08-31 06:00:00 UTC        
 READ IN fields at DATE: 1998-08-31 12:00:00 UTC        
 READ IN fields at DATE: 1998-08-31 18:00:00 UTC        
      131072 /leonardo_work/ICT26_ESP/RCMDATA//ERA5/1998/tatm_1998_09.nc
  2.284485648422121E-003   245.665056487645     
      196608 /leonardo_work/ICT26_ESP/RCMDATA//ERA5/1998/geop_1998_09.nc
   7.40399666246395        235656.428861044     
      262144 /leonardo_work/ICT26_ESP/RCMDATA//ERA5/1998/qhum_1998_09.nc
  4.496728823562076E-007  1.468215143742652E-002
      327680 /leonardo_work/ICT26_ESP/RCMDATA//ERA5/1998/uwnd_1998_09.nc
  3.761698626923291E-003   38.0974309792998     
      393216 /leonardo_work/ICT26_ESP/RCMDATA//ERA5/1998/vwnd_1998_09.nc
  3.012837690299520E-003   7.56821861777594     
 READ IN fields at DATE: 1998-09-01 00:00:00 UTC        
 READ IN fields at DATE: 1998-09-01 06:00:00 UTC        
 READ IN fields at DATE: 1998-09-01 12:00:00 UTC        
 READ IN fields at DATE: 1998-09-01 18:00:00 UTC        
 READ IN fields at DATE: 1998-09-02 00:00:00 UTC        
 READ IN fields at DATE: 1998-09-02 06:00:00 UTC        
 READ IN fields at DATE: 1998-09-02 12:00:00 UTC        
 READ IN fields at DATE: 1998-09-02 18:00:00 UTC        
 READ IN fields at DATE: 1998-09-03 00:00:00 UTC        
 READ IN fields at DATE: 1998-09-03 06:00:00 UTC        
 READ IN fields at DATE: 1998-09-03 12:00:00 UTC        
 READ IN fields at DATE: 1998-09-03 18:00:00 UTC        
 READ IN fields at DATE: 1998-09-04 00:00:00 UTC        
 READ IN fields at DATE: 1998-09-04 06:00:00 UTC        
 READ IN fields at DATE: 1998-09-04 12:00:00 UTC        
 READ IN fields at DATE: 1998-09-04 18:00:00 UTC        
 READ IN fields at DATE: 1998-09-05 00:00:00 UTC        
 READ IN fields at DATE: 1998-09-05 06:00:00 UTC        
 READ IN fields at DATE: 1998-09-05 12:00:00 UTC        
 READ IN fields at DATE: 1998-09-05 18:00:00 UTC        
 READ IN fields at DATE: 1998-09-06 00:00:00 UTC        
 READ IN fields at DATE: 1998-09-06 06:00:00 UTC        
 READ IN fields at DATE: 1998-09-06 12:00:00 UTC        
 READ IN fields at DATE: 1998-09-06 18:00:00 UTC        
 READ IN fields at DATE: 1998-09-07 00:00:00 UTC        
 READ IN fields at DATE: 1998-09-07 06:00:00 UTC        
 READ IN fields at DATE: 1998-09-07 12:00:00 UTC        
 READ IN fields at DATE: 1998-09-07 18:00:00 UTC        
 READ IN fields at DATE: 1998-09-08 00:00:00 UTC        
 READ IN fields at DATE: 1998-09-08 06:00:00 UTC        
 READ IN fields at DATE: 1998-09-08 12:00:00 UTC        
 READ IN fields at DATE: 1998-09-08 18:00:00 UTC        
 READ IN fields at DATE: 1998-09-09 00:00:00 UTC        
 READ IN fields at DATE: 1998-09-09 06:00:00 UTC        
 READ IN fields at DATE: 1998-09-09 12:00:00 UTC        
 READ IN fields at DATE: 1998-09-09 18:00:00 UTC        
 READ IN fields at DATE: 1998-09-10 00:00:00 UTC        
 READ IN fields at DATE: 1998-09-10 06:00:00 UTC        
 READ IN fields at DATE: 1998-09-10 12:00:00 UTC        
 READ IN fields at DATE: 1998-09-10 18:00:00 UTC        
 READ IN fields at DATE: 1998-09-11 00:00:00 UTC        
 READ IN fields at DATE: 1998-09-11 06:00:00 UTC        
 READ IN fields at DATE: 1998-09-11 12:00:00 UTC        
 READ IN fields at DATE: 1998-09-11 18:00:00 UTC        
 READ IN fields at DATE: 1998-09-12 00:00:00 UTC        
 READ IN fields at DATE: 1998-09-12 06:00:00 UTC        
 READ IN fields at DATE: 1998-09-12 12:00:00 UTC        
 READ IN fields at DATE: 1998-09-12 18:00:00 UTC        
 READ IN fields at DATE: 1998-09-13 00:00:00 UTC        
 READ IN fields at DATE: 1998-09-13 06:00:00 UTC        
 READ IN fields at DATE: 1998-09-13 12:00:00 UTC        
 READ IN fields at DATE: 1998-09-13 18:00:00 UTC        
 READ IN fields at DATE: 1998-09-14 00:00:00 UTC        
 READ IN fields at DATE: 1998-09-14 06:00:00 UTC        
 READ IN fields at DATE: 1998-09-14 12:00:00 UTC        
 READ IN fields at DATE: 1998-09-14 18:00:00 UTC        
 READ IN fields at DATE: 1998-09-15 00:00:00 UTC        
 READ IN fields at DATE: 1998-09-15 06:00:00 UTC        
 READ IN fields at DATE: 1998-09-15 12:00:00 UTC        
 READ IN fields at DATE: 1998-09-15 18:00:00 UTC        
 READ IN fields at DATE: 1998-09-16 00:00:00 UTC        
 READ IN fields at DATE: 1998-09-16 06:00:00 UTC        
 READ IN fields at DATE: 1998-09-16 12:00:00 UTC        
 READ IN fields at DATE: 1998-09-16 18:00:00 UTC        
 READ IN fields at DATE: 1998-09-17 00:00:00 UTC        
 READ IN fields at DATE: 1998-09-17 06:00:00 UTC        
 READ IN fields at DATE: 1998-09-17 12:00:00 UTC        
 READ IN fields at DATE: 1998-09-17 18:00:00 UTC        
 READ IN fields at DATE: 1998-09-18 00:00:00 UTC        
 READ IN fields at DATE: 1998-09-18 06:00:00 UTC        
 READ IN fields at DATE: 1998-09-18 12:00:00 UTC        
 READ IN fields at DATE: 1998-09-18 18:00:00 UTC        
 READ IN fields at DATE: 1998-09-19 00:00:00 UTC        
 READ IN fields at DATE: 1998-09-19 06:00:00 UTC        
 READ IN fields at DATE: 1998-09-19 12:00:00 UTC        
 READ IN fields at DATE: 1998-09-19 18:00:00 UTC        
 READ IN fields at DATE: 1998-09-20 00:00:00 UTC        
 READ IN fields at DATE: 1998-09-20 06:00:00 UTC        
 READ IN fields at DATE: 1998-09-20 12:00:00 UTC        
 READ IN fields at DATE: 1998-09-20 18:00:00 UTC        
 READ IN fields at DATE: 1998-09-21 00:00:00 UTC        
 READ IN fields at DATE: 1998-09-21 06:00:00 UTC        
 READ IN fields at DATE: 1998-09-21 12:00:00 UTC        
 READ IN fields at DATE: 1998-09-21 18:00:00 UTC        
 READ IN fields at DATE: 1998-09-22 00:00:00 UTC        
 READ IN fields at DATE: 1998-09-22 06:00:00 UTC        
 READ IN fields at DATE: 1998-09-22 12:00:00 UTC        
 READ IN fields at DATE: 1998-09-22 18:00:00 UTC        
 READ IN fields at DATE: 1998-09-23 00:00:00 UTC        
 READ IN fields at DATE: 1998-09-23 06:00:00 UTC        
 READ IN fields at DATE: 1998-09-23 12:00:00 UTC        
 READ IN fields at DATE: 1998-09-23 18:00:00 UTC        
 READ IN fields at DATE: 1998-09-24 00:00:00 UTC        
 READ IN fields at DATE: 1998-09-24 06:00:00 UTC        
 READ IN fields at DATE: 1998-09-24 12:00:00 UTC        
 READ IN fields at DATE: 1998-09-24 18:00:00 UTC        
 READ IN fields at DATE: 1998-09-25 00:00:00 UTC        
 READ IN fields at DATE: 1998-09-25 06:00:00 UTC        
 READ IN fields at DATE: 1998-09-25 12:00:00 UTC        
 READ IN fields at DATE: 1998-09-25 18:00:00 UTC        
 READ IN fields at DATE: 1998-09-26 00:00:00 UTC        
 READ IN fields at DATE: 1998-09-26 06:00:00 UTC        
 READ IN fields at DATE: 1998-09-26 12:00:00 UTC        
 READ IN fields at DATE: 1998-09-26 18:00:00 UTC        
 READ IN fields at DATE: 1998-09-27 00:00:00 UTC        
 READ IN fields at DATE: 1998-09-27 06:00:00 UTC        
 READ IN fields at DATE: 1998-09-27 12:00:00 UTC        
 READ IN fields at DATE: 1998-09-27 18:00:00 UTC        
 READ IN fields at DATE: 1998-09-28 00:00:00 UTC        
 READ IN fields at DATE: 1998-09-28 06:00:00 UTC        
 READ IN fields at DATE: 1998-09-28 12:00:00 UTC        
 READ IN fields at DATE: 1998-09-28 18:00:00 UTC        
 READ IN fields at DATE: 1998-09-29 00:00:00 UTC        
 READ IN fields at DATE: 1998-09-29 06:00:00 UTC        
 READ IN fields at DATE: 1998-09-29 12:00:00 UTC        
 READ IN fields at DATE: 1998-09-29 18:00:00 UTC        
 READ IN fields at DATE: 1998-09-30 00:00:00 UTC        
 READ IN fields at DATE: 1998-09-30 06:00:00 UTC        
 READ IN fields at DATE: 1998-09-30 12:00:00 UTC        
 READ IN fields at DATE: 1998-09-30 18:00:00 UTC        
      131072 /leonardo_work/ICT26_ESP/RCMDATA//ERA5/1998/tatm_1998_10.nc
  2.084697100363557E-003   249.569041269614     
      196608 /leonardo_work/ICT26_ESP/RCMDATA//ERA5/1998/geop_1998_10.nc
   7.41191323693788        236730.526465257     
      262144 /leonardo_work/ICT26_ESP/RCMDATA//ERA5/1998/qhum_1998_10.nc
  3.969725640963539E-007  1.297494913708300E-002
      327680 /leonardo_work/ICT26_ESP/RCMDATA//ERA5/1998/uwnd_1998_10.nc
  3.454455680591625E-003   13.1782120421792     
      393216 /leonardo_work/ICT26_ESP/RCMDATA//ERA5/1998/vwnd_1998_10.nc
  3.081164737613111E-003  0.949982244779631     
 READ IN fields at DATE: 1998-10-01 00:00:00 UTC        
 READ IN fields at DATE: 1998-10-01 06:00:00 UTC        
 READ IN fields at DATE: 1998-10-01 12:00:00 UTC        
 READ IN fields at DATE: 1998-10-01 18:00:00 UTC        
 READ IN fields at DATE: 1998-10-02 00:00:00 UTC        
 READ IN fields at DATE: 1998-10-02 06:00:00 UTC        
 READ IN fields at DATE: 1998-10-02 12:00:00 UTC        
 READ IN fields at DATE: 1998-10-02 18:00:00 UTC        
 READ IN fields at DATE: 1998-10-03 00:00:00 UTC        
 READ IN fields at DATE: 1998-10-03 06:00:00 UTC        
 READ IN fields at DATE: 1998-10-03 12:00:00 UTC        
 READ IN fields at DATE: 1998-10-03 18:00:00 UTC        
 READ IN fields at DATE: 1998-10-04 00:00:00 UTC        
 READ IN fields at DATE: 1998-10-04 06:00:00 UTC        
 READ IN fields at DATE: 1998-10-04 12:00:00 UTC        
 READ IN fields at DATE: 1998-10-04 18:00:00 UTC        
 READ IN fields at DATE: 1998-10-05 00:00:00 UTC        
 READ IN fields at DATE: 1998-10-05 06:00:00 UTC        
 READ IN fields at DATE: 1998-10-05 12:00:00 UTC        
 READ IN fields at DATE: 1998-10-05 18:00:00 UTC        
 READ IN fields at DATE: 1998-10-06 00:00:00 UTC        
 READ IN fields at DATE: 1998-10-06 06:00:00 UTC        
 READ IN fields at DATE: 1998-10-06 12:00:00 UTC        
 READ IN fields at DATE: 1998-10-06 18:00:00 UTC        
 READ IN fields at DATE: 1998-10-07 00:00:00 UTC        
 READ IN fields at DATE: 1998-10-07 06:00:00 UTC        
 READ IN fields at DATE: 1998-10-07 12:00:00 UTC        
 READ IN fields at DATE: 1998-10-07 18:00:00 UTC        
 READ IN fields at DATE: 1998-10-08 00:00:00 UTC        
 READ IN fields at DATE: 1998-10-08 06:00:00 UTC        
 READ IN fields at DATE: 1998-10-08 12:00:00 UTC        
 READ IN fields at DATE: 1998-10-08 18:00:00 UTC        
 READ IN fields at DATE: 1998-10-09 00:00:00 UTC        
 READ IN fields at DATE: 1998-10-09 06:00:00 UTC        
 READ IN fields at DATE: 1998-10-09 12:00:00 UTC        
 READ IN fields at DATE: 1998-10-09 18:00:00 UTC        
 READ IN fields at DATE: 1998-10-10 00:00:00 UTC        
 READ IN fields at DATE: 1998-10-10 06:00:00 UTC        
 READ IN fields at DATE: 1998-10-10 12:00:00 UTC        
 READ IN fields at DATE: 1998-10-10 18:00:00 UTC        
 READ IN fields at DATE: 1998-10-11 00:00:00 UTC        
 READ IN fields at DATE: 1998-10-11 06:00:00 UTC        
 READ IN fields at DATE: 1998-10-11 12:00:00 UTC        
 READ IN fields at DATE: 1998-10-11 18:00:00 UTC        
 READ IN fields at DATE: 1998-10-12 00:00:00 UTC        
 READ IN fields at DATE: 1998-10-12 06:00:00 UTC        
 READ IN fields at DATE: 1998-10-12 12:00:00 UTC        
 READ IN fields at DATE: 1998-10-12 18:00:00 UTC        
 READ IN fields at DATE: 1998-10-13 00:00:00 UTC        
 READ IN fields at DATE: 1998-10-13 06:00:00 UTC        
 READ IN fields at DATE: 1998-10-13 12:00:00 UTC        
 READ IN fields at DATE: 1998-10-13 18:00:00 UTC        
 READ IN fields at DATE: 1998-10-14 00:00:00 UTC        
 READ IN fields at DATE: 1998-10-14 06:00:00 UTC        
 READ IN fields at DATE: 1998-10-14 12:00:00 UTC        
 READ IN fields at DATE: 1998-10-14 18:00:00 UTC        
 READ IN fields at DATE: 1998-10-15 00:00:00 UTC        
 READ IN fields at DATE: 1998-10-15 06:00:00 UTC        
 READ IN fields at DATE: 1998-10-15 12:00:00 UTC        
 READ IN fields at DATE: 1998-10-15 18:00:00 UTC        
 READ IN fields at DATE: 1998-10-16 00:00:00 UTC        
 READ IN fields at DATE: 1998-10-16 06:00:00 UTC        
 READ IN fields at DATE: 1998-10-16 12:00:00 UTC        
 READ IN fields at DATE: 1998-10-16 18:00:00 UTC        
 READ IN fields at DATE: 1998-10-17 00:00:00 UTC        
 READ IN fields at DATE: 1998-10-17 06:00:00 UTC        
 READ IN fields at DATE: 1998-10-17 12:00:00 UTC        
 READ IN fields at DATE: 1998-10-17 18:00:00 UTC        
 READ IN fields at DATE: 1998-10-18 00:00:00 UTC        
 READ IN fields at DATE: 1998-10-18 06:00:00 UTC        
 READ IN fields at DATE: 1998-10-18 12:00:00 UTC        
 READ IN fields at DATE: 1998-10-18 18:00:00 UTC        
 READ IN fields at DATE: 1998-10-19 00:00:00 UTC        
 READ IN fields at DATE: 1998-10-19 06:00:00 UTC        
 READ IN fields at DATE: 1998-10-19 12:00:00 UTC        
 READ IN fields at DATE: 1998-10-19 18:00:00 UTC        
 READ IN fields at DATE: 1998-10-20 00:00:00 UTC        
 READ IN fields at DATE: 1998-10-20 06:00:00 UTC        
 READ IN fields at DATE: 1998-10-20 12:00:00 UTC        
 READ IN fields at DATE: 1998-10-20 18:00:00 UTC        
 READ IN fields at DATE: 1998-10-21 00:00:00 UTC        
 READ IN fields at DATE: 1998-10-21 06:00:00 UTC        
 READ IN fields at DATE: 1998-10-21 12:00:00 UTC        
 READ IN fields at DATE: 1998-10-21 18:00:00 UTC        
 READ IN fields at DATE: 1998-10-22 00:00:00 UTC        
 READ IN fields at DATE: 1998-10-22 06:00:00 UTC        
 READ IN fields at DATE: 1998-10-22 12:00:00 UTC        
 READ IN fields at DATE: 1998-10-22 18:00:00 UTC        
 READ IN fields at DATE: 1998-10-23 00:00:00 UTC        
 READ IN fields at DATE: 1998-10-23 06:00:00 UTC        
 READ IN fields at DATE: 1998-10-23 12:00:00 UTC        
 READ IN fields at DATE: 1998-10-23 18:00:00 UTC        
 READ IN fields at DATE: 1998-10-24 00:00:00 UTC        
 READ IN fields at DATE: 1998-10-24 06:00:00 UTC        
 READ IN fields at DATE: 1998-10-24 12:00:00 UTC        
 READ IN fields at DATE: 1998-10-24 18:00:00 UTC        
 READ IN fields at DATE: 1998-10-25 00:00:00 UTC        
 READ IN fields at DATE: 1998-10-25 06:00:00 UTC        
 READ IN fields at DATE: 1998-10-25 12:00:00 UTC        
 READ IN fields at DATE: 1998-10-25 18:00:00 UTC        
 READ IN fields at DATE: 1998-10-26 00:00:00 UTC        
 READ IN fields at DATE: 1998-10-26 06:00:00 UTC        
 READ IN fields at DATE: 1998-10-26 12:00:00 UTC        
 READ IN fields at DATE: 1998-10-26 18:00:00 UTC        
 READ IN fields at DATE: 1998-10-27 00:00:00 UTC        
 READ IN fields at DATE: 1998-10-27 06:00:00 UTC        
 READ IN fields at DATE: 1998-10-27 12:00:00 UTC        
 READ IN fields at DATE: 1998-10-27 18:00:00 UTC        
 READ IN fields at DATE: 1998-10-28 00:00:00 UTC        
 READ IN fields at DATE: 1998-10-28 06:00:00 UTC        
 READ IN fields at DATE: 1998-10-28 12:00:00 UTC        
 READ IN fields at DATE: 1998-10-28 18:00:00 UTC        
 READ IN fields at DATE: 1998-10-29 00:00:00 UTC        
 READ IN fields at DATE: 1998-10-29 06:00:00 UTC        
 READ IN fields at DATE: 1998-10-29 12:00:00 UTC        
 READ IN fields at DATE: 1998-10-29 18:00:00 UTC        
 READ IN fields at DATE: 1998-10-30 00:00:00 UTC        
 READ IN fields at DATE: 1998-10-30 06:00:00 UTC        
 READ IN fields at DATE: 1998-10-30 12:00:00 UTC        
 READ IN fields at DATE: 1998-10-30 18:00:00 UTC        
 READ IN fields at DATE: 1998-10-31 00:00:00 UTC        
 READ IN fields at DATE: 1998-10-31 06:00:00 UTC        
 READ IN fields at DATE: 1998-10-31 12:00:00 UTC        
 READ IN fields at DATE: 1998-10-31 18:00:00 UTC        
      131072 /leonardo_work/ICT26_ESP/RCMDATA//ERA5/1998/tatm_1998_11.nc
  2.050761877603650E-003   250.260601816327     
      196608 /leonardo_work/ICT26_ESP/RCMDATA//ERA5/1998/geop_1998_11.nc
   7.44938809454779        238765.900305953     
      262144 /leonardo_work/ICT26_ESP/RCMDATA//ERA5/1998/qhum_1998_11.nc
  3.640236480126530E-007  1.190737681088932E-002
      327680 /leonardo_work/ICT26_ESP/RCMDATA//ERA5/1998/uwnd_1998_11.nc
  3.553169914900937E-003   34.5980158955113     
      393216 /leonardo_work/ICT26_ESP/RCMDATA//ERA5/1998/vwnd_1998_11.nc
  2.810843436584431E-003  -1.23123330257767     
 READ IN fields at DATE: 1998-11-01 00:00:00 UTC        
 READ IN fields at DATE: 1998-11-01 06:00:00 UTC        
 READ IN fields at DATE: 1998-11-01 12:00:00 UTC        
 READ IN fields at DATE: 1998-11-01 18:00:00 UTC        
 READ IN fields at DATE: 1998-11-02 00:00:00 UTC        
 READ IN fields at DATE: 1998-11-02 06:00:00 UTC        
 READ IN fields at DATE: 1998-11-02 12:00:00 UTC        
 READ IN fields at DATE: 1998-11-02 18:00:00 UTC        
 READ IN fields at DATE: 1998-11-03 00:00:00 UTC        
 READ IN fields at DATE: 1998-11-03 06:00:00 UTC        
 READ IN fields at DATE: 1998-11-03 12:00:00 UTC        
 READ IN fields at DATE: 1998-11-03 18:00:00 UTC        
 READ IN fields at DATE: 1998-11-04 00:00:00 UTC        
 READ IN fields at DATE: 1998-11-04 06:00:00 UTC        
 READ IN fields at DATE: 1998-11-04 12:00:00 UTC        
 READ IN fields at DATE: 1998-11-04 18:00:00 UTC        
 READ IN fields at DATE: 1998-11-05 00:00:00 UTC        
 READ IN fields at DATE: 1998-11-05 06:00:00 UTC        
 READ IN fields at DATE: 1998-11-05 12:00:00 UTC        
 READ IN fields at DATE: 1998-11-05 18:00:00 UTC        
 READ IN fields at DATE: 1998-11-06 00:00:00 UTC        
 READ IN fields at DATE: 1998-11-06 06:00:00 UTC        
 READ IN fields at DATE: 1998-11-06 12:00:00 UTC        
 READ IN fields at DATE: 1998-11-06 18:00:00 UTC        
 READ IN fields at DATE: 1998-11-07 00:00:00 UTC        
 READ IN fields at DATE: 1998-11-07 06:00:00 UTC        
 READ IN fields at DATE: 1998-11-07 12:00:00 UTC        
 READ IN fields at DATE: 1998-11-07 18:00:00 UTC        
 READ IN fields at DATE: 1998-11-08 00:00:00 UTC        
 READ IN fields at DATE: 1998-11-08 06:00:00 UTC        
 READ IN fields at DATE: 1998-11-08 12:00:00 UTC        
 READ IN fields at DATE: 1998-11-08 18:00:00 UTC        
 READ IN fields at DATE: 1998-11-09 00:00:00 UTC        
 READ IN fields at DATE: 1998-11-09 06:00:00 UTC        
 READ IN fields at DATE: 1998-11-09 12:00:00 UTC        
 READ IN fields at DATE: 1998-11-09 18:00:00 UTC        
 READ IN fields at DATE: 1998-11-10 00:00:00 UTC        
 READ IN fields at DATE: 1998-11-10 06:00:00 UTC        
 READ IN fields at DATE: 1998-11-10 12:00:00 UTC        
 READ IN fields at DATE: 1998-11-10 18:00:00 UTC        
 READ IN fields at DATE: 1998-11-11 00:00:00 UTC        
 READ IN fields at DATE: 1998-11-11 06:00:00 UTC        
 READ IN fields at DATE: 1998-11-11 12:00:00 UTC        
 READ IN fields at DATE: 1998-11-11 18:00:00 UTC        
 READ IN fields at DATE: 1998-11-12 00:00:00 UTC        
 READ IN fields at DATE: 1998-11-12 06:00:00 UTC        
 READ IN fields at DATE: 1998-11-12 12:00:00 UTC        
 READ IN fields at DATE: 1998-11-12 18:00:00 UTC        
 READ IN fields at DATE: 1998-11-13 00:00:00 UTC        
 READ IN fields at DATE: 1998-11-13 06:00:00 UTC        
 READ IN fields at DATE: 1998-11-13 12:00:00 UTC        
 READ IN fields at DATE: 1998-11-13 18:00:00 UTC        
 READ IN fields at DATE: 1998-11-14 00:00:00 UTC        
 READ IN fields at DATE: 1998-11-14 06:00:00 UTC        
 READ IN fields at DATE: 1998-11-14 12:00:00 UTC        
 READ IN fields at DATE: 1998-11-14 18:00:00 UTC        
 READ IN fields at DATE: 1998-11-15 00:00:00 UTC        
 READ IN fields at DATE: 1998-11-15 06:00:00 UTC        
 READ IN fields at DATE: 1998-11-15 12:00:00 UTC        
 READ IN fields at DATE: 1998-11-15 18:00:00 UTC        
 READ IN fields at DATE: 1998-11-16 00:00:00 UTC        
 READ IN fields at DATE: 1998-11-16 06:00:00 UTC        
 READ IN fields at DATE: 1998-11-16 12:00:00 UTC        
 READ IN fields at DATE: 1998-11-16 18:00:00 UTC        
 READ IN fields at DATE: 1998-11-17 00:00:00 UTC        
 READ IN fields at DATE: 1998-11-17 06:00:00 UTC        
 READ IN fields at DATE: 1998-11-17 12:00:00 UTC        
 READ IN fields at DATE: 1998-11-17 18:00:00 UTC        
 READ IN fields at DATE: 1998-11-18 00:00:00 UTC        
 READ IN fields at DATE: 1998-11-18 06:00:00 UTC        
 READ IN fields at DATE: 1998-11-18 12:00:00 UTC        
 READ IN fields at DATE: 1998-11-18 18:00:00 UTC        
 READ IN fields at DATE: 1998-11-19 00:00:00 UTC        
 READ IN fields at DATE: 1998-11-19 06:00:00 UTC        
 READ IN fields at DATE: 1998-11-19 12:00:00 UTC        
 READ IN fields at DATE: 1998-11-19 18:00:00 UTC        
 READ IN fields at DATE: 1998-11-20 00:00:00 UTC        
 READ IN fields at DATE: 1998-11-20 06:00:00 UTC        
 READ IN fields at DATE: 1998-11-20 12:00:00 UTC        
 READ IN fields at DATE: 1998-11-20 18:00:00 UTC        
 READ IN fields at DATE: 1998-11-21 00:00:00 UTC        
 READ IN fields at DATE: 1998-11-21 06:00:00 UTC        
 READ IN fields at DATE: 1998-11-21 12:00:00 UTC        
 READ IN fields at DATE: 1998-11-21 18:00:00 UTC        
 READ IN fields at DATE: 1998-11-22 00:00:00 UTC        
 READ IN fields at DATE: 1998-11-22 06:00:00 UTC        
 READ IN fields at DATE: 1998-11-22 12:00:00 UTC        
 READ IN fields at DATE: 1998-11-22 18:00:00 UTC        
 READ IN fields at DATE: 1998-11-23 00:00:00 UTC        
 READ IN fields at DATE: 1998-11-23 06:00:00 UTC        
 READ IN fields at DATE: 1998-11-23 12:00:00 UTC        
 READ IN fields at DATE: 1998-11-23 18:00:00 UTC        
 READ IN fields at DATE: 1998-11-24 00:00:00 UTC        
 READ IN fields at DATE: 1998-11-24 06:00:00 UTC        
 READ IN fields at DATE: 1998-11-24 12:00:00 UTC        
 READ IN fields at DATE: 1998-11-24 18:00:00 UTC        
 READ IN fields at DATE: 1998-11-25 00:00:00 UTC        
 READ IN fields at DATE: 1998-11-25 06:00:00 UTC        
 READ IN fields at DATE: 1998-11-25 12:00:00 UTC        
 READ IN fields at DATE: 1998-11-25 18:00:00 UTC        
 READ IN fields at DATE: 1998-11-26 00:00:00 UTC        
 READ IN fields at DATE: 1998-11-26 06:00:00 UTC        
 READ IN fields at DATE: 1998-11-26 12:00:00 UTC        
 READ IN fields at DATE: 1998-11-26 18:00:00 UTC        
 READ IN fields at DATE: 1998-11-27 00:00:00 UTC        
 READ IN fields at DATE: 1998-11-27 06:00:00 UTC        
 READ IN fields at DATE: 1998-11-27 12:00:00 UTC        
 READ IN fields at DATE: 1998-11-27 18:00:00 UTC        
 READ IN fields at DATE: 1998-11-28 00:00:00 UTC        
 READ IN fields at DATE: 1998-11-28 06:00:00 UTC        
 READ IN fields at DATE: 1998-11-28 12:00:00 UTC        
 READ IN fields at DATE: 1998-11-28 18:00:00 UTC        
 READ IN fields at DATE: 1998-11-29 00:00:00 UTC        
 READ IN fields at DATE: 1998-11-29 06:00:00 UTC        
 READ IN fields at DATE: 1998-11-29 12:00:00 UTC        
 READ IN fields at DATE: 1998-11-29 18:00:00 UTC        
 READ IN fields at DATE: 1998-11-30 00:00:00 UTC        
 READ IN fields at DATE: 1998-11-30 06:00:00 UTC        
 READ IN fields at DATE: 1998-11-30 12:00:00 UTC        
 READ IN fields at DATE: 1998-11-30 18:00:00 UTC        
      131072 /leonardo_work/ICT26_ESP/RCMDATA//ERA5/1998/tatm_1998_12.nc
  2.184643298003248E-003   252.709967248664     
      196608 /leonardo_work/ICT26_ESP/RCMDATA//ERA5/1998/geop_1998_12.nc
   7.62832764122656        244153.400679929     
      262144 /leonardo_work/ICT26_ESP/RCMDATA//ERA5/1998/qhum_1998_12.nc
  3.712516944235432E-007  1.215397765756513E-002
      327680 /leonardo_work/ICT26_ESP/RCMDATA//ERA5/1998/uwnd_1998_12.nc
  5.185867562668809E-003   30.7535105818437     
      393216 /leonardo_work/ICT26_ESP/RCMDATA//ERA5/1998/vwnd_1998_12.nc
  4.091488295078911E-003  -5.97726547071004     
 READ IN fields at DATE: 1998-12-01 00:00:00 UTC        
 READ IN fields at DATE: 1998-12-01 06:00:00 UTC        
 READ IN fields at DATE: 1998-12-01 12:00:00 UTC        
 READ IN fields at DATE: 1998-12-01 18:00:00 UTC        
 READ IN fields at DATE: 1998-12-02 00:00:00 UTC        
 READ IN fields at DATE: 1998-12-02 06:00:00 UTC        
 READ IN fields at DATE: 1998-12-02 12:00:00 UTC        
 READ IN fields at DATE: 1998-12-02 18:00:00 UTC        
 READ IN fields at DATE: 1998-12-03 00:00:00 UTC        
 READ IN fields at DATE: 1998-12-03 06:00:00 UTC        
 READ IN fields at DATE: 1998-12-03 12:00:00 UTC        
 READ IN fields at DATE: 1998-12-03 18:00:00 UTC        
 READ IN fields at DATE: 1998-12-04 00:00:00 UTC        
 READ IN fields at DATE: 1998-12-04 06:00:00 UTC        
 READ IN fields at DATE: 1998-12-04 12:00:00 UTC        
 READ IN fields at DATE: 1998-12-04 18:00:00 UTC        
 READ IN fields at DATE: 1998-12-05 00:00:00 UTC        
 READ IN fields at DATE: 1998-12-05 06:00:00 UTC        
 READ IN fields at DATE: 1998-12-05 12:00:00 UTC        
 READ IN fields at DATE: 1998-12-05 18:00:00 UTC        
 READ IN fields at DATE: 1998-12-06 00:00:00 UTC        
 READ IN fields at DATE: 1998-12-06 06:00:00 UTC        
 READ IN fields at DATE: 1998-12-06 12:00:00 UTC        
 READ IN fields at DATE: 1998-12-06 18:00:00 UTC        
 READ IN fields at DATE: 1998-12-07 00:00:00 UTC        
 READ IN fields at DATE: 1998-12-07 06:00:00 UTC        
 READ IN fields at DATE: 1998-12-07 12:00:00 UTC        
 READ IN fields at DATE: 1998-12-07 18:00:00 UTC        
 READ IN fields at DATE: 1998-12-08 00:00:00 UTC        
 READ IN fields at DATE: 1998-12-08 06:00:00 UTC        
 READ IN fields at DATE: 1998-12-08 12:00:00 UTC        
 READ IN fields at DATE: 1998-12-08 18:00:00 UTC        
 READ IN fields at DATE: 1998-12-09 00:00:00 UTC        
 READ IN fields at DATE: 1998-12-09 06:00:00 UTC        
 READ IN fields at DATE: 1998-12-09 12:00:00 UTC        
 READ IN fields at DATE: 1998-12-09 18:00:00 UTC        
 READ IN fields at DATE: 1998-12-10 00:00:00 UTC        
 READ IN fields at DATE: 1998-12-10 06:00:00 UTC        
 READ IN fields at DATE: 1998-12-10 12:00:00 UTC        
 READ IN fields at DATE: 1998-12-10 18:00:00 UTC        
 READ IN fields at DATE: 1998-12-11 00:00:00 UTC        
 READ IN fields at DATE: 1998-12-11 06:00:00 UTC        
 READ IN fields at DATE: 1998-12-11 12:00:00 UTC        
 READ IN fields at DATE: 1998-12-11 18:00:00 UTC        
 READ IN fields at DATE: 1998-12-12 00:00:00 UTC        
 READ IN fields at DATE: 1998-12-12 06:00:00 UTC        
 READ IN fields at DATE: 1998-12-12 12:00:00 UTC        
 READ IN fields at DATE: 1998-12-12 18:00:00 UTC        
 READ IN fields at DATE: 1998-12-13 00:00:00 UTC        
 READ IN fields at DATE: 1998-12-13 06:00:00 UTC        
 READ IN fields at DATE: 1998-12-13 12:00:00 UTC        
 READ IN fields at DATE: 1998-12-13 18:00:00 UTC        
 READ IN fields at DATE: 1998-12-14 00:00:00 UTC        
 READ IN fields at DATE: 1998-12-14 06:00:00 UTC        
 READ IN fields at DATE: 1998-12-14 12:00:00 UTC        
 READ IN fields at DATE: 1998-12-14 18:00:00 UTC        
 READ IN fields at DATE: 1998-12-15 00:00:00 UTC        
 READ IN fields at DATE: 1998-12-15 06:00:00 UTC        
 READ IN fields at DATE: 1998-12-15 12:00:00 UTC        
 READ IN fields at DATE: 1998-12-15 18:00:00 UTC        
 READ IN fields at DATE: 1998-12-16 00:00:00 UTC        
 READ IN fields at DATE: 1998-12-16 06:00:00 UTC        
 READ IN fields at DATE: 1998-12-16 12:00:00 UTC        
 READ IN fields at DATE: 1998-12-16 18:00:00 UTC        
 READ IN fields at DATE: 1998-12-17 00:00:00 UTC        
 READ IN fields at DATE: 1998-12-17 06:00:00 UTC        
 READ IN fields at DATE: 1998-12-17 12:00:00 UTC        
 READ IN fields at DATE: 1998-12-17 18:00:00 UTC        
 READ IN fields at DATE: 1998-12-18 00:00:00 UTC        
 READ IN fields at DATE: 1998-12-18 06:00:00 UTC        
 READ IN fields at DATE: 1998-12-18 12:00:00 UTC        
 READ IN fields at DATE: 1998-12-18 18:00:00 UTC        
 READ IN fields at DATE: 1998-12-19 00:00:00 UTC        
 READ IN fields at DATE: 1998-12-19 06:00:00 UTC        
 READ IN fields at DATE: 1998-12-19 12:00:00 UTC        
 READ IN fields at DATE: 1998-12-19 18:00:00 UTC        
 READ IN fields at DATE: 1998-12-20 00:00:00 UTC        
 READ IN fields at DATE: 1998-12-20 06:00:00 UTC        
 READ IN fields at DATE: 1998-12-20 12:00:00 UTC        
 READ IN fields at DATE: 1998-12-20 18:00:00 UTC        
 READ IN fields at DATE: 1998-12-21 00:00:00 UTC        
 READ IN fields at DATE: 1998-12-21 06:00:00 UTC        
 READ IN fields at DATE: 1998-12-21 12:00:00 UTC        
 READ IN fields at DATE: 1998-12-21 18:00:00 UTC        
 READ IN fields at DATE: 1998-12-22 00:00:00 UTC        
 READ IN fields at DATE: 1998-12-22 06:00:00 UTC        
 READ IN fields at DATE: 1998-12-22 12:00:00 UTC        
 READ IN fields at DATE: 1998-12-22 18:00:00 UTC        
 READ IN fields at DATE: 1998-12-23 00:00:00 UTC        
 READ IN fields at DATE: 1998-12-23 06:00:00 UTC        
 READ IN fields at DATE: 1998-12-23 12:00:00 UTC        
 READ IN fields at DATE: 1998-12-23 18:00:00 UTC        
 READ IN fields at DATE: 1998-12-24 00:00:00 UTC        
 READ IN fields at DATE: 1998-12-24 06:00:00 UTC        
 READ IN fields at DATE: 1998-12-24 12:00:00 UTC        
 READ IN fields at DATE: 1998-12-24 18:00:00 UTC        
 READ IN fields at DATE: 1998-12-25 00:00:00 UTC        
 READ IN fields at DATE: 1998-12-25 06:00:00 UTC        
 READ IN fields at DATE: 1998-12-25 12:00:00 UTC        
 READ IN fields at DATE: 1998-12-25 18:00:00 UTC        
 READ IN fields at DATE: 1998-12-26 00:00:00 UTC        
 READ IN fields at DATE: 1998-12-26 06:00:00 UTC        
 READ IN fields at DATE: 1998-12-26 12:00:00 UTC        
 READ IN fields at DATE: 1998-12-26 18:00:00 UTC        
 READ IN fields at DATE: 1998-12-27 00:00:00 UTC        
 READ IN fields at DATE: 1998-12-27 06:00:00 UTC        
 READ IN fields at DATE: 1998-12-27 12:00:00 UTC        
 READ IN fields at DATE: 1998-12-27 18:00:00 UTC        
 READ IN fields at DATE: 1998-12-28 00:00:00 UTC        
 READ IN fields at DATE: 1998-12-28 06:00:00 UTC        
 READ IN fields at DATE: 1998-12-28 12:00:00 UTC        
 READ IN fields at DATE: 1998-12-28 18:00:00 UTC        
 READ IN fields at DATE: 1998-12-29 00:00:00 UTC        
 READ IN fields at DATE: 1998-12-29 06:00:00 UTC        
 READ IN fields at DATE: 1998-12-29 12:00:00 UTC        
 READ IN fields at DATE: 1998-12-29 18:00:00 UTC        
 READ IN fields at DATE: 1998-12-30 00:00:00 UTC        
 READ IN fields at DATE: 1998-12-30 06:00:00 UTC        
 READ IN fields at DATE: 1998-12-30 12:00:00 UTC        
 READ IN fields at DATE: 1998-12-30 18:00:00 UTC        
 READ IN fields at DATE: 1998-12-31 00:00:00 UTC        
 READ IN fields at DATE: 1998-12-31 06:00:00 UTC        
 READ IN fields at DATE: 1998-12-31 12:00:00 UTC        
 READ IN fields at DATE: 1998-12-31 18:00:00 UTC        
      131072 /leonardo_work/ICT26_ESP/RCMDATA//ERA5/1999/tatm_1999_01.nc
  2.169396151005862E-003   246.989309894210     
      196608 /leonardo_work/ICT26_ESP/RCMDATA//ERA5/1999/geop_1999_01.nc
   7.64493771267911        243995.450968644     
      262144 /leonardo_work/ICT26_ESP/RCMDATA//ERA5/1999/qhum_1999_01.nc
  3.783117146547938E-007  1.237556396239179E-002
      327680 /leonardo_work/ICT26_ESP/RCMDATA//ERA5/1999/uwnd_1999_01.nc
  4.280411536607749E-003   39.2420919719661     
      393216 /leonardo_work/ICT26_ESP/RCMDATA//ERA5/1999/vwnd_1999_01.nc
  4.062693742590803E-003  -21.8514423576135     
 READ IN fields at DATE: 1999-01-01 00:00:00 UTC        
 Input ready at : Fri Jul 31 08:36:23 2026
 Successfully completed ICBC
icbc script complete
