
  This is icbc part of the RegCM version 5
   SVN Revision: 5.0.1 compiled at: data : Oct 10 2025  time: 16:26:26

 : this run start at    : 2026-07-31 00:08:07+0200
 : it is submitted by   : mdasilva
 : it is running on     : lrdn4621.leonardo.local
 : in directory         : 
 /leonardo/home/userexternal/mdasilva/github_projects/shell/ictp/regcm_exp/corde
 x5
                       
 Using Moloch non-hydrostatic dynamical core
 GLOBIDATE1 :  1997-01-01 00:00:00 UTC        
 GLOBIDATE2 :  1998-01-01 00:00:00 UTC        
 NSTEPS     :         1461
 Computing weights, R =      38.89632416 .......... Done.
 Computing weights, R =      38.89632416 .......... Done.
 Computing weights, R =      38.89632416 .......... Done.
      131072 /leonardo_work/ICT26_ESP/RCMDATA//ERA5/1997/tatm_1997_01.nc
  2.173699756795956E-003   247.047832827856     
      196608 /leonardo_work/ICT26_ESP/RCMDATA//ERA5/1997/geop_1997_01.nc
   7.66147637449834        246100.341136813     
      262144 /leonardo_work/ICT26_ESP/RCMDATA//ERA5/1997/qhum_1997_01.nc
  3.840342233702190E-007  1.256994479622606E-002
      327680 /leonardo_work/ICT26_ESP/RCMDATA//ERA5/1997/uwnd_1997_01.nc
  4.968343026932757E-003   41.0613891195022     
      393216 /leonardo_work/ICT26_ESP/RCMDATA//ERA5/1997/vwnd_1997_01.nc
  4.239685031584159E-003  -5.77374917601189     
 READ IN fields at DATE: 1997-01-01 00:00:00 UTC        
 READ IN fields at DATE: 1997-01-01 06:00:00 UTC        
 READ IN fields at DATE: 1997-01-01 12:00:00 UTC        
 READ IN fields at DATE: 1997-01-01 18:00:00 UTC        
 READ IN fields at DATE: 1997-01-02 00:00:00 UTC        
 READ IN fields at DATE: 1997-01-02 06:00:00 UTC        
 READ IN fields at DATE: 1997-01-02 12:00:00 UTC        
 READ IN fields at DATE: 1997-01-02 18:00:00 UTC        
 READ IN fields at DATE: 1997-01-03 00:00:00 UTC        
 READ IN fields at DATE: 1997-01-03 06:00:00 UTC        
 READ IN fields at DATE: 1997-01-03 12:00:00 UTC        
 READ IN fields at DATE: 1997-01-03 18:00:00 UTC        
 READ IN fields at DATE: 1997-01-04 00:00:00 UTC        
 READ IN fields at DATE: 1997-01-04 06:00:00 UTC        
 READ IN fields at DATE: 1997-01-04 12:00:00 UTC        
 READ IN fields at DATE: 1997-01-04 18:00:00 UTC        
 READ IN fields at DATE: 1997-01-05 00:00:00 UTC        
 READ IN fields at DATE: 1997-01-05 06:00:00 UTC        
 READ IN fields at DATE: 1997-01-05 12:00:00 UTC        
 READ IN fields at DATE: 1997-01-05 18:00:00 UTC        
 READ IN fields at DATE: 1997-01-06 00:00:00 UTC        
 READ IN fields at DATE: 1997-01-06 06:00:00 UTC        
 READ IN fields at DATE: 1997-01-06 12:00:00 UTC        
 READ IN fields at DATE: 1997-01-06 18:00:00 UTC        
 READ IN fields at DATE: 1997-01-07 00:00:00 UTC        
 READ IN fields at DATE: 1997-01-07 06:00:00 UTC        
 READ IN fields at DATE: 1997-01-07 12:00:00 UTC        
 READ IN fields at DATE: 1997-01-07 18:00:00 UTC        
 READ IN fields at DATE: 1997-01-08 00:00:00 UTC        
 READ IN fields at DATE: 1997-01-08 06:00:00 UTC        
 READ IN fields at DATE: 1997-01-08 12:00:00 UTC        
 READ IN fields at DATE: 1997-01-08 18:00:00 UTC        
 READ IN fields at DATE: 1997-01-09 00:00:00 UTC        
 READ IN fields at DATE: 1997-01-09 06:00:00 UTC        
 READ IN fields at DATE: 1997-01-09 12:00:00 UTC        
 READ IN fields at DATE: 1997-01-09 18:00:00 UTC        
 READ IN fields at DATE: 1997-01-10 00:00:00 UTC        
 READ IN fields at DATE: 1997-01-10 06:00:00 UTC        
 READ IN fields at DATE: 1997-01-10 12:00:00 UTC        
 READ IN fields at DATE: 1997-01-10 18:00:00 UTC        
 READ IN fields at DATE: 1997-01-11 00:00:00 UTC        
 READ IN fields at DATE: 1997-01-11 06:00:00 UTC        
 READ IN fields at DATE: 1997-01-11 12:00:00 UTC        
 READ IN fields at DATE: 1997-01-11 18:00:00 UTC        
 READ IN fields at DATE: 1997-01-12 00:00:00 UTC        
 READ IN fields at DATE: 1997-01-12 06:00:00 UTC        
 READ IN fields at DATE: 1997-01-12 12:00:00 UTC        
 READ IN fields at DATE: 1997-01-12 18:00:00 UTC        
 READ IN fields at DATE: 1997-01-13 00:00:00 UTC        
 READ IN fields at DATE: 1997-01-13 06:00:00 UTC        
 READ IN fields at DATE: 1997-01-13 12:00:00 UTC        
 READ IN fields at DATE: 1997-01-13 18:00:00 UTC        
 READ IN fields at DATE: 1997-01-14 00:00:00 UTC        
 READ IN fields at DATE: 1997-01-14 06:00:00 UTC        
 READ IN fields at DATE: 1997-01-14 12:00:00 UTC        
 READ IN fields at DATE: 1997-01-14 18:00:00 UTC        
 READ IN fields at DATE: 1997-01-15 00:00:00 UTC        
 READ IN fields at DATE: 1997-01-15 06:00:00 UTC        
 READ IN fields at DATE: 1997-01-15 12:00:00 UTC        
 READ IN fields at DATE: 1997-01-15 18:00:00 UTC        
 READ IN fields at DATE: 1997-01-16 00:00:00 UTC        
 READ IN fields at DATE: 1997-01-16 06:00:00 UTC        
 READ IN fields at DATE: 1997-01-16 12:00:00 UTC        
 READ IN fields at DATE: 1997-01-16 18:00:00 UTC        
 READ IN fields at DATE: 1997-01-17 00:00:00 UTC        
 READ IN fields at DATE: 1997-01-17 06:00:00 UTC        
 READ IN fields at DATE: 1997-01-17 12:00:00 UTC        
 READ IN fields at DATE: 1997-01-17 18:00:00 UTC        
 READ IN fields at DATE: 1997-01-18 00:00:00 UTC        
 READ IN fields at DATE: 1997-01-18 06:00:00 UTC        
 READ IN fields at DATE: 1997-01-18 12:00:00 UTC        
 READ IN fields at DATE: 1997-01-18 18:00:00 UTC        
 READ IN fields at DATE: 1997-01-19 00:00:00 UTC        
 READ IN fields at DATE: 1997-01-19 06:00:00 UTC        
 READ IN fields at DATE: 1997-01-19 12:00:00 UTC        
 READ IN fields at DATE: 1997-01-19 18:00:00 UTC        
 READ IN fields at DATE: 1997-01-20 00:00:00 UTC        
 READ IN fields at DATE: 1997-01-20 06:00:00 UTC        
 READ IN fields at DATE: 1997-01-20 12:00:00 UTC        
 READ IN fields at DATE: 1997-01-20 18:00:00 UTC        
 READ IN fields at DATE: 1997-01-21 00:00:00 UTC        
 READ IN fields at DATE: 1997-01-21 06:00:00 UTC        
 READ IN fields at DATE: 1997-01-21 12:00:00 UTC        
 READ IN fields at DATE: 1997-01-21 18:00:00 UTC        
 READ IN fields at DATE: 1997-01-22 00:00:00 UTC        
 READ IN fields at DATE: 1997-01-22 06:00:00 UTC        
 READ IN fields at DATE: 1997-01-22 12:00:00 UTC        
 READ IN fields at DATE: 1997-01-22 18:00:00 UTC        
 READ IN fields at DATE: 1997-01-23 00:00:00 UTC        
 READ IN fields at DATE: 1997-01-23 06:00:00 UTC        
 READ IN fields at DATE: 1997-01-23 12:00:00 UTC        
 READ IN fields at DATE: 1997-01-23 18:00:00 UTC        
 READ IN fields at DATE: 1997-01-24 00:00:00 UTC        
 READ IN fields at DATE: 1997-01-24 06:00:00 UTC        
 READ IN fields at DATE: 1997-01-24 12:00:00 UTC        
 READ IN fields at DATE: 1997-01-24 18:00:00 UTC        
 READ IN fields at DATE: 1997-01-25 00:00:00 UTC        
 READ IN fields at DATE: 1997-01-25 06:00:00 UTC        
 READ IN fields at DATE: 1997-01-25 12:00:00 UTC        
 READ IN fields at DATE: 1997-01-25 18:00:00 UTC        
 READ IN fields at DATE: 1997-01-26 00:00:00 UTC        
 READ IN fields at DATE: 1997-01-26 06:00:00 UTC        
 READ IN fields at DATE: 1997-01-26 12:00:00 UTC        
 READ IN fields at DATE: 1997-01-26 18:00:00 UTC        
 READ IN fields at DATE: 1997-01-27 00:00:00 UTC        
 READ IN fields at DATE: 1997-01-27 06:00:00 UTC        
 READ IN fields at DATE: 1997-01-27 12:00:00 UTC        
 READ IN fields at DATE: 1997-01-27 18:00:00 UTC        
 READ IN fields at DATE: 1997-01-28 00:00:00 UTC        
 READ IN fields at DATE: 1997-01-28 06:00:00 UTC        
 READ IN fields at DATE: 1997-01-28 12:00:00 UTC        
 READ IN fields at DATE: 1997-01-28 18:00:00 UTC        
 READ IN fields at DATE: 1997-01-29 00:00:00 UTC        
 READ IN fields at DATE: 1997-01-29 06:00:00 UTC        
 READ IN fields at DATE: 1997-01-29 12:00:00 UTC        
 READ IN fields at DATE: 1997-01-29 18:00:00 UTC        
 READ IN fields at DATE: 1997-01-30 00:00:00 UTC        
 READ IN fields at DATE: 1997-01-30 06:00:00 UTC        
 READ IN fields at DATE: 1997-01-30 12:00:00 UTC        
 READ IN fields at DATE: 1997-01-30 18:00:00 UTC        
 READ IN fields at DATE: 1997-01-31 00:00:00 UTC        
 READ IN fields at DATE: 1997-01-31 06:00:00 UTC        
 READ IN fields at DATE: 1997-01-31 12:00:00 UTC        
 READ IN fields at DATE: 1997-01-31 18:00:00 UTC        
      131072 /leonardo_work/ICT26_ESP/RCMDATA//ERA5/1997/tatm_1997_02.nc
  2.065435536473513E-003   249.864415280279     
      196608 /leonardo_work/ICT26_ESP/RCMDATA//ERA5/1997/geop_1997_02.nc
   7.53744421941999        241785.127762265     
      262144 /leonardo_work/ICT26_ESP/RCMDATA//ERA5/1997/qhum_1997_02.nc
  3.612186418629300E-007  1.182296399652073E-002
      327680 /leonardo_work/ICT26_ESP/RCMDATA//ERA5/1997/uwnd_1997_02.nc
  4.181937128839788E-003   39.3662485700098     
      393216 /leonardo_work/ICT26_ESP/RCMDATA//ERA5/1997/vwnd_1997_02.nc
  3.061499426904909E-003  -4.71342955342439     
 READ IN fields at DATE: 1997-02-01 00:00:00 UTC        
 READ IN fields at DATE: 1997-02-01 06:00:00 UTC        
 READ IN fields at DATE: 1997-02-01 12:00:00 UTC        
 READ IN fields at DATE: 1997-02-01 18:00:00 UTC        
 READ IN fields at DATE: 1997-02-02 00:00:00 UTC        
 READ IN fields at DATE: 1997-02-02 06:00:00 UTC        
 READ IN fields at DATE: 1997-02-02 12:00:00 UTC        
 READ IN fields at DATE: 1997-02-02 18:00:00 UTC        
 READ IN fields at DATE: 1997-02-03 00:00:00 UTC        
 READ IN fields at DATE: 1997-02-03 06:00:00 UTC        
 READ IN fields at DATE: 1997-02-03 12:00:00 UTC        
 READ IN fields at DATE: 1997-02-03 18:00:00 UTC        
 READ IN fields at DATE: 1997-02-04 00:00:00 UTC        
 READ IN fields at DATE: 1997-02-04 06:00:00 UTC        
 READ IN fields at DATE: 1997-02-04 12:00:00 UTC        
 READ IN fields at DATE: 1997-02-04 18:00:00 UTC        
 READ IN fields at DATE: 1997-02-05 00:00:00 UTC        
 READ IN fields at DATE: 1997-02-05 06:00:00 UTC        
 READ IN fields at DATE: 1997-02-05 12:00:00 UTC        
 READ IN fields at DATE: 1997-02-05 18:00:00 UTC        
 READ IN fields at DATE: 1997-02-06 00:00:00 UTC        
 READ IN fields at DATE: 1997-02-06 06:00:00 UTC        
 READ IN fields at DATE: 1997-02-06 12:00:00 UTC        
 READ IN fields at DATE: 1997-02-06 18:00:00 UTC        
 READ IN fields at DATE: 1997-02-07 00:00:00 UTC        
 READ IN fields at DATE: 1997-02-07 06:00:00 UTC        
 READ IN fields at DATE: 1997-02-07 12:00:00 UTC        
 READ IN fields at DATE: 1997-02-07 18:00:00 UTC        
 READ IN fields at DATE: 1997-02-08 00:00:00 UTC        
 READ IN fields at DATE: 1997-02-08 06:00:00 UTC        
 READ IN fields at DATE: 1997-02-08 12:00:00 UTC        
 READ IN fields at DATE: 1997-02-08 18:00:00 UTC        
 READ IN fields at DATE: 1997-02-09 00:00:00 UTC        
 READ IN fields at DATE: 1997-02-09 06:00:00 UTC        
 READ IN fields at DATE: 1997-02-09 12:00:00 UTC        
 READ IN fields at DATE: 1997-02-09 18:00:00 UTC        
 READ IN fields at DATE: 1997-02-10 00:00:00 UTC        
 READ IN fields at DATE: 1997-02-10 06:00:00 UTC        
 READ IN fields at DATE: 1997-02-10 12:00:00 UTC        
 READ IN fields at DATE: 1997-02-10 18:00:00 UTC        
 READ IN fields at DATE: 1997-02-11 00:00:00 UTC        
 READ IN fields at DATE: 1997-02-11 06:00:00 UTC        
 READ IN fields at DATE: 1997-02-11 12:00:00 UTC        
 READ IN fields at DATE: 1997-02-11 18:00:00 UTC        
 READ IN fields at DATE: 1997-02-12 00:00:00 UTC        
 READ IN fields at DATE: 1997-02-12 06:00:00 UTC        
 READ IN fields at DATE: 1997-02-12 12:00:00 UTC        
 READ IN fields at DATE: 1997-02-12 18:00:00 UTC        
 READ IN fields at DATE: 1997-02-13 00:00:00 UTC        
 READ IN fields at DATE: 1997-02-13 06:00:00 UTC        
 READ IN fields at DATE: 1997-02-13 12:00:00 UTC        
 READ IN fields at DATE: 1997-02-13 18:00:00 UTC        
 READ IN fields at DATE: 1997-02-14 00:00:00 UTC        
 READ IN fields at DATE: 1997-02-14 06:00:00 UTC        
 READ IN fields at DATE: 1997-02-14 12:00:00 UTC        
 READ IN fields at DATE: 1997-02-14 18:00:00 UTC        
 READ IN fields at DATE: 1997-02-15 00:00:00 UTC        
 READ IN fields at DATE: 1997-02-15 06:00:00 UTC        
 READ IN fields at DATE: 1997-02-15 12:00:00 UTC        
 READ IN fields at DATE: 1997-02-15 18:00:00 UTC        
 READ IN fields at DATE: 1997-02-16 00:00:00 UTC        
 READ IN fields at DATE: 1997-02-16 06:00:00 UTC        
 READ IN fields at DATE: 1997-02-16 12:00:00 UTC        
 READ IN fields at DATE: 1997-02-16 18:00:00 UTC        
 READ IN fields at DATE: 1997-02-17 00:00:00 UTC        
 READ IN fields at DATE: 1997-02-17 06:00:00 UTC        
 READ IN fields at DATE: 1997-02-17 12:00:00 UTC        
 READ IN fields at DATE: 1997-02-17 18:00:00 UTC        
 READ IN fields at DATE: 1997-02-18 00:00:00 UTC        
 READ IN fields at DATE: 1997-02-18 06:00:00 UTC        
 READ IN fields at DATE: 1997-02-18 12:00:00 UTC        
 READ IN fields at DATE: 1997-02-18 18:00:00 UTC        
 READ IN fields at DATE: 1997-02-19 00:00:00 UTC        
 READ IN fields at DATE: 1997-02-19 06:00:00 UTC        
 READ IN fields at DATE: 1997-02-19 12:00:00 UTC        
 READ IN fields at DATE: 1997-02-19 18:00:00 UTC        
 READ IN fields at DATE: 1997-02-20 00:00:00 UTC        
 READ IN fields at DATE: 1997-02-20 06:00:00 UTC        
 READ IN fields at DATE: 1997-02-20 12:00:00 UTC        
 READ IN fields at DATE: 1997-02-20 18:00:00 UTC        
 READ IN fields at DATE: 1997-02-21 00:00:00 UTC        
 READ IN fields at DATE: 1997-02-21 06:00:00 UTC        
 READ IN fields at DATE: 1997-02-21 12:00:00 UTC        
 READ IN fields at DATE: 1997-02-21 18:00:00 UTC        
 READ IN fields at DATE: 1997-02-22 00:00:00 UTC        
 READ IN fields at DATE: 1997-02-22 06:00:00 UTC        
 READ IN fields at DATE: 1997-02-22 12:00:00 UTC        
 READ IN fields at DATE: 1997-02-22 18:00:00 UTC        
 READ IN fields at DATE: 1997-02-23 00:00:00 UTC        
 READ IN fields at DATE: 1997-02-23 06:00:00 UTC        
 READ IN fields at DATE: 1997-02-23 12:00:00 UTC        
 READ IN fields at DATE: 1997-02-23 18:00:00 UTC        
 READ IN fields at DATE: 1997-02-24 00:00:00 UTC        
 READ IN fields at DATE: 1997-02-24 06:00:00 UTC        
 READ IN fields at DATE: 1997-02-24 12:00:00 UTC        
 READ IN fields at DATE: 1997-02-24 18:00:00 UTC        
 READ IN fields at DATE: 1997-02-25 00:00:00 UTC        
 READ IN fields at DATE: 1997-02-25 06:00:00 UTC        
 READ IN fields at DATE: 1997-02-25 12:00:00 UTC        
 READ IN fields at DATE: 1997-02-25 18:00:00 UTC        
 READ IN fields at DATE: 1997-02-26 00:00:00 UTC        
 READ IN fields at DATE: 1997-02-26 06:00:00 UTC        
 READ IN fields at DATE: 1997-02-26 12:00:00 UTC        
 READ IN fields at DATE: 1997-02-26 18:00:00 UTC        
 READ IN fields at DATE: 1997-02-27 00:00:00 UTC        
 READ IN fields at DATE: 1997-02-27 06:00:00 UTC        
 READ IN fields at DATE: 1997-02-27 12:00:00 UTC        
 READ IN fields at DATE: 1997-02-27 18:00:00 UTC        
 READ IN fields at DATE: 1997-02-28 00:00:00 UTC        
 READ IN fields at DATE: 1997-02-28 06:00:00 UTC        
 READ IN fields at DATE: 1997-02-28 12:00:00 UTC        
 READ IN fields at DATE: 1997-02-28 18:00:00 UTC        
      131072 /leonardo_work/ICT26_ESP/RCMDATA//ERA5/1997/tatm_1997_03.nc
  2.073030586912676E-003   249.019463667812     
      196608 /leonardo_work/ICT26_ESP/RCMDATA//ERA5/1997/geop_1997_03.nc
   7.37095611657486        235631.943428192     
      262144 /leonardo_work/ICT26_ESP/RCMDATA//ERA5/1997/qhum_1997_03.nc
  3.979076472795231E-007  1.301240255994118E-002
      327680 /leonardo_work/ICT26_ESP/RCMDATA//ERA5/1997/uwnd_1997_03.nc
  3.201162063998887E-003   38.8949982348860     
      393216 /leonardo_work/ICT26_ESP/RCMDATA//ERA5/1997/vwnd_1997_03.nc
  3.557559904814178E-003  -8.77172201725709     
 READ IN fields at DATE: 1997-03-01 00:00:00 UTC        
 READ IN fields at DATE: 1997-03-01 06:00:00 UTC        
 READ IN fields at DATE: 1997-03-01 12:00:00 UTC        
 READ IN fields at DATE: 1997-03-01 18:00:00 UTC        
 READ IN fields at DATE: 1997-03-02 00:00:00 UTC        
 READ IN fields at DATE: 1997-03-02 06:00:00 UTC        
 READ IN fields at DATE: 1997-03-02 12:00:00 UTC        
 READ IN fields at DATE: 1997-03-02 18:00:00 UTC        
 READ IN fields at DATE: 1997-03-03 00:00:00 UTC        
 READ IN fields at DATE: 1997-03-03 06:00:00 UTC        
 READ IN fields at DATE: 1997-03-03 12:00:00 UTC        
 READ IN fields at DATE: 1997-03-03 18:00:00 UTC        
 READ IN fields at DATE: 1997-03-04 00:00:00 UTC        
 READ IN fields at DATE: 1997-03-04 06:00:00 UTC        
 READ IN fields at DATE: 1997-03-04 12:00:00 UTC        
 READ IN fields at DATE: 1997-03-04 18:00:00 UTC        
 READ IN fields at DATE: 1997-03-05 00:00:00 UTC        
 READ IN fields at DATE: 1997-03-05 06:00:00 UTC        
 READ IN fields at DATE: 1997-03-05 12:00:00 UTC        
 READ IN fields at DATE: 1997-03-05 18:00:00 UTC        
 READ IN fields at DATE: 1997-03-06 00:00:00 UTC        
 READ IN fields at DATE: 1997-03-06 06:00:00 UTC        
 READ IN fields at DATE: 1997-03-06 12:00:00 UTC        
 READ IN fields at DATE: 1997-03-06 18:00:00 UTC        
 READ IN fields at DATE: 1997-03-07 00:00:00 UTC        
 READ IN fields at DATE: 1997-03-07 06:00:00 UTC        
 READ IN fields at DATE: 1997-03-07 12:00:00 UTC        
 READ IN fields at DATE: 1997-03-07 18:00:00 UTC        
 READ IN fields at DATE: 1997-03-08 00:00:00 UTC        
 READ IN fields at DATE: 1997-03-08 06:00:00 UTC        
 READ IN fields at DATE: 1997-03-08 12:00:00 UTC        
 READ IN fields at DATE: 1997-03-08 18:00:00 UTC        
 READ IN fields at DATE: 1997-03-09 00:00:00 UTC        
 READ IN fields at DATE: 1997-03-09 06:00:00 UTC        
 READ IN fields at DATE: 1997-03-09 12:00:00 UTC        
 READ IN fields at DATE: 1997-03-09 18:00:00 UTC        
 READ IN fields at DATE: 1997-03-10 00:00:00 UTC        
 READ IN fields at DATE: 1997-03-10 06:00:00 UTC        
 READ IN fields at DATE: 1997-03-10 12:00:00 UTC        
 READ IN fields at DATE: 1997-03-10 18:00:00 UTC        
 READ IN fields at DATE: 1997-03-11 00:00:00 UTC        
 READ IN fields at DATE: 1997-03-11 06:00:00 UTC        
 READ IN fields at DATE: 1997-03-11 12:00:00 UTC        
 READ IN fields at DATE: 1997-03-11 18:00:00 UTC        
 READ IN fields at DATE: 1997-03-12 00:00:00 UTC        
 READ IN fields at DATE: 1997-03-12 06:00:00 UTC        
 READ IN fields at DATE: 1997-03-12 12:00:00 UTC        
 READ IN fields at DATE: 1997-03-12 18:00:00 UTC        
 READ IN fields at DATE: 1997-03-13 00:00:00 UTC        
 READ IN fields at DATE: 1997-03-13 06:00:00 UTC        
 READ IN fields at DATE: 1997-03-13 12:00:00 UTC        
 READ IN fields at DATE: 1997-03-13 18:00:00 UTC        
 READ IN fields at DATE: 1997-03-14 00:00:00 UTC        
 READ IN fields at DATE: 1997-03-14 06:00:00 UTC        
 READ IN fields at DATE: 1997-03-14 12:00:00 UTC        
 READ IN fields at DATE: 1997-03-14 18:00:00 UTC        
 READ IN fields at DATE: 1997-03-15 00:00:00 UTC        
 READ IN fields at DATE: 1997-03-15 06:00:00 UTC        
 READ IN fields at DATE: 1997-03-15 12:00:00 UTC        
 READ IN fields at DATE: 1997-03-15 18:00:00 UTC        
 READ IN fields at DATE: 1997-03-16 00:00:00 UTC        
 READ IN fields at DATE: 1997-03-16 06:00:00 UTC        
 READ IN fields at DATE: 1997-03-16 12:00:00 UTC        
 READ IN fields at DATE: 1997-03-16 18:00:00 UTC        
 READ IN fields at DATE: 1997-03-17 00:00:00 UTC        
 READ IN fields at DATE: 1997-03-17 06:00:00 UTC        
 READ IN fields at DATE: 1997-03-17 12:00:00 UTC        
 READ IN fields at DATE: 1997-03-17 18:00:00 UTC        
 READ IN fields at DATE: 1997-03-18 00:00:00 UTC        
 READ IN fields at DATE: 1997-03-18 06:00:00 UTC        
 READ IN fields at DATE: 1997-03-18 12:00:00 UTC        
 READ IN fields at DATE: 1997-03-18 18:00:00 UTC        
 READ IN fields at DATE: 1997-03-19 00:00:00 UTC        
 READ IN fields at DATE: 1997-03-19 06:00:00 UTC        
 READ IN fields at DATE: 1997-03-19 12:00:00 UTC        
 READ IN fields at DATE: 1997-03-19 18:00:00 UTC        
 READ IN fields at DATE: 1997-03-20 00:00:00 UTC        
 READ IN fields at DATE: 1997-03-20 06:00:00 UTC        
 READ IN fields at DATE: 1997-03-20 12:00:00 UTC        
 READ IN fields at DATE: 1997-03-20 18:00:00 UTC        
 READ IN fields at DATE: 1997-03-21 00:00:00 UTC        
 READ IN fields at DATE: 1997-03-21 06:00:00 UTC        
 READ IN fields at DATE: 1997-03-21 12:00:00 UTC        
 READ IN fields at DATE: 1997-03-21 18:00:00 UTC        
 READ IN fields at DATE: 1997-03-22 00:00:00 UTC        
 READ IN fields at DATE: 1997-03-22 06:00:00 UTC        
 READ IN fields at DATE: 1997-03-22 12:00:00 UTC        
 READ IN fields at DATE: 1997-03-22 18:00:00 UTC        
 READ IN fields at DATE: 1997-03-23 00:00:00 UTC        
 READ IN fields at DATE: 1997-03-23 06:00:00 UTC        
 READ IN fields at DATE: 1997-03-23 12:00:00 UTC        
 READ IN fields at DATE: 1997-03-23 18:00:00 UTC        
 READ IN fields at DATE: 1997-03-24 00:00:00 UTC        
 READ IN fields at DATE: 1997-03-24 06:00:00 UTC        
 READ IN fields at DATE: 1997-03-24 12:00:00 UTC        
 READ IN fields at DATE: 1997-03-24 18:00:00 UTC        
 READ IN fields at DATE: 1997-03-25 00:00:00 UTC        
 READ IN fields at DATE: 1997-03-25 06:00:00 UTC        
 READ IN fields at DATE: 1997-03-25 12:00:00 UTC        
 READ IN fields at DATE: 1997-03-25 18:00:00 UTC        
 READ IN fields at DATE: 1997-03-26 00:00:00 UTC        
 READ IN fields at DATE: 1997-03-26 06:00:00 UTC        
 READ IN fields at DATE: 1997-03-26 12:00:00 UTC        
 READ IN fields at DATE: 1997-03-26 18:00:00 UTC        
 READ IN fields at DATE: 1997-03-27 00:00:00 UTC        
 READ IN fields at DATE: 1997-03-27 06:00:00 UTC        
 READ IN fields at DATE: 1997-03-27 12:00:00 UTC        
 READ IN fields at DATE: 1997-03-27 18:00:00 UTC        
 READ IN fields at DATE: 1997-03-28 00:00:00 UTC        
 READ IN fields at DATE: 1997-03-28 06:00:00 UTC        
 READ IN fields at DATE: 1997-03-28 12:00:00 UTC        
 READ IN fields at DATE: 1997-03-28 18:00:00 UTC        
 READ IN fields at DATE: 1997-03-29 00:00:00 UTC        
 READ IN fields at DATE: 1997-03-29 06:00:00 UTC        
 READ IN fields at DATE: 1997-03-29 12:00:00 UTC        
 READ IN fields at DATE: 1997-03-29 18:00:00 UTC        
 READ IN fields at DATE: 1997-03-30 00:00:00 UTC        
 READ IN fields at DATE: 1997-03-30 06:00:00 UTC        
 READ IN fields at DATE: 1997-03-30 12:00:00 UTC        
 READ IN fields at DATE: 1997-03-30 18:00:00 UTC        
 READ IN fields at DATE: 1997-03-31 00:00:00 UTC        
 READ IN fields at DATE: 1997-03-31 06:00:00 UTC        
 READ IN fields at DATE: 1997-03-31 12:00:00 UTC        
 READ IN fields at DATE: 1997-03-31 18:00:00 UTC        
      131072 /leonardo_work/ICT26_ESP/RCMDATA//ERA5/1997/tatm_1997_04.nc
  2.061948970813130E-003   249.215964264772     
      196608 /leonardo_work/ICT26_ESP/RCMDATA//ERA5/1997/geop_1997_04.nc
   7.34153588411564        235153.081185183     
      262144 /leonardo_work/ICT26_ESP/RCMDATA//ERA5/1997/qhum_1997_04.nc
  3.661984474455804E-007  1.194079991253100E-002
      327680 /leonardo_work/ICT26_ESP/RCMDATA//ERA5/1997/uwnd_1997_04.nc
  2.625132240820584E-003   25.2889477488210     
      393216 /leonardo_work/ICT26_ESP/RCMDATA//ERA5/1997/vwnd_1997_04.nc
  2.565254538684232E-003   1.95989901335566     
 READ IN fields at DATE: 1997-04-01 00:00:00 UTC        
 READ IN fields at DATE: 1997-04-01 06:00:00 UTC        
 READ IN fields at DATE: 1997-04-01 12:00:00 UTC        
 READ IN fields at DATE: 1997-04-01 18:00:00 UTC        
 READ IN fields at DATE: 1997-04-02 00:00:00 UTC        
 READ IN fields at DATE: 1997-04-02 06:00:00 UTC        
 READ IN fields at DATE: 1997-04-02 12:00:00 UTC        
 READ IN fields at DATE: 1997-04-02 18:00:00 UTC        
 READ IN fields at DATE: 1997-04-03 00:00:00 UTC        
 READ IN fields at DATE: 1997-04-03 06:00:00 UTC        
 READ IN fields at DATE: 1997-04-03 12:00:00 UTC        
 READ IN fields at DATE: 1997-04-03 18:00:00 UTC        
 READ IN fields at DATE: 1997-04-04 00:00:00 UTC        
 READ IN fields at DATE: 1997-04-04 06:00:00 UTC        
 READ IN fields at DATE: 1997-04-04 12:00:00 UTC        
 READ IN fields at DATE: 1997-04-04 18:00:00 UTC        
 READ IN fields at DATE: 1997-04-05 00:00:00 UTC        
 READ IN fields at DATE: 1997-04-05 06:00:00 UTC        
 READ IN fields at DATE: 1997-04-05 12:00:00 UTC        
 READ IN fields at DATE: 1997-04-05 18:00:00 UTC        
 READ IN fields at DATE: 1997-04-06 00:00:00 UTC        
 READ IN fields at DATE: 1997-04-06 06:00:00 UTC        
 READ IN fields at DATE: 1997-04-06 12:00:00 UTC        
 READ IN fields at DATE: 1997-04-06 18:00:00 UTC        
 READ IN fields at DATE: 1997-04-07 00:00:00 UTC        
 READ IN fields at DATE: 1997-04-07 06:00:00 UTC        
 READ IN fields at DATE: 1997-04-07 12:00:00 UTC        
 READ IN fields at DATE: 1997-04-07 18:00:00 UTC        
 READ IN fields at DATE: 1997-04-08 00:00:00 UTC        
 READ IN fields at DATE: 1997-04-08 06:00:00 UTC        
 READ IN fields at DATE: 1997-04-08 12:00:00 UTC        
 READ IN fields at DATE: 1997-04-08 18:00:00 UTC        
 READ IN fields at DATE: 1997-04-09 00:00:00 UTC        
 READ IN fields at DATE: 1997-04-09 06:00:00 UTC        
 READ IN fields at DATE: 1997-04-09 12:00:00 UTC        
 READ IN fields at DATE: 1997-04-09 18:00:00 UTC        
 READ IN fields at DATE: 1997-04-10 00:00:00 UTC        
 READ IN fields at DATE: 1997-04-10 06:00:00 UTC        
 READ IN fields at DATE: 1997-04-10 12:00:00 UTC        
 READ IN fields at DATE: 1997-04-10 18:00:00 UTC        
 READ IN fields at DATE: 1997-04-11 00:00:00 UTC        
 READ IN fields at DATE: 1997-04-11 06:00:00 UTC        
 READ IN fields at DATE: 1997-04-11 12:00:00 UTC        
 READ IN fields at DATE: 1997-04-11 18:00:00 UTC        
 READ IN fields at DATE: 1997-04-12 00:00:00 UTC        
 READ IN fields at DATE: 1997-04-12 06:00:00 UTC        
 READ IN fields at DATE: 1997-04-12 12:00:00 UTC        
 READ IN fields at DATE: 1997-04-12 18:00:00 UTC        
 READ IN fields at DATE: 1997-04-13 00:00:00 UTC        
 READ IN fields at DATE: 1997-04-13 06:00:00 UTC        
 READ IN fields at DATE: 1997-04-13 12:00:00 UTC        
 READ IN fields at DATE: 1997-04-13 18:00:00 UTC        
 READ IN fields at DATE: 1997-04-14 00:00:00 UTC        
 READ IN fields at DATE: 1997-04-14 06:00:00 UTC        
 READ IN fields at DATE: 1997-04-14 12:00:00 UTC        
 READ IN fields at DATE: 1997-04-14 18:00:00 UTC        
 READ IN fields at DATE: 1997-04-15 00:00:00 UTC        
 READ IN fields at DATE: 1997-04-15 06:00:00 UTC        
 READ IN fields at DATE: 1997-04-15 12:00:00 UTC        
 READ IN fields at DATE: 1997-04-15 18:00:00 UTC        
 READ IN fields at DATE: 1997-04-16 00:00:00 UTC        
 READ IN fields at DATE: 1997-04-16 06:00:00 UTC        
 READ IN fields at DATE: 1997-04-16 12:00:00 UTC        
 READ IN fields at DATE: 1997-04-16 18:00:00 UTC        
 READ IN fields at DATE: 1997-04-17 00:00:00 UTC        
 READ IN fields at DATE: 1997-04-17 06:00:00 UTC        
 READ IN fields at DATE: 1997-04-17 12:00:00 UTC        
 READ IN fields at DATE: 1997-04-17 18:00:00 UTC        
 READ IN fields at DATE: 1997-04-18 00:00:00 UTC        
 READ IN fields at DATE: 1997-04-18 06:00:00 UTC        
 READ IN fields at DATE: 1997-04-18 12:00:00 UTC        
 READ IN fields at DATE: 1997-04-18 18:00:00 UTC        
 READ IN fields at DATE: 1997-04-19 00:00:00 UTC        
 READ IN fields at DATE: 1997-04-19 06:00:00 UTC        
 READ IN fields at DATE: 1997-04-19 12:00:00 UTC        
 READ IN fields at DATE: 1997-04-19 18:00:00 UTC        
 READ IN fields at DATE: 1997-04-20 00:00:00 UTC        
 READ IN fields at DATE: 1997-04-20 06:00:00 UTC        
 READ IN fields at DATE: 1997-04-20 12:00:00 UTC        
 READ IN fields at DATE: 1997-04-20 18:00:00 UTC        
 READ IN fields at DATE: 1997-04-21 00:00:00 UTC        
 READ IN fields at DATE: 1997-04-21 06:00:00 UTC        
 READ IN fields at DATE: 1997-04-21 12:00:00 UTC        
 READ IN fields at DATE: 1997-04-21 18:00:00 UTC        
 READ IN fields at DATE: 1997-04-22 00:00:00 UTC        
 READ IN fields at DATE: 1997-04-22 06:00:00 UTC        
 READ IN fields at DATE: 1997-04-22 12:00:00 UTC        
 READ IN fields at DATE: 1997-04-22 18:00:00 UTC        
 READ IN fields at DATE: 1997-04-23 00:00:00 UTC        
 READ IN fields at DATE: 1997-04-23 06:00:00 UTC        
 READ IN fields at DATE: 1997-04-23 12:00:00 UTC        
 READ IN fields at DATE: 1997-04-23 18:00:00 UTC        
 READ IN fields at DATE: 1997-04-24 00:00:00 UTC        
 READ IN fields at DATE: 1997-04-24 06:00:00 UTC        
 READ IN fields at DATE: 1997-04-24 12:00:00 UTC        
 READ IN fields at DATE: 1997-04-24 18:00:00 UTC        
 READ IN fields at DATE: 1997-04-25 00:00:00 UTC        
 READ IN fields at DATE: 1997-04-25 06:00:00 UTC        
 READ IN fields at DATE: 1997-04-25 12:00:00 UTC        
 READ IN fields at DATE: 1997-04-25 18:00:00 UTC        
 READ IN fields at DATE: 1997-04-26 00:00:00 UTC        
 READ IN fields at DATE: 1997-04-26 06:00:00 UTC        
 READ IN fields at DATE: 1997-04-26 12:00:00 UTC        
 READ IN fields at DATE: 1997-04-26 18:00:00 UTC        
 READ IN fields at DATE: 1997-04-27 00:00:00 UTC        
 READ IN fields at DATE: 1997-04-27 06:00:00 UTC        
 READ IN fields at DATE: 1997-04-27 12:00:00 UTC        
 READ IN fields at DATE: 1997-04-27 18:00:00 UTC        
 READ IN fields at DATE: 1997-04-28 00:00:00 UTC        
 READ IN fields at DATE: 1997-04-28 06:00:00 UTC        
 READ IN fields at DATE: 1997-04-28 12:00:00 UTC        
 READ IN fields at DATE: 1997-04-28 18:00:00 UTC        
 READ IN fields at DATE: 1997-04-29 00:00:00 UTC        
 READ IN fields at DATE: 1997-04-29 06:00:00 UTC        
 READ IN fields at DATE: 1997-04-29 12:00:00 UTC        
 READ IN fields at DATE: 1997-04-29 18:00:00 UTC        
 READ IN fields at DATE: 1997-04-30 00:00:00 UTC        
 READ IN fields at DATE: 1997-04-30 06:00:00 UTC        
 READ IN fields at DATE: 1997-04-30 12:00:00 UTC        
 READ IN fields at DATE: 1997-04-30 18:00:00 UTC        
      131072 /leonardo_work/ICT26_ESP/RCMDATA//ERA5/1997/tatm_1997_05.nc
  2.237835194985852E-003   246.879320840703     
      196608 /leonardo_work/ICT26_ESP/RCMDATA//ERA5/1997/geop_1997_05.nc
   7.57144670910076        241872.905682895     
      262144 /leonardo_work/ICT26_ESP/RCMDATA//ERA5/1997/qhum_1997_05.nc
  3.904666207556103E-007  1.269285701774162E-002
      327680 /leonardo_work/ICT26_ESP/RCMDATA//ERA5/1997/uwnd_1997_05.nc
  3.180171886280695E-003   44.0023848286076     
      393216 /leonardo_work/ICT26_ESP/RCMDATA//ERA5/1997/vwnd_1997_05.nc
  2.765689454197933E-003 -0.853982942383349     
 READ IN fields at DATE: 1997-05-01 00:00:00 UTC        
 READ IN fields at DATE: 1997-05-01 06:00:00 UTC        
 READ IN fields at DATE: 1997-05-01 12:00:00 UTC        
 READ IN fields at DATE: 1997-05-01 18:00:00 UTC        
 READ IN fields at DATE: 1997-05-02 00:00:00 UTC        
 READ IN fields at DATE: 1997-05-02 06:00:00 UTC        
 READ IN fields at DATE: 1997-05-02 12:00:00 UTC        
 READ IN fields at DATE: 1997-05-02 18:00:00 UTC        
 READ IN fields at DATE: 1997-05-03 00:00:00 UTC        
 READ IN fields at DATE: 1997-05-03 06:00:00 UTC        
 READ IN fields at DATE: 1997-05-03 12:00:00 UTC        
 READ IN fields at DATE: 1997-05-03 18:00:00 UTC        
 READ IN fields at DATE: 1997-05-04 00:00:00 UTC        
 READ IN fields at DATE: 1997-05-04 06:00:00 UTC        
 READ IN fields at DATE: 1997-05-04 12:00:00 UTC        
 READ IN fields at DATE: 1997-05-04 18:00:00 UTC        
 READ IN fields at DATE: 1997-05-05 00:00:00 UTC        
 READ IN fields at DATE: 1997-05-05 06:00:00 UTC        
 READ IN fields at DATE: 1997-05-05 12:00:00 UTC        
 READ IN fields at DATE: 1997-05-05 18:00:00 UTC        
 READ IN fields at DATE: 1997-05-06 00:00:00 UTC        
 READ IN fields at DATE: 1997-05-06 06:00:00 UTC        
 READ IN fields at DATE: 1997-05-06 12:00:00 UTC        
 READ IN fields at DATE: 1997-05-06 18:00:00 UTC        
 READ IN fields at DATE: 1997-05-07 00:00:00 UTC        
 READ IN fields at DATE: 1997-05-07 06:00:00 UTC        
 READ IN fields at DATE: 1997-05-07 12:00:00 UTC        
 READ IN fields at DATE: 1997-05-07 18:00:00 UTC        
 READ IN fields at DATE: 1997-05-08 00:00:00 UTC        
 READ IN fields at DATE: 1997-05-08 06:00:00 UTC        
 READ IN fields at DATE: 1997-05-08 12:00:00 UTC        
 READ IN fields at DATE: 1997-05-08 18:00:00 UTC        
 READ IN fields at DATE: 1997-05-09 00:00:00 UTC        
 READ IN fields at DATE: 1997-05-09 06:00:00 UTC        
 READ IN fields at DATE: 1997-05-09 12:00:00 UTC        
 READ IN fields at DATE: 1997-05-09 18:00:00 UTC        
 READ IN fields at DATE: 1997-05-10 00:00:00 UTC        
 READ IN fields at DATE: 1997-05-10 06:00:00 UTC        
 READ IN fields at DATE: 1997-05-10 12:00:00 UTC        
 READ IN fields at DATE: 1997-05-10 18:00:00 UTC        
 READ IN fields at DATE: 1997-05-11 00:00:00 UTC        
 READ IN fields at DATE: 1997-05-11 06:00:00 UTC        
 READ IN fields at DATE: 1997-05-11 12:00:00 UTC        
 READ IN fields at DATE: 1997-05-11 18:00:00 UTC        
 READ IN fields at DATE: 1997-05-12 00:00:00 UTC        
 READ IN fields at DATE: 1997-05-12 06:00:00 UTC        
 READ IN fields at DATE: 1997-05-12 12:00:00 UTC        
 READ IN fields at DATE: 1997-05-12 18:00:00 UTC        
 READ IN fields at DATE: 1997-05-13 00:00:00 UTC        
 READ IN fields at DATE: 1997-05-13 06:00:00 UTC        
 READ IN fields at DATE: 1997-05-13 12:00:00 UTC        
 READ IN fields at DATE: 1997-05-13 18:00:00 UTC        
 READ IN fields at DATE: 1997-05-14 00:00:00 UTC        
 READ IN fields at DATE: 1997-05-14 06:00:00 UTC        
 READ IN fields at DATE: 1997-05-14 12:00:00 UTC        
 READ IN fields at DATE: 1997-05-14 18:00:00 UTC        
 READ IN fields at DATE: 1997-05-15 00:00:00 UTC        
 READ IN fields at DATE: 1997-05-15 06:00:00 UTC        
 READ IN fields at DATE: 1997-05-15 12:00:00 UTC        
 READ IN fields at DATE: 1997-05-15 18:00:00 UTC        
 READ IN fields at DATE: 1997-05-16 00:00:00 UTC        
 READ IN fields at DATE: 1997-05-16 06:00:00 UTC        
 READ IN fields at DATE: 1997-05-16 12:00:00 UTC        
 READ IN fields at DATE: 1997-05-16 18:00:00 UTC        
 READ IN fields at DATE: 1997-05-17 00:00:00 UTC        
 READ IN fields at DATE: 1997-05-17 06:00:00 UTC        
 READ IN fields at DATE: 1997-05-17 12:00:00 UTC        
 READ IN fields at DATE: 1997-05-17 18:00:00 UTC        
 READ IN fields at DATE: 1997-05-18 00:00:00 UTC        
 READ IN fields at DATE: 1997-05-18 06:00:00 UTC        
 READ IN fields at DATE: 1997-05-18 12:00:00 UTC        
 READ IN fields at DATE: 1997-05-18 18:00:00 UTC        
 READ IN fields at DATE: 1997-05-19 00:00:00 UTC        
 READ IN fields at DATE: 1997-05-19 06:00:00 UTC        
 READ IN fields at DATE: 1997-05-19 12:00:00 UTC        
 READ IN fields at DATE: 1997-05-19 18:00:00 UTC        
 READ IN fields at DATE: 1997-05-20 00:00:00 UTC        
 READ IN fields at DATE: 1997-05-20 06:00:00 UTC        
 READ IN fields at DATE: 1997-05-20 12:00:00 UTC        
 READ IN fields at DATE: 1997-05-20 18:00:00 UTC        
 READ IN fields at DATE: 1997-05-21 00:00:00 UTC        
 READ IN fields at DATE: 1997-05-21 06:00:00 UTC        
 READ IN fields at DATE: 1997-05-21 12:00:00 UTC        
 READ IN fields at DATE: 1997-05-21 18:00:00 UTC        
 READ IN fields at DATE: 1997-05-22 00:00:00 UTC        
 READ IN fields at DATE: 1997-05-22 06:00:00 UTC        
 READ IN fields at DATE: 1997-05-22 12:00:00 UTC        
 READ IN fields at DATE: 1997-05-22 18:00:00 UTC        
 READ IN fields at DATE: 1997-05-23 00:00:00 UTC        
 READ IN fields at DATE: 1997-05-23 06:00:00 UTC        
 READ IN fields at DATE: 1997-05-23 12:00:00 UTC        
 READ IN fields at DATE: 1997-05-23 18:00:00 UTC        
 READ IN fields at DATE: 1997-05-24 00:00:00 UTC        
 READ IN fields at DATE: 1997-05-24 06:00:00 UTC        
 READ IN fields at DATE: 1997-05-24 12:00:00 UTC        
 READ IN fields at DATE: 1997-05-24 18:00:00 UTC        
 READ IN fields at DATE: 1997-05-25 00:00:00 UTC        
 READ IN fields at DATE: 1997-05-25 06:00:00 UTC        
 READ IN fields at DATE: 1997-05-25 12:00:00 UTC        
 READ IN fields at DATE: 1997-05-25 18:00:00 UTC        
 READ IN fields at DATE: 1997-05-26 00:00:00 UTC        
 READ IN fields at DATE: 1997-05-26 06:00:00 UTC        
 READ IN fields at DATE: 1997-05-26 12:00:00 UTC        
 READ IN fields at DATE: 1997-05-26 18:00:00 UTC        
 READ IN fields at DATE: 1997-05-27 00:00:00 UTC        
 READ IN fields at DATE: 1997-05-27 06:00:00 UTC        
 READ IN fields at DATE: 1997-05-27 12:00:00 UTC        
 READ IN fields at DATE: 1997-05-27 18:00:00 UTC        
 READ IN fields at DATE: 1997-05-28 00:00:00 UTC        
 READ IN fields at DATE: 1997-05-28 06:00:00 UTC        
 READ IN fields at DATE: 1997-05-28 12:00:00 UTC        
 READ IN fields at DATE: 1997-05-28 18:00:00 UTC        
 READ IN fields at DATE: 1997-05-29 00:00:00 UTC        
 READ IN fields at DATE: 1997-05-29 06:00:00 UTC        
 READ IN fields at DATE: 1997-05-29 12:00:00 UTC        
 READ IN fields at DATE: 1997-05-29 18:00:00 UTC        
 READ IN fields at DATE: 1997-05-30 00:00:00 UTC        
 READ IN fields at DATE: 1997-05-30 06:00:00 UTC        
 READ IN fields at DATE: 1997-05-30 12:00:00 UTC        
 READ IN fields at DATE: 1997-05-30 18:00:00 UTC        
 READ IN fields at DATE: 1997-05-31 00:00:00 UTC        
 READ IN fields at DATE: 1997-05-31 06:00:00 UTC        
 READ IN fields at DATE: 1997-05-31 12:00:00 UTC        
 READ IN fields at DATE: 1997-05-31 18:00:00 UTC        
      131072 /leonardo_work/ICT26_ESP/RCMDATA//ERA5/1997/tatm_1997_06.nc
  2.274651828861509E-003   249.003302981703     
      196608 /leonardo_work/ICT26_ESP/RCMDATA//ERA5/1997/geop_1997_06.nc
   7.61418310955931        244421.937049070     
      262144 /leonardo_work/ICT26_ESP/RCMDATA//ERA5/1997/qhum_1997_06.nc
  4.321724728775428E-007  1.412740011544013E-002
      327680 /leonardo_work/ICT26_ESP/RCMDATA//ERA5/1997/uwnd_1997_06.nc
  4.013383775799860E-003   61.2494047461004     
      393216 /leonardo_work/ICT26_ESP/RCMDATA//ERA5/1997/vwnd_1997_06.nc
  2.550533613030005E-003  -1.22718926827136     
 READ IN fields at DATE: 1997-06-01 00:00:00 UTC        
 READ IN fields at DATE: 1997-06-01 06:00:00 UTC        
 READ IN fields at DATE: 1997-06-01 12:00:00 UTC        
 READ IN fields at DATE: 1997-06-01 18:00:00 UTC        
 READ IN fields at DATE: 1997-06-02 00:00:00 UTC        
 READ IN fields at DATE: 1997-06-02 06:00:00 UTC        
 READ IN fields at DATE: 1997-06-02 12:00:00 UTC        
 READ IN fields at DATE: 1997-06-02 18:00:00 UTC        
 READ IN fields at DATE: 1997-06-03 00:00:00 UTC        
 READ IN fields at DATE: 1997-06-03 06:00:00 UTC        
 READ IN fields at DATE: 1997-06-03 12:00:00 UTC        
 READ IN fields at DATE: 1997-06-03 18:00:00 UTC        
 READ IN fields at DATE: 1997-06-04 00:00:00 UTC        
 READ IN fields at DATE: 1997-06-04 06:00:00 UTC        
 READ IN fields at DATE: 1997-06-04 12:00:00 UTC        
 READ IN fields at DATE: 1997-06-04 18:00:00 UTC        
 READ IN fields at DATE: 1997-06-05 00:00:00 UTC        
 READ IN fields at DATE: 1997-06-05 06:00:00 UTC        
 READ IN fields at DATE: 1997-06-05 12:00:00 UTC        
 READ IN fields at DATE: 1997-06-05 18:00:00 UTC        
 READ IN fields at DATE: 1997-06-06 00:00:00 UTC        
 READ IN fields at DATE: 1997-06-06 06:00:00 UTC        
 READ IN fields at DATE: 1997-06-06 12:00:00 UTC        
 READ IN fields at DATE: 1997-06-06 18:00:00 UTC        
 READ IN fields at DATE: 1997-06-07 00:00:00 UTC        
 READ IN fields at DATE: 1997-06-07 06:00:00 UTC        
 READ IN fields at DATE: 1997-06-07 12:00:00 UTC        
 READ IN fields at DATE: 1997-06-07 18:00:00 UTC        
 READ IN fields at DATE: 1997-06-08 00:00:00 UTC        
 READ IN fields at DATE: 1997-06-08 06:00:00 UTC        
 READ IN fields at DATE: 1997-06-08 12:00:00 UTC        
 READ IN fields at DATE: 1997-06-08 18:00:00 UTC        
 READ IN fields at DATE: 1997-06-09 00:00:00 UTC        
 READ IN fields at DATE: 1997-06-09 06:00:00 UTC        
 READ IN fields at DATE: 1997-06-09 12:00:00 UTC        
 READ IN fields at DATE: 1997-06-09 18:00:00 UTC        
 READ IN fields at DATE: 1997-06-10 00:00:00 UTC        
 READ IN fields at DATE: 1997-06-10 06:00:00 UTC        
 READ IN fields at DATE: 1997-06-10 12:00:00 UTC        
 READ IN fields at DATE: 1997-06-10 18:00:00 UTC        
 READ IN fields at DATE: 1997-06-11 00:00:00 UTC        
 READ IN fields at DATE: 1997-06-11 06:00:00 UTC        
 READ IN fields at DATE: 1997-06-11 12:00:00 UTC        
 READ IN fields at DATE: 1997-06-11 18:00:00 UTC        
 READ IN fields at DATE: 1997-06-12 00:00:00 UTC        
 READ IN fields at DATE: 1997-06-12 06:00:00 UTC        
 READ IN fields at DATE: 1997-06-12 12:00:00 UTC        
 READ IN fields at DATE: 1997-06-12 18:00:00 UTC        
 READ IN fields at DATE: 1997-06-13 00:00:00 UTC        
 READ IN fields at DATE: 1997-06-13 06:00:00 UTC        
 READ IN fields at DATE: 1997-06-13 12:00:00 UTC        
 READ IN fields at DATE: 1997-06-13 18:00:00 UTC        
 READ IN fields at DATE: 1997-06-14 00:00:00 UTC        
 READ IN fields at DATE: 1997-06-14 06:00:00 UTC        
 READ IN fields at DATE: 1997-06-14 12:00:00 UTC        
 READ IN fields at DATE: 1997-06-14 18:00:00 UTC        
 READ IN fields at DATE: 1997-06-15 00:00:00 UTC        
 READ IN fields at DATE: 1997-06-15 06:00:00 UTC        
 READ IN fields at DATE: 1997-06-15 12:00:00 UTC        
 READ IN fields at DATE: 1997-06-15 18:00:00 UTC        
 READ IN fields at DATE: 1997-06-16 00:00:00 UTC        
 READ IN fields at DATE: 1997-06-16 06:00:00 UTC        
 READ IN fields at DATE: 1997-06-16 12:00:00 UTC        
 READ IN fields at DATE: 1997-06-16 18:00:00 UTC        
 READ IN fields at DATE: 1997-06-17 00:00:00 UTC        
 READ IN fields at DATE: 1997-06-17 06:00:00 UTC        
 READ IN fields at DATE: 1997-06-17 12:00:00 UTC        
 READ IN fields at DATE: 1997-06-17 18:00:00 UTC        
 READ IN fields at DATE: 1997-06-18 00:00:00 UTC        
 READ IN fields at DATE: 1997-06-18 06:00:00 UTC        
 READ IN fields at DATE: 1997-06-18 12:00:00 UTC        
 READ IN fields at DATE: 1997-06-18 18:00:00 UTC        
 READ IN fields at DATE: 1997-06-19 00:00:00 UTC        
 READ IN fields at DATE: 1997-06-19 06:00:00 UTC        
 READ IN fields at DATE: 1997-06-19 12:00:00 UTC        
 READ IN fields at DATE: 1997-06-19 18:00:00 UTC        
 READ IN fields at DATE: 1997-06-20 00:00:00 UTC        
 READ IN fields at DATE: 1997-06-20 06:00:00 UTC        
 READ IN fields at DATE: 1997-06-20 12:00:00 UTC        
 READ IN fields at DATE: 1997-06-20 18:00:00 UTC        
 READ IN fields at DATE: 1997-06-21 00:00:00 UTC        
 READ IN fields at DATE: 1997-06-21 06:00:00 UTC        
 READ IN fields at DATE: 1997-06-21 12:00:00 UTC        
 READ IN fields at DATE: 1997-06-21 18:00:00 UTC        
 READ IN fields at DATE: 1997-06-22 00:00:00 UTC        
 READ IN fields at DATE: 1997-06-22 06:00:00 UTC        
 READ IN fields at DATE: 1997-06-22 12:00:00 UTC        
 READ IN fields at DATE: 1997-06-22 18:00:00 UTC        
 READ IN fields at DATE: 1997-06-23 00:00:00 UTC        
 READ IN fields at DATE: 1997-06-23 06:00:00 UTC        
 READ IN fields at DATE: 1997-06-23 12:00:00 UTC        
 READ IN fields at DATE: 1997-06-23 18:00:00 UTC        
 READ IN fields at DATE: 1997-06-24 00:00:00 UTC        
 READ IN fields at DATE: 1997-06-24 06:00:00 UTC        
 READ IN fields at DATE: 1997-06-24 12:00:00 UTC        
 READ IN fields at DATE: 1997-06-24 18:00:00 UTC        
 READ IN fields at DATE: 1997-06-25 00:00:00 UTC        
 READ IN fields at DATE: 1997-06-25 06:00:00 UTC        
 READ IN fields at DATE: 1997-06-25 12:00:00 UTC        
 READ IN fields at DATE: 1997-06-25 18:00:00 UTC        
 READ IN fields at DATE: 1997-06-26 00:00:00 UTC        
 READ IN fields at DATE: 1997-06-26 06:00:00 UTC        
 READ IN fields at DATE: 1997-06-26 12:00:00 UTC        
 READ IN fields at DATE: 1997-06-26 18:00:00 UTC        
 READ IN fields at DATE: 1997-06-27 00:00:00 UTC        
 READ IN fields at DATE: 1997-06-27 06:00:00 UTC        
 READ IN fields at DATE: 1997-06-27 12:00:00 UTC        
 READ IN fields at DATE: 1997-06-27 18:00:00 UTC        
 READ IN fields at DATE: 1997-06-28 00:00:00 UTC        
 READ IN fields at DATE: 1997-06-28 06:00:00 UTC        
 READ IN fields at DATE: 1997-06-28 12:00:00 UTC        
 READ IN fields at DATE: 1997-06-28 18:00:00 UTC        
 READ IN fields at DATE: 1997-06-29 00:00:00 UTC        
 READ IN fields at DATE: 1997-06-29 06:00:00 UTC        
 READ IN fields at DATE: 1997-06-29 12:00:00 UTC        
 READ IN fields at DATE: 1997-06-29 18:00:00 UTC        
 READ IN fields at DATE: 1997-06-30 00:00:00 UTC        
 READ IN fields at DATE: 1997-06-30 06:00:00 UTC        
 READ IN fields at DATE: 1997-06-30 12:00:00 UTC        
 READ IN fields at DATE: 1997-06-30 18:00:00 UTC        
      131072 /leonardo_work/ICT26_ESP/RCMDATA//ERA5/1997/tatm_1997_07.nc
  2.332401128653694E-003   248.001748228147     
      196608 /leonardo_work/ICT26_ESP/RCMDATA//ERA5/1997/geop_1997_07.nc
   7.62977347767537        244311.712457011     
      262144 /leonardo_work/ICT26_ESP/RCMDATA//ERA5/1997/qhum_1997_07.nc
  4.467971277205420E-007  1.445205079837720E-002
      327680 /leonardo_work/ICT26_ESP/RCMDATA//ERA5/1997/uwnd_1997_07.nc
  4.385493049169287E-003   58.5535857568934     
      393216 /leonardo_work/ICT26_ESP/RCMDATA//ERA5/1997/vwnd_1997_07.nc
  3.223596556315139E-003   11.7799433775031     
 READ IN fields at DATE: 1997-07-01 00:00:00 UTC        
 READ IN fields at DATE: 1997-07-01 06:00:00 UTC        
 READ IN fields at DATE: 1997-07-01 12:00:00 UTC        
 READ IN fields at DATE: 1997-07-01 18:00:00 UTC        
 READ IN fields at DATE: 1997-07-02 00:00:00 UTC        
 READ IN fields at DATE: 1997-07-02 06:00:00 UTC        
 READ IN fields at DATE: 1997-07-02 12:00:00 UTC        
 READ IN fields at DATE: 1997-07-02 18:00:00 UTC        
 READ IN fields at DATE: 1997-07-03 00:00:00 UTC        
 READ IN fields at DATE: 1997-07-03 06:00:00 UTC        
 READ IN fields at DATE: 1997-07-03 12:00:00 UTC        
 READ IN fields at DATE: 1997-07-03 18:00:00 UTC        
 READ IN fields at DATE: 1997-07-04 00:00:00 UTC        
 READ IN fields at DATE: 1997-07-04 06:00:00 UTC        
 READ IN fields at DATE: 1997-07-04 12:00:00 UTC        
 READ IN fields at DATE: 1997-07-04 18:00:00 UTC        
 READ IN fields at DATE: 1997-07-05 00:00:00 UTC        
 READ IN fields at DATE: 1997-07-05 06:00:00 UTC        
 READ IN fields at DATE: 1997-07-05 12:00:00 UTC        
 READ IN fields at DATE: 1997-07-05 18:00:00 UTC        
 READ IN fields at DATE: 1997-07-06 00:00:00 UTC        
 READ IN fields at DATE: 1997-07-06 06:00:00 UTC        
 READ IN fields at DATE: 1997-07-06 12:00:00 UTC        
 READ IN fields at DATE: 1997-07-06 18:00:00 UTC        
 READ IN fields at DATE: 1997-07-07 00:00:00 UTC        
 READ IN fields at DATE: 1997-07-07 06:00:00 UTC        
 READ IN fields at DATE: 1997-07-07 12:00:00 UTC        
 READ IN fields at DATE: 1997-07-07 18:00:00 UTC        
 READ IN fields at DATE: 1997-07-08 00:00:00 UTC        
 READ IN fields at DATE: 1997-07-08 06:00:00 UTC        
 READ IN fields at DATE: 1997-07-08 12:00:00 UTC        
 READ IN fields at DATE: 1997-07-08 18:00:00 UTC        
 READ IN fields at DATE: 1997-07-09 00:00:00 UTC        
 READ IN fields at DATE: 1997-07-09 06:00:00 UTC        
 READ IN fields at DATE: 1997-07-09 12:00:00 UTC        
 READ IN fields at DATE: 1997-07-09 18:00:00 UTC        
 READ IN fields at DATE: 1997-07-10 00:00:00 UTC        
 READ IN fields at DATE: 1997-07-10 06:00:00 UTC        
 READ IN fields at DATE: 1997-07-10 12:00:00 UTC        
 READ IN fields at DATE: 1997-07-10 18:00:00 UTC        
 READ IN fields at DATE: 1997-07-11 00:00:00 UTC        
 READ IN fields at DATE: 1997-07-11 06:00:00 UTC        
 READ IN fields at DATE: 1997-07-11 12:00:00 UTC        
 READ IN fields at DATE: 1997-07-11 18:00:00 UTC        
 READ IN fields at DATE: 1997-07-12 00:00:00 UTC        
 READ IN fields at DATE: 1997-07-12 06:00:00 UTC        
 READ IN fields at DATE: 1997-07-12 12:00:00 UTC        
 READ IN fields at DATE: 1997-07-12 18:00:00 UTC        
 READ IN fields at DATE: 1997-07-13 00:00:00 UTC        
 READ IN fields at DATE: 1997-07-13 06:00:00 UTC        
 READ IN fields at DATE: 1997-07-13 12:00:00 UTC        
 READ IN fields at DATE: 1997-07-13 18:00:00 UTC        
 READ IN fields at DATE: 1997-07-14 00:00:00 UTC        
 READ IN fields at DATE: 1997-07-14 06:00:00 UTC        
 READ IN fields at DATE: 1997-07-14 12:00:00 UTC        
 READ IN fields at DATE: 1997-07-14 18:00:00 UTC        
 READ IN fields at DATE: 1997-07-15 00:00:00 UTC        
 READ IN fields at DATE: 1997-07-15 06:00:00 UTC        
 READ IN fields at DATE: 1997-07-15 12:00:00 UTC        
 READ IN fields at DATE: 1997-07-15 18:00:00 UTC        
 READ IN fields at DATE: 1997-07-16 00:00:00 UTC        
 READ IN fields at DATE: 1997-07-16 06:00:00 UTC        
 READ IN fields at DATE: 1997-07-16 12:00:00 UTC        
 READ IN fields at DATE: 1997-07-16 18:00:00 UTC        
 READ IN fields at DATE: 1997-07-17 00:00:00 UTC        
 READ IN fields at DATE: 1997-07-17 06:00:00 UTC        
 READ IN fields at DATE: 1997-07-17 12:00:00 UTC        
 READ IN fields at DATE: 1997-07-17 18:00:00 UTC        
 READ IN fields at DATE: 1997-07-18 00:00:00 UTC        
 READ IN fields at DATE: 1997-07-18 06:00:00 UTC        
 READ IN fields at DATE: 1997-07-18 12:00:00 UTC        
 READ IN fields at DATE: 1997-07-18 18:00:00 UTC        
 READ IN fields at DATE: 1997-07-19 00:00:00 UTC        
 READ IN fields at DATE: 1997-07-19 06:00:00 UTC        
 READ IN fields at DATE: 1997-07-19 12:00:00 UTC        
 READ IN fields at DATE: 1997-07-19 18:00:00 UTC        
 READ IN fields at DATE: 1997-07-20 00:00:00 UTC        
 READ IN fields at DATE: 1997-07-20 06:00:00 UTC        
 READ IN fields at DATE: 1997-07-20 12:00:00 UTC        
 READ IN fields at DATE: 1997-07-20 18:00:00 UTC        
 READ IN fields at DATE: 1997-07-21 00:00:00 UTC        
 READ IN fields at DATE: 1997-07-21 06:00:00 UTC        
 READ IN fields at DATE: 1997-07-21 12:00:00 UTC        
 READ IN fields at DATE: 1997-07-21 18:00:00 UTC        
 READ IN fields at DATE: 1997-07-22 00:00:00 UTC        
 READ IN fields at DATE: 1997-07-22 06:00:00 UTC        
 READ IN fields at DATE: 1997-07-22 12:00:00 UTC        
 READ IN fields at DATE: 1997-07-22 18:00:00 UTC        
 READ IN fields at DATE: 1997-07-23 00:00:00 UTC        
 READ IN fields at DATE: 1997-07-23 06:00:00 UTC        
 READ IN fields at DATE: 1997-07-23 12:00:00 UTC        
 READ IN fields at DATE: 1997-07-23 18:00:00 UTC        
 READ IN fields at DATE: 1997-07-24 00:00:00 UTC        
 READ IN fields at DATE: 1997-07-24 06:00:00 UTC        
 READ IN fields at DATE: 1997-07-24 12:00:00 UTC        
 READ IN fields at DATE: 1997-07-24 18:00:00 UTC        
 READ IN fields at DATE: 1997-07-25 00:00:00 UTC        
 READ IN fields at DATE: 1997-07-25 06:00:00 UTC        
 READ IN fields at DATE: 1997-07-25 12:00:00 UTC        
 READ IN fields at DATE: 1997-07-25 18:00:00 UTC        
 READ IN fields at DATE: 1997-07-26 00:00:00 UTC        
 READ IN fields at DATE: 1997-07-26 06:00:00 UTC        
 READ IN fields at DATE: 1997-07-26 12:00:00 UTC        
 READ IN fields at DATE: 1997-07-26 18:00:00 UTC        
 READ IN fields at DATE: 1997-07-27 00:00:00 UTC        
 READ IN fields at DATE: 1997-07-27 06:00:00 UTC        
 READ IN fields at DATE: 1997-07-27 12:00:00 UTC        
 READ IN fields at DATE: 1997-07-27 18:00:00 UTC        
 READ IN fields at DATE: 1997-07-28 00:00:00 UTC        
 READ IN fields at DATE: 1997-07-28 06:00:00 UTC        
 READ IN fields at DATE: 1997-07-28 12:00:00 UTC        
 READ IN fields at DATE: 1997-07-28 18:00:00 UTC        
 READ IN fields at DATE: 1997-07-29 00:00:00 UTC        
 READ IN fields at DATE: 1997-07-29 06:00:00 UTC        
 READ IN fields at DATE: 1997-07-29 12:00:00 UTC        
 READ IN fields at DATE: 1997-07-29 18:00:00 UTC        
 READ IN fields at DATE: 1997-07-30 00:00:00 UTC        
 READ IN fields at DATE: 1997-07-30 06:00:00 UTC        
 READ IN fields at DATE: 1997-07-30 12:00:00 UTC        
 READ IN fields at DATE: 1997-07-30 18:00:00 UTC        
 READ IN fields at DATE: 1997-07-31 00:00:00 UTC        
 READ IN fields at DATE: 1997-07-31 06:00:00 UTC        
 READ IN fields at DATE: 1997-07-31 12:00:00 UTC        
 READ IN fields at DATE: 1997-07-31 18:00:00 UTC        
      131072 /leonardo_work/ICT26_ESP/RCMDATA//ERA5/1997/tatm_1997_08.nc
  2.438735327421514E-003   243.866906547864     
      196608 /leonardo_work/ICT26_ESP/RCMDATA//ERA5/1997/geop_1997_08.nc
   7.56580773236385        241388.490533634     
      262144 /leonardo_work/ICT26_ESP/RCMDATA//ERA5/1997/qhum_1997_08.nc
  4.476992978945569E-007  1.464055186462075E-002
      327680 /leonardo_work/ICT26_ESP/RCMDATA//ERA5/1997/uwnd_1997_08.nc
  4.191227263959570E-003   48.4303079508211     
      393216 /leonardo_work/ICT26_ESP/RCMDATA//ERA5/1997/vwnd_1997_08.nc
  3.706450042717624E-003   3.45771861335755     
 READ IN fields at DATE: 1997-08-01 00:00:00 UTC        
 READ IN fields at DATE: 1997-08-01 06:00:00 UTC        
 READ IN fields at DATE: 1997-08-01 12:00:00 UTC        
 READ IN fields at DATE: 1997-08-01 18:00:00 UTC        
 READ IN fields at DATE: 1997-08-02 00:00:00 UTC        
 READ IN fields at DATE: 1997-08-02 06:00:00 UTC        
 READ IN fields at DATE: 1997-08-02 12:00:00 UTC        
 READ IN fields at DATE: 1997-08-02 18:00:00 UTC        
 READ IN fields at DATE: 1997-08-03 00:00:00 UTC        
 READ IN fields at DATE: 1997-08-03 06:00:00 UTC        
 READ IN fields at DATE: 1997-08-03 12:00:00 UTC        
 READ IN fields at DATE: 1997-08-03 18:00:00 UTC        
 READ IN fields at DATE: 1997-08-04 00:00:00 UTC        
 READ IN fields at DATE: 1997-08-04 06:00:00 UTC        
 READ IN fields at DATE: 1997-08-04 12:00:00 UTC        
 READ IN fields at DATE: 1997-08-04 18:00:00 UTC        
 READ IN fields at DATE: 1997-08-05 00:00:00 UTC        
 READ IN fields at DATE: 1997-08-05 06:00:00 UTC        
 READ IN fields at DATE: 1997-08-05 12:00:00 UTC        
 READ IN fields at DATE: 1997-08-05 18:00:00 UTC        
 READ IN fields at DATE: 1997-08-06 00:00:00 UTC        
 READ IN fields at DATE: 1997-08-06 06:00:00 UTC        
 READ IN fields at DATE: 1997-08-06 12:00:00 UTC        
 READ IN fields at DATE: 1997-08-06 18:00:00 UTC        
 READ IN fields at DATE: 1997-08-07 00:00:00 UTC        
 READ IN fields at DATE: 1997-08-07 06:00:00 UTC        
 READ IN fields at DATE: 1997-08-07 12:00:00 UTC        
 READ IN fields at DATE: 1997-08-07 18:00:00 UTC        
 READ IN fields at DATE: 1997-08-08 00:00:00 UTC        
 READ IN fields at DATE: 1997-08-08 06:00:00 UTC        
 READ IN fields at DATE: 1997-08-08 12:00:00 UTC        
 READ IN fields at DATE: 1997-08-08 18:00:00 UTC        
 READ IN fields at DATE: 1997-08-09 00:00:00 UTC        
 READ IN fields at DATE: 1997-08-09 06:00:00 UTC        
 READ IN fields at DATE: 1997-08-09 12:00:00 UTC        
 READ IN fields at DATE: 1997-08-09 18:00:00 UTC        
 READ IN fields at DATE: 1997-08-10 00:00:00 UTC        
 READ IN fields at DATE: 1997-08-10 06:00:00 UTC        
 READ IN fields at DATE: 1997-08-10 12:00:00 UTC        
 READ IN fields at DATE: 1997-08-10 18:00:00 UTC        
 READ IN fields at DATE: 1997-08-11 00:00:00 UTC        
 READ IN fields at DATE: 1997-08-11 06:00:00 UTC        
 READ IN fields at DATE: 1997-08-11 12:00:00 UTC        
 READ IN fields at DATE: 1997-08-11 18:00:00 UTC        
 READ IN fields at DATE: 1997-08-12 00:00:00 UTC        
 READ IN fields at DATE: 1997-08-12 06:00:00 UTC        
 READ IN fields at DATE: 1997-08-12 12:00:00 UTC        
 READ IN fields at DATE: 1997-08-12 18:00:00 UTC        
 READ IN fields at DATE: 1997-08-13 00:00:00 UTC        
 READ IN fields at DATE: 1997-08-13 06:00:00 UTC        
 READ IN fields at DATE: 1997-08-13 12:00:00 UTC        
 READ IN fields at DATE: 1997-08-13 18:00:00 UTC        
 READ IN fields at DATE: 1997-08-14 00:00:00 UTC        
 READ IN fields at DATE: 1997-08-14 06:00:00 UTC        
 READ IN fields at DATE: 1997-08-14 12:00:00 UTC        
 READ IN fields at DATE: 1997-08-14 18:00:00 UTC        
 READ IN fields at DATE: 1997-08-15 00:00:00 UTC        
 READ IN fields at DATE: 1997-08-15 06:00:00 UTC        
 READ IN fields at DATE: 1997-08-15 12:00:00 UTC        
 READ IN fields at DATE: 1997-08-15 18:00:00 UTC        
 READ IN fields at DATE: 1997-08-16 00:00:00 UTC        
 READ IN fields at DATE: 1997-08-16 06:00:00 UTC        
 READ IN fields at DATE: 1997-08-16 12:00:00 UTC        
 READ IN fields at DATE: 1997-08-16 18:00:00 UTC        
 READ IN fields at DATE: 1997-08-17 00:00:00 UTC        
 READ IN fields at DATE: 1997-08-17 06:00:00 UTC        
 READ IN fields at DATE: 1997-08-17 12:00:00 UTC        
 READ IN fields at DATE: 1997-08-17 18:00:00 UTC        
 READ IN fields at DATE: 1997-08-18 00:00:00 UTC        
 READ IN fields at DATE: 1997-08-18 06:00:00 UTC        
 READ IN fields at DATE: 1997-08-18 12:00:00 UTC        
 READ IN fields at DATE: 1997-08-18 18:00:00 UTC        
 READ IN fields at DATE: 1997-08-19 00:00:00 UTC        
 READ IN fields at DATE: 1997-08-19 06:00:00 UTC        
 READ IN fields at DATE: 1997-08-19 12:00:00 UTC        
 READ IN fields at DATE: 1997-08-19 18:00:00 UTC        
 READ IN fields at DATE: 1997-08-20 00:00:00 UTC        
 READ IN fields at DATE: 1997-08-20 06:00:00 UTC        
 READ IN fields at DATE: 1997-08-20 12:00:00 UTC        
 READ IN fields at DATE: 1997-08-20 18:00:00 UTC        
 READ IN fields at DATE: 1997-08-21 00:00:00 UTC        
 READ IN fields at DATE: 1997-08-21 06:00:00 UTC        
 READ IN fields at DATE: 1997-08-21 12:00:00 UTC        
 READ IN fields at DATE: 1997-08-21 18:00:00 UTC        
 READ IN fields at DATE: 1997-08-22 00:00:00 UTC        
 READ IN fields at DATE: 1997-08-22 06:00:00 UTC        
 READ IN fields at DATE: 1997-08-22 12:00:00 UTC        
 READ IN fields at DATE: 1997-08-22 18:00:00 UTC        
 READ IN fields at DATE: 1997-08-23 00:00:00 UTC        
 READ IN fields at DATE: 1997-08-23 06:00:00 UTC        
 READ IN fields at DATE: 1997-08-23 12:00:00 UTC        
 READ IN fields at DATE: 1997-08-23 18:00:00 UTC        
 READ IN fields at DATE: 1997-08-24 00:00:00 UTC        
 READ IN fields at DATE: 1997-08-24 06:00:00 UTC        
 READ IN fields at DATE: 1997-08-24 12:00:00 UTC        
 READ IN fields at DATE: 1997-08-24 18:00:00 UTC        
 READ IN fields at DATE: 1997-08-25 00:00:00 UTC        
 READ IN fields at DATE: 1997-08-25 06:00:00 UTC        
 READ IN fields at DATE: 1997-08-25 12:00:00 UTC        
 READ IN fields at DATE: 1997-08-25 18:00:00 UTC        
 READ IN fields at DATE: 1997-08-26 00:00:00 UTC        
 READ IN fields at DATE: 1997-08-26 06:00:00 UTC        
 READ IN fields at DATE: 1997-08-26 12:00:00 UTC        
 READ IN fields at DATE: 1997-08-26 18:00:00 UTC        
 READ IN fields at DATE: 1997-08-27 00:00:00 UTC        
 READ IN fields at DATE: 1997-08-27 06:00:00 UTC        
 READ IN fields at DATE: 1997-08-27 12:00:00 UTC        
 READ IN fields at DATE: 1997-08-27 18:00:00 UTC        
 READ IN fields at DATE: 1997-08-28 00:00:00 UTC        
 READ IN fields at DATE: 1997-08-28 06:00:00 UTC        
 READ IN fields at DATE: 1997-08-28 12:00:00 UTC        
 READ IN fields at DATE: 1997-08-28 18:00:00 UTC        
 READ IN fields at DATE: 1997-08-29 00:00:00 UTC        
 READ IN fields at DATE: 1997-08-29 06:00:00 UTC        
 READ IN fields at DATE: 1997-08-29 12:00:00 UTC        
 READ IN fields at DATE: 1997-08-29 18:00:00 UTC        
 READ IN fields at DATE: 1997-08-30 00:00:00 UTC        
 READ IN fields at DATE: 1997-08-30 06:00:00 UTC        
 READ IN fields at DATE: 1997-08-30 12:00:00 UTC        
 READ IN fields at DATE: 1997-08-30 18:00:00 UTC        
 READ IN fields at DATE: 1997-08-31 00:00:00 UTC        
 READ IN fields at DATE: 1997-08-31 06:00:00 UTC        
 READ IN fields at DATE: 1997-08-31 12:00:00 UTC        
 READ IN fields at DATE: 1997-08-31 18:00:00 UTC        
      131072 /leonardo_work/ICT26_ESP/RCMDATA//ERA5/1997/tatm_1997_09.nc
  2.158446090242106E-003   249.491405823342     
      196608 /leonardo_work/ICT26_ESP/RCMDATA//ERA5/1997/geop_1997_09.nc
   7.39178036971831        235790.657625440     
      262144 /leonardo_work/ICT26_ESP/RCMDATA//ERA5/1997/qhum_1997_09.nc
  3.956121411636800E-007  1.294042930014743E-002
      327680 /leonardo_work/ICT26_ESP/RCMDATA//ERA5/1997/uwnd_1997_09.nc
  3.517438787176523E-003   43.4816473475009     
      393216 /leonardo_work/ICT26_ESP/RCMDATA//ERA5/1997/vwnd_1997_09.nc
  3.250488329680991E-003   14.4005506591555     
 READ IN fields at DATE: 1997-09-01 00:00:00 UTC        
 READ IN fields at DATE: 1997-09-01 06:00:00 UTC        
 READ IN fields at DATE: 1997-09-01 12:00:00 UTC        
 READ IN fields at DATE: 1997-09-01 18:00:00 UTC        
 READ IN fields at DATE: 1997-09-02 00:00:00 UTC        
 READ IN fields at DATE: 1997-09-02 06:00:00 UTC        
 READ IN fields at DATE: 1997-09-02 12:00:00 UTC        
 READ IN fields at DATE: 1997-09-02 18:00:00 UTC        
 READ IN fields at DATE: 1997-09-03 00:00:00 UTC        
 READ IN fields at DATE: 1997-09-03 06:00:00 UTC        
 READ IN fields at DATE: 1997-09-03 12:00:00 UTC        
 READ IN fields at DATE: 1997-09-03 18:00:00 UTC        
 READ IN fields at DATE: 1997-09-04 00:00:00 UTC        
 READ IN fields at DATE: 1997-09-04 06:00:00 UTC        
 READ IN fields at DATE: 1997-09-04 12:00:00 UTC        
 READ IN fields at DATE: 1997-09-04 18:00:00 UTC        
 READ IN fields at DATE: 1997-09-05 00:00:00 UTC        
 READ IN fields at DATE: 1997-09-05 06:00:00 UTC        
 READ IN fields at DATE: 1997-09-05 12:00:00 UTC        
 READ IN fields at DATE: 1997-09-05 18:00:00 UTC        
 READ IN fields at DATE: 1997-09-06 00:00:00 UTC        
 READ IN fields at DATE: 1997-09-06 06:00:00 UTC        
 READ IN fields at DATE: 1997-09-06 12:00:00 UTC        
 READ IN fields at DATE: 1997-09-06 18:00:00 UTC        
 READ IN fields at DATE: 1997-09-07 00:00:00 UTC        
 READ IN fields at DATE: 1997-09-07 06:00:00 UTC        
 READ IN fields at DATE: 1997-09-07 12:00:00 UTC        
 READ IN fields at DATE: 1997-09-07 18:00:00 UTC        
 READ IN fields at DATE: 1997-09-08 00:00:00 UTC        
 READ IN fields at DATE: 1997-09-08 06:00:00 UTC        
 READ IN fields at DATE: 1997-09-08 12:00:00 UTC        
 READ IN fields at DATE: 1997-09-08 18:00:00 UTC        
 READ IN fields at DATE: 1997-09-09 00:00:00 UTC        
 READ IN fields at DATE: 1997-09-09 06:00:00 UTC        
 READ IN fields at DATE: 1997-09-09 12:00:00 UTC        
 READ IN fields at DATE: 1997-09-09 18:00:00 UTC        
 READ IN fields at DATE: 1997-09-10 00:00:00 UTC        
 READ IN fields at DATE: 1997-09-10 06:00:00 UTC        
 READ IN fields at DATE: 1997-09-10 12:00:00 UTC        
 READ IN fields at DATE: 1997-09-10 18:00:00 UTC        
 READ IN fields at DATE: 1997-09-11 00:00:00 UTC        
 READ IN fields at DATE: 1997-09-11 06:00:00 UTC        
 READ IN fields at DATE: 1997-09-11 12:00:00 UTC        
 READ IN fields at DATE: 1997-09-11 18:00:00 UTC        
 READ IN fields at DATE: 1997-09-12 00:00:00 UTC        
 READ IN fields at DATE: 1997-09-12 06:00:00 UTC        
 READ IN fields at DATE: 1997-09-12 12:00:00 UTC        
 READ IN fields at DATE: 1997-09-12 18:00:00 UTC        
 READ IN fields at DATE: 1997-09-13 00:00:00 UTC        
 READ IN fields at DATE: 1997-09-13 06:00:00 UTC        
 READ IN fields at DATE: 1997-09-13 12:00:00 UTC        
 READ IN fields at DATE: 1997-09-13 18:00:00 UTC        
 READ IN fields at DATE: 1997-09-14 00:00:00 UTC        
 READ IN fields at DATE: 1997-09-14 06:00:00 UTC        
 READ IN fields at DATE: 1997-09-14 12:00:00 UTC        
 READ IN fields at DATE: 1997-09-14 18:00:00 UTC        
 READ IN fields at DATE: 1997-09-15 00:00:00 UTC        
 READ IN fields at DATE: 1997-09-15 06:00:00 UTC        
 READ IN fields at DATE: 1997-09-15 12:00:00 UTC        
 READ IN fields at DATE: 1997-09-15 18:00:00 UTC        
 READ IN fields at DATE: 1997-09-16 00:00:00 UTC        
 READ IN fields at DATE: 1997-09-16 06:00:00 UTC        
 READ IN fields at DATE: 1997-09-16 12:00:00 UTC        
 READ IN fields at DATE: 1997-09-16 18:00:00 UTC        
 READ IN fields at DATE: 1997-09-17 00:00:00 UTC        
 READ IN fields at DATE: 1997-09-17 06:00:00 UTC        
 READ IN fields at DATE: 1997-09-17 12:00:00 UTC        
 READ IN fields at DATE: 1997-09-17 18:00:00 UTC        
 READ IN fields at DATE: 1997-09-18 00:00:00 UTC        
 READ IN fields at DATE: 1997-09-18 06:00:00 UTC        
 READ IN fields at DATE: 1997-09-18 12:00:00 UTC        
 READ IN fields at DATE: 1997-09-18 18:00:00 UTC        
 READ IN fields at DATE: 1997-09-19 00:00:00 UTC        
 READ IN fields at DATE: 1997-09-19 06:00:00 UTC        
 READ IN fields at DATE: 1997-09-19 12:00:00 UTC        
 READ IN fields at DATE: 1997-09-19 18:00:00 UTC        
 READ IN fields at DATE: 1997-09-20 00:00:00 UTC        
 READ IN fields at DATE: 1997-09-20 06:00:00 UTC        
 READ IN fields at DATE: 1997-09-20 12:00:00 UTC        
 READ IN fields at DATE: 1997-09-20 18:00:00 UTC        
 READ IN fields at DATE: 1997-09-21 00:00:00 UTC        
 READ IN fields at DATE: 1997-09-21 06:00:00 UTC        
 READ IN fields at DATE: 1997-09-21 12:00:00 UTC        
 READ IN fields at DATE: 1997-09-21 18:00:00 UTC        
 READ IN fields at DATE: 1997-09-22 00:00:00 UTC        
 READ IN fields at DATE: 1997-09-22 06:00:00 UTC        
 READ IN fields at DATE: 1997-09-22 12:00:00 UTC        
 READ IN fields at DATE: 1997-09-22 18:00:00 UTC        
 READ IN fields at DATE: 1997-09-23 00:00:00 UTC        
 READ IN fields at DATE: 1997-09-23 06:00:00 UTC        
 READ IN fields at DATE: 1997-09-23 12:00:00 UTC        
 READ IN fields at DATE: 1997-09-23 18:00:00 UTC        
 READ IN fields at DATE: 1997-09-24 00:00:00 UTC        
 READ IN fields at DATE: 1997-09-24 06:00:00 UTC        
 READ IN fields at DATE: 1997-09-24 12:00:00 UTC        
 READ IN fields at DATE: 1997-09-24 18:00:00 UTC        
 READ IN fields at DATE: 1997-09-25 00:00:00 UTC        
 READ IN fields at DATE: 1997-09-25 06:00:00 UTC        
 READ IN fields at DATE: 1997-09-25 12:00:00 UTC        
 READ IN fields at DATE: 1997-09-25 18:00:00 UTC        
 READ IN fields at DATE: 1997-09-26 00:00:00 UTC        
 READ IN fields at DATE: 1997-09-26 06:00:00 UTC        
 READ IN fields at DATE: 1997-09-26 12:00:00 UTC        
 READ IN fields at DATE: 1997-09-26 18:00:00 UTC        
 READ IN fields at DATE: 1997-09-27 00:00:00 UTC        
 READ IN fields at DATE: 1997-09-27 06:00:00 UTC        
 READ IN fields at DATE: 1997-09-27 12:00:00 UTC        
 READ IN fields at DATE: 1997-09-27 18:00:00 UTC        
 READ IN fields at DATE: 1997-09-28 00:00:00 UTC        
 READ IN fields at DATE: 1997-09-28 06:00:00 UTC        
 READ IN fields at DATE: 1997-09-28 12:00:00 UTC        
 READ IN fields at DATE: 1997-09-28 18:00:00 UTC        
 READ IN fields at DATE: 1997-09-29 00:00:00 UTC        
 READ IN fields at DATE: 1997-09-29 06:00:00 UTC        
 READ IN fields at DATE: 1997-09-29 12:00:00 UTC        
 READ IN fields at DATE: 1997-09-29 18:00:00 UTC        
 READ IN fields at DATE: 1997-09-30 00:00:00 UTC        
 READ IN fields at DATE: 1997-09-30 06:00:00 UTC        
 READ IN fields at DATE: 1997-09-30 12:00:00 UTC        
 READ IN fields at DATE: 1997-09-30 18:00:00 UTC        
      131072 /leonardo_work/ICT26_ESP/RCMDATA//ERA5/1997/tatm_1997_10.nc
  2.133382353940476E-003   247.998673909409     
      196608 /leonardo_work/ICT26_ESP/RCMDATA//ERA5/1997/geop_1997_10.nc
   7.35717554752949        235042.116334101     
      262144 /leonardo_work/ICT26_ESP/RCMDATA//ERA5/1997/qhum_1997_10.nc
  3.760309262041863E-007  1.230682357555644E-002
      327680 /leonardo_work/ICT26_ESP/RCMDATA//ERA5/1997/uwnd_1997_10.nc
  3.248062123311204E-003   20.8152094650321     
      393216 /leonardo_work/ICT26_ESP/RCMDATA//ERA5/1997/vwnd_1997_10.nc
  2.975540471975951E-003   2.06195827468589     
 READ IN fields at DATE: 1997-10-01 00:00:00 UTC        
 READ IN fields at DATE: 1997-10-01 06:00:00 UTC        
 READ IN fields at DATE: 1997-10-01 12:00:00 UTC        
 READ IN fields at DATE: 1997-10-01 18:00:00 UTC        
 READ IN fields at DATE: 1997-10-02 00:00:00 UTC        
 READ IN fields at DATE: 1997-10-02 06:00:00 UTC        
 READ IN fields at DATE: 1997-10-02 12:00:00 UTC        
 READ IN fields at DATE: 1997-10-02 18:00:00 UTC        
 READ IN fields at DATE: 1997-10-03 00:00:00 UTC        
 READ IN fields at DATE: 1997-10-03 06:00:00 UTC        
 READ IN fields at DATE: 1997-10-03 12:00:00 UTC        
 READ IN fields at DATE: 1997-10-03 18:00:00 UTC        
 READ IN fields at DATE: 1997-10-04 00:00:00 UTC        
 READ IN fields at DATE: 1997-10-04 06:00:00 UTC        
 READ IN fields at DATE: 1997-10-04 12:00:00 UTC        
 READ IN fields at DATE: 1997-10-04 18:00:00 UTC        
 READ IN fields at DATE: 1997-10-05 00:00:00 UTC        
 READ IN fields at DATE: 1997-10-05 06:00:00 UTC        
 READ IN fields at DATE: 1997-10-05 12:00:00 UTC        
 READ IN fields at DATE: 1997-10-05 18:00:00 UTC        
 READ IN fields at DATE: 1997-10-06 00:00:00 UTC        
 READ IN fields at DATE: 1997-10-06 06:00:00 UTC        
 READ IN fields at DATE: 1997-10-06 12:00:00 UTC        
 READ IN fields at DATE: 1997-10-06 18:00:00 UTC        
 READ IN fields at DATE: 1997-10-07 00:00:00 UTC        
 READ IN fields at DATE: 1997-10-07 06:00:00 UTC        
 READ IN fields at DATE: 1997-10-07 12:00:00 UTC        
 READ IN fields at DATE: 1997-10-07 18:00:00 UTC        
 READ IN fields at DATE: 1997-10-08 00:00:00 UTC        
 READ IN fields at DATE: 1997-10-08 06:00:00 UTC        
 READ IN fields at DATE: 1997-10-08 12:00:00 UTC        
 READ IN fields at DATE: 1997-10-08 18:00:00 UTC        
 READ IN fields at DATE: 1997-10-09 00:00:00 UTC        
 READ IN fields at DATE: 1997-10-09 06:00:00 UTC        
 READ IN fields at DATE: 1997-10-09 12:00:00 UTC        
 READ IN fields at DATE: 1997-10-09 18:00:00 UTC        
 READ IN fields at DATE: 1997-10-10 00:00:00 UTC        
 READ IN fields at DATE: 1997-10-10 06:00:00 UTC        
 READ IN fields at DATE: 1997-10-10 12:00:00 UTC        
 READ IN fields at DATE: 1997-10-10 18:00:00 UTC        
 READ IN fields at DATE: 1997-10-11 00:00:00 UTC        
 READ IN fields at DATE: 1997-10-11 06:00:00 UTC        
 READ IN fields at DATE: 1997-10-11 12:00:00 UTC        
 READ IN fields at DATE: 1997-10-11 18:00:00 UTC        
 READ IN fields at DATE: 1997-10-12 00:00:00 UTC        
 READ IN fields at DATE: 1997-10-12 06:00:00 UTC        
 READ IN fields at DATE: 1997-10-12 12:00:00 UTC        
 READ IN fields at DATE: 1997-10-12 18:00:00 UTC        
 READ IN fields at DATE: 1997-10-13 00:00:00 UTC        
 READ IN fields at DATE: 1997-10-13 06:00:00 UTC        
 READ IN fields at DATE: 1997-10-13 12:00:00 UTC        
 READ IN fields at DATE: 1997-10-13 18:00:00 UTC        
 READ IN fields at DATE: 1997-10-14 00:00:00 UTC        
 READ IN fields at DATE: 1997-10-14 06:00:00 UTC        
 READ IN fields at DATE: 1997-10-14 12:00:00 UTC        
 READ IN fields at DATE: 1997-10-14 18:00:00 UTC        
 READ IN fields at DATE: 1997-10-15 00:00:00 UTC        
 READ IN fields at DATE: 1997-10-15 06:00:00 UTC        
 READ IN fields at DATE: 1997-10-15 12:00:00 UTC        
 READ IN fields at DATE: 1997-10-15 18:00:00 UTC        
 READ IN fields at DATE: 1997-10-16 00:00:00 UTC        
 READ IN fields at DATE: 1997-10-16 06:00:00 UTC        
 READ IN fields at DATE: 1997-10-16 12:00:00 UTC        
 READ IN fields at DATE: 1997-10-16 18:00:00 UTC        
 READ IN fields at DATE: 1997-10-17 00:00:00 UTC        
 READ IN fields at DATE: 1997-10-17 06:00:00 UTC        
 READ IN fields at DATE: 1997-10-17 12:00:00 UTC        
 READ IN fields at DATE: 1997-10-17 18:00:00 UTC        
 READ IN fields at DATE: 1997-10-18 00:00:00 UTC        
 READ IN fields at DATE: 1997-10-18 06:00:00 UTC        
 READ IN fields at DATE: 1997-10-18 12:00:00 UTC        
 READ IN fields at DATE: 1997-10-18 18:00:00 UTC        
 READ IN fields at DATE: 1997-10-19 00:00:00 UTC        
 READ IN fields at DATE: 1997-10-19 06:00:00 UTC        
 READ IN fields at DATE: 1997-10-19 12:00:00 UTC        
 READ IN fields at DATE: 1997-10-19 18:00:00 UTC        
 READ IN fields at DATE: 1997-10-20 00:00:00 UTC        
 READ IN fields at DATE: 1997-10-20 06:00:00 UTC        
 READ IN fields at DATE: 1997-10-20 12:00:00 UTC        
 READ IN fields at DATE: 1997-10-20 18:00:00 UTC        
 READ IN fields at DATE: 1997-10-21 00:00:00 UTC        
 READ IN fields at DATE: 1997-10-21 06:00:00 UTC        
 READ IN fields at DATE: 1997-10-21 12:00:00 UTC        
 READ IN fields at DATE: 1997-10-21 18:00:00 UTC        
 READ IN fields at DATE: 1997-10-22 00:00:00 UTC        
 READ IN fields at DATE: 1997-10-22 06:00:00 UTC        
 READ IN fields at DATE: 1997-10-22 12:00:00 UTC        
 READ IN fields at DATE: 1997-10-22 18:00:00 UTC        
 READ IN fields at DATE: 1997-10-23 00:00:00 UTC        
 READ IN fields at DATE: 1997-10-23 06:00:00 UTC        
 READ IN fields at DATE: 1997-10-23 12:00:00 UTC        
 READ IN fields at DATE: 1997-10-23 18:00:00 UTC        
 READ IN fields at DATE: 1997-10-24 00:00:00 UTC        
 READ IN fields at DATE: 1997-10-24 06:00:00 UTC        
 READ IN fields at DATE: 1997-10-24 12:00:00 UTC        
 READ IN fields at DATE: 1997-10-24 18:00:00 UTC        
 READ IN fields at DATE: 1997-10-25 00:00:00 UTC        
 READ IN fields at DATE: 1997-10-25 06:00:00 UTC        
 READ IN fields at DATE: 1997-10-25 12:00:00 UTC        
 READ IN fields at DATE: 1997-10-25 18:00:00 UTC        
 READ IN fields at DATE: 1997-10-26 00:00:00 UTC        
 READ IN fields at DATE: 1997-10-26 06:00:00 UTC        
 READ IN fields at DATE: 1997-10-26 12:00:00 UTC        
 READ IN fields at DATE: 1997-10-26 18:00:00 UTC        
 READ IN fields at DATE: 1997-10-27 00:00:00 UTC        
 READ IN fields at DATE: 1997-10-27 06:00:00 UTC        
 READ IN fields at DATE: 1997-10-27 12:00:00 UTC        
 READ IN fields at DATE: 1997-10-27 18:00:00 UTC        
 READ IN fields at DATE: 1997-10-28 00:00:00 UTC        
 READ IN fields at DATE: 1997-10-28 06:00:00 UTC        
 READ IN fields at DATE: 1997-10-28 12:00:00 UTC        
 READ IN fields at DATE: 1997-10-28 18:00:00 UTC        
 READ IN fields at DATE: 1997-10-29 00:00:00 UTC        
 READ IN fields at DATE: 1997-10-29 06:00:00 UTC        
 READ IN fields at DATE: 1997-10-29 12:00:00 UTC        
 READ IN fields at DATE: 1997-10-29 18:00:00 UTC        
 READ IN fields at DATE: 1997-10-30 00:00:00 UTC        
 READ IN fields at DATE: 1997-10-30 06:00:00 UTC        
 READ IN fields at DATE: 1997-10-30 12:00:00 UTC        
 READ IN fields at DATE: 1997-10-30 18:00:00 UTC        
 READ IN fields at DATE: 1997-10-31 00:00:00 UTC        
 READ IN fields at DATE: 1997-10-31 06:00:00 UTC        
 READ IN fields at DATE: 1997-10-31 12:00:00 UTC        
 READ IN fields at DATE: 1997-10-31 18:00:00 UTC        
      131072 /leonardo_work/ICT26_ESP/RCMDATA//ERA5/1997/tatm_1997_11.nc
  2.074151019259261E-003   249.538643405447     
      196608 /leonardo_work/ICT26_ESP/RCMDATA//ERA5/1997/geop_1997_11.nc
   7.56406707784628        242495.464060211     
      262144 /leonardo_work/ICT26_ESP/RCMDATA//ERA5/1997/qhum_1997_11.nc
  3.830412032525360E-007  1.254538046884732E-002
      327680 /leonardo_work/ICT26_ESP/RCMDATA//ERA5/1997/uwnd_1997_11.nc
  3.520035433379581E-003   37.0916161419513     
      393216 /leonardo_work/ICT26_ESP/RCMDATA//ERA5/1997/vwnd_1997_11.nc
  2.949798934643376E-003  -4.18302397173295     
 READ IN fields at DATE: 1997-11-01 00:00:00 UTC        
 READ IN fields at DATE: 1997-11-01 06:00:00 UTC        
 READ IN fields at DATE: 1997-11-01 12:00:00 UTC        
 READ IN fields at DATE: 1997-11-01 18:00:00 UTC        
 READ IN fields at DATE: 1997-11-02 00:00:00 UTC        
 READ IN fields at DATE: 1997-11-02 06:00:00 UTC        
 READ IN fields at DATE: 1997-11-02 12:00:00 UTC        
 READ IN fields at DATE: 1997-11-02 18:00:00 UTC        
 READ IN fields at DATE: 1997-11-03 00:00:00 UTC        
 READ IN fields at DATE: 1997-11-03 06:00:00 UTC        
 READ IN fields at DATE: 1997-11-03 12:00:00 UTC        
 READ IN fields at DATE: 1997-11-03 18:00:00 UTC        
 READ IN fields at DATE: 1997-11-04 00:00:00 UTC        
 READ IN fields at DATE: 1997-11-04 06:00:00 UTC        
 READ IN fields at DATE: 1997-11-04 12:00:00 UTC        
 READ IN fields at DATE: 1997-11-04 18:00:00 UTC        
 READ IN fields at DATE: 1997-11-05 00:00:00 UTC        
 READ IN fields at DATE: 1997-11-05 06:00:00 UTC        
 READ IN fields at DATE: 1997-11-05 12:00:00 UTC        
 READ IN fields at DATE: 1997-11-05 18:00:00 UTC        
 READ IN fields at DATE: 1997-11-06 00:00:00 UTC        
 READ IN fields at DATE: 1997-11-06 06:00:00 UTC        
 READ IN fields at DATE: 1997-11-06 12:00:00 UTC        
 READ IN fields at DATE: 1997-11-06 18:00:00 UTC        
 READ IN fields at DATE: 1997-11-07 00:00:00 UTC        
 READ IN fields at DATE: 1997-11-07 06:00:00 UTC        
 READ IN fields at DATE: 1997-11-07 12:00:00 UTC        
 READ IN fields at DATE: 1997-11-07 18:00:00 UTC        
 READ IN fields at DATE: 1997-11-08 00:00:00 UTC        
 READ IN fields at DATE: 1997-11-08 06:00:00 UTC        
 READ IN fields at DATE: 1997-11-08 12:00:00 UTC        
 READ IN fields at DATE: 1997-11-08 18:00:00 UTC        
 READ IN fields at DATE: 1997-11-09 00:00:00 UTC        
 READ IN fields at DATE: 1997-11-09 06:00:00 UTC        
 READ IN fields at DATE: 1997-11-09 12:00:00 UTC        
 READ IN fields at DATE: 1997-11-09 18:00:00 UTC        
 READ IN fields at DATE: 1997-11-10 00:00:00 UTC        
 READ IN fields at DATE: 1997-11-10 06:00:00 UTC        
 READ IN fields at DATE: 1997-11-10 12:00:00 UTC        
 READ IN fields at DATE: 1997-11-10 18:00:00 UTC        
 READ IN fields at DATE: 1997-11-11 00:00:00 UTC        
 READ IN fields at DATE: 1997-11-11 06:00:00 UTC        
 READ IN fields at DATE: 1997-11-11 12:00:00 UTC        
 READ IN fields at DATE: 1997-11-11 18:00:00 UTC        
 READ IN fields at DATE: 1997-11-12 00:00:00 UTC        
 READ IN fields at DATE: 1997-11-12 06:00:00 UTC        
 READ IN fields at DATE: 1997-11-12 12:00:00 UTC        
 READ IN fields at DATE: 1997-11-12 18:00:00 UTC        
 READ IN fields at DATE: 1997-11-13 00:00:00 UTC        
 READ IN fields at DATE: 1997-11-13 06:00:00 UTC        
 READ IN fields at DATE: 1997-11-13 12:00:00 UTC        
 READ IN fields at DATE: 1997-11-13 18:00:00 UTC        
 READ IN fields at DATE: 1997-11-14 00:00:00 UTC        
 READ IN fields at DATE: 1997-11-14 06:00:00 UTC        
 READ IN fields at DATE: 1997-11-14 12:00:00 UTC        
 READ IN fields at DATE: 1997-11-14 18:00:00 UTC        
 READ IN fields at DATE: 1997-11-15 00:00:00 UTC        
 READ IN fields at DATE: 1997-11-15 06:00:00 UTC        
 READ IN fields at DATE: 1997-11-15 12:00:00 UTC        
 READ IN fields at DATE: 1997-11-15 18:00:00 UTC        
 READ IN fields at DATE: 1997-11-16 00:00:00 UTC        
 READ IN fields at DATE: 1997-11-16 06:00:00 UTC        
 READ IN fields at DATE: 1997-11-16 12:00:00 UTC        
 READ IN fields at DATE: 1997-11-16 18:00:00 UTC        
 READ IN fields at DATE: 1997-11-17 00:00:00 UTC        
 READ IN fields at DATE: 1997-11-17 06:00:00 UTC        
 READ IN fields at DATE: 1997-11-17 12:00:00 UTC        
 READ IN fields at DATE: 1997-11-17 18:00:00 UTC        
 READ IN fields at DATE: 1997-11-18 00:00:00 UTC        
 READ IN fields at DATE: 1997-11-18 06:00:00 UTC        
 READ IN fields at DATE: 1997-11-18 12:00:00 UTC        
 READ IN fields at DATE: 1997-11-18 18:00:00 UTC        
 READ IN fields at DATE: 1997-11-19 00:00:00 UTC        
 READ IN fields at DATE: 1997-11-19 06:00:00 UTC        
 READ IN fields at DATE: 1997-11-19 12:00:00 UTC        
 READ IN fields at DATE: 1997-11-19 18:00:00 UTC        
 READ IN fields at DATE: 1997-11-20 00:00:00 UTC        
 READ IN fields at DATE: 1997-11-20 06:00:00 UTC        
 READ IN fields at DATE: 1997-11-20 12:00:00 UTC        
 READ IN fields at DATE: 1997-11-20 18:00:00 UTC        
 READ IN fields at DATE: 1997-11-21 00:00:00 UTC        
 READ IN fields at DATE: 1997-11-21 06:00:00 UTC        
 READ IN fields at DATE: 1997-11-21 12:00:00 UTC        
 READ IN fields at DATE: 1997-11-21 18:00:00 UTC        
 READ IN fields at DATE: 1997-11-22 00:00:00 UTC        
 READ IN fields at DATE: 1997-11-22 06:00:00 UTC        
 READ IN fields at DATE: 1997-11-22 12:00:00 UTC        
 READ IN fields at DATE: 1997-11-22 18:00:00 UTC        
 READ IN fields at DATE: 1997-11-23 00:00:00 UTC        
 READ IN fields at DATE: 1997-11-23 06:00:00 UTC        
 READ IN fields at DATE: 1997-11-23 12:00:00 UTC        
 READ IN fields at DATE: 1997-11-23 18:00:00 UTC        
 READ IN fields at DATE: 1997-11-24 00:00:00 UTC        
 READ IN fields at DATE: 1997-11-24 06:00:00 UTC        
 READ IN fields at DATE: 1997-11-24 12:00:00 UTC        
 READ IN fields at DATE: 1997-11-24 18:00:00 UTC        
 READ IN fields at DATE: 1997-11-25 00:00:00 UTC        
 READ IN fields at DATE: 1997-11-25 06:00:00 UTC        
 READ IN fields at DATE: 1997-11-25 12:00:00 UTC        
 READ IN fields at DATE: 1997-11-25 18:00:00 UTC        
 READ IN fields at DATE: 1997-11-26 00:00:00 UTC        
 READ IN fields at DATE: 1997-11-26 06:00:00 UTC        
 READ IN fields at DATE: 1997-11-26 12:00:00 UTC        
 READ IN fields at DATE: 1997-11-26 18:00:00 UTC        
 READ IN fields at DATE: 1997-11-27 00:00:00 UTC        
 READ IN fields at DATE: 1997-11-27 06:00:00 UTC        
 READ IN fields at DATE: 1997-11-27 12:00:00 UTC        
 READ IN fields at DATE: 1997-11-27 18:00:00 UTC        
 READ IN fields at DATE: 1997-11-28 00:00:00 UTC        
 READ IN fields at DATE: 1997-11-28 06:00:00 UTC        
 READ IN fields at DATE: 1997-11-28 12:00:00 UTC        
 READ IN fields at DATE: 1997-11-28 18:00:00 UTC        
 READ IN fields at DATE: 1997-11-29 00:00:00 UTC        
 READ IN fields at DATE: 1997-11-29 06:00:00 UTC        
 READ IN fields at DATE: 1997-11-29 12:00:00 UTC        
 READ IN fields at DATE: 1997-11-29 18:00:00 UTC        
 READ IN fields at DATE: 1997-11-30 00:00:00 UTC        
 READ IN fields at DATE: 1997-11-30 06:00:00 UTC        
 READ IN fields at DATE: 1997-11-30 12:00:00 UTC        
 READ IN fields at DATE: 1997-11-30 18:00:00 UTC        
      131072 /leonardo_work/ICT26_ESP/RCMDATA//ERA5/1997/tatm_1997_12.nc
  2.246968395067895E-003   251.817739430842     
      196608 /leonardo_work/ICT26_ESP/RCMDATA//ERA5/1997/geop_1997_12.nc
   7.64353723744144        244929.152840756     
      262144 /leonardo_work/ICT26_ESP/RCMDATA//ERA5/1997/qhum_1997_12.nc
  3.837914288237195E-007  1.255744653502068E-002
      327680 /leonardo_work/ICT26_ESP/RCMDATA//ERA5/1997/uwnd_1997_12.nc
  5.619136795226260E-003   9.83781237984457     
      393216 /leonardo_work/ICT26_ESP/RCMDATA//ERA5/1997/vwnd_1997_12.nc
  5.481732485923122E-003   5.67111777633516     
 READ IN fields at DATE: 1997-12-01 00:00:00 UTC        
 READ IN fields at DATE: 1997-12-01 06:00:00 UTC        
 READ IN fields at DATE: 1997-12-01 12:00:00 UTC        
 READ IN fields at DATE: 1997-12-01 18:00:00 UTC        
 READ IN fields at DATE: 1997-12-02 00:00:00 UTC        
 READ IN fields at DATE: 1997-12-02 06:00:00 UTC        
 READ IN fields at DATE: 1997-12-02 12:00:00 UTC        
 READ IN fields at DATE: 1997-12-02 18:00:00 UTC        
 READ IN fields at DATE: 1997-12-03 00:00:00 UTC        
 READ IN fields at DATE: 1997-12-03 06:00:00 UTC        
 READ IN fields at DATE: 1997-12-03 12:00:00 UTC        
 READ IN fields at DATE: 1997-12-03 18:00:00 UTC        
 READ IN fields at DATE: 1997-12-04 00:00:00 UTC        
 READ IN fields at DATE: 1997-12-04 06:00:00 UTC        
 READ IN fields at DATE: 1997-12-04 12:00:00 UTC        
 READ IN fields at DATE: 1997-12-04 18:00:00 UTC        
 READ IN fields at DATE: 1997-12-05 00:00:00 UTC        
 READ IN fields at DATE: 1997-12-05 06:00:00 UTC        
 READ IN fields at DATE: 1997-12-05 12:00:00 UTC        
 READ IN fields at DATE: 1997-12-05 18:00:00 UTC        
 READ IN fields at DATE: 1997-12-06 00:00:00 UTC        
 READ IN fields at DATE: 1997-12-06 06:00:00 UTC        
 READ IN fields at DATE: 1997-12-06 12:00:00 UTC        
 READ IN fields at DATE: 1997-12-06 18:00:00 UTC        
 READ IN fields at DATE: 1997-12-07 00:00:00 UTC        
 READ IN fields at DATE: 1997-12-07 06:00:00 UTC        
 READ IN fields at DATE: 1997-12-07 12:00:00 UTC        
 READ IN fields at DATE: 1997-12-07 18:00:00 UTC        
 READ IN fields at DATE: 1997-12-08 00:00:00 UTC        
 READ IN fields at DATE: 1997-12-08 06:00:00 UTC        
 READ IN fields at DATE: 1997-12-08 12:00:00 UTC        
 READ IN fields at DATE: 1997-12-08 18:00:00 UTC        
 READ IN fields at DATE: 1997-12-09 00:00:00 UTC        
 READ IN fields at DATE: 1997-12-09 06:00:00 UTC        
 READ IN fields at DATE: 1997-12-09 12:00:00 UTC        
 READ IN fields at DATE: 1997-12-09 18:00:00 UTC        
 READ IN fields at DATE: 1997-12-10 00:00:00 UTC        
 READ IN fields at DATE: 1997-12-10 06:00:00 UTC        
 READ IN fields at DATE: 1997-12-10 12:00:00 UTC        
 READ IN fields at DATE: 1997-12-10 18:00:00 UTC        
 READ IN fields at DATE: 1997-12-11 00:00:00 UTC        
 READ IN fields at DATE: 1997-12-11 06:00:00 UTC        
 READ IN fields at DATE: 1997-12-11 12:00:00 UTC        
 READ IN fields at DATE: 1997-12-11 18:00:00 UTC        
 READ IN fields at DATE: 1997-12-12 00:00:00 UTC        
 READ IN fields at DATE: 1997-12-12 06:00:00 UTC        
 READ IN fields at DATE: 1997-12-12 12:00:00 UTC        
 READ IN fields at DATE: 1997-12-12 18:00:00 UTC        
 READ IN fields at DATE: 1997-12-13 00:00:00 UTC        
 READ IN fields at DATE: 1997-12-13 06:00:00 UTC        
 READ IN fields at DATE: 1997-12-13 12:00:00 UTC        
 READ IN fields at DATE: 1997-12-13 18:00:00 UTC        
 READ IN fields at DATE: 1997-12-14 00:00:00 UTC        
 READ IN fields at DATE: 1997-12-14 06:00:00 UTC        
 READ IN fields at DATE: 1997-12-14 12:00:00 UTC        
 READ IN fields at DATE: 1997-12-14 18:00:00 UTC        
 READ IN fields at DATE: 1997-12-15 00:00:00 UTC        
 READ IN fields at DATE: 1997-12-15 06:00:00 UTC        
 READ IN fields at DATE: 1997-12-15 12:00:00 UTC        
 READ IN fields at DATE: 1997-12-15 18:00:00 UTC        
 READ IN fields at DATE: 1997-12-16 00:00:00 UTC        
 READ IN fields at DATE: 1997-12-16 06:00:00 UTC        
 READ IN fields at DATE: 1997-12-16 12:00:00 UTC        
 READ IN fields at DATE: 1997-12-16 18:00:00 UTC        
 READ IN fields at DATE: 1997-12-17 00:00:00 UTC        
 READ IN fields at DATE: 1997-12-17 06:00:00 UTC        
 READ IN fields at DATE: 1997-12-17 12:00:00 UTC        
 READ IN fields at DATE: 1997-12-17 18:00:00 UTC        
 READ IN fields at DATE: 1997-12-18 00:00:00 UTC        
 READ IN fields at DATE: 1997-12-18 06:00:00 UTC        
 READ IN fields at DATE: 1997-12-18 12:00:00 UTC        
 READ IN fields at DATE: 1997-12-18 18:00:00 UTC        
 READ IN fields at DATE: 1997-12-19 00:00:00 UTC        
 READ IN fields at DATE: 1997-12-19 06:00:00 UTC        
 READ IN fields at DATE: 1997-12-19 12:00:00 UTC        
 READ IN fields at DATE: 1997-12-19 18:00:00 UTC        
 READ IN fields at DATE: 1997-12-20 00:00:00 UTC        
 READ IN fields at DATE: 1997-12-20 06:00:00 UTC        
 READ IN fields at DATE: 1997-12-20 12:00:00 UTC        
 READ IN fields at DATE: 1997-12-20 18:00:00 UTC        
 READ IN fields at DATE: 1997-12-21 00:00:00 UTC        
 READ IN fields at DATE: 1997-12-21 06:00:00 UTC        
 READ IN fields at DATE: 1997-12-21 12:00:00 UTC        
 READ IN fields at DATE: 1997-12-21 18:00:00 UTC        
 READ IN fields at DATE: 1997-12-22 00:00:00 UTC        
 READ IN fields at DATE: 1997-12-22 06:00:00 UTC        
 READ IN fields at DATE: 1997-12-22 12:00:00 UTC        
 READ IN fields at DATE: 1997-12-22 18:00:00 UTC        
 READ IN fields at DATE: 1997-12-23 00:00:00 UTC        
 READ IN fields at DATE: 1997-12-23 06:00:00 UTC        
 READ IN fields at DATE: 1997-12-23 12:00:00 UTC        
 READ IN fields at DATE: 1997-12-23 18:00:00 UTC        
 READ IN fields at DATE: 1997-12-24 00:00:00 UTC        
 READ IN fields at DATE: 1997-12-24 06:00:00 UTC        
 READ IN fields at DATE: 1997-12-24 12:00:00 UTC        
 READ IN fields at DATE: 1997-12-24 18:00:00 UTC        
 READ IN fields at DATE: 1997-12-25 00:00:00 UTC        
 READ IN fields at DATE: 1997-12-25 06:00:00 UTC        
 READ IN fields at DATE: 1997-12-25 12:00:00 UTC        
 READ IN fields at DATE: 1997-12-25 18:00:00 UTC        
 READ IN fields at DATE: 1997-12-26 00:00:00 UTC        
 READ IN fields at DATE: 1997-12-26 06:00:00 UTC        
 READ IN fields at DATE: 1997-12-26 12:00:00 UTC        
 READ IN fields at DATE: 1997-12-26 18:00:00 UTC        
 READ IN fields at DATE: 1997-12-27 00:00:00 UTC        
 READ IN fields at DATE: 1997-12-27 06:00:00 UTC        
 READ IN fields at DATE: 1997-12-27 12:00:00 UTC        
 READ IN fields at DATE: 1997-12-27 18:00:00 UTC        
 READ IN fields at DATE: 1997-12-28 00:00:00 UTC        
 READ IN fields at DATE: 1997-12-28 06:00:00 UTC        
 READ IN fields at DATE: 1997-12-28 12:00:00 UTC        
 READ IN fields at DATE: 1997-12-28 18:00:00 UTC        
 READ IN fields at DATE: 1997-12-29 00:00:00 UTC        
 READ IN fields at DATE: 1997-12-29 06:00:00 UTC        
 READ IN fields at DATE: 1997-12-29 12:00:00 UTC        
 READ IN fields at DATE: 1997-12-29 18:00:00 UTC        
 READ IN fields at DATE: 1997-12-30 00:00:00 UTC        
 READ IN fields at DATE: 1997-12-30 06:00:00 UTC        
 READ IN fields at DATE: 1997-12-30 12:00:00 UTC        
 READ IN fields at DATE: 1997-12-30 18:00:00 UTC        
 READ IN fields at DATE: 1997-12-31 00:00:00 UTC        
 READ IN fields at DATE: 1997-12-31 06:00:00 UTC        
 READ IN fields at DATE: 1997-12-31 12:00:00 UTC        
 READ IN fields at DATE: 1997-12-31 18:00:00 UTC        
      131072 /leonardo_work/ICT26_ESP/RCMDATA//ERA5/1998/tatm_1998_01.nc
  2.194453367751028E-003   248.142991518433     
      196608 /leonardo_work/ICT26_ESP/RCMDATA//ERA5/1998/geop_1998_01.nc
   7.63914369716402        244918.428475026     
      262144 /leonardo_work/ICT26_ESP/RCMDATA//ERA5/1998/qhum_1998_01.nc
  4.085157381180173E-007  1.336866173378249E-002
      327680 /leonardo_work/ICT26_ESP/RCMDATA//ERA5/1998/uwnd_1998_01.nc
  5.378293901590492E-003   1.38420507912342     
      393216 /leonardo_work/ICT26_ESP/RCMDATA//ERA5/1998/vwnd_1998_01.nc
  5.350596264477439E-003  0.554972406945886     
 READ IN fields at DATE: 1998-01-01 00:00:00 UTC        
 Input ready at : Fri Jul 31 04:23:01 2026
 Successfully completed ICBC
icbc script complete
