
  This is icbc part of the RegCM version 5
   SVN Revision: 5.0.1 compiled at: data : Oct 10 2025  time: 16:26:26

 : this run start at    : 2026-08-10 23:38:00+0200
 : it is submitted by   : mdasilva
 : it is running on     : lrdn3876.leonardo.local
 : in directory         : 
 /leonardo/home/userexternal/mdasilva/github_projects/shell/ictp/regcm_exp/corde
 x5
                       
 Using Moloch non-hydrostatic dynamical core
 GLOBIDATE1 :  2010-01-01 00:00:00 UTC        
 GLOBIDATE2 :  2011-01-01 00:00:00 UTC        
 NSTEPS     :         1461
 Computing weights, R =      38.89632416 .......... Done.
 Computing weights, R =      38.89632416 .......... Done.
 Computing weights, R =      38.89632416 .......... Done.
      131072 /leonardo_work/ICT26_ESP/RCMDATA//ERA5/2010/tatm_2010_01.nc
  2.476076785592516E-003   257.924711058287     
      196608 /leonardo_work/ICT26_ESP/RCMDATA//ERA5/2010/geop_2010_01.nc
   7.64692633386996        245720.477318083     
      262144 /leonardo_work/ICT26_ESP/RCMDATA//ERA5/2010/qhum_2010_01.nc
  3.983307346719841E-007  1.298687951872377E-002
      327680 /leonardo_work/ICT26_ESP/RCMDATA//ERA5/2010/uwnd_2010_01.nc
  6.181491383038889E-003   15.3576728041132     
      393216 /leonardo_work/ICT26_ESP/RCMDATA//ERA5/2010/vwnd_2010_01.nc
  5.658853700363152E-003 -0.583800191010338     
 READ IN fields at DATE: 2010-01-01 00:00:00 UTC        
 READ IN fields at DATE: 2010-01-01 06:00:00 UTC        
 READ IN fields at DATE: 2010-01-01 12:00:00 UTC        
 READ IN fields at DATE: 2010-01-01 18:00:00 UTC        
 READ IN fields at DATE: 2010-01-02 00:00:00 UTC        
 READ IN fields at DATE: 2010-01-02 06:00:00 UTC        
 READ IN fields at DATE: 2010-01-02 12:00:00 UTC        
 READ IN fields at DATE: 2010-01-02 18:00:00 UTC        
 READ IN fields at DATE: 2010-01-03 00:00:00 UTC        
 READ IN fields at DATE: 2010-01-03 06:00:00 UTC        
 READ IN fields at DATE: 2010-01-03 12:00:00 UTC        
 READ IN fields at DATE: 2010-01-03 18:00:00 UTC        
 READ IN fields at DATE: 2010-01-04 00:00:00 UTC        
 READ IN fields at DATE: 2010-01-04 06:00:00 UTC        
 READ IN fields at DATE: 2010-01-04 12:00:00 UTC        
 READ IN fields at DATE: 2010-01-04 18:00:00 UTC        
 READ IN fields at DATE: 2010-01-05 00:00:00 UTC        
 READ IN fields at DATE: 2010-01-05 06:00:00 UTC        
 READ IN fields at DATE: 2010-01-05 12:00:00 UTC        
 READ IN fields at DATE: 2010-01-05 18:00:00 UTC        
 READ IN fields at DATE: 2010-01-06 00:00:00 UTC        
 READ IN fields at DATE: 2010-01-06 06:00:00 UTC        
 READ IN fields at DATE: 2010-01-06 12:00:00 UTC        
 READ IN fields at DATE: 2010-01-06 18:00:00 UTC        
 READ IN fields at DATE: 2010-01-07 00:00:00 UTC        
 READ IN fields at DATE: 2010-01-07 06:00:00 UTC        
 READ IN fields at DATE: 2010-01-07 12:00:00 UTC        
 READ IN fields at DATE: 2010-01-07 18:00:00 UTC        
 READ IN fields at DATE: 2010-01-08 00:00:00 UTC        
 READ IN fields at DATE: 2010-01-08 06:00:00 UTC        
 READ IN fields at DATE: 2010-01-08 12:00:00 UTC        
 READ IN fields at DATE: 2010-01-08 18:00:00 UTC        
 READ IN fields at DATE: 2010-01-09 00:00:00 UTC        
 READ IN fields at DATE: 2010-01-09 06:00:00 UTC        
 READ IN fields at DATE: 2010-01-09 12:00:00 UTC        
 READ IN fields at DATE: 2010-01-09 18:00:00 UTC        
 READ IN fields at DATE: 2010-01-10 00:00:00 UTC        
 READ IN fields at DATE: 2010-01-10 06:00:00 UTC        
 READ IN fields at DATE: 2010-01-10 12:00:00 UTC        
 READ IN fields at DATE: 2010-01-10 18:00:00 UTC        
 READ IN fields at DATE: 2010-01-11 00:00:00 UTC        
 READ IN fields at DATE: 2010-01-11 06:00:00 UTC        
 READ IN fields at DATE: 2010-01-11 12:00:00 UTC        
 READ IN fields at DATE: 2010-01-11 18:00:00 UTC        
 READ IN fields at DATE: 2010-01-12 00:00:00 UTC        
 READ IN fields at DATE: 2010-01-12 06:00:00 UTC        
 READ IN fields at DATE: 2010-01-12 12:00:00 UTC        
 READ IN fields at DATE: 2010-01-12 18:00:00 UTC        
 READ IN fields at DATE: 2010-01-13 00:00:00 UTC        
 READ IN fields at DATE: 2010-01-13 06:00:00 UTC        
 READ IN fields at DATE: 2010-01-13 12:00:00 UTC        
 READ IN fields at DATE: 2010-01-13 18:00:00 UTC        
 READ IN fields at DATE: 2010-01-14 00:00:00 UTC        
 READ IN fields at DATE: 2010-01-14 06:00:00 UTC        
 READ IN fields at DATE: 2010-01-14 12:00:00 UTC        
 READ IN fields at DATE: 2010-01-14 18:00:00 UTC        
 READ IN fields at DATE: 2010-01-15 00:00:00 UTC        
 READ IN fields at DATE: 2010-01-15 06:00:00 UTC        
 READ IN fields at DATE: 2010-01-15 12:00:00 UTC        
 READ IN fields at DATE: 2010-01-15 18:00:00 UTC        
 READ IN fields at DATE: 2010-01-16 00:00:00 UTC        
 READ IN fields at DATE: 2010-01-16 06:00:00 UTC        
 READ IN fields at DATE: 2010-01-16 12:00:00 UTC        
 READ IN fields at DATE: 2010-01-16 18:00:00 UTC        
 READ IN fields at DATE: 2010-01-17 00:00:00 UTC        
 READ IN fields at DATE: 2010-01-17 06:00:00 UTC        
 READ IN fields at DATE: 2010-01-17 12:00:00 UTC        
 READ IN fields at DATE: 2010-01-17 18:00:00 UTC        
 READ IN fields at DATE: 2010-01-18 00:00:00 UTC        
 READ IN fields at DATE: 2010-01-18 06:00:00 UTC        
 READ IN fields at DATE: 2010-01-18 12:00:00 UTC        
 READ IN fields at DATE: 2010-01-18 18:00:00 UTC        
 READ IN fields at DATE: 2010-01-19 00:00:00 UTC        
 READ IN fields at DATE: 2010-01-19 06:00:00 UTC        
 READ IN fields at DATE: 2010-01-19 12:00:00 UTC        
 READ IN fields at DATE: 2010-01-19 18:00:00 UTC        
 READ IN fields at DATE: 2010-01-20 00:00:00 UTC        
 READ IN fields at DATE: 2010-01-20 06:00:00 UTC        
 READ IN fields at DATE: 2010-01-20 12:00:00 UTC        
 READ IN fields at DATE: 2010-01-20 18:00:00 UTC        
 READ IN fields at DATE: 2010-01-21 00:00:00 UTC        
 READ IN fields at DATE: 2010-01-21 06:00:00 UTC        
 READ IN fields at DATE: 2010-01-21 12:00:00 UTC        
 READ IN fields at DATE: 2010-01-21 18:00:00 UTC        
 READ IN fields at DATE: 2010-01-22 00:00:00 UTC        
 READ IN fields at DATE: 2010-01-22 06:00:00 UTC        
 READ IN fields at DATE: 2010-01-22 12:00:00 UTC        
 READ IN fields at DATE: 2010-01-22 18:00:00 UTC        
 READ IN fields at DATE: 2010-01-23 00:00:00 UTC        
 READ IN fields at DATE: 2010-01-23 06:00:00 UTC        
 READ IN fields at DATE: 2010-01-23 12:00:00 UTC        
 READ IN fields at DATE: 2010-01-23 18:00:00 UTC        
 READ IN fields at DATE: 2010-01-24 00:00:00 UTC        
 READ IN fields at DATE: 2010-01-24 06:00:00 UTC        
 READ IN fields at DATE: 2010-01-24 12:00:00 UTC        
 READ IN fields at DATE: 2010-01-24 18:00:00 UTC        
 READ IN fields at DATE: 2010-01-25 00:00:00 UTC        
 READ IN fields at DATE: 2010-01-25 06:00:00 UTC        
 READ IN fields at DATE: 2010-01-25 12:00:00 UTC        
 READ IN fields at DATE: 2010-01-25 18:00:00 UTC        
 READ IN fields at DATE: 2010-01-26 00:00:00 UTC        
 READ IN fields at DATE: 2010-01-26 06:00:00 UTC        
 READ IN fields at DATE: 2010-01-26 12:00:00 UTC        
 READ IN fields at DATE: 2010-01-26 18:00:00 UTC        
 READ IN fields at DATE: 2010-01-27 00:00:00 UTC        
 READ IN fields at DATE: 2010-01-27 06:00:00 UTC        
 READ IN fields at DATE: 2010-01-27 12:00:00 UTC        
 READ IN fields at DATE: 2010-01-27 18:00:00 UTC        
 READ IN fields at DATE: 2010-01-28 00:00:00 UTC        
 READ IN fields at DATE: 2010-01-28 06:00:00 UTC        
 READ IN fields at DATE: 2010-01-28 12:00:00 UTC        
 READ IN fields at DATE: 2010-01-28 18:00:00 UTC        
 READ IN fields at DATE: 2010-01-29 00:00:00 UTC        
 READ IN fields at DATE: 2010-01-29 06:00:00 UTC        
 READ IN fields at DATE: 2010-01-29 12:00:00 UTC        
 READ IN fields at DATE: 2010-01-29 18:00:00 UTC        
 READ IN fields at DATE: 2010-01-30 00:00:00 UTC        
 READ IN fields at DATE: 2010-01-30 06:00:00 UTC        
 READ IN fields at DATE: 2010-01-30 12:00:00 UTC        
 READ IN fields at DATE: 2010-01-30 18:00:00 UTC        
 READ IN fields at DATE: 2010-01-31 00:00:00 UTC        
 READ IN fields at DATE: 2010-01-31 06:00:00 UTC        
 READ IN fields at DATE: 2010-01-31 12:00:00 UTC        
 READ IN fields at DATE: 2010-01-31 18:00:00 UTC        
      131072 /leonardo_work/ICT26_ESP/RCMDATA//ERA5/2010/tatm_2010_02.nc
  2.135059509840820E-003   250.866753209991     
      196608 /leonardo_work/ICT26_ESP/RCMDATA//ERA5/2010/geop_2010_02.nc
   7.51821851681596        241254.846359492     
      262144 /leonardo_work/ICT26_ESP/RCMDATA//ERA5/2010/qhum_2010_02.nc
  3.885590781859353E-007  1.269128884758877E-002
      327680 /leonardo_work/ICT26_ESP/RCMDATA//ERA5/2010/uwnd_2010_02.nc
  3.251619239886178E-003   4.15266343598553     
      393216 /leonardo_work/ICT26_ESP/RCMDATA//ERA5/2010/vwnd_2010_02.nc
  2.725623054266314E-003   1.01948069433224     
 READ IN fields at DATE: 2010-02-01 00:00:00 UTC        
 READ IN fields at DATE: 2010-02-01 06:00:00 UTC        
 READ IN fields at DATE: 2010-02-01 12:00:00 UTC        
 READ IN fields at DATE: 2010-02-01 18:00:00 UTC        
 READ IN fields at DATE: 2010-02-02 00:00:00 UTC        
 READ IN fields at DATE: 2010-02-02 06:00:00 UTC        
 READ IN fields at DATE: 2010-02-02 12:00:00 UTC        
 READ IN fields at DATE: 2010-02-02 18:00:00 UTC        
 READ IN fields at DATE: 2010-02-03 00:00:00 UTC        
 READ IN fields at DATE: 2010-02-03 06:00:00 UTC        
 READ IN fields at DATE: 2010-02-03 12:00:00 UTC        
 READ IN fields at DATE: 2010-02-03 18:00:00 UTC        
 READ IN fields at DATE: 2010-02-04 00:00:00 UTC        
 READ IN fields at DATE: 2010-02-04 06:00:00 UTC        
 READ IN fields at DATE: 2010-02-04 12:00:00 UTC        
 READ IN fields at DATE: 2010-02-04 18:00:00 UTC        
 READ IN fields at DATE: 2010-02-05 00:00:00 UTC        
 READ IN fields at DATE: 2010-02-05 06:00:00 UTC        
 READ IN fields at DATE: 2010-02-05 12:00:00 UTC        
 READ IN fields at DATE: 2010-02-05 18:00:00 UTC        
 READ IN fields at DATE: 2010-02-06 00:00:00 UTC        
 READ IN fields at DATE: 2010-02-06 06:00:00 UTC        
 READ IN fields at DATE: 2010-02-06 12:00:00 UTC        
 READ IN fields at DATE: 2010-02-06 18:00:00 UTC        
 READ IN fields at DATE: 2010-02-07 00:00:00 UTC        
 READ IN fields at DATE: 2010-02-07 06:00:00 UTC        
 READ IN fields at DATE: 2010-02-07 12:00:00 UTC        
 READ IN fields at DATE: 2010-02-07 18:00:00 UTC        
 READ IN fields at DATE: 2010-02-08 00:00:00 UTC        
 READ IN fields at DATE: 2010-02-08 06:00:00 UTC        
 READ IN fields at DATE: 2010-02-08 12:00:00 UTC        
 READ IN fields at DATE: 2010-02-08 18:00:00 UTC        
 READ IN fields at DATE: 2010-02-09 00:00:00 UTC        
 READ IN fields at DATE: 2010-02-09 06:00:00 UTC        
 READ IN fields at DATE: 2010-02-09 12:00:00 UTC        
 READ IN fields at DATE: 2010-02-09 18:00:00 UTC        
 READ IN fields at DATE: 2010-02-10 00:00:00 UTC        
 READ IN fields at DATE: 2010-02-10 06:00:00 UTC        
 READ IN fields at DATE: 2010-02-10 12:00:00 UTC        
 READ IN fields at DATE: 2010-02-10 18:00:00 UTC        
 READ IN fields at DATE: 2010-02-11 00:00:00 UTC        
 READ IN fields at DATE: 2010-02-11 06:00:00 UTC        
 READ IN fields at DATE: 2010-02-11 12:00:00 UTC        
 READ IN fields at DATE: 2010-02-11 18:00:00 UTC        
 READ IN fields at DATE: 2010-02-12 00:00:00 UTC        
 READ IN fields at DATE: 2010-02-12 06:00:00 UTC        
 READ IN fields at DATE: 2010-02-12 12:00:00 UTC        
 READ IN fields at DATE: 2010-02-12 18:00:00 UTC        
 READ IN fields at DATE: 2010-02-13 00:00:00 UTC        
 READ IN fields at DATE: 2010-02-13 06:00:00 UTC        
 READ IN fields at DATE: 2010-02-13 12:00:00 UTC        
 READ IN fields at DATE: 2010-02-13 18:00:00 UTC        
 READ IN fields at DATE: 2010-02-14 00:00:00 UTC        
 READ IN fields at DATE: 2010-02-14 06:00:00 UTC        
 READ IN fields at DATE: 2010-02-14 12:00:00 UTC        
 READ IN fields at DATE: 2010-02-14 18:00:00 UTC        
 READ IN fields at DATE: 2010-02-15 00:00:00 UTC        
 READ IN fields at DATE: 2010-02-15 06:00:00 UTC        
 READ IN fields at DATE: 2010-02-15 12:00:00 UTC        
 READ IN fields at DATE: 2010-02-15 18:00:00 UTC        
 READ IN fields at DATE: 2010-02-16 00:00:00 UTC        
 READ IN fields at DATE: 2010-02-16 06:00:00 UTC        
 READ IN fields at DATE: 2010-02-16 12:00:00 UTC        
 READ IN fields at DATE: 2010-02-16 18:00:00 UTC        
 READ IN fields at DATE: 2010-02-17 00:00:00 UTC        
 READ IN fields at DATE: 2010-02-17 06:00:00 UTC        
 READ IN fields at DATE: 2010-02-17 12:00:00 UTC        
 READ IN fields at DATE: 2010-02-17 18:00:00 UTC        
 READ IN fields at DATE: 2010-02-18 00:00:00 UTC        
 READ IN fields at DATE: 2010-02-18 06:00:00 UTC        
 READ IN fields at DATE: 2010-02-18 12:00:00 UTC        
 READ IN fields at DATE: 2010-02-18 18:00:00 UTC        
 READ IN fields at DATE: 2010-02-19 00:00:00 UTC        
 READ IN fields at DATE: 2010-02-19 06:00:00 UTC        
 READ IN fields at DATE: 2010-02-19 12:00:00 UTC        
 READ IN fields at DATE: 2010-02-19 18:00:00 UTC        
 READ IN fields at DATE: 2010-02-20 00:00:00 UTC        
 READ IN fields at DATE: 2010-02-20 06:00:00 UTC        
 READ IN fields at DATE: 2010-02-20 12:00:00 UTC        
 READ IN fields at DATE: 2010-02-20 18:00:00 UTC        
 READ IN fields at DATE: 2010-02-21 00:00:00 UTC        
 READ IN fields at DATE: 2010-02-21 06:00:00 UTC        
 READ IN fields at DATE: 2010-02-21 12:00:00 UTC        
 READ IN fields at DATE: 2010-02-21 18:00:00 UTC        
 READ IN fields at DATE: 2010-02-22 00:00:00 UTC        
 READ IN fields at DATE: 2010-02-22 06:00:00 UTC        
 READ IN fields at DATE: 2010-02-22 12:00:00 UTC        
 READ IN fields at DATE: 2010-02-22 18:00:00 UTC        
 READ IN fields at DATE: 2010-02-23 00:00:00 UTC        
 READ IN fields at DATE: 2010-02-23 06:00:00 UTC        
 READ IN fields at DATE: 2010-02-23 12:00:00 UTC        
 READ IN fields at DATE: 2010-02-23 18:00:00 UTC        
 READ IN fields at DATE: 2010-02-24 00:00:00 UTC        
 READ IN fields at DATE: 2010-02-24 06:00:00 UTC        
 READ IN fields at DATE: 2010-02-24 12:00:00 UTC        
 READ IN fields at DATE: 2010-02-24 18:00:00 UTC        
 READ IN fields at DATE: 2010-02-25 00:00:00 UTC        
 READ IN fields at DATE: 2010-02-25 06:00:00 UTC        
 READ IN fields at DATE: 2010-02-25 12:00:00 UTC        
 READ IN fields at DATE: 2010-02-25 18:00:00 UTC        
 READ IN fields at DATE: 2010-02-26 00:00:00 UTC        
 READ IN fields at DATE: 2010-02-26 06:00:00 UTC        
 READ IN fields at DATE: 2010-02-26 12:00:00 UTC        
 READ IN fields at DATE: 2010-02-26 18:00:00 UTC        
 READ IN fields at DATE: 2010-02-27 00:00:00 UTC        
 READ IN fields at DATE: 2010-02-27 06:00:00 UTC        
 READ IN fields at DATE: 2010-02-27 12:00:00 UTC        
 READ IN fields at DATE: 2010-02-27 18:00:00 UTC        
 READ IN fields at DATE: 2010-02-28 00:00:00 UTC        
 READ IN fields at DATE: 2010-02-28 06:00:00 UTC        
 READ IN fields at DATE: 2010-02-28 12:00:00 UTC        
 READ IN fields at DATE: 2010-02-28 18:00:00 UTC        
      131072 /leonardo_work/ICT26_ESP/RCMDATA//ERA5/2010/tatm_2010_03.nc
  2.062774160388421E-003   249.980444442998     
      196608 /leonardo_work/ICT26_ESP/RCMDATA//ERA5/2010/geop_2010_03.nc
   7.35312415357530        235968.930859798     
      262144 /leonardo_work/ICT26_ESP/RCMDATA//ERA5/2010/qhum_2010_03.nc
  3.814648395367156E-007  1.243968545849081E-002
      327680 /leonardo_work/ICT26_ESP/RCMDATA//ERA5/2010/uwnd_2010_03.nc
  2.579414316799957E-003   20.9126278343455     
      393216 /leonardo_work/ICT26_ESP/RCMDATA//ERA5/2010/vwnd_2010_03.nc
  2.722514622880839E-003  0.657208078626060     
 READ IN fields at DATE: 2010-03-01 00:00:00 UTC        
 READ IN fields at DATE: 2010-03-01 06:00:00 UTC        
 READ IN fields at DATE: 2010-03-01 12:00:00 UTC        
 READ IN fields at DATE: 2010-03-01 18:00:00 UTC        
 READ IN fields at DATE: 2010-03-02 00:00:00 UTC        
 READ IN fields at DATE: 2010-03-02 06:00:00 UTC        
 READ IN fields at DATE: 2010-03-02 12:00:00 UTC        
 READ IN fields at DATE: 2010-03-02 18:00:00 UTC        
 READ IN fields at DATE: 2010-03-03 00:00:00 UTC        
 READ IN fields at DATE: 2010-03-03 06:00:00 UTC        
 READ IN fields at DATE: 2010-03-03 12:00:00 UTC        
 READ IN fields at DATE: 2010-03-03 18:00:00 UTC        
 READ IN fields at DATE: 2010-03-04 00:00:00 UTC        
 READ IN fields at DATE: 2010-03-04 06:00:00 UTC        
 READ IN fields at DATE: 2010-03-04 12:00:00 UTC        
 READ IN fields at DATE: 2010-03-04 18:00:00 UTC        
 READ IN fields at DATE: 2010-03-05 00:00:00 UTC        
 READ IN fields at DATE: 2010-03-05 06:00:00 UTC        
 READ IN fields at DATE: 2010-03-05 12:00:00 UTC        
 READ IN fields at DATE: 2010-03-05 18:00:00 UTC        
 READ IN fields at DATE: 2010-03-06 00:00:00 UTC        
 READ IN fields at DATE: 2010-03-06 06:00:00 UTC        
 READ IN fields at DATE: 2010-03-06 12:00:00 UTC        
 READ IN fields at DATE: 2010-03-06 18:00:00 UTC        
 READ IN fields at DATE: 2010-03-07 00:00:00 UTC        
 READ IN fields at DATE: 2010-03-07 06:00:00 UTC        
 READ IN fields at DATE: 2010-03-07 12:00:00 UTC        
 READ IN fields at DATE: 2010-03-07 18:00:00 UTC        
 READ IN fields at DATE: 2010-03-08 00:00:00 UTC        
 READ IN fields at DATE: 2010-03-08 06:00:00 UTC        
 READ IN fields at DATE: 2010-03-08 12:00:00 UTC        
 READ IN fields at DATE: 2010-03-08 18:00:00 UTC        
 READ IN fields at DATE: 2010-03-09 00:00:00 UTC        
 READ IN fields at DATE: 2010-03-09 06:00:00 UTC        
 READ IN fields at DATE: 2010-03-09 12:00:00 UTC        
 READ IN fields at DATE: 2010-03-09 18:00:00 UTC        
 READ IN fields at DATE: 2010-03-10 00:00:00 UTC        
 READ IN fields at DATE: 2010-03-10 06:00:00 UTC        
 READ IN fields at DATE: 2010-03-10 12:00:00 UTC        
 READ IN fields at DATE: 2010-03-10 18:00:00 UTC        
 READ IN fields at DATE: 2010-03-11 00:00:00 UTC        
 READ IN fields at DATE: 2010-03-11 06:00:00 UTC        
 READ IN fields at DATE: 2010-03-11 12:00:00 UTC        
 READ IN fields at DATE: 2010-03-11 18:00:00 UTC        
 READ IN fields at DATE: 2010-03-12 00:00:00 UTC        
 READ IN fields at DATE: 2010-03-12 06:00:00 UTC        
 READ IN fields at DATE: 2010-03-12 12:00:00 UTC        
 READ IN fields at DATE: 2010-03-12 18:00:00 UTC        
 READ IN fields at DATE: 2010-03-13 00:00:00 UTC        
 READ IN fields at DATE: 2010-03-13 06:00:00 UTC        
 READ IN fields at DATE: 2010-03-13 12:00:00 UTC        
 READ IN fields at DATE: 2010-03-13 18:00:00 UTC        
 READ IN fields at DATE: 2010-03-14 00:00:00 UTC        
 READ IN fields at DATE: 2010-03-14 06:00:00 UTC        
 READ IN fields at DATE: 2010-03-14 12:00:00 UTC        
 READ IN fields at DATE: 2010-03-14 18:00:00 UTC        
 READ IN fields at DATE: 2010-03-15 00:00:00 UTC        
 READ IN fields at DATE: 2010-03-15 06:00:00 UTC        
 READ IN fields at DATE: 2010-03-15 12:00:00 UTC        
 READ IN fields at DATE: 2010-03-15 18:00:00 UTC        
 READ IN fields at DATE: 2010-03-16 00:00:00 UTC        
 READ IN fields at DATE: 2010-03-16 06:00:00 UTC        
 READ IN fields at DATE: 2010-03-16 12:00:00 UTC        
 READ IN fields at DATE: 2010-03-16 18:00:00 UTC        
 READ IN fields at DATE: 2010-03-17 00:00:00 UTC        
 READ IN fields at DATE: 2010-03-17 06:00:00 UTC        
 READ IN fields at DATE: 2010-03-17 12:00:00 UTC        
 READ IN fields at DATE: 2010-03-17 18:00:00 UTC        
 READ IN fields at DATE: 2010-03-18 00:00:00 UTC        
 READ IN fields at DATE: 2010-03-18 06:00:00 UTC        
 READ IN fields at DATE: 2010-03-18 12:00:00 UTC        
 READ IN fields at DATE: 2010-03-18 18:00:00 UTC        
 READ IN fields at DATE: 2010-03-19 00:00:00 UTC        
 READ IN fields at DATE: 2010-03-19 06:00:00 UTC        
 READ IN fields at DATE: 2010-03-19 12:00:00 UTC        
 READ IN fields at DATE: 2010-03-19 18:00:00 UTC        
 READ IN fields at DATE: 2010-03-20 00:00:00 UTC        
 READ IN fields at DATE: 2010-03-20 06:00:00 UTC        
 READ IN fields at DATE: 2010-03-20 12:00:00 UTC        
 READ IN fields at DATE: 2010-03-20 18:00:00 UTC        
 READ IN fields at DATE: 2010-03-21 00:00:00 UTC        
 READ IN fields at DATE: 2010-03-21 06:00:00 UTC        
 READ IN fields at DATE: 2010-03-21 12:00:00 UTC        
 READ IN fields at DATE: 2010-03-21 18:00:00 UTC        
 READ IN fields at DATE: 2010-03-22 00:00:00 UTC        
 READ IN fields at DATE: 2010-03-22 06:00:00 UTC        
 READ IN fields at DATE: 2010-03-22 12:00:00 UTC        
 READ IN fields at DATE: 2010-03-22 18:00:00 UTC        
 READ IN fields at DATE: 2010-03-23 00:00:00 UTC        
 READ IN fields at DATE: 2010-03-23 06:00:00 UTC        
 READ IN fields at DATE: 2010-03-23 12:00:00 UTC        
 READ IN fields at DATE: 2010-03-23 18:00:00 UTC        
 READ IN fields at DATE: 2010-03-24 00:00:00 UTC        
 READ IN fields at DATE: 2010-03-24 06:00:00 UTC        
 READ IN fields at DATE: 2010-03-24 12:00:00 UTC        
 READ IN fields at DATE: 2010-03-24 18:00:00 UTC        
 READ IN fields at DATE: 2010-03-25 00:00:00 UTC        
 READ IN fields at DATE: 2010-03-25 06:00:00 UTC        
 READ IN fields at DATE: 2010-03-25 12:00:00 UTC        
 READ IN fields at DATE: 2010-03-25 18:00:00 UTC        
 READ IN fields at DATE: 2010-03-26 00:00:00 UTC        
 READ IN fields at DATE: 2010-03-26 06:00:00 UTC        
 READ IN fields at DATE: 2010-03-26 12:00:00 UTC        
 READ IN fields at DATE: 2010-03-26 18:00:00 UTC        
 READ IN fields at DATE: 2010-03-27 00:00:00 UTC        
 READ IN fields at DATE: 2010-03-27 06:00:00 UTC        
 READ IN fields at DATE: 2010-03-27 12:00:00 UTC        
 READ IN fields at DATE: 2010-03-27 18:00:00 UTC        
 READ IN fields at DATE: 2010-03-28 00:00:00 UTC        
 READ IN fields at DATE: 2010-03-28 06:00:00 UTC        
 READ IN fields at DATE: 2010-03-28 12:00:00 UTC        
 READ IN fields at DATE: 2010-03-28 18:00:00 UTC        
 READ IN fields at DATE: 2010-03-29 00:00:00 UTC        
 READ IN fields at DATE: 2010-03-29 06:00:00 UTC        
 READ IN fields at DATE: 2010-03-29 12:00:00 UTC        
 READ IN fields at DATE: 2010-03-29 18:00:00 UTC        
 READ IN fields at DATE: 2010-03-30 00:00:00 UTC        
 READ IN fields at DATE: 2010-03-30 06:00:00 UTC        
 READ IN fields at DATE: 2010-03-30 12:00:00 UTC        
 READ IN fields at DATE: 2010-03-30 18:00:00 UTC        
 READ IN fields at DATE: 2010-03-31 00:00:00 UTC        
 READ IN fields at DATE: 2010-03-31 06:00:00 UTC        
 READ IN fields at DATE: 2010-03-31 12:00:00 UTC        
 READ IN fields at DATE: 2010-03-31 18:00:00 UTC        
      131072 /leonardo_work/ICT26_ESP/RCMDATA//ERA5/2010/tatm_2010_04.nc
  2.073925861719954E-003   250.778031030233     
      196608 /leonardo_work/ICT26_ESP/RCMDATA//ERA5/2010/geop_2010_04.nc
   7.34537769854501        233921.196451776     
      262144 /leonardo_work/ICT26_ESP/RCMDATA//ERA5/2010/qhum_2010_04.nc
  3.831283254838502E-007  1.249700504101893E-002
      327680 /leonardo_work/ICT26_ESP/RCMDATA//ERA5/2010/uwnd_2010_04.nc
  2.641519378833946E-003   23.7375250655059     
      393216 /leonardo_work/ICT26_ESP/RCMDATA//ERA5/2010/vwnd_2010_04.nc
  2.614388011768045E-003   1.37026720784958     
 READ IN fields at DATE: 2010-04-01 00:00:00 UTC        
 READ IN fields at DATE: 2010-04-01 06:00:00 UTC        
 READ IN fields at DATE: 2010-04-01 12:00:00 UTC        
 READ IN fields at DATE: 2010-04-01 18:00:00 UTC        
 READ IN fields at DATE: 2010-04-02 00:00:00 UTC        
 READ IN fields at DATE: 2010-04-02 06:00:00 UTC        
 READ IN fields at DATE: 2010-04-02 12:00:00 UTC        
 READ IN fields at DATE: 2010-04-02 18:00:00 UTC        
 READ IN fields at DATE: 2010-04-03 00:00:00 UTC        
 READ IN fields at DATE: 2010-04-03 06:00:00 UTC        
 READ IN fields at DATE: 2010-04-03 12:00:00 UTC        
 READ IN fields at DATE: 2010-04-03 18:00:00 UTC        
 READ IN fields at DATE: 2010-04-04 00:00:00 UTC        
 READ IN fields at DATE: 2010-04-04 06:00:00 UTC        
 READ IN fields at DATE: 2010-04-04 12:00:00 UTC        
 READ IN fields at DATE: 2010-04-04 18:00:00 UTC        
 READ IN fields at DATE: 2010-04-05 00:00:00 UTC        
 READ IN fields at DATE: 2010-04-05 06:00:00 UTC        
 READ IN fields at DATE: 2010-04-05 12:00:00 UTC        
 READ IN fields at DATE: 2010-04-05 18:00:00 UTC        
 READ IN fields at DATE: 2010-04-06 00:00:00 UTC        
 READ IN fields at DATE: 2010-04-06 06:00:00 UTC        
 READ IN fields at DATE: 2010-04-06 12:00:00 UTC        
 READ IN fields at DATE: 2010-04-06 18:00:00 UTC        
 READ IN fields at DATE: 2010-04-07 00:00:00 UTC        
 READ IN fields at DATE: 2010-04-07 06:00:00 UTC        
 READ IN fields at DATE: 2010-04-07 12:00:00 UTC        
 READ IN fields at DATE: 2010-04-07 18:00:00 UTC        
 READ IN fields at DATE: 2010-04-08 00:00:00 UTC        
 READ IN fields at DATE: 2010-04-08 06:00:00 UTC        
 READ IN fields at DATE: 2010-04-08 12:00:00 UTC        
 READ IN fields at DATE: 2010-04-08 18:00:00 UTC        
 READ IN fields at DATE: 2010-04-09 00:00:00 UTC        
 READ IN fields at DATE: 2010-04-09 06:00:00 UTC        
 READ IN fields at DATE: 2010-04-09 12:00:00 UTC        
 READ IN fields at DATE: 2010-04-09 18:00:00 UTC        
 READ IN fields at DATE: 2010-04-10 00:00:00 UTC        
 READ IN fields at DATE: 2010-04-10 06:00:00 UTC        
 READ IN fields at DATE: 2010-04-10 12:00:00 UTC        
 READ IN fields at DATE: 2010-04-10 18:00:00 UTC        
 READ IN fields at DATE: 2010-04-11 00:00:00 UTC        
 READ IN fields at DATE: 2010-04-11 06:00:00 UTC        
 READ IN fields at DATE: 2010-04-11 12:00:00 UTC        
 READ IN fields at DATE: 2010-04-11 18:00:00 UTC        
 READ IN fields at DATE: 2010-04-12 00:00:00 UTC        
 READ IN fields at DATE: 2010-04-12 06:00:00 UTC        
 READ IN fields at DATE: 2010-04-12 12:00:00 UTC        
 READ IN fields at DATE: 2010-04-12 18:00:00 UTC        
 READ IN fields at DATE: 2010-04-13 00:00:00 UTC        
 READ IN fields at DATE: 2010-04-13 06:00:00 UTC        
 READ IN fields at DATE: 2010-04-13 12:00:00 UTC        
 READ IN fields at DATE: 2010-04-13 18:00:00 UTC        
 READ IN fields at DATE: 2010-04-14 00:00:00 UTC        
 READ IN fields at DATE: 2010-04-14 06:00:00 UTC        
 READ IN fields at DATE: 2010-04-14 12:00:00 UTC        
 READ IN fields at DATE: 2010-04-14 18:00:00 UTC        
 READ IN fields at DATE: 2010-04-15 00:00:00 UTC        
 READ IN fields at DATE: 2010-04-15 06:00:00 UTC        
 READ IN fields at DATE: 2010-04-15 12:00:00 UTC        
 READ IN fields at DATE: 2010-04-15 18:00:00 UTC        
 READ IN fields at DATE: 2010-04-16 00:00:00 UTC        
 READ IN fields at DATE: 2010-04-16 06:00:00 UTC        
 READ IN fields at DATE: 2010-04-16 12:00:00 UTC        
 READ IN fields at DATE: 2010-04-16 18:00:00 UTC        
 READ IN fields at DATE: 2010-04-17 00:00:00 UTC        
 READ IN fields at DATE: 2010-04-17 06:00:00 UTC        
 READ IN fields at DATE: 2010-04-17 12:00:00 UTC        
 READ IN fields at DATE: 2010-04-17 18:00:00 UTC        
 READ IN fields at DATE: 2010-04-18 00:00:00 UTC        
 READ IN fields at DATE: 2010-04-18 06:00:00 UTC        
 READ IN fields at DATE: 2010-04-18 12:00:00 UTC        
 READ IN fields at DATE: 2010-04-18 18:00:00 UTC        
 READ IN fields at DATE: 2010-04-19 00:00:00 UTC        
 READ IN fields at DATE: 2010-04-19 06:00:00 UTC        
 READ IN fields at DATE: 2010-04-19 12:00:00 UTC        
 READ IN fields at DATE: 2010-04-19 18:00:00 UTC        
 READ IN fields at DATE: 2010-04-20 00:00:00 UTC        
 READ IN fields at DATE: 2010-04-20 06:00:00 UTC        
 READ IN fields at DATE: 2010-04-20 12:00:00 UTC        
 READ IN fields at DATE: 2010-04-20 18:00:00 UTC        
 READ IN fields at DATE: 2010-04-21 00:00:00 UTC        
 READ IN fields at DATE: 2010-04-21 06:00:00 UTC        
 READ IN fields at DATE: 2010-04-21 12:00:00 UTC        
 READ IN fields at DATE: 2010-04-21 18:00:00 UTC        
 READ IN fields at DATE: 2010-04-22 00:00:00 UTC        
 READ IN fields at DATE: 2010-04-22 06:00:00 UTC        
 READ IN fields at DATE: 2010-04-22 12:00:00 UTC        
 READ IN fields at DATE: 2010-04-22 18:00:00 UTC        
 READ IN fields at DATE: 2010-04-23 00:00:00 UTC        
 READ IN fields at DATE: 2010-04-23 06:00:00 UTC        
 READ IN fields at DATE: 2010-04-23 12:00:00 UTC        
 READ IN fields at DATE: 2010-04-23 18:00:00 UTC        
 READ IN fields at DATE: 2010-04-24 00:00:00 UTC        
 READ IN fields at DATE: 2010-04-24 06:00:00 UTC        
 READ IN fields at DATE: 2010-04-24 12:00:00 UTC        
 READ IN fields at DATE: 2010-04-24 18:00:00 UTC        
 READ IN fields at DATE: 2010-04-25 00:00:00 UTC        
 READ IN fields at DATE: 2010-04-25 06:00:00 UTC        
 READ IN fields at DATE: 2010-04-25 12:00:00 UTC        
 READ IN fields at DATE: 2010-04-25 18:00:00 UTC        
 READ IN fields at DATE: 2010-04-26 00:00:00 UTC        
 READ IN fields at DATE: 2010-04-26 06:00:00 UTC        
 READ IN fields at DATE: 2010-04-26 12:00:00 UTC        
 READ IN fields at DATE: 2010-04-26 18:00:00 UTC        
 READ IN fields at DATE: 2010-04-27 00:00:00 UTC        
 READ IN fields at DATE: 2010-04-27 06:00:00 UTC        
 READ IN fields at DATE: 2010-04-27 12:00:00 UTC        
 READ IN fields at DATE: 2010-04-27 18:00:00 UTC        
 READ IN fields at DATE: 2010-04-28 00:00:00 UTC        
 READ IN fields at DATE: 2010-04-28 06:00:00 UTC        
 READ IN fields at DATE: 2010-04-28 12:00:00 UTC        
 READ IN fields at DATE: 2010-04-28 18:00:00 UTC        
 READ IN fields at DATE: 2010-04-29 00:00:00 UTC        
 READ IN fields at DATE: 2010-04-29 06:00:00 UTC        
 READ IN fields at DATE: 2010-04-29 12:00:00 UTC        
 READ IN fields at DATE: 2010-04-29 18:00:00 UTC        
 READ IN fields at DATE: 2010-04-30 00:00:00 UTC        
 READ IN fields at DATE: 2010-04-30 06:00:00 UTC        
 READ IN fields at DATE: 2010-04-30 12:00:00 UTC        
 READ IN fields at DATE: 2010-04-30 18:00:00 UTC        
      131072 /leonardo_work/ICT26_ESP/RCMDATA//ERA5/2010/tatm_2010_05.nc
  2.157493070791862E-003   253.562458851121     
      196608 /leonardo_work/ICT26_ESP/RCMDATA//ERA5/2010/geop_2010_05.nc
   7.53073850912899        240344.103771370     
      262144 /leonardo_work/ICT26_ESP/RCMDATA//ERA5/2010/qhum_2010_05.nc
  4.118144235931942E-007  1.344196735556251E-002
      327680 /leonardo_work/ICT26_ESP/RCMDATA//ERA5/2010/uwnd_2010_05.nc
  3.350445936544494E-003   47.3278001798638     
      393216 /leonardo_work/ICT26_ESP/RCMDATA//ERA5/2010/vwnd_2010_05.nc
  2.425279195721288E-003  -2.46976427534005     
 READ IN fields at DATE: 2010-05-01 00:00:00 UTC        
 READ IN fields at DATE: 2010-05-01 06:00:00 UTC        
 READ IN fields at DATE: 2010-05-01 12:00:00 UTC        
 READ IN fields at DATE: 2010-05-01 18:00:00 UTC        
 READ IN fields at DATE: 2010-05-02 00:00:00 UTC        
 READ IN fields at DATE: 2010-05-02 06:00:00 UTC        
 READ IN fields at DATE: 2010-05-02 12:00:00 UTC        
 READ IN fields at DATE: 2010-05-02 18:00:00 UTC        
 READ IN fields at DATE: 2010-05-03 00:00:00 UTC        
 READ IN fields at DATE: 2010-05-03 06:00:00 UTC        
 READ IN fields at DATE: 2010-05-03 12:00:00 UTC        
 READ IN fields at DATE: 2010-05-03 18:00:00 UTC        
 READ IN fields at DATE: 2010-05-04 00:00:00 UTC        
 READ IN fields at DATE: 2010-05-04 06:00:00 UTC        
 READ IN fields at DATE: 2010-05-04 12:00:00 UTC        
 READ IN fields at DATE: 2010-05-04 18:00:00 UTC        
 READ IN fields at DATE: 2010-05-05 00:00:00 UTC        
 READ IN fields at DATE: 2010-05-05 06:00:00 UTC        
 READ IN fields at DATE: 2010-05-05 12:00:00 UTC        
 READ IN fields at DATE: 2010-05-05 18:00:00 UTC        
 READ IN fields at DATE: 2010-05-06 00:00:00 UTC        
 READ IN fields at DATE: 2010-05-06 06:00:00 UTC        
 READ IN fields at DATE: 2010-05-06 12:00:00 UTC        
 READ IN fields at DATE: 2010-05-06 18:00:00 UTC        
 READ IN fields at DATE: 2010-05-07 00:00:00 UTC        
 READ IN fields at DATE: 2010-05-07 06:00:00 UTC        
 READ IN fields at DATE: 2010-05-07 12:00:00 UTC        
 READ IN fields at DATE: 2010-05-07 18:00:00 UTC        
 READ IN fields at DATE: 2010-05-08 00:00:00 UTC        
 READ IN fields at DATE: 2010-05-08 06:00:00 UTC        
 READ IN fields at DATE: 2010-05-08 12:00:00 UTC        
 READ IN fields at DATE: 2010-05-08 18:00:00 UTC        
 READ IN fields at DATE: 2010-05-09 00:00:00 UTC        
 READ IN fields at DATE: 2010-05-09 06:00:00 UTC        
 READ IN fields at DATE: 2010-05-09 12:00:00 UTC        
 READ IN fields at DATE: 2010-05-09 18:00:00 UTC        
 READ IN fields at DATE: 2010-05-10 00:00:00 UTC        
 READ IN fields at DATE: 2010-05-10 06:00:00 UTC        
 READ IN fields at DATE: 2010-05-10 12:00:00 UTC        
 READ IN fields at DATE: 2010-05-10 18:00:00 UTC        
 READ IN fields at DATE: 2010-05-11 00:00:00 UTC        
 READ IN fields at DATE: 2010-05-11 06:00:00 UTC        
 READ IN fields at DATE: 2010-05-11 12:00:00 UTC        
 READ IN fields at DATE: 2010-05-11 18:00:00 UTC        
 READ IN fields at DATE: 2010-05-12 00:00:00 UTC        
 READ IN fields at DATE: 2010-05-12 06:00:00 UTC        
 READ IN fields at DATE: 2010-05-12 12:00:00 UTC        
 READ IN fields at DATE: 2010-05-12 18:00:00 UTC        
 READ IN fields at DATE: 2010-05-13 00:00:00 UTC        
 READ IN fields at DATE: 2010-05-13 06:00:00 UTC        
 READ IN fields at DATE: 2010-05-13 12:00:00 UTC        
 READ IN fields at DATE: 2010-05-13 18:00:00 UTC        
 READ IN fields at DATE: 2010-05-14 00:00:00 UTC        
 READ IN fields at DATE: 2010-05-14 06:00:00 UTC        
 READ IN fields at DATE: 2010-05-14 12:00:00 UTC        
 READ IN fields at DATE: 2010-05-14 18:00:00 UTC        
 READ IN fields at DATE: 2010-05-15 00:00:00 UTC        
 READ IN fields at DATE: 2010-05-15 06:00:00 UTC        
 READ IN fields at DATE: 2010-05-15 12:00:00 UTC        
 READ IN fields at DATE: 2010-05-15 18:00:00 UTC        
 READ IN fields at DATE: 2010-05-16 00:00:00 UTC        
 READ IN fields at DATE: 2010-05-16 06:00:00 UTC        
 READ IN fields at DATE: 2010-05-16 12:00:00 UTC        
 READ IN fields at DATE: 2010-05-16 18:00:00 UTC        
 READ IN fields at DATE: 2010-05-17 00:00:00 UTC        
 READ IN fields at DATE: 2010-05-17 06:00:00 UTC        
 READ IN fields at DATE: 2010-05-17 12:00:00 UTC        
 READ IN fields at DATE: 2010-05-17 18:00:00 UTC        
 READ IN fields at DATE: 2010-05-18 00:00:00 UTC        
 READ IN fields at DATE: 2010-05-18 06:00:00 UTC        
 READ IN fields at DATE: 2010-05-18 12:00:00 UTC        
 READ IN fields at DATE: 2010-05-18 18:00:00 UTC        
 READ IN fields at DATE: 2010-05-19 00:00:00 UTC        
 READ IN fields at DATE: 2010-05-19 06:00:00 UTC        
 READ IN fields at DATE: 2010-05-19 12:00:00 UTC        
 READ IN fields at DATE: 2010-05-19 18:00:00 UTC        
 READ IN fields at DATE: 2010-05-20 00:00:00 UTC        
 READ IN fields at DATE: 2010-05-20 06:00:00 UTC        
 READ IN fields at DATE: 2010-05-20 12:00:00 UTC        
 READ IN fields at DATE: 2010-05-20 18:00:00 UTC        
 READ IN fields at DATE: 2010-05-21 00:00:00 UTC        
 READ IN fields at DATE: 2010-05-21 06:00:00 UTC        
 READ IN fields at DATE: 2010-05-21 12:00:00 UTC        
 READ IN fields at DATE: 2010-05-21 18:00:00 UTC        
 READ IN fields at DATE: 2010-05-22 00:00:00 UTC        
 READ IN fields at DATE: 2010-05-22 06:00:00 UTC        
 READ IN fields at DATE: 2010-05-22 12:00:00 UTC        
 READ IN fields at DATE: 2010-05-22 18:00:00 UTC        
 READ IN fields at DATE: 2010-05-23 00:00:00 UTC        
 READ IN fields at DATE: 2010-05-23 06:00:00 UTC        
 READ IN fields at DATE: 2010-05-23 12:00:00 UTC        
 READ IN fields at DATE: 2010-05-23 18:00:00 UTC        
 READ IN fields at DATE: 2010-05-24 00:00:00 UTC        
 READ IN fields at DATE: 2010-05-24 06:00:00 UTC        
 READ IN fields at DATE: 2010-05-24 12:00:00 UTC        
 READ IN fields at DATE: 2010-05-24 18:00:00 UTC        
 READ IN fields at DATE: 2010-05-25 00:00:00 UTC        
 READ IN fields at DATE: 2010-05-25 06:00:00 UTC        
 READ IN fields at DATE: 2010-05-25 12:00:00 UTC        
 READ IN fields at DATE: 2010-05-25 18:00:00 UTC        
 READ IN fields at DATE: 2010-05-26 00:00:00 UTC        
 READ IN fields at DATE: 2010-05-26 06:00:00 UTC        
 READ IN fields at DATE: 2010-05-26 12:00:00 UTC        
 READ IN fields at DATE: 2010-05-26 18:00:00 UTC        
 READ IN fields at DATE: 2010-05-27 00:00:00 UTC        
 READ IN fields at DATE: 2010-05-27 06:00:00 UTC        
 READ IN fields at DATE: 2010-05-27 12:00:00 UTC        
 READ IN fields at DATE: 2010-05-27 18:00:00 UTC        
 READ IN fields at DATE: 2010-05-28 00:00:00 UTC        
 READ IN fields at DATE: 2010-05-28 06:00:00 UTC        
 READ IN fields at DATE: 2010-05-28 12:00:00 UTC        
 READ IN fields at DATE: 2010-05-28 18:00:00 UTC        
 READ IN fields at DATE: 2010-05-29 00:00:00 UTC        
 READ IN fields at DATE: 2010-05-29 06:00:00 UTC        
 READ IN fields at DATE: 2010-05-29 12:00:00 UTC        
 READ IN fields at DATE: 2010-05-29 18:00:00 UTC        
 READ IN fields at DATE: 2010-05-30 00:00:00 UTC        
 READ IN fields at DATE: 2010-05-30 06:00:00 UTC        
 READ IN fields at DATE: 2010-05-30 12:00:00 UTC        
 READ IN fields at DATE: 2010-05-30 18:00:00 UTC        
 READ IN fields at DATE: 2010-05-31 00:00:00 UTC        
 READ IN fields at DATE: 2010-05-31 06:00:00 UTC        
 READ IN fields at DATE: 2010-05-31 12:00:00 UTC        
 READ IN fields at DATE: 2010-05-31 18:00:00 UTC        
      131072 /leonardo_work/ICT26_ESP/RCMDATA//ERA5/2010/tatm_2010_06.nc
  2.251528126290500E-003   250.137050200292     
      196608 /leonardo_work/ICT26_ESP/RCMDATA//ERA5/2010/geop_2010_06.nc
   7.62702402797064        243060.428675486     
      262144 /leonardo_work/ICT26_ESP/RCMDATA//ERA5/2010/qhum_2010_06.nc
  4.329314082417459E-007  1.409523891601685E-002
      327680 /leonardo_work/ICT26_ESP/RCMDATA//ERA5/2010/uwnd_2010_06.nc
  4.179814081845573E-003   62.4086385475489     
      393216 /leonardo_work/ICT26_ESP/RCMDATA//ERA5/2010/vwnd_2010_06.nc
  3.088807287677940E-003   11.8461652521179     
 READ IN fields at DATE: 2010-06-01 00:00:00 UTC        
 READ IN fields at DATE: 2010-06-01 06:00:00 UTC        
 READ IN fields at DATE: 2010-06-01 12:00:00 UTC        
 READ IN fields at DATE: 2010-06-01 18:00:00 UTC        
 READ IN fields at DATE: 2010-06-02 00:00:00 UTC        
 READ IN fields at DATE: 2010-06-02 06:00:00 UTC        
 READ IN fields at DATE: 2010-06-02 12:00:00 UTC        
 READ IN fields at DATE: 2010-06-02 18:00:00 UTC        
 READ IN fields at DATE: 2010-06-03 00:00:00 UTC        
 READ IN fields at DATE: 2010-06-03 06:00:00 UTC        
 READ IN fields at DATE: 2010-06-03 12:00:00 UTC        
 READ IN fields at DATE: 2010-06-03 18:00:00 UTC        
 READ IN fields at DATE: 2010-06-04 00:00:00 UTC        
 READ IN fields at DATE: 2010-06-04 06:00:00 UTC        
 READ IN fields at DATE: 2010-06-04 12:00:00 UTC        
 READ IN fields at DATE: 2010-06-04 18:00:00 UTC        
 READ IN fields at DATE: 2010-06-05 00:00:00 UTC        
 READ IN fields at DATE: 2010-06-05 06:00:00 UTC        
 READ IN fields at DATE: 2010-06-05 12:00:00 UTC        
 READ IN fields at DATE: 2010-06-05 18:00:00 UTC        
 READ IN fields at DATE: 2010-06-06 00:00:00 UTC        
 READ IN fields at DATE: 2010-06-06 06:00:00 UTC        
 READ IN fields at DATE: 2010-06-06 12:00:00 UTC        
 READ IN fields at DATE: 2010-06-06 18:00:00 UTC        
 READ IN fields at DATE: 2010-06-07 00:00:00 UTC        
 READ IN fields at DATE: 2010-06-07 06:00:00 UTC        
 READ IN fields at DATE: 2010-06-07 12:00:00 UTC        
 READ IN fields at DATE: 2010-06-07 18:00:00 UTC        
 READ IN fields at DATE: 2010-06-08 00:00:00 UTC        
 READ IN fields at DATE: 2010-06-08 06:00:00 UTC        
 READ IN fields at DATE: 2010-06-08 12:00:00 UTC        
 READ IN fields at DATE: 2010-06-08 18:00:00 UTC        
 READ IN fields at DATE: 2010-06-09 00:00:00 UTC        
 READ IN fields at DATE: 2010-06-09 06:00:00 UTC        
 READ IN fields at DATE: 2010-06-09 12:00:00 UTC        
 READ IN fields at DATE: 2010-06-09 18:00:00 UTC        
 READ IN fields at DATE: 2010-06-10 00:00:00 UTC        
 READ IN fields at DATE: 2010-06-10 06:00:00 UTC        
 READ IN fields at DATE: 2010-06-10 12:00:00 UTC        
 READ IN fields at DATE: 2010-06-10 18:00:00 UTC        
 READ IN fields at DATE: 2010-06-11 00:00:00 UTC        
 READ IN fields at DATE: 2010-06-11 06:00:00 UTC        
 READ IN fields at DATE: 2010-06-11 12:00:00 UTC        
 READ IN fields at DATE: 2010-06-11 18:00:00 UTC        
 READ IN fields at DATE: 2010-06-12 00:00:00 UTC        
 READ IN fields at DATE: 2010-06-12 06:00:00 UTC        
 READ IN fields at DATE: 2010-06-12 12:00:00 UTC        
 READ IN fields at DATE: 2010-06-12 18:00:00 UTC        
 READ IN fields at DATE: 2010-06-13 00:00:00 UTC        
 READ IN fields at DATE: 2010-06-13 06:00:00 UTC        
 READ IN fields at DATE: 2010-06-13 12:00:00 UTC        
 READ IN fields at DATE: 2010-06-13 18:00:00 UTC        
 READ IN fields at DATE: 2010-06-14 00:00:00 UTC        
 READ IN fields at DATE: 2010-06-14 06:00:00 UTC        
 READ IN fields at DATE: 2010-06-14 12:00:00 UTC        
 READ IN fields at DATE: 2010-06-14 18:00:00 UTC        
 READ IN fields at DATE: 2010-06-15 00:00:00 UTC        
 READ IN fields at DATE: 2010-06-15 06:00:00 UTC        
 READ IN fields at DATE: 2010-06-15 12:00:00 UTC        
 READ IN fields at DATE: 2010-06-15 18:00:00 UTC        
 READ IN fields at DATE: 2010-06-16 00:00:00 UTC        
 READ IN fields at DATE: 2010-06-16 06:00:00 UTC        
 READ IN fields at DATE: 2010-06-16 12:00:00 UTC        
 READ IN fields at DATE: 2010-06-16 18:00:00 UTC        
 READ IN fields at DATE: 2010-06-17 00:00:00 UTC        
 READ IN fields at DATE: 2010-06-17 06:00:00 UTC        
 READ IN fields at DATE: 2010-06-17 12:00:00 UTC        
 READ IN fields at DATE: 2010-06-17 18:00:00 UTC        
 READ IN fields at DATE: 2010-06-18 00:00:00 UTC        
 READ IN fields at DATE: 2010-06-18 06:00:00 UTC        
 READ IN fields at DATE: 2010-06-18 12:00:00 UTC        
 READ IN fields at DATE: 2010-06-18 18:00:00 UTC        
 READ IN fields at DATE: 2010-06-19 00:00:00 UTC        
 READ IN fields at DATE: 2010-06-19 06:00:00 UTC        
 READ IN fields at DATE: 2010-06-19 12:00:00 UTC        
 READ IN fields at DATE: 2010-06-19 18:00:00 UTC        
 READ IN fields at DATE: 2010-06-20 00:00:00 UTC        
 READ IN fields at DATE: 2010-06-20 06:00:00 UTC        
 READ IN fields at DATE: 2010-06-20 12:00:00 UTC        
 READ IN fields at DATE: 2010-06-20 18:00:00 UTC        
 READ IN fields at DATE: 2010-06-21 00:00:00 UTC        
 READ IN fields at DATE: 2010-06-21 06:00:00 UTC        
 READ IN fields at DATE: 2010-06-21 12:00:00 UTC        
 READ IN fields at DATE: 2010-06-21 18:00:00 UTC        
 READ IN fields at DATE: 2010-06-22 00:00:00 UTC        
 READ IN fields at DATE: 2010-06-22 06:00:00 UTC        
 READ IN fields at DATE: 2010-06-22 12:00:00 UTC        
 READ IN fields at DATE: 2010-06-22 18:00:00 UTC        
 READ IN fields at DATE: 2010-06-23 00:00:00 UTC        
 READ IN fields at DATE: 2010-06-23 06:00:00 UTC        
 READ IN fields at DATE: 2010-06-23 12:00:00 UTC        
 READ IN fields at DATE: 2010-06-23 18:00:00 UTC        
 READ IN fields at DATE: 2010-06-24 00:00:00 UTC        
 READ IN fields at DATE: 2010-06-24 06:00:00 UTC        
 READ IN fields at DATE: 2010-06-24 12:00:00 UTC        
 READ IN fields at DATE: 2010-06-24 18:00:00 UTC        
 READ IN fields at DATE: 2010-06-25 00:00:00 UTC        
 READ IN fields at DATE: 2010-06-25 06:00:00 UTC        
 READ IN fields at DATE: 2010-06-25 12:00:00 UTC        
 READ IN fields at DATE: 2010-06-25 18:00:00 UTC        
 READ IN fields at DATE: 2010-06-26 00:00:00 UTC        
 READ IN fields at DATE: 2010-06-26 06:00:00 UTC        
 READ IN fields at DATE: 2010-06-26 12:00:00 UTC        
 READ IN fields at DATE: 2010-06-26 18:00:00 UTC        
 READ IN fields at DATE: 2010-06-27 00:00:00 UTC        
 READ IN fields at DATE: 2010-06-27 06:00:00 UTC        
 READ IN fields at DATE: 2010-06-27 12:00:00 UTC        
 READ IN fields at DATE: 2010-06-27 18:00:00 UTC        
 READ IN fields at DATE: 2010-06-28 00:00:00 UTC        
 READ IN fields at DATE: 2010-06-28 06:00:00 UTC        
 READ IN fields at DATE: 2010-06-28 12:00:00 UTC        
 READ IN fields at DATE: 2010-06-28 18:00:00 UTC        
 READ IN fields at DATE: 2010-06-29 00:00:00 UTC        
 READ IN fields at DATE: 2010-06-29 06:00:00 UTC        
 READ IN fields at DATE: 2010-06-29 12:00:00 UTC        
 READ IN fields at DATE: 2010-06-29 18:00:00 UTC        
 READ IN fields at DATE: 2010-06-30 00:00:00 UTC        
 READ IN fields at DATE: 2010-06-30 06:00:00 UTC        
 READ IN fields at DATE: 2010-06-30 12:00:00 UTC        
 READ IN fields at DATE: 2010-06-30 18:00:00 UTC        
      131072 /leonardo_work/ICT26_ESP/RCMDATA//ERA5/2010/tatm_2010_07.nc
  2.508397952444999E-003   242.946987988524     
      196608 /leonardo_work/ICT26_ESP/RCMDATA//ERA5/2010/geop_2010_07.nc
   7.63317682026613        243737.945130340     
      262144 /leonardo_work/ICT26_ESP/RCMDATA//ERA5/2010/qhum_2010_07.nc
  4.638275283058985E-007  1.507349453242539E-002
      327680 /leonardo_work/ICT26_ESP/RCMDATA//ERA5/2010/uwnd_2010_07.nc
  5.142667817332369E-003   49.2326200113062     
      393216 /leonardo_work/ICT26_ESP/RCMDATA//ERA5/2010/vwnd_2010_07.nc
  4.613221622136581E-003   2.37468466116159     
 READ IN fields at DATE: 2010-07-01 00:00:00 UTC        
 READ IN fields at DATE: 2010-07-01 06:00:00 UTC        
 READ IN fields at DATE: 2010-07-01 12:00:00 UTC        
 READ IN fields at DATE: 2010-07-01 18:00:00 UTC        
 READ IN fields at DATE: 2010-07-02 00:00:00 UTC        
 READ IN fields at DATE: 2010-07-02 06:00:00 UTC        
 READ IN fields at DATE: 2010-07-02 12:00:00 UTC        
 READ IN fields at DATE: 2010-07-02 18:00:00 UTC        
 READ IN fields at DATE: 2010-07-03 00:00:00 UTC        
 READ IN fields at DATE: 2010-07-03 06:00:00 UTC        
 READ IN fields at DATE: 2010-07-03 12:00:00 UTC        
 READ IN fields at DATE: 2010-07-03 18:00:00 UTC        
 READ IN fields at DATE: 2010-07-04 00:00:00 UTC        
 READ IN fields at DATE: 2010-07-04 06:00:00 UTC        
 READ IN fields at DATE: 2010-07-04 12:00:00 UTC        
 READ IN fields at DATE: 2010-07-04 18:00:00 UTC        
 READ IN fields at DATE: 2010-07-05 00:00:00 UTC        
 READ IN fields at DATE: 2010-07-05 06:00:00 UTC        
 READ IN fields at DATE: 2010-07-05 12:00:00 UTC        
 READ IN fields at DATE: 2010-07-05 18:00:00 UTC        
 READ IN fields at DATE: 2010-07-06 00:00:00 UTC        
 READ IN fields at DATE: 2010-07-06 06:00:00 UTC        
 READ IN fields at DATE: 2010-07-06 12:00:00 UTC        
 READ IN fields at DATE: 2010-07-06 18:00:00 UTC        
 READ IN fields at DATE: 2010-07-07 00:00:00 UTC        
 READ IN fields at DATE: 2010-07-07 06:00:00 UTC        
 READ IN fields at DATE: 2010-07-07 12:00:00 UTC        
 READ IN fields at DATE: 2010-07-07 18:00:00 UTC        
 READ IN fields at DATE: 2010-07-08 00:00:00 UTC        
 READ IN fields at DATE: 2010-07-08 06:00:00 UTC        
 READ IN fields at DATE: 2010-07-08 12:00:00 UTC        
 READ IN fields at DATE: 2010-07-08 18:00:00 UTC        
 READ IN fields at DATE: 2010-07-09 00:00:00 UTC        
 READ IN fields at DATE: 2010-07-09 06:00:00 UTC        
 READ IN fields at DATE: 2010-07-09 12:00:00 UTC        
 READ IN fields at DATE: 2010-07-09 18:00:00 UTC        
 READ IN fields at DATE: 2010-07-10 00:00:00 UTC        
 READ IN fields at DATE: 2010-07-10 06:00:00 UTC        
 READ IN fields at DATE: 2010-07-10 12:00:00 UTC        
 READ IN fields at DATE: 2010-07-10 18:00:00 UTC        
 READ IN fields at DATE: 2010-07-11 00:00:00 UTC        
 READ IN fields at DATE: 2010-07-11 06:00:00 UTC        
 READ IN fields at DATE: 2010-07-11 12:00:00 UTC        
 READ IN fields at DATE: 2010-07-11 18:00:00 UTC        
 READ IN fields at DATE: 2010-07-12 00:00:00 UTC        
 READ IN fields at DATE: 2010-07-12 06:00:00 UTC        
 READ IN fields at DATE: 2010-07-12 12:00:00 UTC        
 READ IN fields at DATE: 2010-07-12 18:00:00 UTC        
 READ IN fields at DATE: 2010-07-13 00:00:00 UTC        
 READ IN fields at DATE: 2010-07-13 06:00:00 UTC        
 READ IN fields at DATE: 2010-07-13 12:00:00 UTC        
 READ IN fields at DATE: 2010-07-13 18:00:00 UTC        
 READ IN fields at DATE: 2010-07-14 00:00:00 UTC        
 READ IN fields at DATE: 2010-07-14 06:00:00 UTC        
 READ IN fields at DATE: 2010-07-14 12:00:00 UTC        
 READ IN fields at DATE: 2010-07-14 18:00:00 UTC        
 READ IN fields at DATE: 2010-07-15 00:00:00 UTC        
 READ IN fields at DATE: 2010-07-15 06:00:00 UTC        
 READ IN fields at DATE: 2010-07-15 12:00:00 UTC        
 READ IN fields at DATE: 2010-07-15 18:00:00 UTC        
 READ IN fields at DATE: 2010-07-16 00:00:00 UTC        
 READ IN fields at DATE: 2010-07-16 06:00:00 UTC        
 READ IN fields at DATE: 2010-07-16 12:00:00 UTC        
 READ IN fields at DATE: 2010-07-16 18:00:00 UTC        
 READ IN fields at DATE: 2010-07-17 00:00:00 UTC        
 READ IN fields at DATE: 2010-07-17 06:00:00 UTC        
 READ IN fields at DATE: 2010-07-17 12:00:00 UTC        
 READ IN fields at DATE: 2010-07-17 18:00:00 UTC        
 READ IN fields at DATE: 2010-07-18 00:00:00 UTC        
 READ IN fields at DATE: 2010-07-18 06:00:00 UTC        
 READ IN fields at DATE: 2010-07-18 12:00:00 UTC        
 READ IN fields at DATE: 2010-07-18 18:00:00 UTC        
 READ IN fields at DATE: 2010-07-19 00:00:00 UTC        
 READ IN fields at DATE: 2010-07-19 06:00:00 UTC        
 READ IN fields at DATE: 2010-07-19 12:00:00 UTC        
 READ IN fields at DATE: 2010-07-19 18:00:00 UTC        
 READ IN fields at DATE: 2010-07-20 00:00:00 UTC        
 READ IN fields at DATE: 2010-07-20 06:00:00 UTC        
 READ IN fields at DATE: 2010-07-20 12:00:00 UTC        
 READ IN fields at DATE: 2010-07-20 18:00:00 UTC        
 READ IN fields at DATE: 2010-07-21 00:00:00 UTC        
 READ IN fields at DATE: 2010-07-21 06:00:00 UTC        
 READ IN fields at DATE: 2010-07-21 12:00:00 UTC        
 READ IN fields at DATE: 2010-07-21 18:00:00 UTC        
 READ IN fields at DATE: 2010-07-22 00:00:00 UTC        
 READ IN fields at DATE: 2010-07-22 06:00:00 UTC        
 READ IN fields at DATE: 2010-07-22 12:00:00 UTC        
 READ IN fields at DATE: 2010-07-22 18:00:00 UTC        
 READ IN fields at DATE: 2010-07-23 00:00:00 UTC        
 READ IN fields at DATE: 2010-07-23 06:00:00 UTC        
 READ IN fields at DATE: 2010-07-23 12:00:00 UTC        
 READ IN fields at DATE: 2010-07-23 18:00:00 UTC        
 READ IN fields at DATE: 2010-07-24 00:00:00 UTC        
 READ IN fields at DATE: 2010-07-24 06:00:00 UTC        
 READ IN fields at DATE: 2010-07-24 12:00:00 UTC        
 READ IN fields at DATE: 2010-07-24 18:00:00 UTC        
 READ IN fields at DATE: 2010-07-25 00:00:00 UTC        
 READ IN fields at DATE: 2010-07-25 06:00:00 UTC        
 READ IN fields at DATE: 2010-07-25 12:00:00 UTC        
 READ IN fields at DATE: 2010-07-25 18:00:00 UTC        
 READ IN fields at DATE: 2010-07-26 00:00:00 UTC        
 READ IN fields at DATE: 2010-07-26 06:00:00 UTC        
 READ IN fields at DATE: 2010-07-26 12:00:00 UTC        
 READ IN fields at DATE: 2010-07-26 18:00:00 UTC        
 READ IN fields at DATE: 2010-07-27 00:00:00 UTC        
 READ IN fields at DATE: 2010-07-27 06:00:00 UTC        
 READ IN fields at DATE: 2010-07-27 12:00:00 UTC        
 READ IN fields at DATE: 2010-07-27 18:00:00 UTC        
 READ IN fields at DATE: 2010-07-28 00:00:00 UTC        
 READ IN fields at DATE: 2010-07-28 06:00:00 UTC        
 READ IN fields at DATE: 2010-07-28 12:00:00 UTC        
 READ IN fields at DATE: 2010-07-28 18:00:00 UTC        
 READ IN fields at DATE: 2010-07-29 00:00:00 UTC        
 READ IN fields at DATE: 2010-07-29 06:00:00 UTC        
 READ IN fields at DATE: 2010-07-29 12:00:00 UTC        
 READ IN fields at DATE: 2010-07-29 18:00:00 UTC        
 READ IN fields at DATE: 2010-07-30 00:00:00 UTC        
 READ IN fields at DATE: 2010-07-30 06:00:00 UTC        
 READ IN fields at DATE: 2010-07-30 12:00:00 UTC        
 READ IN fields at DATE: 2010-07-30 18:00:00 UTC        
 READ IN fields at DATE: 2010-07-31 00:00:00 UTC        
 READ IN fields at DATE: 2010-07-31 06:00:00 UTC        
 READ IN fields at DATE: 2010-07-31 12:00:00 UTC        
 READ IN fields at DATE: 2010-07-31 18:00:00 UTC        
      131072 /leonardo_work/ICT26_ESP/RCMDATA//ERA5/2010/tatm_2010_08.nc
  2.281013751763782E-003   247.286190120566     
      196608 /leonardo_work/ICT26_ESP/RCMDATA//ERA5/2010/geop_2010_08.nc
   7.55667463100652        241359.692365809     
      262144 /leonardo_work/ICT26_ESP/RCMDATA//ERA5/2010/qhum_2010_08.nc
  4.750516491074936E-007  1.549332299836715E-002
      327680 /leonardo_work/ICT26_ESP/RCMDATA//ERA5/2010/uwnd_2010_08.nc
  4.357940006504953E-003   50.0383560031413     
      393216 /leonardo_work/ICT26_ESP/RCMDATA//ERA5/2010/vwnd_2010_08.nc
  4.072724545893147E-003   4.30606910647705     
 READ IN fields at DATE: 2010-08-01 00:00:00 UTC        
 READ IN fields at DATE: 2010-08-01 06:00:00 UTC        
 READ IN fields at DATE: 2010-08-01 12:00:00 UTC        
 READ IN fields at DATE: 2010-08-01 18:00:00 UTC        
 READ IN fields at DATE: 2010-08-02 00:00:00 UTC        
 READ IN fields at DATE: 2010-08-02 06:00:00 UTC        
 READ IN fields at DATE: 2010-08-02 12:00:00 UTC        
 READ IN fields at DATE: 2010-08-02 18:00:00 UTC        
 READ IN fields at DATE: 2010-08-03 00:00:00 UTC        
 READ IN fields at DATE: 2010-08-03 06:00:00 UTC        
 READ IN fields at DATE: 2010-08-03 12:00:00 UTC        
 READ IN fields at DATE: 2010-08-03 18:00:00 UTC        
 READ IN fields at DATE: 2010-08-04 00:00:00 UTC        
 READ IN fields at DATE: 2010-08-04 06:00:00 UTC        
 READ IN fields at DATE: 2010-08-04 12:00:00 UTC        
 READ IN fields at DATE: 2010-08-04 18:00:00 UTC        
 READ IN fields at DATE: 2010-08-05 00:00:00 UTC        
 READ IN fields at DATE: 2010-08-05 06:00:00 UTC        
 READ IN fields at DATE: 2010-08-05 12:00:00 UTC        
 READ IN fields at DATE: 2010-08-05 18:00:00 UTC        
 READ IN fields at DATE: 2010-08-06 00:00:00 UTC        
 READ IN fields at DATE: 2010-08-06 06:00:00 UTC        
 READ IN fields at DATE: 2010-08-06 12:00:00 UTC        
 READ IN fields at DATE: 2010-08-06 18:00:00 UTC        
 READ IN fields at DATE: 2010-08-07 00:00:00 UTC        
 READ IN fields at DATE: 2010-08-07 06:00:00 UTC        
 READ IN fields at DATE: 2010-08-07 12:00:00 UTC        
 READ IN fields at DATE: 2010-08-07 18:00:00 UTC        
 READ IN fields at DATE: 2010-08-08 00:00:00 UTC        
 READ IN fields at DATE: 2010-08-08 06:00:00 UTC        
 READ IN fields at DATE: 2010-08-08 12:00:00 UTC        
 READ IN fields at DATE: 2010-08-08 18:00:00 UTC        
 READ IN fields at DATE: 2010-08-09 00:00:00 UTC        
 READ IN fields at DATE: 2010-08-09 06:00:00 UTC        
 READ IN fields at DATE: 2010-08-09 12:00:00 UTC        
 READ IN fields at DATE: 2010-08-09 18:00:00 UTC        
 READ IN fields at DATE: 2010-08-10 00:00:00 UTC        
 READ IN fields at DATE: 2010-08-10 06:00:00 UTC        
 READ IN fields at DATE: 2010-08-10 12:00:00 UTC        
 READ IN fields at DATE: 2010-08-10 18:00:00 UTC        
 READ IN fields at DATE: 2010-08-11 00:00:00 UTC        
 READ IN fields at DATE: 2010-08-11 06:00:00 UTC        
 READ IN fields at DATE: 2010-08-11 12:00:00 UTC        
 READ IN fields at DATE: 2010-08-11 18:00:00 UTC        
 READ IN fields at DATE: 2010-08-12 00:00:00 UTC        
 READ IN fields at DATE: 2010-08-12 06:00:00 UTC        
 READ IN fields at DATE: 2010-08-12 12:00:00 UTC        
 READ IN fields at DATE: 2010-08-12 18:00:00 UTC        
 READ IN fields at DATE: 2010-08-13 00:00:00 UTC        
 READ IN fields at DATE: 2010-08-13 06:00:00 UTC        
 READ IN fields at DATE: 2010-08-13 12:00:00 UTC        
 READ IN fields at DATE: 2010-08-13 18:00:00 UTC        
 READ IN fields at DATE: 2010-08-14 00:00:00 UTC        
 READ IN fields at DATE: 2010-08-14 06:00:00 UTC        
 READ IN fields at DATE: 2010-08-14 12:00:00 UTC        
 READ IN fields at DATE: 2010-08-14 18:00:00 UTC        
 READ IN fields at DATE: 2010-08-15 00:00:00 UTC        
 READ IN fields at DATE: 2010-08-15 06:00:00 UTC        
 READ IN fields at DATE: 2010-08-15 12:00:00 UTC        
 READ IN fields at DATE: 2010-08-15 18:00:00 UTC        
 READ IN fields at DATE: 2010-08-16 00:00:00 UTC        
 READ IN fields at DATE: 2010-08-16 06:00:00 UTC        
 READ IN fields at DATE: 2010-08-16 12:00:00 UTC        
 READ IN fields at DATE: 2010-08-16 18:00:00 UTC        
 READ IN fields at DATE: 2010-08-17 00:00:00 UTC        
 READ IN fields at DATE: 2010-08-17 06:00:00 UTC        
 READ IN fields at DATE: 2010-08-17 12:00:00 UTC        
 READ IN fields at DATE: 2010-08-17 18:00:00 UTC        
 READ IN fields at DATE: 2010-08-18 00:00:00 UTC        
 READ IN fields at DATE: 2010-08-18 06:00:00 UTC        
 READ IN fields at DATE: 2010-08-18 12:00:00 UTC        
 READ IN fields at DATE: 2010-08-18 18:00:00 UTC        
 READ IN fields at DATE: 2010-08-19 00:00:00 UTC        
 READ IN fields at DATE: 2010-08-19 06:00:00 UTC        
 READ IN fields at DATE: 2010-08-19 12:00:00 UTC        
 READ IN fields at DATE: 2010-08-19 18:00:00 UTC        
 READ IN fields at DATE: 2010-08-20 00:00:00 UTC        
 READ IN fields at DATE: 2010-08-20 06:00:00 UTC        
 READ IN fields at DATE: 2010-08-20 12:00:00 UTC        
 READ IN fields at DATE: 2010-08-20 18:00:00 UTC        
 READ IN fields at DATE: 2010-08-21 00:00:00 UTC        
 READ IN fields at DATE: 2010-08-21 06:00:00 UTC        
 READ IN fields at DATE: 2010-08-21 12:00:00 UTC        
 READ IN fields at DATE: 2010-08-21 18:00:00 UTC        
 READ IN fields at DATE: 2010-08-22 00:00:00 UTC        
 READ IN fields at DATE: 2010-08-22 06:00:00 UTC        
 READ IN fields at DATE: 2010-08-22 12:00:00 UTC        
 READ IN fields at DATE: 2010-08-22 18:00:00 UTC        
 READ IN fields at DATE: 2010-08-23 00:00:00 UTC        
 READ IN fields at DATE: 2010-08-23 06:00:00 UTC        
 READ IN fields at DATE: 2010-08-23 12:00:00 UTC        
 READ IN fields at DATE: 2010-08-23 18:00:00 UTC        
 READ IN fields at DATE: 2010-08-24 00:00:00 UTC        
 READ IN fields at DATE: 2010-08-24 06:00:00 UTC        
 READ IN fields at DATE: 2010-08-24 12:00:00 UTC        
 READ IN fields at DATE: 2010-08-24 18:00:00 UTC        
 READ IN fields at DATE: 2010-08-25 00:00:00 UTC        
 READ IN fields at DATE: 2010-08-25 06:00:00 UTC        
 READ IN fields at DATE: 2010-08-25 12:00:00 UTC        
 READ IN fields at DATE: 2010-08-25 18:00:00 UTC        
 READ IN fields at DATE: 2010-08-26 00:00:00 UTC        
 READ IN fields at DATE: 2010-08-26 06:00:00 UTC        
 READ IN fields at DATE: 2010-08-26 12:00:00 UTC        
 READ IN fields at DATE: 2010-08-26 18:00:00 UTC        
 READ IN fields at DATE: 2010-08-27 00:00:00 UTC        
 READ IN fields at DATE: 2010-08-27 06:00:00 UTC        
 READ IN fields at DATE: 2010-08-27 12:00:00 UTC        
 READ IN fields at DATE: 2010-08-27 18:00:00 UTC        
 READ IN fields at DATE: 2010-08-28 00:00:00 UTC        
 READ IN fields at DATE: 2010-08-28 06:00:00 UTC        
 READ IN fields at DATE: 2010-08-28 12:00:00 UTC        
 READ IN fields at DATE: 2010-08-28 18:00:00 UTC        
 READ IN fields at DATE: 2010-08-29 00:00:00 UTC        
 READ IN fields at DATE: 2010-08-29 06:00:00 UTC        
 READ IN fields at DATE: 2010-08-29 12:00:00 UTC        
 READ IN fields at DATE: 2010-08-29 18:00:00 UTC        
 READ IN fields at DATE: 2010-08-30 00:00:00 UTC        
 READ IN fields at DATE: 2010-08-30 06:00:00 UTC        
 READ IN fields at DATE: 2010-08-30 12:00:00 UTC        
 READ IN fields at DATE: 2010-08-30 18:00:00 UTC        
 READ IN fields at DATE: 2010-08-31 00:00:00 UTC        
 READ IN fields at DATE: 2010-08-31 06:00:00 UTC        
 READ IN fields at DATE: 2010-08-31 12:00:00 UTC        
 READ IN fields at DATE: 2010-08-31 18:00:00 UTC        
      131072 /leonardo_work/ICT26_ESP/RCMDATA//ERA5/2010/tatm_2010_09.nc
  2.142760270231219E-003   251.035076691154     
      196608 /leonardo_work/ICT26_ESP/RCMDATA//ERA5/2010/geop_2010_09.nc
   7.36709051880350        235422.294970366     
      262144 /leonardo_work/ICT26_ESP/RCMDATA//ERA5/2010/qhum_2010_09.nc
  4.573135033373224E-007  1.491117378349624E-002
      327680 /leonardo_work/ICT26_ESP/RCMDATA//ERA5/2010/uwnd_2010_09.nc
  4.005036647954323E-003   37.1603052209338     
      393216 /leonardo_work/ICT26_ESP/RCMDATA//ERA5/2010/vwnd_2010_09.nc
  4.029997468400343E-003   12.9336005408166     
 READ IN fields at DATE: 2010-09-01 00:00:00 UTC        
 READ IN fields at DATE: 2010-09-01 06:00:00 UTC        
 READ IN fields at DATE: 2010-09-01 12:00:00 UTC        
 READ IN fields at DATE: 2010-09-01 18:00:00 UTC        
 READ IN fields at DATE: 2010-09-02 00:00:00 UTC        
 READ IN fields at DATE: 2010-09-02 06:00:00 UTC        
 READ IN fields at DATE: 2010-09-02 12:00:00 UTC        
 READ IN fields at DATE: 2010-09-02 18:00:00 UTC        
 READ IN fields at DATE: 2010-09-03 00:00:00 UTC        
 READ IN fields at DATE: 2010-09-03 06:00:00 UTC        
 READ IN fields at DATE: 2010-09-03 12:00:00 UTC        
 READ IN fields at DATE: 2010-09-03 18:00:00 UTC        
 READ IN fields at DATE: 2010-09-04 00:00:00 UTC        
 READ IN fields at DATE: 2010-09-04 06:00:00 UTC        
 READ IN fields at DATE: 2010-09-04 12:00:00 UTC        
 READ IN fields at DATE: 2010-09-04 18:00:00 UTC        
 READ IN fields at DATE: 2010-09-05 00:00:00 UTC        
 READ IN fields at DATE: 2010-09-05 06:00:00 UTC        
 READ IN fields at DATE: 2010-09-05 12:00:00 UTC        
 READ IN fields at DATE: 2010-09-05 18:00:00 UTC        
 READ IN fields at DATE: 2010-09-06 00:00:00 UTC        
 READ IN fields at DATE: 2010-09-06 06:00:00 UTC        
 READ IN fields at DATE: 2010-09-06 12:00:00 UTC        
 READ IN fields at DATE: 2010-09-06 18:00:00 UTC        
 READ IN fields at DATE: 2010-09-07 00:00:00 UTC        
 READ IN fields at DATE: 2010-09-07 06:00:00 UTC        
 READ IN fields at DATE: 2010-09-07 12:00:00 UTC        
 READ IN fields at DATE: 2010-09-07 18:00:00 UTC        
 READ IN fields at DATE: 2010-09-08 00:00:00 UTC        
 READ IN fields at DATE: 2010-09-08 06:00:00 UTC        
 READ IN fields at DATE: 2010-09-08 12:00:00 UTC        
 READ IN fields at DATE: 2010-09-08 18:00:00 UTC        
 READ IN fields at DATE: 2010-09-09 00:00:00 UTC        
 READ IN fields at DATE: 2010-09-09 06:00:00 UTC        
 READ IN fields at DATE: 2010-09-09 12:00:00 UTC        
 READ IN fields at DATE: 2010-09-09 18:00:00 UTC        
 READ IN fields at DATE: 2010-09-10 00:00:00 UTC        
 READ IN fields at DATE: 2010-09-10 06:00:00 UTC        
 READ IN fields at DATE: 2010-09-10 12:00:00 UTC        
 READ IN fields at DATE: 2010-09-10 18:00:00 UTC        
 READ IN fields at DATE: 2010-09-11 00:00:00 UTC        
 READ IN fields at DATE: 2010-09-11 06:00:00 UTC        
 READ IN fields at DATE: 2010-09-11 12:00:00 UTC        
 READ IN fields at DATE: 2010-09-11 18:00:00 UTC        
 READ IN fields at DATE: 2010-09-12 00:00:00 UTC        
 READ IN fields at DATE: 2010-09-12 06:00:00 UTC        
 READ IN fields at DATE: 2010-09-12 12:00:00 UTC        
 READ IN fields at DATE: 2010-09-12 18:00:00 UTC        
 READ IN fields at DATE: 2010-09-13 00:00:00 UTC        
 READ IN fields at DATE: 2010-09-13 06:00:00 UTC        
 READ IN fields at DATE: 2010-09-13 12:00:00 UTC        
 READ IN fields at DATE: 2010-09-13 18:00:00 UTC        
 READ IN fields at DATE: 2010-09-14 00:00:00 UTC        
 READ IN fields at DATE: 2010-09-14 06:00:00 UTC        
 READ IN fields at DATE: 2010-09-14 12:00:00 UTC        
 READ IN fields at DATE: 2010-09-14 18:00:00 UTC        
 READ IN fields at DATE: 2010-09-15 00:00:00 UTC        
 READ IN fields at DATE: 2010-09-15 06:00:00 UTC        
 READ IN fields at DATE: 2010-09-15 12:00:00 UTC        
 READ IN fields at DATE: 2010-09-15 18:00:00 UTC        
 READ IN fields at DATE: 2010-09-16 00:00:00 UTC        
 READ IN fields at DATE: 2010-09-16 06:00:00 UTC        
 READ IN fields at DATE: 2010-09-16 12:00:00 UTC        
 READ IN fields at DATE: 2010-09-16 18:00:00 UTC        
 READ IN fields at DATE: 2010-09-17 00:00:00 UTC        
 READ IN fields at DATE: 2010-09-17 06:00:00 UTC        
 READ IN fields at DATE: 2010-09-17 12:00:00 UTC        
 READ IN fields at DATE: 2010-09-17 18:00:00 UTC        
 READ IN fields at DATE: 2010-09-18 00:00:00 UTC        
 READ IN fields at DATE: 2010-09-18 06:00:00 UTC        
 READ IN fields at DATE: 2010-09-18 12:00:00 UTC        
 READ IN fields at DATE: 2010-09-18 18:00:00 UTC        
 READ IN fields at DATE: 2010-09-19 00:00:00 UTC        
 READ IN fields at DATE: 2010-09-19 06:00:00 UTC        
 READ IN fields at DATE: 2010-09-19 12:00:00 UTC        
 READ IN fields at DATE: 2010-09-19 18:00:00 UTC        
 READ IN fields at DATE: 2010-09-20 00:00:00 UTC        
 READ IN fields at DATE: 2010-09-20 06:00:00 UTC        
 READ IN fields at DATE: 2010-09-20 12:00:00 UTC        
 READ IN fields at DATE: 2010-09-20 18:00:00 UTC        
 READ IN fields at DATE: 2010-09-21 00:00:00 UTC        
 READ IN fields at DATE: 2010-09-21 06:00:00 UTC        
 READ IN fields at DATE: 2010-09-21 12:00:00 UTC        
 READ IN fields at DATE: 2010-09-21 18:00:00 UTC        
 READ IN fields at DATE: 2010-09-22 00:00:00 UTC        
 READ IN fields at DATE: 2010-09-22 06:00:00 UTC        
 READ IN fields at DATE: 2010-09-22 12:00:00 UTC        
 READ IN fields at DATE: 2010-09-22 18:00:00 UTC        
 READ IN fields at DATE: 2010-09-23 00:00:00 UTC        
 READ IN fields at DATE: 2010-09-23 06:00:00 UTC        
 READ IN fields at DATE: 2010-09-23 12:00:00 UTC        
 READ IN fields at DATE: 2010-09-23 18:00:00 UTC        
 READ IN fields at DATE: 2010-09-24 00:00:00 UTC        
 READ IN fields at DATE: 2010-09-24 06:00:00 UTC        
 READ IN fields at DATE: 2010-09-24 12:00:00 UTC        
 READ IN fields at DATE: 2010-09-24 18:00:00 UTC        
 READ IN fields at DATE: 2010-09-25 00:00:00 UTC        
 READ IN fields at DATE: 2010-09-25 06:00:00 UTC        
 READ IN fields at DATE: 2010-09-25 12:00:00 UTC        
 READ IN fields at DATE: 2010-09-25 18:00:00 UTC        
 READ IN fields at DATE: 2010-09-26 00:00:00 UTC        
 READ IN fields at DATE: 2010-09-26 06:00:00 UTC        
 READ IN fields at DATE: 2010-09-26 12:00:00 UTC        
 READ IN fields at DATE: 2010-09-26 18:00:00 UTC        
 READ IN fields at DATE: 2010-09-27 00:00:00 UTC        
 READ IN fields at DATE: 2010-09-27 06:00:00 UTC        
 READ IN fields at DATE: 2010-09-27 12:00:00 UTC        
 READ IN fields at DATE: 2010-09-27 18:00:00 UTC        
 READ IN fields at DATE: 2010-09-28 00:00:00 UTC        
 READ IN fields at DATE: 2010-09-28 06:00:00 UTC        
 READ IN fields at DATE: 2010-09-28 12:00:00 UTC        
 READ IN fields at DATE: 2010-09-28 18:00:00 UTC        
 READ IN fields at DATE: 2010-09-29 00:00:00 UTC        
 READ IN fields at DATE: 2010-09-29 06:00:00 UTC        
 READ IN fields at DATE: 2010-09-29 12:00:00 UTC        
 READ IN fields at DATE: 2010-09-29 18:00:00 UTC        
 READ IN fields at DATE: 2010-09-30 00:00:00 UTC        
 READ IN fields at DATE: 2010-09-30 06:00:00 UTC        
 READ IN fields at DATE: 2010-09-30 12:00:00 UTC        
 READ IN fields at DATE: 2010-09-30 18:00:00 UTC        
      131072 /leonardo_work/ICT26_ESP/RCMDATA//ERA5/2010/tatm_2010_10.nc
  2.057486800096182E-003   250.399804386483     
      196608 /leonardo_work/ICT26_ESP/RCMDATA//ERA5/2010/geop_2010_10.nc
   7.40754860623655        235774.417319447     
      262144 /leonardo_work/ICT26_ESP/RCMDATA//ERA5/2010/qhum_2010_10.nc
  3.857983561413822E-007  1.257913560776681E-002
      327680 /leonardo_work/ICT26_ESP/RCMDATA//ERA5/2010/uwnd_2010_10.nc
  3.468729783786771E-003   18.4696325174323     
      393216 /leonardo_work/ICT26_ESP/RCMDATA//ERA5/2010/vwnd_2010_10.nc
  3.119361654728701E-003   6.47060065852810     
 READ IN fields at DATE: 2010-10-01 00:00:00 UTC        
 READ IN fields at DATE: 2010-10-01 06:00:00 UTC        
 READ IN fields at DATE: 2010-10-01 12:00:00 UTC        
 READ IN fields at DATE: 2010-10-01 18:00:00 UTC        
 READ IN fields at DATE: 2010-10-02 00:00:00 UTC        
 READ IN fields at DATE: 2010-10-02 06:00:00 UTC        
 READ IN fields at DATE: 2010-10-02 12:00:00 UTC        
 READ IN fields at DATE: 2010-10-02 18:00:00 UTC        
 READ IN fields at DATE: 2010-10-03 00:00:00 UTC        
 READ IN fields at DATE: 2010-10-03 06:00:00 UTC        
 READ IN fields at DATE: 2010-10-03 12:00:00 UTC        
 READ IN fields at DATE: 2010-10-03 18:00:00 UTC        
 READ IN fields at DATE: 2010-10-04 00:00:00 UTC        
 READ IN fields at DATE: 2010-10-04 06:00:00 UTC        
 READ IN fields at DATE: 2010-10-04 12:00:00 UTC        
 READ IN fields at DATE: 2010-10-04 18:00:00 UTC        
 READ IN fields at DATE: 2010-10-05 00:00:00 UTC        
 READ IN fields at DATE: 2010-10-05 06:00:00 UTC        
 READ IN fields at DATE: 2010-10-05 12:00:00 UTC        
 READ IN fields at DATE: 2010-10-05 18:00:00 UTC        
 READ IN fields at DATE: 2010-10-06 00:00:00 UTC        
 READ IN fields at DATE: 2010-10-06 06:00:00 UTC        
 READ IN fields at DATE: 2010-10-06 12:00:00 UTC        
 READ IN fields at DATE: 2010-10-06 18:00:00 UTC        
 READ IN fields at DATE: 2010-10-07 00:00:00 UTC        
 READ IN fields at DATE: 2010-10-07 06:00:00 UTC        
 READ IN fields at DATE: 2010-10-07 12:00:00 UTC        
 READ IN fields at DATE: 2010-10-07 18:00:00 UTC        
 READ IN fields at DATE: 2010-10-08 00:00:00 UTC        
 READ IN fields at DATE: 2010-10-08 06:00:00 UTC        
 READ IN fields at DATE: 2010-10-08 12:00:00 UTC        
 READ IN fields at DATE: 2010-10-08 18:00:00 UTC        
 READ IN fields at DATE: 2010-10-09 00:00:00 UTC        
 READ IN fields at DATE: 2010-10-09 06:00:00 UTC        
 READ IN fields at DATE: 2010-10-09 12:00:00 UTC        
 READ IN fields at DATE: 2010-10-09 18:00:00 UTC        
 READ IN fields at DATE: 2010-10-10 00:00:00 UTC        
 READ IN fields at DATE: 2010-10-10 06:00:00 UTC        
 READ IN fields at DATE: 2010-10-10 12:00:00 UTC        
 READ IN fields at DATE: 2010-10-10 18:00:00 UTC        
 READ IN fields at DATE: 2010-10-11 00:00:00 UTC        
 READ IN fields at DATE: 2010-10-11 06:00:00 UTC        
 READ IN fields at DATE: 2010-10-11 12:00:00 UTC        
 READ IN fields at DATE: 2010-10-11 18:00:00 UTC        
 READ IN fields at DATE: 2010-10-12 00:00:00 UTC        
 READ IN fields at DATE: 2010-10-12 06:00:00 UTC        
 READ IN fields at DATE: 2010-10-12 12:00:00 UTC        
 READ IN fields at DATE: 2010-10-12 18:00:00 UTC        
 READ IN fields at DATE: 2010-10-13 00:00:00 UTC        
 READ IN fields at DATE: 2010-10-13 06:00:00 UTC        
 READ IN fields at DATE: 2010-10-13 12:00:00 UTC        
 READ IN fields at DATE: 2010-10-13 18:00:00 UTC        
 READ IN fields at DATE: 2010-10-14 00:00:00 UTC        
 READ IN fields at DATE: 2010-10-14 06:00:00 UTC        
 READ IN fields at DATE: 2010-10-14 12:00:00 UTC        
 READ IN fields at DATE: 2010-10-14 18:00:00 UTC        
 READ IN fields at DATE: 2010-10-15 00:00:00 UTC        
 READ IN fields at DATE: 2010-10-15 06:00:00 UTC        
 READ IN fields at DATE: 2010-10-15 12:00:00 UTC        
 READ IN fields at DATE: 2010-10-15 18:00:00 UTC        
 READ IN fields at DATE: 2010-10-16 00:00:00 UTC        
 READ IN fields at DATE: 2010-10-16 06:00:00 UTC        
 READ IN fields at DATE: 2010-10-16 12:00:00 UTC        
 READ IN fields at DATE: 2010-10-16 18:00:00 UTC        
 READ IN fields at DATE: 2010-10-17 00:00:00 UTC        
 READ IN fields at DATE: 2010-10-17 06:00:00 UTC        
 READ IN fields at DATE: 2010-10-17 12:00:00 UTC        
 READ IN fields at DATE: 2010-10-17 18:00:00 UTC        
 READ IN fields at DATE: 2010-10-18 00:00:00 UTC        
 READ IN fields at DATE: 2010-10-18 06:00:00 UTC        
 READ IN fields at DATE: 2010-10-18 12:00:00 UTC        
 READ IN fields at DATE: 2010-10-18 18:00:00 UTC        
 READ IN fields at DATE: 2010-10-19 00:00:00 UTC        
 READ IN fields at DATE: 2010-10-19 06:00:00 UTC        
 READ IN fields at DATE: 2010-10-19 12:00:00 UTC        
 READ IN fields at DATE: 2010-10-19 18:00:00 UTC        
 READ IN fields at DATE: 2010-10-20 00:00:00 UTC        
 READ IN fields at DATE: 2010-10-20 06:00:00 UTC        
 READ IN fields at DATE: 2010-10-20 12:00:00 UTC        
 READ IN fields at DATE: 2010-10-20 18:00:00 UTC        
 READ IN fields at DATE: 2010-10-21 00:00:00 UTC        
 READ IN fields at DATE: 2010-10-21 06:00:00 UTC        
 READ IN fields at DATE: 2010-10-21 12:00:00 UTC        
 READ IN fields at DATE: 2010-10-21 18:00:00 UTC        
 READ IN fields at DATE: 2010-10-22 00:00:00 UTC        
 READ IN fields at DATE: 2010-10-22 06:00:00 UTC        
 READ IN fields at DATE: 2010-10-22 12:00:00 UTC        
 READ IN fields at DATE: 2010-10-22 18:00:00 UTC        
 READ IN fields at DATE: 2010-10-23 00:00:00 UTC        
 READ IN fields at DATE: 2010-10-23 06:00:00 UTC        
 READ IN fields at DATE: 2010-10-23 12:00:00 UTC        
 READ IN fields at DATE: 2010-10-23 18:00:00 UTC        
 READ IN fields at DATE: 2010-10-24 00:00:00 UTC        
 READ IN fields at DATE: 2010-10-24 06:00:00 UTC        
 READ IN fields at DATE: 2010-10-24 12:00:00 UTC        
 READ IN fields at DATE: 2010-10-24 18:00:00 UTC        
 READ IN fields at DATE: 2010-10-25 00:00:00 UTC        
 READ IN fields at DATE: 2010-10-25 06:00:00 UTC        
 READ IN fields at DATE: 2010-10-25 12:00:00 UTC        
 READ IN fields at DATE: 2010-10-25 18:00:00 UTC        
 READ IN fields at DATE: 2010-10-26 00:00:00 UTC        
 READ IN fields at DATE: 2010-10-26 06:00:00 UTC        
 READ IN fields at DATE: 2010-10-26 12:00:00 UTC        
 READ IN fields at DATE: 2010-10-26 18:00:00 UTC        
 READ IN fields at DATE: 2010-10-27 00:00:00 UTC        
 READ IN fields at DATE: 2010-10-27 06:00:00 UTC        
 READ IN fields at DATE: 2010-10-27 12:00:00 UTC        
 READ IN fields at DATE: 2010-10-27 18:00:00 UTC        
 READ IN fields at DATE: 2010-10-28 00:00:00 UTC        
 READ IN fields at DATE: 2010-10-28 06:00:00 UTC        
 READ IN fields at DATE: 2010-10-28 12:00:00 UTC        
 READ IN fields at DATE: 2010-10-28 18:00:00 UTC        
 READ IN fields at DATE: 2010-10-29 00:00:00 UTC        
 READ IN fields at DATE: 2010-10-29 06:00:00 UTC        
 READ IN fields at DATE: 2010-10-29 12:00:00 UTC        
 READ IN fields at DATE: 2010-10-29 18:00:00 UTC        
 READ IN fields at DATE: 2010-10-30 00:00:00 UTC        
 READ IN fields at DATE: 2010-10-30 06:00:00 UTC        
 READ IN fields at DATE: 2010-10-30 12:00:00 UTC        
 READ IN fields at DATE: 2010-10-30 18:00:00 UTC        
 READ IN fields at DATE: 2010-10-31 00:00:00 UTC        
 READ IN fields at DATE: 2010-10-31 06:00:00 UTC        
 READ IN fields at DATE: 2010-10-31 12:00:00 UTC        
 READ IN fields at DATE: 2010-10-31 18:00:00 UTC        
      131072 /leonardo_work/ICT26_ESP/RCMDATA//ERA5/2010/tatm_2010_11.nc
  2.072449182180876E-003   250.602250518573     
      196608 /leonardo_work/ICT26_ESP/RCMDATA//ERA5/2010/geop_2010_11.nc
   7.45638528489463        238725.123369858     
      262144 /leonardo_work/ICT26_ESP/RCMDATA//ERA5/2010/qhum_2010_11.nc
  3.660693775416271E-007  1.195351917634199E-002
      327680 /leonardo_work/ICT26_ESP/RCMDATA//ERA5/2010/uwnd_2010_11.nc
  3.612216373588140E-003   28.1585866530437     
      393216 /leonardo_work/ICT26_ESP/RCMDATA//ERA5/2010/vwnd_2010_11.nc
  2.955850480089707E-003  -2.18432399457598     
 READ IN fields at DATE: 2010-11-01 00:00:00 UTC        
 READ IN fields at DATE: 2010-11-01 06:00:00 UTC        
 READ IN fields at DATE: 2010-11-01 12:00:00 UTC        
 READ IN fields at DATE: 2010-11-01 18:00:00 UTC        
 READ IN fields at DATE: 2010-11-02 00:00:00 UTC        
 READ IN fields at DATE: 2010-11-02 06:00:00 UTC        
 READ IN fields at DATE: 2010-11-02 12:00:00 UTC        
 READ IN fields at DATE: 2010-11-02 18:00:00 UTC        
 READ IN fields at DATE: 2010-11-03 00:00:00 UTC        
 READ IN fields at DATE: 2010-11-03 06:00:00 UTC        
 READ IN fields at DATE: 2010-11-03 12:00:00 UTC        
 READ IN fields at DATE: 2010-11-03 18:00:00 UTC        
 READ IN fields at DATE: 2010-11-04 00:00:00 UTC        
 READ IN fields at DATE: 2010-11-04 06:00:00 UTC        
 READ IN fields at DATE: 2010-11-04 12:00:00 UTC        
 READ IN fields at DATE: 2010-11-04 18:00:00 UTC        
 READ IN fields at DATE: 2010-11-05 00:00:00 UTC        
 READ IN fields at DATE: 2010-11-05 06:00:00 UTC        
 READ IN fields at DATE: 2010-11-05 12:00:00 UTC        
 READ IN fields at DATE: 2010-11-05 18:00:00 UTC        
 READ IN fields at DATE: 2010-11-06 00:00:00 UTC        
 READ IN fields at DATE: 2010-11-06 06:00:00 UTC        
 READ IN fields at DATE: 2010-11-06 12:00:00 UTC        
 READ IN fields at DATE: 2010-11-06 18:00:00 UTC        
 READ IN fields at DATE: 2010-11-07 00:00:00 UTC        
 READ IN fields at DATE: 2010-11-07 06:00:00 UTC        
 READ IN fields at DATE: 2010-11-07 12:00:00 UTC        
 READ IN fields at DATE: 2010-11-07 18:00:00 UTC        
 READ IN fields at DATE: 2010-11-08 00:00:00 UTC        
 READ IN fields at DATE: 2010-11-08 06:00:00 UTC        
 READ IN fields at DATE: 2010-11-08 12:00:00 UTC        
 READ IN fields at DATE: 2010-11-08 18:00:00 UTC        
 READ IN fields at DATE: 2010-11-09 00:00:00 UTC        
 READ IN fields at DATE: 2010-11-09 06:00:00 UTC        
 READ IN fields at DATE: 2010-11-09 12:00:00 UTC        
 READ IN fields at DATE: 2010-11-09 18:00:00 UTC        
 READ IN fields at DATE: 2010-11-10 00:00:00 UTC        
 READ IN fields at DATE: 2010-11-10 06:00:00 UTC        
 READ IN fields at DATE: 2010-11-10 12:00:00 UTC        
 READ IN fields at DATE: 2010-11-10 18:00:00 UTC        
 READ IN fields at DATE: 2010-11-11 00:00:00 UTC        
 READ IN fields at DATE: 2010-11-11 06:00:00 UTC        
 READ IN fields at DATE: 2010-11-11 12:00:00 UTC        
 READ IN fields at DATE: 2010-11-11 18:00:00 UTC        
 READ IN fields at DATE: 2010-11-12 00:00:00 UTC        
 READ IN fields at DATE: 2010-11-12 06:00:00 UTC        
 READ IN fields at DATE: 2010-11-12 12:00:00 UTC        
 READ IN fields at DATE: 2010-11-12 18:00:00 UTC        
 READ IN fields at DATE: 2010-11-13 00:00:00 UTC        
 READ IN fields at DATE: 2010-11-13 06:00:00 UTC        
 READ IN fields at DATE: 2010-11-13 12:00:00 UTC        
 READ IN fields at DATE: 2010-11-13 18:00:00 UTC        
 READ IN fields at DATE: 2010-11-14 00:00:00 UTC        
 READ IN fields at DATE: 2010-11-14 06:00:00 UTC        
 READ IN fields at DATE: 2010-11-14 12:00:00 UTC        
 READ IN fields at DATE: 2010-11-14 18:00:00 UTC        
 READ IN fields at DATE: 2010-11-15 00:00:00 UTC        
 READ IN fields at DATE: 2010-11-15 06:00:00 UTC        
 READ IN fields at DATE: 2010-11-15 12:00:00 UTC        
 READ IN fields at DATE: 2010-11-15 18:00:00 UTC        
 READ IN fields at DATE: 2010-11-16 00:00:00 UTC        
 READ IN fields at DATE: 2010-11-16 06:00:00 UTC        
 READ IN fields at DATE: 2010-11-16 12:00:00 UTC        
 READ IN fields at DATE: 2010-11-16 18:00:00 UTC        
 READ IN fields at DATE: 2010-11-17 00:00:00 UTC        
 READ IN fields at DATE: 2010-11-17 06:00:00 UTC        
 READ IN fields at DATE: 2010-11-17 12:00:00 UTC        
 READ IN fields at DATE: 2010-11-17 18:00:00 UTC        
 READ IN fields at DATE: 2010-11-18 00:00:00 UTC        
 READ IN fields at DATE: 2010-11-18 06:00:00 UTC        
 READ IN fields at DATE: 2010-11-18 12:00:00 UTC        
 READ IN fields at DATE: 2010-11-18 18:00:00 UTC        
 READ IN fields at DATE: 2010-11-19 00:00:00 UTC        
 READ IN fields at DATE: 2010-11-19 06:00:00 UTC        
 READ IN fields at DATE: 2010-11-19 12:00:00 UTC        
 READ IN fields at DATE: 2010-11-19 18:00:00 UTC        
 READ IN fields at DATE: 2010-11-20 00:00:00 UTC        
 READ IN fields at DATE: 2010-11-20 06:00:00 UTC        
 READ IN fields at DATE: 2010-11-20 12:00:00 UTC        
 READ IN fields at DATE: 2010-11-20 18:00:00 UTC        
 READ IN fields at DATE: 2010-11-21 00:00:00 UTC        
 READ IN fields at DATE: 2010-11-21 06:00:00 UTC        
 READ IN fields at DATE: 2010-11-21 12:00:00 UTC        
 READ IN fields at DATE: 2010-11-21 18:00:00 UTC        
 READ IN fields at DATE: 2010-11-22 00:00:00 UTC        
 READ IN fields at DATE: 2010-11-22 06:00:00 UTC        
 READ IN fields at DATE: 2010-11-22 12:00:00 UTC        
 READ IN fields at DATE: 2010-11-22 18:00:00 UTC        
 READ IN fields at DATE: 2010-11-23 00:00:00 UTC        
 READ IN fields at DATE: 2010-11-23 06:00:00 UTC        
 READ IN fields at DATE: 2010-11-23 12:00:00 UTC        
 READ IN fields at DATE: 2010-11-23 18:00:00 UTC        
 READ IN fields at DATE: 2010-11-24 00:00:00 UTC        
 READ IN fields at DATE: 2010-11-24 06:00:00 UTC        
 READ IN fields at DATE: 2010-11-24 12:00:00 UTC        
 READ IN fields at DATE: 2010-11-24 18:00:00 UTC        
 READ IN fields at DATE: 2010-11-25 00:00:00 UTC        
 READ IN fields at DATE: 2010-11-25 06:00:00 UTC        
 READ IN fields at DATE: 2010-11-25 12:00:00 UTC        
 READ IN fields at DATE: 2010-11-25 18:00:00 UTC        
 READ IN fields at DATE: 2010-11-26 00:00:00 UTC        
 READ IN fields at DATE: 2010-11-26 06:00:00 UTC        
 READ IN fields at DATE: 2010-11-26 12:00:00 UTC        
 READ IN fields at DATE: 2010-11-26 18:00:00 UTC        
 READ IN fields at DATE: 2010-11-27 00:00:00 UTC        
 READ IN fields at DATE: 2010-11-27 06:00:00 UTC        
 READ IN fields at DATE: 2010-11-27 12:00:00 UTC        
 READ IN fields at DATE: 2010-11-27 18:00:00 UTC        
 READ IN fields at DATE: 2010-11-28 00:00:00 UTC        
 READ IN fields at DATE: 2010-11-28 06:00:00 UTC        
 READ IN fields at DATE: 2010-11-28 12:00:00 UTC        
 READ IN fields at DATE: 2010-11-28 18:00:00 UTC        
 READ IN fields at DATE: 2010-11-29 00:00:00 UTC        
 READ IN fields at DATE: 2010-11-29 06:00:00 UTC        
 READ IN fields at DATE: 2010-11-29 12:00:00 UTC        
 READ IN fields at DATE: 2010-11-29 18:00:00 UTC        
 READ IN fields at DATE: 2010-11-30 00:00:00 UTC        
 READ IN fields at DATE: 2010-11-30 06:00:00 UTC        
 READ IN fields at DATE: 2010-11-30 12:00:00 UTC        
 READ IN fields at DATE: 2010-11-30 18:00:00 UTC        
      131072 /leonardo_work/ICT26_ESP/RCMDATA//ERA5/2010/tatm_2010_12.nc
  2.144731504696346E-003   249.086131613740     
      196608 /leonardo_work/ICT26_ESP/RCMDATA//ERA5/2010/geop_2010_12.nc
   7.60925036098225        244729.630921695     
      262144 /leonardo_work/ICT26_ESP/RCMDATA//ERA5/2010/qhum_2010_12.nc
  3.564234062758247E-007  1.165762177530286E-002
      327680 /leonardo_work/ICT26_ESP/RCMDATA//ERA5/2010/uwnd_2010_12.nc
  4.493688814148859E-003   39.7199745301046     
      393216 /leonardo_work/ICT26_ESP/RCMDATA//ERA5/2010/vwnd_2010_12.nc
  4.132153562840001E-003   1.88779598376545     
 READ IN fields at DATE: 2010-12-01 00:00:00 UTC        
 READ IN fields at DATE: 2010-12-01 06:00:00 UTC        
 READ IN fields at DATE: 2010-12-01 12:00:00 UTC        
 READ IN fields at DATE: 2010-12-01 18:00:00 UTC        
 READ IN fields at DATE: 2010-12-02 00:00:00 UTC        
 READ IN fields at DATE: 2010-12-02 06:00:00 UTC        
 READ IN fields at DATE: 2010-12-02 12:00:00 UTC        
 READ IN fields at DATE: 2010-12-02 18:00:00 UTC        
 READ IN fields at DATE: 2010-12-03 00:00:00 UTC        
 READ IN fields at DATE: 2010-12-03 06:00:00 UTC        
 READ IN fields at DATE: 2010-12-03 12:00:00 UTC        
 READ IN fields at DATE: 2010-12-03 18:00:00 UTC        
 READ IN fields at DATE: 2010-12-04 00:00:00 UTC        
 READ IN fields at DATE: 2010-12-04 06:00:00 UTC        
 READ IN fields at DATE: 2010-12-04 12:00:00 UTC        
 READ IN fields at DATE: 2010-12-04 18:00:00 UTC        
 READ IN fields at DATE: 2010-12-05 00:00:00 UTC        
 READ IN fields at DATE: 2010-12-05 06:00:00 UTC        
 READ IN fields at DATE: 2010-12-05 12:00:00 UTC        
 READ IN fields at DATE: 2010-12-05 18:00:00 UTC        
 READ IN fields at DATE: 2010-12-06 00:00:00 UTC        
 READ IN fields at DATE: 2010-12-06 06:00:00 UTC        
 READ IN fields at DATE: 2010-12-06 12:00:00 UTC        
 READ IN fields at DATE: 2010-12-06 18:00:00 UTC        
 READ IN fields at DATE: 2010-12-07 00:00:00 UTC        
 READ IN fields at DATE: 2010-12-07 06:00:00 UTC        
 READ IN fields at DATE: 2010-12-07 12:00:00 UTC        
 READ IN fields at DATE: 2010-12-07 18:00:00 UTC        
 READ IN fields at DATE: 2010-12-08 00:00:00 UTC        
 READ IN fields at DATE: 2010-12-08 06:00:00 UTC        
 READ IN fields at DATE: 2010-12-08 12:00:00 UTC        
 READ IN fields at DATE: 2010-12-08 18:00:00 UTC        
 READ IN fields at DATE: 2010-12-09 00:00:00 UTC        
 READ IN fields at DATE: 2010-12-09 06:00:00 UTC        
 READ IN fields at DATE: 2010-12-09 12:00:00 UTC        
 READ IN fields at DATE: 2010-12-09 18:00:00 UTC        
 READ IN fields at DATE: 2010-12-10 00:00:00 UTC        
 READ IN fields at DATE: 2010-12-10 06:00:00 UTC        
 READ IN fields at DATE: 2010-12-10 12:00:00 UTC        
 READ IN fields at DATE: 2010-12-10 18:00:00 UTC        
 READ IN fields at DATE: 2010-12-11 00:00:00 UTC        
 READ IN fields at DATE: 2010-12-11 06:00:00 UTC        
 READ IN fields at DATE: 2010-12-11 12:00:00 UTC        
 READ IN fields at DATE: 2010-12-11 18:00:00 UTC        
 READ IN fields at DATE: 2010-12-12 00:00:00 UTC        
 READ IN fields at DATE: 2010-12-12 06:00:00 UTC        
 READ IN fields at DATE: 2010-12-12 12:00:00 UTC        
 READ IN fields at DATE: 2010-12-12 18:00:00 UTC        
 READ IN fields at DATE: 2010-12-13 00:00:00 UTC        
 READ IN fields at DATE: 2010-12-13 06:00:00 UTC        
 READ IN fields at DATE: 2010-12-13 12:00:00 UTC        
 READ IN fields at DATE: 2010-12-13 18:00:00 UTC        
 READ IN fields at DATE: 2010-12-14 00:00:00 UTC        
 READ IN fields at DATE: 2010-12-14 06:00:00 UTC        
 READ IN fields at DATE: 2010-12-14 12:00:00 UTC        
 READ IN fields at DATE: 2010-12-14 18:00:00 UTC        
 READ IN fields at DATE: 2010-12-15 00:00:00 UTC        
 READ IN fields at DATE: 2010-12-15 06:00:00 UTC        
 READ IN fields at DATE: 2010-12-15 12:00:00 UTC        
 READ IN fields at DATE: 2010-12-15 18:00:00 UTC        
 READ IN fields at DATE: 2010-12-16 00:00:00 UTC        
 READ IN fields at DATE: 2010-12-16 06:00:00 UTC        
 READ IN fields at DATE: 2010-12-16 12:00:00 UTC        
 READ IN fields at DATE: 2010-12-16 18:00:00 UTC        
 READ IN fields at DATE: 2010-12-17 00:00:00 UTC        
 READ IN fields at DATE: 2010-12-17 06:00:00 UTC        
 READ IN fields at DATE: 2010-12-17 12:00:00 UTC        
 READ IN fields at DATE: 2010-12-17 18:00:00 UTC        
 READ IN fields at DATE: 2010-12-18 00:00:00 UTC        
 READ IN fields at DATE: 2010-12-18 06:00:00 UTC        
 READ IN fields at DATE: 2010-12-18 12:00:00 UTC        
 READ IN fields at DATE: 2010-12-18 18:00:00 UTC        
 READ IN fields at DATE: 2010-12-19 00:00:00 UTC        
 READ IN fields at DATE: 2010-12-19 06:00:00 UTC        
 READ IN fields at DATE: 2010-12-19 12:00:00 UTC        
 READ IN fields at DATE: 2010-12-19 18:00:00 UTC        
 READ IN fields at DATE: 2010-12-20 00:00:00 UTC        
 READ IN fields at DATE: 2010-12-20 06:00:00 UTC        
 READ IN fields at DATE: 2010-12-20 12:00:00 UTC        
 READ IN fields at DATE: 2010-12-20 18:00:00 UTC        
 READ IN fields at DATE: 2010-12-21 00:00:00 UTC        
 READ IN fields at DATE: 2010-12-21 06:00:00 UTC        
 READ IN fields at DATE: 2010-12-21 12:00:00 UTC        
 READ IN fields at DATE: 2010-12-21 18:00:00 UTC        
 READ IN fields at DATE: 2010-12-22 00:00:00 UTC        
 READ IN fields at DATE: 2010-12-22 06:00:00 UTC        
 READ IN fields at DATE: 2010-12-22 12:00:00 UTC        
 READ IN fields at DATE: 2010-12-22 18:00:00 UTC        
 READ IN fields at DATE: 2010-12-23 00:00:00 UTC        
 READ IN fields at DATE: 2010-12-23 06:00:00 UTC        
 READ IN fields at DATE: 2010-12-23 12:00:00 UTC        
 READ IN fields at DATE: 2010-12-23 18:00:00 UTC        
 READ IN fields at DATE: 2010-12-24 00:00:00 UTC        
 READ IN fields at DATE: 2010-12-24 06:00:00 UTC        
 READ IN fields at DATE: 2010-12-24 12:00:00 UTC        
 READ IN fields at DATE: 2010-12-24 18:00:00 UTC        
 READ IN fields at DATE: 2010-12-25 00:00:00 UTC        
 READ IN fields at DATE: 2010-12-25 06:00:00 UTC        
 READ IN fields at DATE: 2010-12-25 12:00:00 UTC        
 READ IN fields at DATE: 2010-12-25 18:00:00 UTC        
 READ IN fields at DATE: 2010-12-26 00:00:00 UTC        
 READ IN fields at DATE: 2010-12-26 06:00:00 UTC        
 READ IN fields at DATE: 2010-12-26 12:00:00 UTC        
 READ IN fields at DATE: 2010-12-26 18:00:00 UTC        
 READ IN fields at DATE: 2010-12-27 00:00:00 UTC        
 READ IN fields at DATE: 2010-12-27 06:00:00 UTC        
 READ IN fields at DATE: 2010-12-27 12:00:00 UTC        
 READ IN fields at DATE: 2010-12-27 18:00:00 UTC        
 READ IN fields at DATE: 2010-12-28 00:00:00 UTC        
 READ IN fields at DATE: 2010-12-28 06:00:00 UTC        
 READ IN fields at DATE: 2010-12-28 12:00:00 UTC        
 READ IN fields at DATE: 2010-12-28 18:00:00 UTC        
 READ IN fields at DATE: 2010-12-29 00:00:00 UTC        
 READ IN fields at DATE: 2010-12-29 06:00:00 UTC        
 READ IN fields at DATE: 2010-12-29 12:00:00 UTC        
 READ IN fields at DATE: 2010-12-29 18:00:00 UTC        
 READ IN fields at DATE: 2010-12-30 00:00:00 UTC        
 READ IN fields at DATE: 2010-12-30 06:00:00 UTC        
 READ IN fields at DATE: 2010-12-30 12:00:00 UTC        
 READ IN fields at DATE: 2010-12-30 18:00:00 UTC        
 READ IN fields at DATE: 2010-12-31 00:00:00 UTC        
 READ IN fields at DATE: 2010-12-31 06:00:00 UTC        
 READ IN fields at DATE: 2010-12-31 12:00:00 UTC        
 READ IN fields at DATE: 2010-12-31 18:00:00 UTC        
      131072 /leonardo_work/ICT26_ESP/RCMDATA//ERA5/2011/tatm_2011_01.nc
  2.241713632557977E-003   249.012184807246     
      196608 /leonardo_work/ICT26_ESP/RCMDATA//ERA5/2011/geop_2011_01.nc
   7.63163298929547        244332.906839755     
      262144 /leonardo_work/ICT26_ESP/RCMDATA//ERA5/2011/qhum_2011_01.nc
  3.708350803717309E-007  1.210069882950717E-002
      327680 /leonardo_work/ICT26_ESP/RCMDATA//ERA5/2011/uwnd_2011_01.nc
  5.869182275652153E-003   7.63209043327624     
      393216 /leonardo_work/ICT26_ESP/RCMDATA//ERA5/2011/vwnd_2011_01.nc
  5.864769467291289E-003  -5.96017725778052     
 READ IN fields at DATE: 2011-01-01 00:00:00 UTC        
 Input ready at : Tue Aug 11 03:51:01 2026
 Successfully completed ICBC
icbc script complete
