
  This is icbc part of the RegCM version 5
   SVN Revision: 5.0.1 compiled at: data : Oct 10 2025  time: 16:26:26

 : this run start at    : 2026-08-11 03:51:17+0200
 : it is submitted by   : mdasilva
 : it is running on     : lrdn4543.leonardo.local
 : in directory         : 
 /leonardo/home/userexternal/mdasilva/github_projects/shell/ictp/regcm_exp/corde
 x5
                       
 Using Moloch non-hydrostatic dynamical core
 GLOBIDATE1 :  2011-01-01 00:00:00 UTC        
 GLOBIDATE2 :  2012-01-01 00:00:00 UTC        
 NSTEPS     :         1461
 Computing weights, R =      38.89632416 .......... Done.
 Computing weights, R =      38.89632416 .......... Done.
 Computing weights, R =      38.89632416 .......... Done.
      131072 /leonardo_work/ICT26_ESP/RCMDATA//ERA5/2011/tatm_2011_01.nc
  2.241713632557977E-003   249.012184807246     
      196608 /leonardo_work/ICT26_ESP/RCMDATA//ERA5/2011/geop_2011_01.nc
   7.63163298929547        244332.906839755     
      262144 /leonardo_work/ICT26_ESP/RCMDATA//ERA5/2011/qhum_2011_01.nc
  3.708350803717309E-007  1.210069882950717E-002
      327680 /leonardo_work/ICT26_ESP/RCMDATA//ERA5/2011/uwnd_2011_01.nc
  5.869182275652153E-003   7.63209043327624     
      393216 /leonardo_work/ICT26_ESP/RCMDATA//ERA5/2011/vwnd_2011_01.nc
  5.864769467291289E-003  -5.96017725778052     
 READ IN fields at DATE: 2011-01-01 00:00:00 UTC        
 READ IN fields at DATE: 2011-01-01 06:00:00 UTC        
 READ IN fields at DATE: 2011-01-01 12:00:00 UTC        
 READ IN fields at DATE: 2011-01-01 18:00:00 UTC        
 READ IN fields at DATE: 2011-01-02 00:00:00 UTC        
 READ IN fields at DATE: 2011-01-02 06:00:00 UTC        
 READ IN fields at DATE: 2011-01-02 12:00:00 UTC        
 READ IN fields at DATE: 2011-01-02 18:00:00 UTC        
 READ IN fields at DATE: 2011-01-03 00:00:00 UTC        
 READ IN fields at DATE: 2011-01-03 06:00:00 UTC        
 READ IN fields at DATE: 2011-01-03 12:00:00 UTC        
 READ IN fields at DATE: 2011-01-03 18:00:00 UTC        
 READ IN fields at DATE: 2011-01-04 00:00:00 UTC        
 READ IN fields at DATE: 2011-01-04 06:00:00 UTC        
 READ IN fields at DATE: 2011-01-04 12:00:00 UTC        
 READ IN fields at DATE: 2011-01-04 18:00:00 UTC        
 READ IN fields at DATE: 2011-01-05 00:00:00 UTC        
 READ IN fields at DATE: 2011-01-05 06:00:00 UTC        
 READ IN fields at DATE: 2011-01-05 12:00:00 UTC        
 READ IN fields at DATE: 2011-01-05 18:00:00 UTC        
 READ IN fields at DATE: 2011-01-06 00:00:00 UTC        
 READ IN fields at DATE: 2011-01-06 06:00:00 UTC        
 READ IN fields at DATE: 2011-01-06 12:00:00 UTC        
 READ IN fields at DATE: 2011-01-06 18:00:00 UTC        
 READ IN fields at DATE: 2011-01-07 00:00:00 UTC        
 READ IN fields at DATE: 2011-01-07 06:00:00 UTC        
 READ IN fields at DATE: 2011-01-07 12:00:00 UTC        
 READ IN fields at DATE: 2011-01-07 18:00:00 UTC        
 READ IN fields at DATE: 2011-01-08 00:00:00 UTC        
 READ IN fields at DATE: 2011-01-08 06:00:00 UTC        
 READ IN fields at DATE: 2011-01-08 12:00:00 UTC        
 READ IN fields at DATE: 2011-01-08 18:00:00 UTC        
 READ IN fields at DATE: 2011-01-09 00:00:00 UTC        
 READ IN fields at DATE: 2011-01-09 06:00:00 UTC        
 READ IN fields at DATE: 2011-01-09 12:00:00 UTC        
 READ IN fields at DATE: 2011-01-09 18:00:00 UTC        
 READ IN fields at DATE: 2011-01-10 00:00:00 UTC        
 READ IN fields at DATE: 2011-01-10 06:00:00 UTC        
 READ IN fields at DATE: 2011-01-10 12:00:00 UTC        
 READ IN fields at DATE: 2011-01-10 18:00:00 UTC        
 READ IN fields at DATE: 2011-01-11 00:00:00 UTC        
 READ IN fields at DATE: 2011-01-11 06:00:00 UTC        
 READ IN fields at DATE: 2011-01-11 12:00:00 UTC        
 READ IN fields at DATE: 2011-01-11 18:00:00 UTC        
 READ IN fields at DATE: 2011-01-12 00:00:00 UTC        
 READ IN fields at DATE: 2011-01-12 06:00:00 UTC        
 READ IN fields at DATE: 2011-01-12 12:00:00 UTC        
 READ IN fields at DATE: 2011-01-12 18:00:00 UTC        
 READ IN fields at DATE: 2011-01-13 00:00:00 UTC        
 READ IN fields at DATE: 2011-01-13 06:00:00 UTC        
 READ IN fields at DATE: 2011-01-13 12:00:00 UTC        
 READ IN fields at DATE: 2011-01-13 18:00:00 UTC        
 READ IN fields at DATE: 2011-01-14 00:00:00 UTC        
 READ IN fields at DATE: 2011-01-14 06:00:00 UTC        
 READ IN fields at DATE: 2011-01-14 12:00:00 UTC        
 READ IN fields at DATE: 2011-01-14 18:00:00 UTC        
 READ IN fields at DATE: 2011-01-15 00:00:00 UTC        
 READ IN fields at DATE: 2011-01-15 06:00:00 UTC        
 READ IN fields at DATE: 2011-01-15 12:00:00 UTC        
 READ IN fields at DATE: 2011-01-15 18:00:00 UTC        
 READ IN fields at DATE: 2011-01-16 00:00:00 UTC        
 READ IN fields at DATE: 2011-01-16 06:00:00 UTC        
 READ IN fields at DATE: 2011-01-16 12:00:00 UTC        
 READ IN fields at DATE: 2011-01-16 18:00:00 UTC        
 READ IN fields at DATE: 2011-01-17 00:00:00 UTC        
 READ IN fields at DATE: 2011-01-17 06:00:00 UTC        
 READ IN fields at DATE: 2011-01-17 12:00:00 UTC        
 READ IN fields at DATE: 2011-01-17 18:00:00 UTC        
 READ IN fields at DATE: 2011-01-18 00:00:00 UTC        
 READ IN fields at DATE: 2011-01-18 06:00:00 UTC        
 READ IN fields at DATE: 2011-01-18 12:00:00 UTC        
 READ IN fields at DATE: 2011-01-18 18:00:00 UTC        
 READ IN fields at DATE: 2011-01-19 00:00:00 UTC        
 READ IN fields at DATE: 2011-01-19 06:00:00 UTC        
 READ IN fields at DATE: 2011-01-19 12:00:00 UTC        
 READ IN fields at DATE: 2011-01-19 18:00:00 UTC        
 READ IN fields at DATE: 2011-01-20 00:00:00 UTC        
 READ IN fields at DATE: 2011-01-20 06:00:00 UTC        
 READ IN fields at DATE: 2011-01-20 12:00:00 UTC        
 READ IN fields at DATE: 2011-01-20 18:00:00 UTC        
 READ IN fields at DATE: 2011-01-21 00:00:00 UTC        
 READ IN fields at DATE: 2011-01-21 06:00:00 UTC        
 READ IN fields at DATE: 2011-01-21 12:00:00 UTC        
 READ IN fields at DATE: 2011-01-21 18:00:00 UTC        
 READ IN fields at DATE: 2011-01-22 00:00:00 UTC        
 READ IN fields at DATE: 2011-01-22 06:00:00 UTC        
 READ IN fields at DATE: 2011-01-22 12:00:00 UTC        
 READ IN fields at DATE: 2011-01-22 18:00:00 UTC        
 READ IN fields at DATE: 2011-01-23 00:00:00 UTC        
 READ IN fields at DATE: 2011-01-23 06:00:00 UTC        
 READ IN fields at DATE: 2011-01-23 12:00:00 UTC        
 READ IN fields at DATE: 2011-01-23 18:00:00 UTC        
 READ IN fields at DATE: 2011-01-24 00:00:00 UTC        
 READ IN fields at DATE: 2011-01-24 06:00:00 UTC        
 READ IN fields at DATE: 2011-01-24 12:00:00 UTC        
 READ IN fields at DATE: 2011-01-24 18:00:00 UTC        
 READ IN fields at DATE: 2011-01-25 00:00:00 UTC        
 READ IN fields at DATE: 2011-01-25 06:00:00 UTC        
 READ IN fields at DATE: 2011-01-25 12:00:00 UTC        
 READ IN fields at DATE: 2011-01-25 18:00:00 UTC        
 READ IN fields at DATE: 2011-01-26 00:00:00 UTC        
 READ IN fields at DATE: 2011-01-26 06:00:00 UTC        
 READ IN fields at DATE: 2011-01-26 12:00:00 UTC        
 READ IN fields at DATE: 2011-01-26 18:00:00 UTC        
 READ IN fields at DATE: 2011-01-27 00:00:00 UTC        
 READ IN fields at DATE: 2011-01-27 06:00:00 UTC        
 READ IN fields at DATE: 2011-01-27 12:00:00 UTC        
 READ IN fields at DATE: 2011-01-27 18:00:00 UTC        
 READ IN fields at DATE: 2011-01-28 00:00:00 UTC        
 READ IN fields at DATE: 2011-01-28 06:00:00 UTC        
 READ IN fields at DATE: 2011-01-28 12:00:00 UTC        
 READ IN fields at DATE: 2011-01-28 18:00:00 UTC        
 READ IN fields at DATE: 2011-01-29 00:00:00 UTC        
 READ IN fields at DATE: 2011-01-29 06:00:00 UTC        
 READ IN fields at DATE: 2011-01-29 12:00:00 UTC        
 READ IN fields at DATE: 2011-01-29 18:00:00 UTC        
 READ IN fields at DATE: 2011-01-30 00:00:00 UTC        
 READ IN fields at DATE: 2011-01-30 06:00:00 UTC        
 READ IN fields at DATE: 2011-01-30 12:00:00 UTC        
 READ IN fields at DATE: 2011-01-30 18:00:00 UTC        
 READ IN fields at DATE: 2011-01-31 00:00:00 UTC        
 READ IN fields at DATE: 2011-01-31 06:00:00 UTC        
 READ IN fields at DATE: 2011-01-31 12:00:00 UTC        
 READ IN fields at DATE: 2011-01-31 18:00:00 UTC        
      131072 /leonardo_work/ICT26_ESP/RCMDATA//ERA5/2011/tatm_2011_02.nc
  2.065427619869236E-003   249.149083252987     
      196608 /leonardo_work/ICT26_ESP/RCMDATA//ERA5/2011/geop_2011_02.nc
   7.53135079606839        241106.478465227     
      262144 /leonardo_work/ICT26_ESP/RCMDATA//ERA5/2011/qhum_2011_02.nc
  3.599794892853266E-007  1.177356604165005E-002
      327680 /leonardo_work/ICT26_ESP/RCMDATA//ERA5/2011/uwnd_2011_02.nc
  5.188319614423148E-003   8.53447706822013     
      393216 /leonardo_work/ICT26_ESP/RCMDATA//ERA5/2011/vwnd_2011_02.nc
  4.630038119511353E-003  -7.14704463331757     
 READ IN fields at DATE: 2011-02-01 00:00:00 UTC        
 READ IN fields at DATE: 2011-02-01 06:00:00 UTC        
 READ IN fields at DATE: 2011-02-01 12:00:00 UTC        
 READ IN fields at DATE: 2011-02-01 18:00:00 UTC        
 READ IN fields at DATE: 2011-02-02 00:00:00 UTC        
 READ IN fields at DATE: 2011-02-02 06:00:00 UTC        
 READ IN fields at DATE: 2011-02-02 12:00:00 UTC        
 READ IN fields at DATE: 2011-02-02 18:00:00 UTC        
 READ IN fields at DATE: 2011-02-03 00:00:00 UTC        
 READ IN fields at DATE: 2011-02-03 06:00:00 UTC        
 READ IN fields at DATE: 2011-02-03 12:00:00 UTC        
 READ IN fields at DATE: 2011-02-03 18:00:00 UTC        
 READ IN fields at DATE: 2011-02-04 00:00:00 UTC        
 READ IN fields at DATE: 2011-02-04 06:00:00 UTC        
 READ IN fields at DATE: 2011-02-04 12:00:00 UTC        
 READ IN fields at DATE: 2011-02-04 18:00:00 UTC        
 READ IN fields at DATE: 2011-02-05 00:00:00 UTC        
 READ IN fields at DATE: 2011-02-05 06:00:00 UTC        
 READ IN fields at DATE: 2011-02-05 12:00:00 UTC        
 READ IN fields at DATE: 2011-02-05 18:00:00 UTC        
 READ IN fields at DATE: 2011-02-06 00:00:00 UTC        
 READ IN fields at DATE: 2011-02-06 06:00:00 UTC        
 READ IN fields at DATE: 2011-02-06 12:00:00 UTC        
 READ IN fields at DATE: 2011-02-06 18:00:00 UTC        
 READ IN fields at DATE: 2011-02-07 00:00:00 UTC        
 READ IN fields at DATE: 2011-02-07 06:00:00 UTC        
 READ IN fields at DATE: 2011-02-07 12:00:00 UTC        
 READ IN fields at DATE: 2011-02-07 18:00:00 UTC        
 READ IN fields at DATE: 2011-02-08 00:00:00 UTC        
 READ IN fields at DATE: 2011-02-08 06:00:00 UTC        
 READ IN fields at DATE: 2011-02-08 12:00:00 UTC        
 READ IN fields at DATE: 2011-02-08 18:00:00 UTC        
 READ IN fields at DATE: 2011-02-09 00:00:00 UTC        
 READ IN fields at DATE: 2011-02-09 06:00:00 UTC        
 READ IN fields at DATE: 2011-02-09 12:00:00 UTC        
 READ IN fields at DATE: 2011-02-09 18:00:00 UTC        
 READ IN fields at DATE: 2011-02-10 00:00:00 UTC        
 READ IN fields at DATE: 2011-02-10 06:00:00 UTC        
 READ IN fields at DATE: 2011-02-10 12:00:00 UTC        
 READ IN fields at DATE: 2011-02-10 18:00:00 UTC        
 READ IN fields at DATE: 2011-02-11 00:00:00 UTC        
 READ IN fields at DATE: 2011-02-11 06:00:00 UTC        
 READ IN fields at DATE: 2011-02-11 12:00:00 UTC        
 READ IN fields at DATE: 2011-02-11 18:00:00 UTC        
 READ IN fields at DATE: 2011-02-12 00:00:00 UTC        
 READ IN fields at DATE: 2011-02-12 06:00:00 UTC        
 READ IN fields at DATE: 2011-02-12 12:00:00 UTC        
 READ IN fields at DATE: 2011-02-12 18:00:00 UTC        
 READ IN fields at DATE: 2011-02-13 00:00:00 UTC        
 READ IN fields at DATE: 2011-02-13 06:00:00 UTC        
 READ IN fields at DATE: 2011-02-13 12:00:00 UTC        
 READ IN fields at DATE: 2011-02-13 18:00:00 UTC        
 READ IN fields at DATE: 2011-02-14 00:00:00 UTC        
 READ IN fields at DATE: 2011-02-14 06:00:00 UTC        
 READ IN fields at DATE: 2011-02-14 12:00:00 UTC        
 READ IN fields at DATE: 2011-02-14 18:00:00 UTC        
 READ IN fields at DATE: 2011-02-15 00:00:00 UTC        
 READ IN fields at DATE: 2011-02-15 06:00:00 UTC        
 READ IN fields at DATE: 2011-02-15 12:00:00 UTC        
 READ IN fields at DATE: 2011-02-15 18:00:00 UTC        
 READ IN fields at DATE: 2011-02-16 00:00:00 UTC        
 READ IN fields at DATE: 2011-02-16 06:00:00 UTC        
 READ IN fields at DATE: 2011-02-16 12:00:00 UTC        
 READ IN fields at DATE: 2011-02-16 18:00:00 UTC        
 READ IN fields at DATE: 2011-02-17 00:00:00 UTC        
 READ IN fields at DATE: 2011-02-17 06:00:00 UTC        
 READ IN fields at DATE: 2011-02-17 12:00:00 UTC        
 READ IN fields at DATE: 2011-02-17 18:00:00 UTC        
 READ IN fields at DATE: 2011-02-18 00:00:00 UTC        
 READ IN fields at DATE: 2011-02-18 06:00:00 UTC        
 READ IN fields at DATE: 2011-02-18 12:00:00 UTC        
 READ IN fields at DATE: 2011-02-18 18:00:00 UTC        
 READ IN fields at DATE: 2011-02-19 00:00:00 UTC        
 READ IN fields at DATE: 2011-02-19 06:00:00 UTC        
 READ IN fields at DATE: 2011-02-19 12:00:00 UTC        
 READ IN fields at DATE: 2011-02-19 18:00:00 UTC        
 READ IN fields at DATE: 2011-02-20 00:00:00 UTC        
 READ IN fields at DATE: 2011-02-20 06:00:00 UTC        
 READ IN fields at DATE: 2011-02-20 12:00:00 UTC        
 READ IN fields at DATE: 2011-02-20 18:00:00 UTC        
 READ IN fields at DATE: 2011-02-21 00:00:00 UTC        
 READ IN fields at DATE: 2011-02-21 06:00:00 UTC        
 READ IN fields at DATE: 2011-02-21 12:00:00 UTC        
 READ IN fields at DATE: 2011-02-21 18:00:00 UTC        
 READ IN fields at DATE: 2011-02-22 00:00:00 UTC        
 READ IN fields at DATE: 2011-02-22 06:00:00 UTC        
 READ IN fields at DATE: 2011-02-22 12:00:00 UTC        
 READ IN fields at DATE: 2011-02-22 18:00:00 UTC        
 READ IN fields at DATE: 2011-02-23 00:00:00 UTC        
 READ IN fields at DATE: 2011-02-23 06:00:00 UTC        
 READ IN fields at DATE: 2011-02-23 12:00:00 UTC        
 READ IN fields at DATE: 2011-02-23 18:00:00 UTC        
 READ IN fields at DATE: 2011-02-24 00:00:00 UTC        
 READ IN fields at DATE: 2011-02-24 06:00:00 UTC        
 READ IN fields at DATE: 2011-02-24 12:00:00 UTC        
 READ IN fields at DATE: 2011-02-24 18:00:00 UTC        
 READ IN fields at DATE: 2011-02-25 00:00:00 UTC        
 READ IN fields at DATE: 2011-02-25 06:00:00 UTC        
 READ IN fields at DATE: 2011-02-25 12:00:00 UTC        
 READ IN fields at DATE: 2011-02-25 18:00:00 UTC        
 READ IN fields at DATE: 2011-02-26 00:00:00 UTC        
 READ IN fields at DATE: 2011-02-26 06:00:00 UTC        
 READ IN fields at DATE: 2011-02-26 12:00:00 UTC        
 READ IN fields at DATE: 2011-02-26 18:00:00 UTC        
 READ IN fields at DATE: 2011-02-27 00:00:00 UTC        
 READ IN fields at DATE: 2011-02-27 06:00:00 UTC        
 READ IN fields at DATE: 2011-02-27 12:00:00 UTC        
 READ IN fields at DATE: 2011-02-27 18:00:00 UTC        
 READ IN fields at DATE: 2011-02-28 00:00:00 UTC        
 READ IN fields at DATE: 2011-02-28 06:00:00 UTC        
 READ IN fields at DATE: 2011-02-28 12:00:00 UTC        
 READ IN fields at DATE: 2011-02-28 18:00:00 UTC        
      131072 /leonardo_work/ICT26_ESP/RCMDATA//ERA5/2011/tatm_2011_03.nc
  2.055896494001591E-003   249.248163335933     
      196608 /leonardo_work/ICT26_ESP/RCMDATA//ERA5/2011/geop_2011_03.nc
   7.33500857869318        235236.711401961     
      262144 /leonardo_work/ICT26_ESP/RCMDATA//ERA5/2011/qhum_2011_03.nc
  4.483198825340682E-007  1.466271386519847E-002
      327680 /leonardo_work/ICT26_ESP/RCMDATA//ERA5/2011/uwnd_2011_03.nc
  3.085871624538758E-003   30.7833310265901     
      393216 /leonardo_work/ICT26_ESP/RCMDATA//ERA5/2011/vwnd_2011_03.nc
  3.141302989166718E-003   6.27566628698198     
 READ IN fields at DATE: 2011-03-01 00:00:00 UTC        
 READ IN fields at DATE: 2011-03-01 06:00:00 UTC        
 READ IN fields at DATE: 2011-03-01 12:00:00 UTC        
 READ IN fields at DATE: 2011-03-01 18:00:00 UTC        
 READ IN fields at DATE: 2011-03-02 00:00:00 UTC        
 READ IN fields at DATE: 2011-03-02 06:00:00 UTC        
 READ IN fields at DATE: 2011-03-02 12:00:00 UTC        
 READ IN fields at DATE: 2011-03-02 18:00:00 UTC        
 READ IN fields at DATE: 2011-03-03 00:00:00 UTC        
 READ IN fields at DATE: 2011-03-03 06:00:00 UTC        
 READ IN fields at DATE: 2011-03-03 12:00:00 UTC        
 READ IN fields at DATE: 2011-03-03 18:00:00 UTC        
 READ IN fields at DATE: 2011-03-04 00:00:00 UTC        
 READ IN fields at DATE: 2011-03-04 06:00:00 UTC        
 READ IN fields at DATE: 2011-03-04 12:00:00 UTC        
 READ IN fields at DATE: 2011-03-04 18:00:00 UTC        
 READ IN fields at DATE: 2011-03-05 00:00:00 UTC        
 READ IN fields at DATE: 2011-03-05 06:00:00 UTC        
 READ IN fields at DATE: 2011-03-05 12:00:00 UTC        
 READ IN fields at DATE: 2011-03-05 18:00:00 UTC        
 READ IN fields at DATE: 2011-03-06 00:00:00 UTC        
 READ IN fields at DATE: 2011-03-06 06:00:00 UTC        
 READ IN fields at DATE: 2011-03-06 12:00:00 UTC        
 READ IN fields at DATE: 2011-03-06 18:00:00 UTC        
 READ IN fields at DATE: 2011-03-07 00:00:00 UTC        
 READ IN fields at DATE: 2011-03-07 06:00:00 UTC        
 READ IN fields at DATE: 2011-03-07 12:00:00 UTC        
 READ IN fields at DATE: 2011-03-07 18:00:00 UTC        
 READ IN fields at DATE: 2011-03-08 00:00:00 UTC        
 READ IN fields at DATE: 2011-03-08 06:00:00 UTC        
 READ IN fields at DATE: 2011-03-08 12:00:00 UTC        
 READ IN fields at DATE: 2011-03-08 18:00:00 UTC        
 READ IN fields at DATE: 2011-03-09 00:00:00 UTC        
 READ IN fields at DATE: 2011-03-09 06:00:00 UTC        
 READ IN fields at DATE: 2011-03-09 12:00:00 UTC        
 READ IN fields at DATE: 2011-03-09 18:00:00 UTC        
 READ IN fields at DATE: 2011-03-10 00:00:00 UTC        
 READ IN fields at DATE: 2011-03-10 06:00:00 UTC        
 READ IN fields at DATE: 2011-03-10 12:00:00 UTC        
 READ IN fields at DATE: 2011-03-10 18:00:00 UTC        
 READ IN fields at DATE: 2011-03-11 00:00:00 UTC        
 READ IN fields at DATE: 2011-03-11 06:00:00 UTC        
 READ IN fields at DATE: 2011-03-11 12:00:00 UTC        
 READ IN fields at DATE: 2011-03-11 18:00:00 UTC        
 READ IN fields at DATE: 2011-03-12 00:00:00 UTC        
 READ IN fields at DATE: 2011-03-12 06:00:00 UTC        
 READ IN fields at DATE: 2011-03-12 12:00:00 UTC        
 READ IN fields at DATE: 2011-03-12 18:00:00 UTC        
 READ IN fields at DATE: 2011-03-13 00:00:00 UTC        
 READ IN fields at DATE: 2011-03-13 06:00:00 UTC        
 READ IN fields at DATE: 2011-03-13 12:00:00 UTC        
 READ IN fields at DATE: 2011-03-13 18:00:00 UTC        
 READ IN fields at DATE: 2011-03-14 00:00:00 UTC        
 READ IN fields at DATE: 2011-03-14 06:00:00 UTC        
 READ IN fields at DATE: 2011-03-14 12:00:00 UTC        
 READ IN fields at DATE: 2011-03-14 18:00:00 UTC        
 READ IN fields at DATE: 2011-03-15 00:00:00 UTC        
 READ IN fields at DATE: 2011-03-15 06:00:00 UTC        
 READ IN fields at DATE: 2011-03-15 12:00:00 UTC        
 READ IN fields at DATE: 2011-03-15 18:00:00 UTC        
 READ IN fields at DATE: 2011-03-16 00:00:00 UTC        
 READ IN fields at DATE: 2011-03-16 06:00:00 UTC        
 READ IN fields at DATE: 2011-03-16 12:00:00 UTC        
 READ IN fields at DATE: 2011-03-16 18:00:00 UTC        
 READ IN fields at DATE: 2011-03-17 00:00:00 UTC        
 READ IN fields at DATE: 2011-03-17 06:00:00 UTC        
 READ IN fields at DATE: 2011-03-17 12:00:00 UTC        
 READ IN fields at DATE: 2011-03-17 18:00:00 UTC        
 READ IN fields at DATE: 2011-03-18 00:00:00 UTC        
 READ IN fields at DATE: 2011-03-18 06:00:00 UTC        
 READ IN fields at DATE: 2011-03-18 12:00:00 UTC        
 READ IN fields at DATE: 2011-03-18 18:00:00 UTC        
 READ IN fields at DATE: 2011-03-19 00:00:00 UTC        
 READ IN fields at DATE: 2011-03-19 06:00:00 UTC        
 READ IN fields at DATE: 2011-03-19 12:00:00 UTC        
 READ IN fields at DATE: 2011-03-19 18:00:00 UTC        
 READ IN fields at DATE: 2011-03-20 00:00:00 UTC        
 READ IN fields at DATE: 2011-03-20 06:00:00 UTC        
 READ IN fields at DATE: 2011-03-20 12:00:00 UTC        
 READ IN fields at DATE: 2011-03-20 18:00:00 UTC        
 READ IN fields at DATE: 2011-03-21 00:00:00 UTC        
 READ IN fields at DATE: 2011-03-21 06:00:00 UTC        
 READ IN fields at DATE: 2011-03-21 12:00:00 UTC        
 READ IN fields at DATE: 2011-03-21 18:00:00 UTC        
 READ IN fields at DATE: 2011-03-22 00:00:00 UTC        
 READ IN fields at DATE: 2011-03-22 06:00:00 UTC        
 READ IN fields at DATE: 2011-03-22 12:00:00 UTC        
 READ IN fields at DATE: 2011-03-22 18:00:00 UTC        
 READ IN fields at DATE: 2011-03-23 00:00:00 UTC        
 READ IN fields at DATE: 2011-03-23 06:00:00 UTC        
 READ IN fields at DATE: 2011-03-23 12:00:00 UTC        
 READ IN fields at DATE: 2011-03-23 18:00:00 UTC        
 READ IN fields at DATE: 2011-03-24 00:00:00 UTC        
 READ IN fields at DATE: 2011-03-24 06:00:00 UTC        
 READ IN fields at DATE: 2011-03-24 12:00:00 UTC        
 READ IN fields at DATE: 2011-03-24 18:00:00 UTC        
 READ IN fields at DATE: 2011-03-25 00:00:00 UTC        
 READ IN fields at DATE: 2011-03-25 06:00:00 UTC        
 READ IN fields at DATE: 2011-03-25 12:00:00 UTC        
 READ IN fields at DATE: 2011-03-25 18:00:00 UTC        
 READ IN fields at DATE: 2011-03-26 00:00:00 UTC        
 READ IN fields at DATE: 2011-03-26 06:00:00 UTC        
 READ IN fields at DATE: 2011-03-26 12:00:00 UTC        
 READ IN fields at DATE: 2011-03-26 18:00:00 UTC        
 READ IN fields at DATE: 2011-03-27 00:00:00 UTC        
 READ IN fields at DATE: 2011-03-27 06:00:00 UTC        
 READ IN fields at DATE: 2011-03-27 12:00:00 UTC        
 READ IN fields at DATE: 2011-03-27 18:00:00 UTC        
 READ IN fields at DATE: 2011-03-28 00:00:00 UTC        
 READ IN fields at DATE: 2011-03-28 06:00:00 UTC        
 READ IN fields at DATE: 2011-03-28 12:00:00 UTC        
 READ IN fields at DATE: 2011-03-28 18:00:00 UTC        
 READ IN fields at DATE: 2011-03-29 00:00:00 UTC        
 READ IN fields at DATE: 2011-03-29 06:00:00 UTC        
 READ IN fields at DATE: 2011-03-29 12:00:00 UTC        
 READ IN fields at DATE: 2011-03-29 18:00:00 UTC        
 READ IN fields at DATE: 2011-03-30 00:00:00 UTC        
 READ IN fields at DATE: 2011-03-30 06:00:00 UTC        
 READ IN fields at DATE: 2011-03-30 12:00:00 UTC        
 READ IN fields at DATE: 2011-03-30 18:00:00 UTC        
 READ IN fields at DATE: 2011-03-31 00:00:00 UTC        
 READ IN fields at DATE: 2011-03-31 06:00:00 UTC        
 READ IN fields at DATE: 2011-03-31 12:00:00 UTC        
 READ IN fields at DATE: 2011-03-31 18:00:00 UTC        
      131072 /leonardo_work/ICT26_ESP/RCMDATA//ERA5/2011/tatm_2011_04.nc
  2.082337952288828E-003   250.106487517547     
      196608 /leonardo_work/ICT26_ESP/RCMDATA//ERA5/2011/geop_2011_04.nc
   7.36639835798376        235996.412503946     
      262144 /leonardo_work/ICT26_ESP/RCMDATA//ERA5/2011/qhum_2011_04.nc
  3.642663985923081E-007  1.182208660014073E-002
      327680 /leonardo_work/ICT26_ESP/RCMDATA//ERA5/2011/uwnd_2011_04.nc
  2.886582055390986E-003   10.0882020947145     
      393216 /leonardo_work/ICT26_ESP/RCMDATA//ERA5/2011/vwnd_2011_04.nc
  2.685606482373384E-003   1.22926327586038     
 READ IN fields at DATE: 2011-04-01 00:00:00 UTC        
 READ IN fields at DATE: 2011-04-01 06:00:00 UTC        
 READ IN fields at DATE: 2011-04-01 12:00:00 UTC        
 READ IN fields at DATE: 2011-04-01 18:00:00 UTC        
 READ IN fields at DATE: 2011-04-02 00:00:00 UTC        
 READ IN fields at DATE: 2011-04-02 06:00:00 UTC        
 READ IN fields at DATE: 2011-04-02 12:00:00 UTC        
 READ IN fields at DATE: 2011-04-02 18:00:00 UTC        
 READ IN fields at DATE: 2011-04-03 00:00:00 UTC        
 READ IN fields at DATE: 2011-04-03 06:00:00 UTC        
 READ IN fields at DATE: 2011-04-03 12:00:00 UTC        
 READ IN fields at DATE: 2011-04-03 18:00:00 UTC        
 READ IN fields at DATE: 2011-04-04 00:00:00 UTC        
 READ IN fields at DATE: 2011-04-04 06:00:00 UTC        
 READ IN fields at DATE: 2011-04-04 12:00:00 UTC        
 READ IN fields at DATE: 2011-04-04 18:00:00 UTC        
 READ IN fields at DATE: 2011-04-05 00:00:00 UTC        
 READ IN fields at DATE: 2011-04-05 06:00:00 UTC        
 READ IN fields at DATE: 2011-04-05 12:00:00 UTC        
 READ IN fields at DATE: 2011-04-05 18:00:00 UTC        
 READ IN fields at DATE: 2011-04-06 00:00:00 UTC        
 READ IN fields at DATE: 2011-04-06 06:00:00 UTC        
 READ IN fields at DATE: 2011-04-06 12:00:00 UTC        
 READ IN fields at DATE: 2011-04-06 18:00:00 UTC        
 READ IN fields at DATE: 2011-04-07 00:00:00 UTC        
 READ IN fields at DATE: 2011-04-07 06:00:00 UTC        
 READ IN fields at DATE: 2011-04-07 12:00:00 UTC        
 READ IN fields at DATE: 2011-04-07 18:00:00 UTC        
 READ IN fields at DATE: 2011-04-08 00:00:00 UTC        
 READ IN fields at DATE: 2011-04-08 06:00:00 UTC        
 READ IN fields at DATE: 2011-04-08 12:00:00 UTC        
 READ IN fields at DATE: 2011-04-08 18:00:00 UTC        
 READ IN fields at DATE: 2011-04-09 00:00:00 UTC        
 READ IN fields at DATE: 2011-04-09 06:00:00 UTC        
 READ IN fields at DATE: 2011-04-09 12:00:00 UTC        
 READ IN fields at DATE: 2011-04-09 18:00:00 UTC        
 READ IN fields at DATE: 2011-04-10 00:00:00 UTC        
 READ IN fields at DATE: 2011-04-10 06:00:00 UTC        
 READ IN fields at DATE: 2011-04-10 12:00:00 UTC        
 READ IN fields at DATE: 2011-04-10 18:00:00 UTC        
 READ IN fields at DATE: 2011-04-11 00:00:00 UTC        
 READ IN fields at DATE: 2011-04-11 06:00:00 UTC        
 READ IN fields at DATE: 2011-04-11 12:00:00 UTC        
 READ IN fields at DATE: 2011-04-11 18:00:00 UTC        
 READ IN fields at DATE: 2011-04-12 00:00:00 UTC        
 READ IN fields at DATE: 2011-04-12 06:00:00 UTC        
 READ IN fields at DATE: 2011-04-12 12:00:00 UTC        
 READ IN fields at DATE: 2011-04-12 18:00:00 UTC        
 READ IN fields at DATE: 2011-04-13 00:00:00 UTC        
 READ IN fields at DATE: 2011-04-13 06:00:00 UTC        
 READ IN fields at DATE: 2011-04-13 12:00:00 UTC        
 READ IN fields at DATE: 2011-04-13 18:00:00 UTC        
 READ IN fields at DATE: 2011-04-14 00:00:00 UTC        
 READ IN fields at DATE: 2011-04-14 06:00:00 UTC        
 READ IN fields at DATE: 2011-04-14 12:00:00 UTC        
 READ IN fields at DATE: 2011-04-14 18:00:00 UTC        
 READ IN fields at DATE: 2011-04-15 00:00:00 UTC        
 READ IN fields at DATE: 2011-04-15 06:00:00 UTC        
 READ IN fields at DATE: 2011-04-15 12:00:00 UTC        
 READ IN fields at DATE: 2011-04-15 18:00:00 UTC        
 READ IN fields at DATE: 2011-04-16 00:00:00 UTC        
 READ IN fields at DATE: 2011-04-16 06:00:00 UTC        
 READ IN fields at DATE: 2011-04-16 12:00:00 UTC        
 READ IN fields at DATE: 2011-04-16 18:00:00 UTC        
 READ IN fields at DATE: 2011-04-17 00:00:00 UTC        
 READ IN fields at DATE: 2011-04-17 06:00:00 UTC        
 READ IN fields at DATE: 2011-04-17 12:00:00 UTC        
 READ IN fields at DATE: 2011-04-17 18:00:00 UTC        
 READ IN fields at DATE: 2011-04-18 00:00:00 UTC        
 READ IN fields at DATE: 2011-04-18 06:00:00 UTC        
 READ IN fields at DATE: 2011-04-18 12:00:00 UTC        
 READ IN fields at DATE: 2011-04-18 18:00:00 UTC        
 READ IN fields at DATE: 2011-04-19 00:00:00 UTC        
 READ IN fields at DATE: 2011-04-19 06:00:00 UTC        
 READ IN fields at DATE: 2011-04-19 12:00:00 UTC        
 READ IN fields at DATE: 2011-04-19 18:00:00 UTC        
 READ IN fields at DATE: 2011-04-20 00:00:00 UTC        
 READ IN fields at DATE: 2011-04-20 06:00:00 UTC        
 READ IN fields at DATE: 2011-04-20 12:00:00 UTC        
 READ IN fields at DATE: 2011-04-20 18:00:00 UTC        
 READ IN fields at DATE: 2011-04-21 00:00:00 UTC        
 READ IN fields at DATE: 2011-04-21 06:00:00 UTC        
 READ IN fields at DATE: 2011-04-21 12:00:00 UTC        
 READ IN fields at DATE: 2011-04-21 18:00:00 UTC        
 READ IN fields at DATE: 2011-04-22 00:00:00 UTC        
 READ IN fields at DATE: 2011-04-22 06:00:00 UTC        
 READ IN fields at DATE: 2011-04-22 12:00:00 UTC        
 READ IN fields at DATE: 2011-04-22 18:00:00 UTC        
 READ IN fields at DATE: 2011-04-23 00:00:00 UTC        
 READ IN fields at DATE: 2011-04-23 06:00:00 UTC        
 READ IN fields at DATE: 2011-04-23 12:00:00 UTC        
 READ IN fields at DATE: 2011-04-23 18:00:00 UTC        
 READ IN fields at DATE: 2011-04-24 00:00:00 UTC        
 READ IN fields at DATE: 2011-04-24 06:00:00 UTC        
 READ IN fields at DATE: 2011-04-24 12:00:00 UTC        
 READ IN fields at DATE: 2011-04-24 18:00:00 UTC        
 READ IN fields at DATE: 2011-04-25 00:00:00 UTC        
 READ IN fields at DATE: 2011-04-25 06:00:00 UTC        
 READ IN fields at DATE: 2011-04-25 12:00:00 UTC        
 READ IN fields at DATE: 2011-04-25 18:00:00 UTC        
 READ IN fields at DATE: 2011-04-26 00:00:00 UTC        
 READ IN fields at DATE: 2011-04-26 06:00:00 UTC        
 READ IN fields at DATE: 2011-04-26 12:00:00 UTC        
 READ IN fields at DATE: 2011-04-26 18:00:00 UTC        
 READ IN fields at DATE: 2011-04-27 00:00:00 UTC        
 READ IN fields at DATE: 2011-04-27 06:00:00 UTC        
 READ IN fields at DATE: 2011-04-27 12:00:00 UTC        
 READ IN fields at DATE: 2011-04-27 18:00:00 UTC        
 READ IN fields at DATE: 2011-04-28 00:00:00 UTC        
 READ IN fields at DATE: 2011-04-28 06:00:00 UTC        
 READ IN fields at DATE: 2011-04-28 12:00:00 UTC        
 READ IN fields at DATE: 2011-04-28 18:00:00 UTC        
 READ IN fields at DATE: 2011-04-29 00:00:00 UTC        
 READ IN fields at DATE: 2011-04-29 06:00:00 UTC        
 READ IN fields at DATE: 2011-04-29 12:00:00 UTC        
 READ IN fields at DATE: 2011-04-29 18:00:00 UTC        
 READ IN fields at DATE: 2011-04-30 00:00:00 UTC        
 READ IN fields at DATE: 2011-04-30 06:00:00 UTC        
 READ IN fields at DATE: 2011-04-30 12:00:00 UTC        
 READ IN fields at DATE: 2011-04-30 18:00:00 UTC        
      131072 /leonardo_work/ICT26_ESP/RCMDATA//ERA5/2011/tatm_2011_05.nc
  2.140934328738717E-003   252.150769742797     
      196608 /leonardo_work/ICT26_ESP/RCMDATA//ERA5/2011/geop_2011_05.nc
   7.52466702129080        240651.360713364     
      262144 /leonardo_work/ICT26_ESP/RCMDATA//ERA5/2011/qhum_2011_05.nc
  4.032119944295670E-007  1.310466110440924E-002
      327680 /leonardo_work/ICT26_ESP/RCMDATA//ERA5/2011/uwnd_2011_05.nc
  2.987341102016947E-003   42.8792512635310     
      393216 /leonardo_work/ICT26_ESP/RCMDATA//ERA5/2011/vwnd_2011_05.nc
  2.550726871310900E-003   6.18389767123231     
 READ IN fields at DATE: 2011-05-01 00:00:00 UTC        
 READ IN fields at DATE: 2011-05-01 06:00:00 UTC        
 READ IN fields at DATE: 2011-05-01 12:00:00 UTC        
 READ IN fields at DATE: 2011-05-01 18:00:00 UTC        
 READ IN fields at DATE: 2011-05-02 00:00:00 UTC        
 READ IN fields at DATE: 2011-05-02 06:00:00 UTC        
 READ IN fields at DATE: 2011-05-02 12:00:00 UTC        
 READ IN fields at DATE: 2011-05-02 18:00:00 UTC        
 READ IN fields at DATE: 2011-05-03 00:00:00 UTC        
 READ IN fields at DATE: 2011-05-03 06:00:00 UTC        
 READ IN fields at DATE: 2011-05-03 12:00:00 UTC        
 READ IN fields at DATE: 2011-05-03 18:00:00 UTC        
 READ IN fields at DATE: 2011-05-04 00:00:00 UTC        
 READ IN fields at DATE: 2011-05-04 06:00:00 UTC        
 READ IN fields at DATE: 2011-05-04 12:00:00 UTC        
 READ IN fields at DATE: 2011-05-04 18:00:00 UTC        
 READ IN fields at DATE: 2011-05-05 00:00:00 UTC        
 READ IN fields at DATE: 2011-05-05 06:00:00 UTC        
 READ IN fields at DATE: 2011-05-05 12:00:00 UTC        
 READ IN fields at DATE: 2011-05-05 18:00:00 UTC        
 READ IN fields at DATE: 2011-05-06 00:00:00 UTC        
 READ IN fields at DATE: 2011-05-06 06:00:00 UTC        
 READ IN fields at DATE: 2011-05-06 12:00:00 UTC        
 READ IN fields at DATE: 2011-05-06 18:00:00 UTC        
 READ IN fields at DATE: 2011-05-07 00:00:00 UTC        
 READ IN fields at DATE: 2011-05-07 06:00:00 UTC        
 READ IN fields at DATE: 2011-05-07 12:00:00 UTC        
 READ IN fields at DATE: 2011-05-07 18:00:00 UTC        
 READ IN fields at DATE: 2011-05-08 00:00:00 UTC        
 READ IN fields at DATE: 2011-05-08 06:00:00 UTC        
 READ IN fields at DATE: 2011-05-08 12:00:00 UTC        
 READ IN fields at DATE: 2011-05-08 18:00:00 UTC        
 READ IN fields at DATE: 2011-05-09 00:00:00 UTC        
 READ IN fields at DATE: 2011-05-09 06:00:00 UTC        
 READ IN fields at DATE: 2011-05-09 12:00:00 UTC        
 READ IN fields at DATE: 2011-05-09 18:00:00 UTC        
 READ IN fields at DATE: 2011-05-10 00:00:00 UTC        
 READ IN fields at DATE: 2011-05-10 06:00:00 UTC        
 READ IN fields at DATE: 2011-05-10 12:00:00 UTC        
 READ IN fields at DATE: 2011-05-10 18:00:00 UTC        
 READ IN fields at DATE: 2011-05-11 00:00:00 UTC        
 READ IN fields at DATE: 2011-05-11 06:00:00 UTC        
 READ IN fields at DATE: 2011-05-11 12:00:00 UTC        
 READ IN fields at DATE: 2011-05-11 18:00:00 UTC        
 READ IN fields at DATE: 2011-05-12 00:00:00 UTC        
 READ IN fields at DATE: 2011-05-12 06:00:00 UTC        
 READ IN fields at DATE: 2011-05-12 12:00:00 UTC        
 READ IN fields at DATE: 2011-05-12 18:00:00 UTC        
 READ IN fields at DATE: 2011-05-13 00:00:00 UTC        
 READ IN fields at DATE: 2011-05-13 06:00:00 UTC        
 READ IN fields at DATE: 2011-05-13 12:00:00 UTC        
 READ IN fields at DATE: 2011-05-13 18:00:00 UTC        
 READ IN fields at DATE: 2011-05-14 00:00:00 UTC        
 READ IN fields at DATE: 2011-05-14 06:00:00 UTC        
 READ IN fields at DATE: 2011-05-14 12:00:00 UTC        
 READ IN fields at DATE: 2011-05-14 18:00:00 UTC        
 READ IN fields at DATE: 2011-05-15 00:00:00 UTC        
 READ IN fields at DATE: 2011-05-15 06:00:00 UTC        
 READ IN fields at DATE: 2011-05-15 12:00:00 UTC        
 READ IN fields at DATE: 2011-05-15 18:00:00 UTC        
 READ IN fields at DATE: 2011-05-16 00:00:00 UTC        
 READ IN fields at DATE: 2011-05-16 06:00:00 UTC        
 READ IN fields at DATE: 2011-05-16 12:00:00 UTC        
 READ IN fields at DATE: 2011-05-16 18:00:00 UTC        
 READ IN fields at DATE: 2011-05-17 00:00:00 UTC        
 READ IN fields at DATE: 2011-05-17 06:00:00 UTC        
 READ IN fields at DATE: 2011-05-17 12:00:00 UTC        
 READ IN fields at DATE: 2011-05-17 18:00:00 UTC        
 READ IN fields at DATE: 2011-05-18 00:00:00 UTC        
 READ IN fields at DATE: 2011-05-18 06:00:00 UTC        
 READ IN fields at DATE: 2011-05-18 12:00:00 UTC        
 READ IN fields at DATE: 2011-05-18 18:00:00 UTC        
 READ IN fields at DATE: 2011-05-19 00:00:00 UTC        
 READ IN fields at DATE: 2011-05-19 06:00:00 UTC        
 READ IN fields at DATE: 2011-05-19 12:00:00 UTC        
 READ IN fields at DATE: 2011-05-19 18:00:00 UTC        
 READ IN fields at DATE: 2011-05-20 00:00:00 UTC        
 READ IN fields at DATE: 2011-05-20 06:00:00 UTC        
 READ IN fields at DATE: 2011-05-20 12:00:00 UTC        
 READ IN fields at DATE: 2011-05-20 18:00:00 UTC        
 READ IN fields at DATE: 2011-05-21 00:00:00 UTC        
 READ IN fields at DATE: 2011-05-21 06:00:00 UTC        
 READ IN fields at DATE: 2011-05-21 12:00:00 UTC        
 READ IN fields at DATE: 2011-05-21 18:00:00 UTC        
 READ IN fields at DATE: 2011-05-22 00:00:00 UTC        
 READ IN fields at DATE: 2011-05-22 06:00:00 UTC        
 READ IN fields at DATE: 2011-05-22 12:00:00 UTC        
 READ IN fields at DATE: 2011-05-22 18:00:00 UTC        
 READ IN fields at DATE: 2011-05-23 00:00:00 UTC        
 READ IN fields at DATE: 2011-05-23 06:00:00 UTC        
 READ IN fields at DATE: 2011-05-23 12:00:00 UTC        
 READ IN fields at DATE: 2011-05-23 18:00:00 UTC        
 READ IN fields at DATE: 2011-05-24 00:00:00 UTC        
 READ IN fields at DATE: 2011-05-24 06:00:00 UTC        
 READ IN fields at DATE: 2011-05-24 12:00:00 UTC        
 READ IN fields at DATE: 2011-05-24 18:00:00 UTC        
 READ IN fields at DATE: 2011-05-25 00:00:00 UTC        
 READ IN fields at DATE: 2011-05-25 06:00:00 UTC        
 READ IN fields at DATE: 2011-05-25 12:00:00 UTC        
 READ IN fields at DATE: 2011-05-25 18:00:00 UTC        
 READ IN fields at DATE: 2011-05-26 00:00:00 UTC        
 READ IN fields at DATE: 2011-05-26 06:00:00 UTC        
 READ IN fields at DATE: 2011-05-26 12:00:00 UTC        
 READ IN fields at DATE: 2011-05-26 18:00:00 UTC        
 READ IN fields at DATE: 2011-05-27 00:00:00 UTC        
 READ IN fields at DATE: 2011-05-27 06:00:00 UTC        
 READ IN fields at DATE: 2011-05-27 12:00:00 UTC        
 READ IN fields at DATE: 2011-05-27 18:00:00 UTC        
 READ IN fields at DATE: 2011-05-28 00:00:00 UTC        
 READ IN fields at DATE: 2011-05-28 06:00:00 UTC        
 READ IN fields at DATE: 2011-05-28 12:00:00 UTC        
 READ IN fields at DATE: 2011-05-28 18:00:00 UTC        
 READ IN fields at DATE: 2011-05-29 00:00:00 UTC        
 READ IN fields at DATE: 2011-05-29 06:00:00 UTC        
 READ IN fields at DATE: 2011-05-29 12:00:00 UTC        
 READ IN fields at DATE: 2011-05-29 18:00:00 UTC        
 READ IN fields at DATE: 2011-05-30 00:00:00 UTC        
 READ IN fields at DATE: 2011-05-30 06:00:00 UTC        
 READ IN fields at DATE: 2011-05-30 12:00:00 UTC        
 READ IN fields at DATE: 2011-05-30 18:00:00 UTC        
 READ IN fields at DATE: 2011-05-31 00:00:00 UTC        
 READ IN fields at DATE: 2011-05-31 06:00:00 UTC        
 READ IN fields at DATE: 2011-05-31 12:00:00 UTC        
 READ IN fields at DATE: 2011-05-31 18:00:00 UTC        
      131072 /leonardo_work/ICT26_ESP/RCMDATA//ERA5/2011/tatm_2011_06.nc
  2.305461389979571E-003   248.473532938250     
      196608 /leonardo_work/ICT26_ESP/RCMDATA//ERA5/2011/geop_2011_06.nc
   7.60094192763570        243586.060857161     
      262144 /leonardo_work/ICT26_ESP/RCMDATA//ERA5/2011/qhum_2011_06.nc
  7.363893289714835E-007  2.403445910311813E-002
      327680 /leonardo_work/ICT26_ESP/RCMDATA//ERA5/2011/uwnd_2011_06.nc
  3.802751575452682E-003   57.2569334630795     
      393216 /leonardo_work/ICT26_ESP/RCMDATA//ERA5/2011/vwnd_2011_06.nc
  2.637532902897562E-003 -0.113982035494418     
 READ IN fields at DATE: 2011-06-01 00:00:00 UTC        
 READ IN fields at DATE: 2011-06-01 06:00:00 UTC        
 READ IN fields at DATE: 2011-06-01 12:00:00 UTC        
 READ IN fields at DATE: 2011-06-01 18:00:00 UTC        
 READ IN fields at DATE: 2011-06-02 00:00:00 UTC        
 READ IN fields at DATE: 2011-06-02 06:00:00 UTC        
 READ IN fields at DATE: 2011-06-02 12:00:00 UTC        
 READ IN fields at DATE: 2011-06-02 18:00:00 UTC        
 READ IN fields at DATE: 2011-06-03 00:00:00 UTC        
 READ IN fields at DATE: 2011-06-03 06:00:00 UTC        
 READ IN fields at DATE: 2011-06-03 12:00:00 UTC        
 READ IN fields at DATE: 2011-06-03 18:00:00 UTC        
 READ IN fields at DATE: 2011-06-04 00:00:00 UTC        
 READ IN fields at DATE: 2011-06-04 06:00:00 UTC        
 READ IN fields at DATE: 2011-06-04 12:00:00 UTC        
 READ IN fields at DATE: 2011-06-04 18:00:00 UTC        
 READ IN fields at DATE: 2011-06-05 00:00:00 UTC        
 READ IN fields at DATE: 2011-06-05 06:00:00 UTC        
 READ IN fields at DATE: 2011-06-05 12:00:00 UTC        
 READ IN fields at DATE: 2011-06-05 18:00:00 UTC        
 READ IN fields at DATE: 2011-06-06 00:00:00 UTC        
 READ IN fields at DATE: 2011-06-06 06:00:00 UTC        
 READ IN fields at DATE: 2011-06-06 12:00:00 UTC        
 READ IN fields at DATE: 2011-06-06 18:00:00 UTC        
 READ IN fields at DATE: 2011-06-07 00:00:00 UTC        
 READ IN fields at DATE: 2011-06-07 06:00:00 UTC        
 READ IN fields at DATE: 2011-06-07 12:00:00 UTC        
 READ IN fields at DATE: 2011-06-07 18:00:00 UTC        
 READ IN fields at DATE: 2011-06-08 00:00:00 UTC        
 READ IN fields at DATE: 2011-06-08 06:00:00 UTC        
 READ IN fields at DATE: 2011-06-08 12:00:00 UTC        
 READ IN fields at DATE: 2011-06-08 18:00:00 UTC        
 READ IN fields at DATE: 2011-06-09 00:00:00 UTC        
 READ IN fields at DATE: 2011-06-09 06:00:00 UTC        
 READ IN fields at DATE: 2011-06-09 12:00:00 UTC        
 READ IN fields at DATE: 2011-06-09 18:00:00 UTC        
 READ IN fields at DATE: 2011-06-10 00:00:00 UTC        
 READ IN fields at DATE: 2011-06-10 06:00:00 UTC        
 READ IN fields at DATE: 2011-06-10 12:00:00 UTC        
 READ IN fields at DATE: 2011-06-10 18:00:00 UTC        
 READ IN fields at DATE: 2011-06-11 00:00:00 UTC        
 READ IN fields at DATE: 2011-06-11 06:00:00 UTC        
 READ IN fields at DATE: 2011-06-11 12:00:00 UTC        
 READ IN fields at DATE: 2011-06-11 18:00:00 UTC        
 READ IN fields at DATE: 2011-06-12 00:00:00 UTC        
 READ IN fields at DATE: 2011-06-12 06:00:00 UTC        
 READ IN fields at DATE: 2011-06-12 12:00:00 UTC        
 READ IN fields at DATE: 2011-06-12 18:00:00 UTC        
 READ IN fields at DATE: 2011-06-13 00:00:00 UTC        
 READ IN fields at DATE: 2011-06-13 06:00:00 UTC        
 READ IN fields at DATE: 2011-06-13 12:00:00 UTC        
 READ IN fields at DATE: 2011-06-13 18:00:00 UTC        
 READ IN fields at DATE: 2011-06-14 00:00:00 UTC        
 READ IN fields at DATE: 2011-06-14 06:00:00 UTC        
 READ IN fields at DATE: 2011-06-14 12:00:00 UTC        
 READ IN fields at DATE: 2011-06-14 18:00:00 UTC        
 READ IN fields at DATE: 2011-06-15 00:00:00 UTC        
 READ IN fields at DATE: 2011-06-15 06:00:00 UTC        
 READ IN fields at DATE: 2011-06-15 12:00:00 UTC        
 READ IN fields at DATE: 2011-06-15 18:00:00 UTC        
 READ IN fields at DATE: 2011-06-16 00:00:00 UTC        
 READ IN fields at DATE: 2011-06-16 06:00:00 UTC        
 READ IN fields at DATE: 2011-06-16 12:00:00 UTC        
 READ IN fields at DATE: 2011-06-16 18:00:00 UTC        
 READ IN fields at DATE: 2011-06-17 00:00:00 UTC        
 READ IN fields at DATE: 2011-06-17 06:00:00 UTC        
 READ IN fields at DATE: 2011-06-17 12:00:00 UTC        
 READ IN fields at DATE: 2011-06-17 18:00:00 UTC        
 READ IN fields at DATE: 2011-06-18 00:00:00 UTC        
 READ IN fields at DATE: 2011-06-18 06:00:00 UTC        
 READ IN fields at DATE: 2011-06-18 12:00:00 UTC        
 READ IN fields at DATE: 2011-06-18 18:00:00 UTC        
 READ IN fields at DATE: 2011-06-19 00:00:00 UTC        
 READ IN fields at DATE: 2011-06-19 06:00:00 UTC        
 READ IN fields at DATE: 2011-06-19 12:00:00 UTC        
 READ IN fields at DATE: 2011-06-19 18:00:00 UTC        
 READ IN fields at DATE: 2011-06-20 00:00:00 UTC        
 READ IN fields at DATE: 2011-06-20 06:00:00 UTC        
 READ IN fields at DATE: 2011-06-20 12:00:00 UTC        
 READ IN fields at DATE: 2011-06-20 18:00:00 UTC        
 READ IN fields at DATE: 2011-06-21 00:00:00 UTC        
 READ IN fields at DATE: 2011-06-21 06:00:00 UTC        
 READ IN fields at DATE: 2011-06-21 12:00:00 UTC        
 READ IN fields at DATE: 2011-06-21 18:00:00 UTC        
 READ IN fields at DATE: 2011-06-22 00:00:00 UTC        
 READ IN fields at DATE: 2011-06-22 06:00:00 UTC        
 READ IN fields at DATE: 2011-06-22 12:00:00 UTC        
 READ IN fields at DATE: 2011-06-22 18:00:00 UTC        
 READ IN fields at DATE: 2011-06-23 00:00:00 UTC        
 READ IN fields at DATE: 2011-06-23 06:00:00 UTC        
 READ IN fields at DATE: 2011-06-23 12:00:00 UTC        
 READ IN fields at DATE: 2011-06-23 18:00:00 UTC        
 READ IN fields at DATE: 2011-06-24 00:00:00 UTC        
 READ IN fields at DATE: 2011-06-24 06:00:00 UTC        
 READ IN fields at DATE: 2011-06-24 12:00:00 UTC        
 READ IN fields at DATE: 2011-06-24 18:00:00 UTC        
 READ IN fields at DATE: 2011-06-25 00:00:00 UTC        
 READ IN fields at DATE: 2011-06-25 06:00:00 UTC        
 READ IN fields at DATE: 2011-06-25 12:00:00 UTC        
 READ IN fields at DATE: 2011-06-25 18:00:00 UTC        
 READ IN fields at DATE: 2011-06-26 00:00:00 UTC        
 READ IN fields at DATE: 2011-06-26 06:00:00 UTC        
 READ IN fields at DATE: 2011-06-26 12:00:00 UTC        
 READ IN fields at DATE: 2011-06-26 18:00:00 UTC        
 READ IN fields at DATE: 2011-06-27 00:00:00 UTC        
 READ IN fields at DATE: 2011-06-27 06:00:00 UTC        
 READ IN fields at DATE: 2011-06-27 12:00:00 UTC        
 READ IN fields at DATE: 2011-06-27 18:00:00 UTC        
 READ IN fields at DATE: 2011-06-28 00:00:00 UTC        
 READ IN fields at DATE: 2011-06-28 06:00:00 UTC        
 READ IN fields at DATE: 2011-06-28 12:00:00 UTC        
 READ IN fields at DATE: 2011-06-28 18:00:00 UTC        
 READ IN fields at DATE: 2011-06-29 00:00:00 UTC        
 READ IN fields at DATE: 2011-06-29 06:00:00 UTC        
 READ IN fields at DATE: 2011-06-29 12:00:00 UTC        
 READ IN fields at DATE: 2011-06-29 18:00:00 UTC        
 READ IN fields at DATE: 2011-06-30 00:00:00 UTC        
 READ IN fields at DATE: 2011-06-30 06:00:00 UTC        
 READ IN fields at DATE: 2011-06-30 12:00:00 UTC        
 READ IN fields at DATE: 2011-06-30 18:00:00 UTC        
      131072 /leonardo_work/ICT26_ESP/RCMDATA//ERA5/2011/tatm_2011_07.nc
  2.270241116072365E-003   249.721315135790     
      196608 /leonardo_work/ICT26_ESP/RCMDATA//ERA5/2011/geop_2011_07.nc
   7.60236845129553        243809.317956399     
      262144 /leonardo_work/ICT26_ESP/RCMDATA//ERA5/2011/qhum_2011_07.nc
  4.459488286252450E-007  1.452225384813461E-002
      327680 /leonardo_work/ICT26_ESP/RCMDATA//ERA5/2011/uwnd_2011_07.nc
  4.365630987560656E-003   68.5501853485687     
      393216 /leonardo_work/ICT26_ESP/RCMDATA//ERA5/2011/vwnd_2011_07.nc
  3.223075923163234E-003   5.84470193860092     
 READ IN fields at DATE: 2011-07-01 00:00:00 UTC        
 READ IN fields at DATE: 2011-07-01 06:00:00 UTC        
 READ IN fields at DATE: 2011-07-01 12:00:00 UTC        
 READ IN fields at DATE: 2011-07-01 18:00:00 UTC        
 READ IN fields at DATE: 2011-07-02 00:00:00 UTC        
 READ IN fields at DATE: 2011-07-02 06:00:00 UTC        
 READ IN fields at DATE: 2011-07-02 12:00:00 UTC        
 READ IN fields at DATE: 2011-07-02 18:00:00 UTC        
 READ IN fields at DATE: 2011-07-03 00:00:00 UTC        
 READ IN fields at DATE: 2011-07-03 06:00:00 UTC        
 READ IN fields at DATE: 2011-07-03 12:00:00 UTC        
 READ IN fields at DATE: 2011-07-03 18:00:00 UTC        
 READ IN fields at DATE: 2011-07-04 00:00:00 UTC        
 READ IN fields at DATE: 2011-07-04 06:00:00 UTC        
 READ IN fields at DATE: 2011-07-04 12:00:00 UTC        
 READ IN fields at DATE: 2011-07-04 18:00:00 UTC        
 READ IN fields at DATE: 2011-07-05 00:00:00 UTC        
 READ IN fields at DATE: 2011-07-05 06:00:00 UTC        
 READ IN fields at DATE: 2011-07-05 12:00:00 UTC        
 READ IN fields at DATE: 2011-07-05 18:00:00 UTC        
 READ IN fields at DATE: 2011-07-06 00:00:00 UTC        
 READ IN fields at DATE: 2011-07-06 06:00:00 UTC        
 READ IN fields at DATE: 2011-07-06 12:00:00 UTC        
 READ IN fields at DATE: 2011-07-06 18:00:00 UTC        
 READ IN fields at DATE: 2011-07-07 00:00:00 UTC        
 READ IN fields at DATE: 2011-07-07 06:00:00 UTC        
 READ IN fields at DATE: 2011-07-07 12:00:00 UTC        
 READ IN fields at DATE: 2011-07-07 18:00:00 UTC        
 READ IN fields at DATE: 2011-07-08 00:00:00 UTC        
 READ IN fields at DATE: 2011-07-08 06:00:00 UTC        
 READ IN fields at DATE: 2011-07-08 12:00:00 UTC        
 READ IN fields at DATE: 2011-07-08 18:00:00 UTC        
 READ IN fields at DATE: 2011-07-09 00:00:00 UTC        
 READ IN fields at DATE: 2011-07-09 06:00:00 UTC        
 READ IN fields at DATE: 2011-07-09 12:00:00 UTC        
 READ IN fields at DATE: 2011-07-09 18:00:00 UTC        
 READ IN fields at DATE: 2011-07-10 00:00:00 UTC        
 READ IN fields at DATE: 2011-07-10 06:00:00 UTC        
 READ IN fields at DATE: 2011-07-10 12:00:00 UTC        
 READ IN fields at DATE: 2011-07-10 18:00:00 UTC        
 READ IN fields at DATE: 2011-07-11 00:00:00 UTC        
 READ IN fields at DATE: 2011-07-11 06:00:00 UTC        
 READ IN fields at DATE: 2011-07-11 12:00:00 UTC        
 READ IN fields at DATE: 2011-07-11 18:00:00 UTC        
 READ IN fields at DATE: 2011-07-12 00:00:00 UTC        
 READ IN fields at DATE: 2011-07-12 06:00:00 UTC        
 READ IN fields at DATE: 2011-07-12 12:00:00 UTC        
 READ IN fields at DATE: 2011-07-12 18:00:00 UTC        
 READ IN fields at DATE: 2011-07-13 00:00:00 UTC        
 READ IN fields at DATE: 2011-07-13 06:00:00 UTC        
 READ IN fields at DATE: 2011-07-13 12:00:00 UTC        
 READ IN fields at DATE: 2011-07-13 18:00:00 UTC        
 READ IN fields at DATE: 2011-07-14 00:00:00 UTC        
 READ IN fields at DATE: 2011-07-14 06:00:00 UTC        
 READ IN fields at DATE: 2011-07-14 12:00:00 UTC        
 READ IN fields at DATE: 2011-07-14 18:00:00 UTC        
 READ IN fields at DATE: 2011-07-15 00:00:00 UTC        
 READ IN fields at DATE: 2011-07-15 06:00:00 UTC        
 READ IN fields at DATE: 2011-07-15 12:00:00 UTC        
 READ IN fields at DATE: 2011-07-15 18:00:00 UTC        
 READ IN fields at DATE: 2011-07-16 00:00:00 UTC        
 READ IN fields at DATE: 2011-07-16 06:00:00 UTC        
 READ IN fields at DATE: 2011-07-16 12:00:00 UTC        
 READ IN fields at DATE: 2011-07-16 18:00:00 UTC        
 READ IN fields at DATE: 2011-07-17 00:00:00 UTC        
 READ IN fields at DATE: 2011-07-17 06:00:00 UTC        
 READ IN fields at DATE: 2011-07-17 12:00:00 UTC        
 READ IN fields at DATE: 2011-07-17 18:00:00 UTC        
 READ IN fields at DATE: 2011-07-18 00:00:00 UTC        
 READ IN fields at DATE: 2011-07-18 06:00:00 UTC        
 READ IN fields at DATE: 2011-07-18 12:00:00 UTC        
 READ IN fields at DATE: 2011-07-18 18:00:00 UTC        
 READ IN fields at DATE: 2011-07-19 00:00:00 UTC        
 READ IN fields at DATE: 2011-07-19 06:00:00 UTC        
 READ IN fields at DATE: 2011-07-19 12:00:00 UTC        
 READ IN fields at DATE: 2011-07-19 18:00:00 UTC        
 READ IN fields at DATE: 2011-07-20 00:00:00 UTC        
 READ IN fields at DATE: 2011-07-20 06:00:00 UTC        
 READ IN fields at DATE: 2011-07-20 12:00:00 UTC        
 READ IN fields at DATE: 2011-07-20 18:00:00 UTC        
 READ IN fields at DATE: 2011-07-21 00:00:00 UTC        
 READ IN fields at DATE: 2011-07-21 06:00:00 UTC        
 READ IN fields at DATE: 2011-07-21 12:00:00 UTC        
 READ IN fields at DATE: 2011-07-21 18:00:00 UTC        
 READ IN fields at DATE: 2011-07-22 00:00:00 UTC        
 READ IN fields at DATE: 2011-07-22 06:00:00 UTC        
 READ IN fields at DATE: 2011-07-22 12:00:00 UTC        
 READ IN fields at DATE: 2011-07-22 18:00:00 UTC        
 READ IN fields at DATE: 2011-07-23 00:00:00 UTC        
 READ IN fields at DATE: 2011-07-23 06:00:00 UTC        
 READ IN fields at DATE: 2011-07-23 12:00:00 UTC        
 READ IN fields at DATE: 2011-07-23 18:00:00 UTC        
 READ IN fields at DATE: 2011-07-24 00:00:00 UTC        
 READ IN fields at DATE: 2011-07-24 06:00:00 UTC        
 READ IN fields at DATE: 2011-07-24 12:00:00 UTC        
 READ IN fields at DATE: 2011-07-24 18:00:00 UTC        
 READ IN fields at DATE: 2011-07-25 00:00:00 UTC        
 READ IN fields at DATE: 2011-07-25 06:00:00 UTC        
 READ IN fields at DATE: 2011-07-25 12:00:00 UTC        
 READ IN fields at DATE: 2011-07-25 18:00:00 UTC        
 READ IN fields at DATE: 2011-07-26 00:00:00 UTC        
 READ IN fields at DATE: 2011-07-26 06:00:00 UTC        
 READ IN fields at DATE: 2011-07-26 12:00:00 UTC        
 READ IN fields at DATE: 2011-07-26 18:00:00 UTC        
 READ IN fields at DATE: 2011-07-27 00:00:00 UTC        
 READ IN fields at DATE: 2011-07-27 06:00:00 UTC        
 READ IN fields at DATE: 2011-07-27 12:00:00 UTC        
 READ IN fields at DATE: 2011-07-27 18:00:00 UTC        
 READ IN fields at DATE: 2011-07-28 00:00:00 UTC        
 READ IN fields at DATE: 2011-07-28 06:00:00 UTC        
 READ IN fields at DATE: 2011-07-28 12:00:00 UTC        
 READ IN fields at DATE: 2011-07-28 18:00:00 UTC        
 READ IN fields at DATE: 2011-07-29 00:00:00 UTC        
 READ IN fields at DATE: 2011-07-29 06:00:00 UTC        
 READ IN fields at DATE: 2011-07-29 12:00:00 UTC        
 READ IN fields at DATE: 2011-07-29 18:00:00 UTC        
 READ IN fields at DATE: 2011-07-30 00:00:00 UTC        
 READ IN fields at DATE: 2011-07-30 06:00:00 UTC        
 READ IN fields at DATE: 2011-07-30 12:00:00 UTC        
 READ IN fields at DATE: 2011-07-30 18:00:00 UTC        
 READ IN fields at DATE: 2011-07-31 00:00:00 UTC        
 READ IN fields at DATE: 2011-07-31 06:00:00 UTC        
 READ IN fields at DATE: 2011-07-31 12:00:00 UTC        
 READ IN fields at DATE: 2011-07-31 18:00:00 UTC        
      131072 /leonardo_work/ICT26_ESP/RCMDATA//ERA5/2011/tatm_2011_08.nc
  2.256650867782024E-003   249.445938935308     
      196608 /leonardo_work/ICT26_ESP/RCMDATA//ERA5/2011/geop_2011_08.nc
   7.54115543409427        241177.272391033     
      262144 /leonardo_work/ICT26_ESP/RCMDATA//ERA5/2011/qhum_2011_08.nc
  4.517900771179489E-007  1.466221481566977E-002
      327680 /leonardo_work/ICT26_ESP/RCMDATA//ERA5/2011/uwnd_2011_08.nc
  4.468385251305878E-003   63.1941159050306     
      393216 /leonardo_work/ICT26_ESP/RCMDATA//ERA5/2011/vwnd_2011_08.nc
  3.009702947846886E-003   12.9058285225495     
 READ IN fields at DATE: 2011-08-01 00:00:00 UTC        
 READ IN fields at DATE: 2011-08-01 06:00:00 UTC        
 READ IN fields at DATE: 2011-08-01 12:00:00 UTC        
 READ IN fields at DATE: 2011-08-01 18:00:00 UTC        
 READ IN fields at DATE: 2011-08-02 00:00:00 UTC        
 READ IN fields at DATE: 2011-08-02 06:00:00 UTC        
 READ IN fields at DATE: 2011-08-02 12:00:00 UTC        
 READ IN fields at DATE: 2011-08-02 18:00:00 UTC        
 READ IN fields at DATE: 2011-08-03 00:00:00 UTC        
 READ IN fields at DATE: 2011-08-03 06:00:00 UTC        
 READ IN fields at DATE: 2011-08-03 12:00:00 UTC        
 READ IN fields at DATE: 2011-08-03 18:00:00 UTC        
 READ IN fields at DATE: 2011-08-04 00:00:00 UTC        
 READ IN fields at DATE: 2011-08-04 06:00:00 UTC        
 READ IN fields at DATE: 2011-08-04 12:00:00 UTC        
 READ IN fields at DATE: 2011-08-04 18:00:00 UTC        
 READ IN fields at DATE: 2011-08-05 00:00:00 UTC        
 READ IN fields at DATE: 2011-08-05 06:00:00 UTC        
 READ IN fields at DATE: 2011-08-05 12:00:00 UTC        
 READ IN fields at DATE: 2011-08-05 18:00:00 UTC        
 READ IN fields at DATE: 2011-08-06 00:00:00 UTC        
 READ IN fields at DATE: 2011-08-06 06:00:00 UTC        
 READ IN fields at DATE: 2011-08-06 12:00:00 UTC        
 READ IN fields at DATE: 2011-08-06 18:00:00 UTC        
 READ IN fields at DATE: 2011-08-07 00:00:00 UTC        
 READ IN fields at DATE: 2011-08-07 06:00:00 UTC        
 READ IN fields at DATE: 2011-08-07 12:00:00 UTC        
 READ IN fields at DATE: 2011-08-07 18:00:00 UTC        
 READ IN fields at DATE: 2011-08-08 00:00:00 UTC        
 READ IN fields at DATE: 2011-08-08 06:00:00 UTC        
 READ IN fields at DATE: 2011-08-08 12:00:00 UTC        
 READ IN fields at DATE: 2011-08-08 18:00:00 UTC        
 READ IN fields at DATE: 2011-08-09 00:00:00 UTC        
 READ IN fields at DATE: 2011-08-09 06:00:00 UTC        
 READ IN fields at DATE: 2011-08-09 12:00:00 UTC        
 READ IN fields at DATE: 2011-08-09 18:00:00 UTC        
 READ IN fields at DATE: 2011-08-10 00:00:00 UTC        
 READ IN fields at DATE: 2011-08-10 06:00:00 UTC        
 READ IN fields at DATE: 2011-08-10 12:00:00 UTC        
 READ IN fields at DATE: 2011-08-10 18:00:00 UTC        
 READ IN fields at DATE: 2011-08-11 00:00:00 UTC        
 READ IN fields at DATE: 2011-08-11 06:00:00 UTC        
 READ IN fields at DATE: 2011-08-11 12:00:00 UTC        
 READ IN fields at DATE: 2011-08-11 18:00:00 UTC        
 READ IN fields at DATE: 2011-08-12 00:00:00 UTC        
 READ IN fields at DATE: 2011-08-12 06:00:00 UTC        
 READ IN fields at DATE: 2011-08-12 12:00:00 UTC        
 READ IN fields at DATE: 2011-08-12 18:00:00 UTC        
 READ IN fields at DATE: 2011-08-13 00:00:00 UTC        
 READ IN fields at DATE: 2011-08-13 06:00:00 UTC        
 READ IN fields at DATE: 2011-08-13 12:00:00 UTC        
 READ IN fields at DATE: 2011-08-13 18:00:00 UTC        
 READ IN fields at DATE: 2011-08-14 00:00:00 UTC        
 READ IN fields at DATE: 2011-08-14 06:00:00 UTC        
 READ IN fields at DATE: 2011-08-14 12:00:00 UTC        
 READ IN fields at DATE: 2011-08-14 18:00:00 UTC        
 READ IN fields at DATE: 2011-08-15 00:00:00 UTC        
 READ IN fields at DATE: 2011-08-15 06:00:00 UTC        
 READ IN fields at DATE: 2011-08-15 12:00:00 UTC        
 READ IN fields at DATE: 2011-08-15 18:00:00 UTC        
 READ IN fields at DATE: 2011-08-16 00:00:00 UTC        
 READ IN fields at DATE: 2011-08-16 06:00:00 UTC        
 READ IN fields at DATE: 2011-08-16 12:00:00 UTC        
 READ IN fields at DATE: 2011-08-16 18:00:00 UTC        
 READ IN fields at DATE: 2011-08-17 00:00:00 UTC        
 READ IN fields at DATE: 2011-08-17 06:00:00 UTC        
 READ IN fields at DATE: 2011-08-17 12:00:00 UTC        
 READ IN fields at DATE: 2011-08-17 18:00:00 UTC        
 READ IN fields at DATE: 2011-08-18 00:00:00 UTC        
 READ IN fields at DATE: 2011-08-18 06:00:00 UTC        
 READ IN fields at DATE: 2011-08-18 12:00:00 UTC        
 READ IN fields at DATE: 2011-08-18 18:00:00 UTC        
 READ IN fields at DATE: 2011-08-19 00:00:00 UTC        
 READ IN fields at DATE: 2011-08-19 06:00:00 UTC        
 READ IN fields at DATE: 2011-08-19 12:00:00 UTC        
 READ IN fields at DATE: 2011-08-19 18:00:00 UTC        
 READ IN fields at DATE: 2011-08-20 00:00:00 UTC        
 READ IN fields at DATE: 2011-08-20 06:00:00 UTC        
 READ IN fields at DATE: 2011-08-20 12:00:00 UTC        
 READ IN fields at DATE: 2011-08-20 18:00:00 UTC        
 READ IN fields at DATE: 2011-08-21 00:00:00 UTC        
 READ IN fields at DATE: 2011-08-21 06:00:00 UTC        
 READ IN fields at DATE: 2011-08-21 12:00:00 UTC        
 READ IN fields at DATE: 2011-08-21 18:00:00 UTC        
 READ IN fields at DATE: 2011-08-22 00:00:00 UTC        
 READ IN fields at DATE: 2011-08-22 06:00:00 UTC        
 READ IN fields at DATE: 2011-08-22 12:00:00 UTC        
 READ IN fields at DATE: 2011-08-22 18:00:00 UTC        
 READ IN fields at DATE: 2011-08-23 00:00:00 UTC        
 READ IN fields at DATE: 2011-08-23 06:00:00 UTC        
 READ IN fields at DATE: 2011-08-23 12:00:00 UTC        
 READ IN fields at DATE: 2011-08-23 18:00:00 UTC        
 READ IN fields at DATE: 2011-08-24 00:00:00 UTC        
 READ IN fields at DATE: 2011-08-24 06:00:00 UTC        
 READ IN fields at DATE: 2011-08-24 12:00:00 UTC        
 READ IN fields at DATE: 2011-08-24 18:00:00 UTC        
 READ IN fields at DATE: 2011-08-25 00:00:00 UTC        
 READ IN fields at DATE: 2011-08-25 06:00:00 UTC        
 READ IN fields at DATE: 2011-08-25 12:00:00 UTC        
 READ IN fields at DATE: 2011-08-25 18:00:00 UTC        
 READ IN fields at DATE: 2011-08-26 00:00:00 UTC        
 READ IN fields at DATE: 2011-08-26 06:00:00 UTC        
 READ IN fields at DATE: 2011-08-26 12:00:00 UTC        
 READ IN fields at DATE: 2011-08-26 18:00:00 UTC        
 READ IN fields at DATE: 2011-08-27 00:00:00 UTC        
 READ IN fields at DATE: 2011-08-27 06:00:00 UTC        
 READ IN fields at DATE: 2011-08-27 12:00:00 UTC        
 READ IN fields at DATE: 2011-08-27 18:00:00 UTC        
 READ IN fields at DATE: 2011-08-28 00:00:00 UTC        
 READ IN fields at DATE: 2011-08-28 06:00:00 UTC        
 READ IN fields at DATE: 2011-08-28 12:00:00 UTC        
 READ IN fields at DATE: 2011-08-28 18:00:00 UTC        
 READ IN fields at DATE: 2011-08-29 00:00:00 UTC        
 READ IN fields at DATE: 2011-08-29 06:00:00 UTC        
 READ IN fields at DATE: 2011-08-29 12:00:00 UTC        
 READ IN fields at DATE: 2011-08-29 18:00:00 UTC        
 READ IN fields at DATE: 2011-08-30 00:00:00 UTC        
 READ IN fields at DATE: 2011-08-30 06:00:00 UTC        
 READ IN fields at DATE: 2011-08-30 12:00:00 UTC        
 READ IN fields at DATE: 2011-08-30 18:00:00 UTC        
 READ IN fields at DATE: 2011-08-31 00:00:00 UTC        
 READ IN fields at DATE: 2011-08-31 06:00:00 UTC        
 READ IN fields at DATE: 2011-08-31 12:00:00 UTC        
 READ IN fields at DATE: 2011-08-31 18:00:00 UTC        
      131072 /leonardo_work/ICT26_ESP/RCMDATA//ERA5/2011/tatm_2011_09.nc
  2.176857783378818E-003   247.548067760073     
      196608 /leonardo_work/ICT26_ESP/RCMDATA//ERA5/2011/geop_2011_09.nc
   7.36138549709688        235049.981416626     
      262144 /leonardo_work/ICT26_ESP/RCMDATA//ERA5/2011/qhum_2011_09.nc
  4.233957305114575E-007  1.380665430063853E-002
      327680 /leonardo_work/ICT26_ESP/RCMDATA//ERA5/2011/uwnd_2011_09.nc
  3.493303389147095E-003   41.4600987462546     
      393216 /leonardo_work/ICT26_ESP/RCMDATA//ERA5/2011/vwnd_2011_09.nc
  3.177811341158152E-003   1.73714247860676     
 READ IN fields at DATE: 2011-09-01 00:00:00 UTC        
 READ IN fields at DATE: 2011-09-01 06:00:00 UTC        
 READ IN fields at DATE: 2011-09-01 12:00:00 UTC        
 READ IN fields at DATE: 2011-09-01 18:00:00 UTC        
 READ IN fields at DATE: 2011-09-02 00:00:00 UTC        
 READ IN fields at DATE: 2011-09-02 06:00:00 UTC        
 READ IN fields at DATE: 2011-09-02 12:00:00 UTC        
 READ IN fields at DATE: 2011-09-02 18:00:00 UTC        
 READ IN fields at DATE: 2011-09-03 00:00:00 UTC        
 READ IN fields at DATE: 2011-09-03 06:00:00 UTC        
 READ IN fields at DATE: 2011-09-03 12:00:00 UTC        
 READ IN fields at DATE: 2011-09-03 18:00:00 UTC        
 READ IN fields at DATE: 2011-09-04 00:00:00 UTC        
 READ IN fields at DATE: 2011-09-04 06:00:00 UTC        
 READ IN fields at DATE: 2011-09-04 12:00:00 UTC        
 READ IN fields at DATE: 2011-09-04 18:00:00 UTC        
 READ IN fields at DATE: 2011-09-05 00:00:00 UTC        
 READ IN fields at DATE: 2011-09-05 06:00:00 UTC        
 READ IN fields at DATE: 2011-09-05 12:00:00 UTC        
 READ IN fields at DATE: 2011-09-05 18:00:00 UTC        
 READ IN fields at DATE: 2011-09-06 00:00:00 UTC        
 READ IN fields at DATE: 2011-09-06 06:00:00 UTC        
 READ IN fields at DATE: 2011-09-06 12:00:00 UTC        
 READ IN fields at DATE: 2011-09-06 18:00:00 UTC        
 READ IN fields at DATE: 2011-09-07 00:00:00 UTC        
 READ IN fields at DATE: 2011-09-07 06:00:00 UTC        
 READ IN fields at DATE: 2011-09-07 12:00:00 UTC        
 READ IN fields at DATE: 2011-09-07 18:00:00 UTC        
 READ IN fields at DATE: 2011-09-08 00:00:00 UTC        
 READ IN fields at DATE: 2011-09-08 06:00:00 UTC        
 READ IN fields at DATE: 2011-09-08 12:00:00 UTC        
 READ IN fields at DATE: 2011-09-08 18:00:00 UTC        
 READ IN fields at DATE: 2011-09-09 00:00:00 UTC        
 READ IN fields at DATE: 2011-09-09 06:00:00 UTC        
 READ IN fields at DATE: 2011-09-09 12:00:00 UTC        
 READ IN fields at DATE: 2011-09-09 18:00:00 UTC        
 READ IN fields at DATE: 2011-09-10 00:00:00 UTC        
 READ IN fields at DATE: 2011-09-10 06:00:00 UTC        
 READ IN fields at DATE: 2011-09-10 12:00:00 UTC        
 READ IN fields at DATE: 2011-09-10 18:00:00 UTC        
 READ IN fields at DATE: 2011-09-11 00:00:00 UTC        
 READ IN fields at DATE: 2011-09-11 06:00:00 UTC        
 READ IN fields at DATE: 2011-09-11 12:00:00 UTC        
 READ IN fields at DATE: 2011-09-11 18:00:00 UTC        
 READ IN fields at DATE: 2011-09-12 00:00:00 UTC        
 READ IN fields at DATE: 2011-09-12 06:00:00 UTC        
 READ IN fields at DATE: 2011-09-12 12:00:00 UTC        
 READ IN fields at DATE: 2011-09-12 18:00:00 UTC        
 READ IN fields at DATE: 2011-09-13 00:00:00 UTC        
 READ IN fields at DATE: 2011-09-13 06:00:00 UTC        
 READ IN fields at DATE: 2011-09-13 12:00:00 UTC        
 READ IN fields at DATE: 2011-09-13 18:00:00 UTC        
 READ IN fields at DATE: 2011-09-14 00:00:00 UTC        
 READ IN fields at DATE: 2011-09-14 06:00:00 UTC        
 READ IN fields at DATE: 2011-09-14 12:00:00 UTC        
 READ IN fields at DATE: 2011-09-14 18:00:00 UTC        
 READ IN fields at DATE: 2011-09-15 00:00:00 UTC        
 READ IN fields at DATE: 2011-09-15 06:00:00 UTC        
 READ IN fields at DATE: 2011-09-15 12:00:00 UTC        
 READ IN fields at DATE: 2011-09-15 18:00:00 UTC        
 READ IN fields at DATE: 2011-09-16 00:00:00 UTC        
 READ IN fields at DATE: 2011-09-16 06:00:00 UTC        
 READ IN fields at DATE: 2011-09-16 12:00:00 UTC        
 READ IN fields at DATE: 2011-09-16 18:00:00 UTC        
 READ IN fields at DATE: 2011-09-17 00:00:00 UTC        
 READ IN fields at DATE: 2011-09-17 06:00:00 UTC        
 READ IN fields at DATE: 2011-09-17 12:00:00 UTC        
 READ IN fields at DATE: 2011-09-17 18:00:00 UTC        
 READ IN fields at DATE: 2011-09-18 00:00:00 UTC        
 READ IN fields at DATE: 2011-09-18 06:00:00 UTC        
 READ IN fields at DATE: 2011-09-18 12:00:00 UTC        
 READ IN fields at DATE: 2011-09-18 18:00:00 UTC        
 READ IN fields at DATE: 2011-09-19 00:00:00 UTC        
 READ IN fields at DATE: 2011-09-19 06:00:00 UTC        
 READ IN fields at DATE: 2011-09-19 12:00:00 UTC        
 READ IN fields at DATE: 2011-09-19 18:00:00 UTC        
 READ IN fields at DATE: 2011-09-20 00:00:00 UTC        
 READ IN fields at DATE: 2011-09-20 06:00:00 UTC        
 READ IN fields at DATE: 2011-09-20 12:00:00 UTC        
 READ IN fields at DATE: 2011-09-20 18:00:00 UTC        
 READ IN fields at DATE: 2011-09-21 00:00:00 UTC        
 READ IN fields at DATE: 2011-09-21 06:00:00 UTC        
 READ IN fields at DATE: 2011-09-21 12:00:00 UTC        
 READ IN fields at DATE: 2011-09-21 18:00:00 UTC        
 READ IN fields at DATE: 2011-09-22 00:00:00 UTC        
 READ IN fields at DATE: 2011-09-22 06:00:00 UTC        
 READ IN fields at DATE: 2011-09-22 12:00:00 UTC        
 READ IN fields at DATE: 2011-09-22 18:00:00 UTC        
 READ IN fields at DATE: 2011-09-23 00:00:00 UTC        
 READ IN fields at DATE: 2011-09-23 06:00:00 UTC        
 READ IN fields at DATE: 2011-09-23 12:00:00 UTC        
 READ IN fields at DATE: 2011-09-23 18:00:00 UTC        
 READ IN fields at DATE: 2011-09-24 00:00:00 UTC        
 READ IN fields at DATE: 2011-09-24 06:00:00 UTC        
 READ IN fields at DATE: 2011-09-24 12:00:00 UTC        
 READ IN fields at DATE: 2011-09-24 18:00:00 UTC        
 READ IN fields at DATE: 2011-09-25 00:00:00 UTC        
 READ IN fields at DATE: 2011-09-25 06:00:00 UTC        
 READ IN fields at DATE: 2011-09-25 12:00:00 UTC        
 READ IN fields at DATE: 2011-09-25 18:00:00 UTC        
 READ IN fields at DATE: 2011-09-26 00:00:00 UTC        
 READ IN fields at DATE: 2011-09-26 06:00:00 UTC        
 READ IN fields at DATE: 2011-09-26 12:00:00 UTC        
 READ IN fields at DATE: 2011-09-26 18:00:00 UTC        
 READ IN fields at DATE: 2011-09-27 00:00:00 UTC        
 READ IN fields at DATE: 2011-09-27 06:00:00 UTC        
 READ IN fields at DATE: 2011-09-27 12:00:00 UTC        
 READ IN fields at DATE: 2011-09-27 18:00:00 UTC        
 READ IN fields at DATE: 2011-09-28 00:00:00 UTC        
 READ IN fields at DATE: 2011-09-28 06:00:00 UTC        
 READ IN fields at DATE: 2011-09-28 12:00:00 UTC        
 READ IN fields at DATE: 2011-09-28 18:00:00 UTC        
 READ IN fields at DATE: 2011-09-29 00:00:00 UTC        
 READ IN fields at DATE: 2011-09-29 06:00:00 UTC        
 READ IN fields at DATE: 2011-09-29 12:00:00 UTC        
 READ IN fields at DATE: 2011-09-29 18:00:00 UTC        
 READ IN fields at DATE: 2011-09-30 00:00:00 UTC        
 READ IN fields at DATE: 2011-09-30 06:00:00 UTC        
 READ IN fields at DATE: 2011-09-30 12:00:00 UTC        
 READ IN fields at DATE: 2011-09-30 18:00:00 UTC        
      131072 /leonardo_work/ICT26_ESP/RCMDATA//ERA5/2011/tatm_2011_10.nc
  2.152998535133897E-003   247.620955666260     
      196608 /leonardo_work/ICT26_ESP/RCMDATA//ERA5/2011/geop_2011_10.nc
   7.34400935168160        234332.470573449     
      262144 /leonardo_work/ICT26_ESP/RCMDATA//ERA5/2011/qhum_2011_10.nc
  3.741376729144607E-007  1.217677355556509E-002
      327680 /leonardo_work/ICT26_ESP/RCMDATA//ERA5/2011/uwnd_2011_10.nc
  3.155575229631445E-003   30.6762786576977     
      393216 /leonardo_work/ICT26_ESP/RCMDATA//ERA5/2011/vwnd_2011_10.nc
  3.044397698934840E-003   12.4578131282990     
 READ IN fields at DATE: 2011-10-01 00:00:00 UTC        
 READ IN fields at DATE: 2011-10-01 06:00:00 UTC        
 READ IN fields at DATE: 2011-10-01 12:00:00 UTC        
 READ IN fields at DATE: 2011-10-01 18:00:00 UTC        
 READ IN fields at DATE: 2011-10-02 00:00:00 UTC        
 READ IN fields at DATE: 2011-10-02 06:00:00 UTC        
 READ IN fields at DATE: 2011-10-02 12:00:00 UTC        
 READ IN fields at DATE: 2011-10-02 18:00:00 UTC        
 READ IN fields at DATE: 2011-10-03 00:00:00 UTC        
 READ IN fields at DATE: 2011-10-03 06:00:00 UTC        
 READ IN fields at DATE: 2011-10-03 12:00:00 UTC        
 READ IN fields at DATE: 2011-10-03 18:00:00 UTC        
 READ IN fields at DATE: 2011-10-04 00:00:00 UTC        
 READ IN fields at DATE: 2011-10-04 06:00:00 UTC        
 READ IN fields at DATE: 2011-10-04 12:00:00 UTC        
 READ IN fields at DATE: 2011-10-04 18:00:00 UTC        
 READ IN fields at DATE: 2011-10-05 00:00:00 UTC        
 READ IN fields at DATE: 2011-10-05 06:00:00 UTC        
 READ IN fields at DATE: 2011-10-05 12:00:00 UTC        
 READ IN fields at DATE: 2011-10-05 18:00:00 UTC        
 READ IN fields at DATE: 2011-10-06 00:00:00 UTC        
 READ IN fields at DATE: 2011-10-06 06:00:00 UTC        
 READ IN fields at DATE: 2011-10-06 12:00:00 UTC        
 READ IN fields at DATE: 2011-10-06 18:00:00 UTC        
 READ IN fields at DATE: 2011-10-07 00:00:00 UTC        
 READ IN fields at DATE: 2011-10-07 06:00:00 UTC        
 READ IN fields at DATE: 2011-10-07 12:00:00 UTC        
 READ IN fields at DATE: 2011-10-07 18:00:00 UTC        
 READ IN fields at DATE: 2011-10-08 00:00:00 UTC        
 READ IN fields at DATE: 2011-10-08 06:00:00 UTC        
 READ IN fields at DATE: 2011-10-08 12:00:00 UTC        
 READ IN fields at DATE: 2011-10-08 18:00:00 UTC        
 READ IN fields at DATE: 2011-10-09 00:00:00 UTC        
 READ IN fields at DATE: 2011-10-09 06:00:00 UTC        
 READ IN fields at DATE: 2011-10-09 12:00:00 UTC        
 READ IN fields at DATE: 2011-10-09 18:00:00 UTC        
 READ IN fields at DATE: 2011-10-10 00:00:00 UTC        
 READ IN fields at DATE: 2011-10-10 06:00:00 UTC        
 READ IN fields at DATE: 2011-10-10 12:00:00 UTC        
 READ IN fields at DATE: 2011-10-10 18:00:00 UTC        
 READ IN fields at DATE: 2011-10-11 00:00:00 UTC        
 READ IN fields at DATE: 2011-10-11 06:00:00 UTC        
 READ IN fields at DATE: 2011-10-11 12:00:00 UTC        
 READ IN fields at DATE: 2011-10-11 18:00:00 UTC        
 READ IN fields at DATE: 2011-10-12 00:00:00 UTC        
 READ IN fields at DATE: 2011-10-12 06:00:00 UTC        
 READ IN fields at DATE: 2011-10-12 12:00:00 UTC        
 READ IN fields at DATE: 2011-10-12 18:00:00 UTC        
 READ IN fields at DATE: 2011-10-13 00:00:00 UTC        
 READ IN fields at DATE: 2011-10-13 06:00:00 UTC        
 READ IN fields at DATE: 2011-10-13 12:00:00 UTC        
 READ IN fields at DATE: 2011-10-13 18:00:00 UTC        
 READ IN fields at DATE: 2011-10-14 00:00:00 UTC        
 READ IN fields at DATE: 2011-10-14 06:00:00 UTC        
 READ IN fields at DATE: 2011-10-14 12:00:00 UTC        
 READ IN fields at DATE: 2011-10-14 18:00:00 UTC        
 READ IN fields at DATE: 2011-10-15 00:00:00 UTC        
 READ IN fields at DATE: 2011-10-15 06:00:00 UTC        
 READ IN fields at DATE: 2011-10-15 12:00:00 UTC        
 READ IN fields at DATE: 2011-10-15 18:00:00 UTC        
 READ IN fields at DATE: 2011-10-16 00:00:00 UTC        
 READ IN fields at DATE: 2011-10-16 06:00:00 UTC        
 READ IN fields at DATE: 2011-10-16 12:00:00 UTC        
 READ IN fields at DATE: 2011-10-16 18:00:00 UTC        
 READ IN fields at DATE: 2011-10-17 00:00:00 UTC        
 READ IN fields at DATE: 2011-10-17 06:00:00 UTC        
 READ IN fields at DATE: 2011-10-17 12:00:00 UTC        
 READ IN fields at DATE: 2011-10-17 18:00:00 UTC        
 READ IN fields at DATE: 2011-10-18 00:00:00 UTC        
 READ IN fields at DATE: 2011-10-18 06:00:00 UTC        
 READ IN fields at DATE: 2011-10-18 12:00:00 UTC        
 READ IN fields at DATE: 2011-10-18 18:00:00 UTC        
 READ IN fields at DATE: 2011-10-19 00:00:00 UTC        
 READ IN fields at DATE: 2011-10-19 06:00:00 UTC        
 READ IN fields at DATE: 2011-10-19 12:00:00 UTC        
 READ IN fields at DATE: 2011-10-19 18:00:00 UTC        
 READ IN fields at DATE: 2011-10-20 00:00:00 UTC        
 READ IN fields at DATE: 2011-10-20 06:00:00 UTC        
 READ IN fields at DATE: 2011-10-20 12:00:00 UTC        
 READ IN fields at DATE: 2011-10-20 18:00:00 UTC        
 READ IN fields at DATE: 2011-10-21 00:00:00 UTC        
 READ IN fields at DATE: 2011-10-21 06:00:00 UTC        
 READ IN fields at DATE: 2011-10-21 12:00:00 UTC        
 READ IN fields at DATE: 2011-10-21 18:00:00 UTC        
 READ IN fields at DATE: 2011-10-22 00:00:00 UTC        
 READ IN fields at DATE: 2011-10-22 06:00:00 UTC        
 READ IN fields at DATE: 2011-10-22 12:00:00 UTC        
 READ IN fields at DATE: 2011-10-22 18:00:00 UTC        
 READ IN fields at DATE: 2011-10-23 00:00:00 UTC        
 READ IN fields at DATE: 2011-10-23 06:00:00 UTC        
 READ IN fields at DATE: 2011-10-23 12:00:00 UTC        
 READ IN fields at DATE: 2011-10-23 18:00:00 UTC        
 READ IN fields at DATE: 2011-10-24 00:00:00 UTC        
 READ IN fields at DATE: 2011-10-24 06:00:00 UTC        
 READ IN fields at DATE: 2011-10-24 12:00:00 UTC        
 READ IN fields at DATE: 2011-10-24 18:00:00 UTC        
 READ IN fields at DATE: 2011-10-25 00:00:00 UTC        
 READ IN fields at DATE: 2011-10-25 06:00:00 UTC        
 READ IN fields at DATE: 2011-10-25 12:00:00 UTC        
 READ IN fields at DATE: 2011-10-25 18:00:00 UTC        
 READ IN fields at DATE: 2011-10-26 00:00:00 UTC        
 READ IN fields at DATE: 2011-10-26 06:00:00 UTC        
 READ IN fields at DATE: 2011-10-26 12:00:00 UTC        
 READ IN fields at DATE: 2011-10-26 18:00:00 UTC        
 READ IN fields at DATE: 2011-10-27 00:00:00 UTC        
 READ IN fields at DATE: 2011-10-27 06:00:00 UTC        
 READ IN fields at DATE: 2011-10-27 12:00:00 UTC        
 READ IN fields at DATE: 2011-10-27 18:00:00 UTC        
 READ IN fields at DATE: 2011-10-28 00:00:00 UTC        
 READ IN fields at DATE: 2011-10-28 06:00:00 UTC        
 READ IN fields at DATE: 2011-10-28 12:00:00 UTC        
 READ IN fields at DATE: 2011-10-28 18:00:00 UTC        
 READ IN fields at DATE: 2011-10-29 00:00:00 UTC        
 READ IN fields at DATE: 2011-10-29 06:00:00 UTC        
 READ IN fields at DATE: 2011-10-29 12:00:00 UTC        
 READ IN fields at DATE: 2011-10-29 18:00:00 UTC        
 READ IN fields at DATE: 2011-10-30 00:00:00 UTC        
 READ IN fields at DATE: 2011-10-30 06:00:00 UTC        
 READ IN fields at DATE: 2011-10-30 12:00:00 UTC        
 READ IN fields at DATE: 2011-10-30 18:00:00 UTC        
 READ IN fields at DATE: 2011-10-31 00:00:00 UTC        
 READ IN fields at DATE: 2011-10-31 06:00:00 UTC        
 READ IN fields at DATE: 2011-10-31 12:00:00 UTC        
 READ IN fields at DATE: 2011-10-31 18:00:00 UTC        
      131072 /leonardo_work/ICT26_ESP/RCMDATA//ERA5/2011/tatm_2011_11.nc
  2.067320619656795E-003   249.664829376800     
      196608 /leonardo_work/ICT26_ESP/RCMDATA//ERA5/2011/geop_2011_11.nc
   7.55090720037996        241934.236265150     
      262144 /leonardo_work/ICT26_ESP/RCMDATA//ERA5/2011/qhum_2011_11.nc
  4.029366630997484E-007  1.316886131392205E-002
      327680 /leonardo_work/ICT26_ESP/RCMDATA//ERA5/2011/uwnd_2011_11.nc
  3.113605352053665E-003   35.6966930142185     
      393216 /leonardo_work/ICT26_ESP/RCMDATA//ERA5/2011/vwnd_2011_11.nc
  2.840978456449780E-003   2.05342722805693     
 READ IN fields at DATE: 2011-11-01 00:00:00 UTC        
 READ IN fields at DATE: 2011-11-01 06:00:00 UTC        
 READ IN fields at DATE: 2011-11-01 12:00:00 UTC        
 READ IN fields at DATE: 2011-11-01 18:00:00 UTC        
 READ IN fields at DATE: 2011-11-02 00:00:00 UTC        
 READ IN fields at DATE: 2011-11-02 06:00:00 UTC        
 READ IN fields at DATE: 2011-11-02 12:00:00 UTC        
 READ IN fields at DATE: 2011-11-02 18:00:00 UTC        
 READ IN fields at DATE: 2011-11-03 00:00:00 UTC        
 READ IN fields at DATE: 2011-11-03 06:00:00 UTC        
 READ IN fields at DATE: 2011-11-03 12:00:00 UTC        
 READ IN fields at DATE: 2011-11-03 18:00:00 UTC        
 READ IN fields at DATE: 2011-11-04 00:00:00 UTC        
 READ IN fields at DATE: 2011-11-04 06:00:00 UTC        
 READ IN fields at DATE: 2011-11-04 12:00:00 UTC        
 READ IN fields at DATE: 2011-11-04 18:00:00 UTC        
 READ IN fields at DATE: 2011-11-05 00:00:00 UTC        
 READ IN fields at DATE: 2011-11-05 06:00:00 UTC        
 READ IN fields at DATE: 2011-11-05 12:00:00 UTC        
 READ IN fields at DATE: 2011-11-05 18:00:00 UTC        
 READ IN fields at DATE: 2011-11-06 00:00:00 UTC        
 READ IN fields at DATE: 2011-11-06 06:00:00 UTC        
 READ IN fields at DATE: 2011-11-06 12:00:00 UTC        
 READ IN fields at DATE: 2011-11-06 18:00:00 UTC        
 READ IN fields at DATE: 2011-11-07 00:00:00 UTC        
 READ IN fields at DATE: 2011-11-07 06:00:00 UTC        
 READ IN fields at DATE: 2011-11-07 12:00:00 UTC        
 READ IN fields at DATE: 2011-11-07 18:00:00 UTC        
 READ IN fields at DATE: 2011-11-08 00:00:00 UTC        
 READ IN fields at DATE: 2011-11-08 06:00:00 UTC        
 READ IN fields at DATE: 2011-11-08 12:00:00 UTC        
 READ IN fields at DATE: 2011-11-08 18:00:00 UTC        
 READ IN fields at DATE: 2011-11-09 00:00:00 UTC        
 READ IN fields at DATE: 2011-11-09 06:00:00 UTC        
 READ IN fields at DATE: 2011-11-09 12:00:00 UTC        
 READ IN fields at DATE: 2011-11-09 18:00:00 UTC        
 READ IN fields at DATE: 2011-11-10 00:00:00 UTC        
 READ IN fields at DATE: 2011-11-10 06:00:00 UTC        
 READ IN fields at DATE: 2011-11-10 12:00:00 UTC        
 READ IN fields at DATE: 2011-11-10 18:00:00 UTC        
 READ IN fields at DATE: 2011-11-11 00:00:00 UTC        
 READ IN fields at DATE: 2011-11-11 06:00:00 UTC        
 READ IN fields at DATE: 2011-11-11 12:00:00 UTC        
 READ IN fields at DATE: 2011-11-11 18:00:00 UTC        
 READ IN fields at DATE: 2011-11-12 00:00:00 UTC        
 READ IN fields at DATE: 2011-11-12 06:00:00 UTC        
 READ IN fields at DATE: 2011-11-12 12:00:00 UTC        
 READ IN fields at DATE: 2011-11-12 18:00:00 UTC        
 READ IN fields at DATE: 2011-11-13 00:00:00 UTC        
 READ IN fields at DATE: 2011-11-13 06:00:00 UTC        
 READ IN fields at DATE: 2011-11-13 12:00:00 UTC        
 READ IN fields at DATE: 2011-11-13 18:00:00 UTC        
 READ IN fields at DATE: 2011-11-14 00:00:00 UTC        
 READ IN fields at DATE: 2011-11-14 06:00:00 UTC        
 READ IN fields at DATE: 2011-11-14 12:00:00 UTC        
 READ IN fields at DATE: 2011-11-14 18:00:00 UTC        
 READ IN fields at DATE: 2011-11-15 00:00:00 UTC        
 READ IN fields at DATE: 2011-11-15 06:00:00 UTC        
 READ IN fields at DATE: 2011-11-15 12:00:00 UTC        
 READ IN fields at DATE: 2011-11-15 18:00:00 UTC        
 READ IN fields at DATE: 2011-11-16 00:00:00 UTC        
 READ IN fields at DATE: 2011-11-16 06:00:00 UTC        
 READ IN fields at DATE: 2011-11-16 12:00:00 UTC        
 READ IN fields at DATE: 2011-11-16 18:00:00 UTC        
 READ IN fields at DATE: 2011-11-17 00:00:00 UTC        
 READ IN fields at DATE: 2011-11-17 06:00:00 UTC        
 READ IN fields at DATE: 2011-11-17 12:00:00 UTC        
 READ IN fields at DATE: 2011-11-17 18:00:00 UTC        
 READ IN fields at DATE: 2011-11-18 00:00:00 UTC        
 READ IN fields at DATE: 2011-11-18 06:00:00 UTC        
 READ IN fields at DATE: 2011-11-18 12:00:00 UTC        
 READ IN fields at DATE: 2011-11-18 18:00:00 UTC        
 READ IN fields at DATE: 2011-11-19 00:00:00 UTC        
 READ IN fields at DATE: 2011-11-19 06:00:00 UTC        
 READ IN fields at DATE: 2011-11-19 12:00:00 UTC        
 READ IN fields at DATE: 2011-11-19 18:00:00 UTC        
 READ IN fields at DATE: 2011-11-20 00:00:00 UTC        
 READ IN fields at DATE: 2011-11-20 06:00:00 UTC        
 READ IN fields at DATE: 2011-11-20 12:00:00 UTC        
 READ IN fields at DATE: 2011-11-20 18:00:00 UTC        
 READ IN fields at DATE: 2011-11-21 00:00:00 UTC        
 READ IN fields at DATE: 2011-11-21 06:00:00 UTC        
 READ IN fields at DATE: 2011-11-21 12:00:00 UTC        
 READ IN fields at DATE: 2011-11-21 18:00:00 UTC        
 READ IN fields at DATE: 2011-11-22 00:00:00 UTC        
 READ IN fields at DATE: 2011-11-22 06:00:00 UTC        
 READ IN fields at DATE: 2011-11-22 12:00:00 UTC        
 READ IN fields at DATE: 2011-11-22 18:00:00 UTC        
 READ IN fields at DATE: 2011-11-23 00:00:00 UTC        
 READ IN fields at DATE: 2011-11-23 06:00:00 UTC        
 READ IN fields at DATE: 2011-11-23 12:00:00 UTC        
 READ IN fields at DATE: 2011-11-23 18:00:00 UTC        
 READ IN fields at DATE: 2011-11-24 00:00:00 UTC        
 READ IN fields at DATE: 2011-11-24 06:00:00 UTC        
 READ IN fields at DATE: 2011-11-24 12:00:00 UTC        
 READ IN fields at DATE: 2011-11-24 18:00:00 UTC        
 READ IN fields at DATE: 2011-11-25 00:00:00 UTC        
 READ IN fields at DATE: 2011-11-25 06:00:00 UTC        
 READ IN fields at DATE: 2011-11-25 12:00:00 UTC        
 READ IN fields at DATE: 2011-11-25 18:00:00 UTC        
 READ IN fields at DATE: 2011-11-26 00:00:00 UTC        
 READ IN fields at DATE: 2011-11-26 06:00:00 UTC        
 READ IN fields at DATE: 2011-11-26 12:00:00 UTC        
 READ IN fields at DATE: 2011-11-26 18:00:00 UTC        
 READ IN fields at DATE: 2011-11-27 00:00:00 UTC        
 READ IN fields at DATE: 2011-11-27 06:00:00 UTC        
 READ IN fields at DATE: 2011-11-27 12:00:00 UTC        
 READ IN fields at DATE: 2011-11-27 18:00:00 UTC        
 READ IN fields at DATE: 2011-11-28 00:00:00 UTC        
 READ IN fields at DATE: 2011-11-28 06:00:00 UTC        
 READ IN fields at DATE: 2011-11-28 12:00:00 UTC        
 READ IN fields at DATE: 2011-11-28 18:00:00 UTC        
 READ IN fields at DATE: 2011-11-29 00:00:00 UTC        
 READ IN fields at DATE: 2011-11-29 06:00:00 UTC        
 READ IN fields at DATE: 2011-11-29 12:00:00 UTC        
 READ IN fields at DATE: 2011-11-29 18:00:00 UTC        
 READ IN fields at DATE: 2011-11-30 00:00:00 UTC        
 READ IN fields at DATE: 2011-11-30 06:00:00 UTC        
 READ IN fields at DATE: 2011-11-30 12:00:00 UTC        
 READ IN fields at DATE: 2011-11-30 18:00:00 UTC        
      131072 /leonardo_work/ICT26_ESP/RCMDATA//ERA5/2011/tatm_2011_12.nc
  2.247551662530114E-003   253.081250796923     
      196608 /leonardo_work/ICT26_ESP/RCMDATA//ERA5/2011/geop_2011_12.nc
   7.63372032029664        244948.948764840     
      262144 /leonardo_work/ICT26_ESP/RCMDATA//ERA5/2011/qhum_2011_12.nc
  4.042446779285939E-007  1.324029671435535E-002
      327680 /leonardo_work/ICT26_ESP/RCMDATA//ERA5/2011/uwnd_2011_12.nc
  5.415229517371615E-003   20.5899056054562     
      393216 /leonardo_work/ICT26_ESP/RCMDATA//ERA5/2011/vwnd_2011_12.nc
  5.006675923368880E-003  -4.96436399469997     
 READ IN fields at DATE: 2011-12-01 00:00:00 UTC        
 READ IN fields at DATE: 2011-12-01 06:00:00 UTC        
 READ IN fields at DATE: 2011-12-01 12:00:00 UTC        
 READ IN fields at DATE: 2011-12-01 18:00:00 UTC        
 READ IN fields at DATE: 2011-12-02 00:00:00 UTC        
 READ IN fields at DATE: 2011-12-02 06:00:00 UTC        
 READ IN fields at DATE: 2011-12-02 12:00:00 UTC        
 READ IN fields at DATE: 2011-12-02 18:00:00 UTC        
 READ IN fields at DATE: 2011-12-03 00:00:00 UTC        
 READ IN fields at DATE: 2011-12-03 06:00:00 UTC        
 READ IN fields at DATE: 2011-12-03 12:00:00 UTC        
 READ IN fields at DATE: 2011-12-03 18:00:00 UTC        
 READ IN fields at DATE: 2011-12-04 00:00:00 UTC        
 READ IN fields at DATE: 2011-12-04 06:00:00 UTC        
 READ IN fields at DATE: 2011-12-04 12:00:00 UTC        
 READ IN fields at DATE: 2011-12-04 18:00:00 UTC        
 READ IN fields at DATE: 2011-12-05 00:00:00 UTC        
 READ IN fields at DATE: 2011-12-05 06:00:00 UTC        
 READ IN fields at DATE: 2011-12-05 12:00:00 UTC        
 READ IN fields at DATE: 2011-12-05 18:00:00 UTC        
 READ IN fields at DATE: 2011-12-06 00:00:00 UTC        
 READ IN fields at DATE: 2011-12-06 06:00:00 UTC        
 READ IN fields at DATE: 2011-12-06 12:00:00 UTC        
 READ IN fields at DATE: 2011-12-06 18:00:00 UTC        
 READ IN fields at DATE: 2011-12-07 00:00:00 UTC        
 READ IN fields at DATE: 2011-12-07 06:00:00 UTC        
 READ IN fields at DATE: 2011-12-07 12:00:00 UTC        
 READ IN fields at DATE: 2011-12-07 18:00:00 UTC        
 READ IN fields at DATE: 2011-12-08 00:00:00 UTC        
 READ IN fields at DATE: 2011-12-08 06:00:00 UTC        
 READ IN fields at DATE: 2011-12-08 12:00:00 UTC        
 READ IN fields at DATE: 2011-12-08 18:00:00 UTC        
 READ IN fields at DATE: 2011-12-09 00:00:00 UTC        
 READ IN fields at DATE: 2011-12-09 06:00:00 UTC        
 READ IN fields at DATE: 2011-12-09 12:00:00 UTC        
 READ IN fields at DATE: 2011-12-09 18:00:00 UTC        
 READ IN fields at DATE: 2011-12-10 00:00:00 UTC        
 READ IN fields at DATE: 2011-12-10 06:00:00 UTC        
 READ IN fields at DATE: 2011-12-10 12:00:00 UTC        
 READ IN fields at DATE: 2011-12-10 18:00:00 UTC        
 READ IN fields at DATE: 2011-12-11 00:00:00 UTC        
 READ IN fields at DATE: 2011-12-11 06:00:00 UTC        
 READ IN fields at DATE: 2011-12-11 12:00:00 UTC        
 READ IN fields at DATE: 2011-12-11 18:00:00 UTC        
 READ IN fields at DATE: 2011-12-12 00:00:00 UTC        
 READ IN fields at DATE: 2011-12-12 06:00:00 UTC        
 READ IN fields at DATE: 2011-12-12 12:00:00 UTC        
 READ IN fields at DATE: 2011-12-12 18:00:00 UTC        
 READ IN fields at DATE: 2011-12-13 00:00:00 UTC        
 READ IN fields at DATE: 2011-12-13 06:00:00 UTC        
 READ IN fields at DATE: 2011-12-13 12:00:00 UTC        
 READ IN fields at DATE: 2011-12-13 18:00:00 UTC        
 READ IN fields at DATE: 2011-12-14 00:00:00 UTC        
 READ IN fields at DATE: 2011-12-14 06:00:00 UTC        
 READ IN fields at DATE: 2011-12-14 12:00:00 UTC        
 READ IN fields at DATE: 2011-12-14 18:00:00 UTC        
 READ IN fields at DATE: 2011-12-15 00:00:00 UTC        
 READ IN fields at DATE: 2011-12-15 06:00:00 UTC        
 READ IN fields at DATE: 2011-12-15 12:00:00 UTC        
 READ IN fields at DATE: 2011-12-15 18:00:00 UTC        
 READ IN fields at DATE: 2011-12-16 00:00:00 UTC        
 READ IN fields at DATE: 2011-12-16 06:00:00 UTC        
 READ IN fields at DATE: 2011-12-16 12:00:00 UTC        
 READ IN fields at DATE: 2011-12-16 18:00:00 UTC        
 READ IN fields at DATE: 2011-12-17 00:00:00 UTC        
 READ IN fields at DATE: 2011-12-17 06:00:00 UTC        
 READ IN fields at DATE: 2011-12-17 12:00:00 UTC        
 READ IN fields at DATE: 2011-12-17 18:00:00 UTC        
 READ IN fields at DATE: 2011-12-18 00:00:00 UTC        
 READ IN fields at DATE: 2011-12-18 06:00:00 UTC        
 READ IN fields at DATE: 2011-12-18 12:00:00 UTC        
 READ IN fields at DATE: 2011-12-18 18:00:00 UTC        
 READ IN fields at DATE: 2011-12-19 00:00:00 UTC        
 READ IN fields at DATE: 2011-12-19 06:00:00 UTC        
 READ IN fields at DATE: 2011-12-19 12:00:00 UTC        
 READ IN fields at DATE: 2011-12-19 18:00:00 UTC        
 READ IN fields at DATE: 2011-12-20 00:00:00 UTC        
 READ IN fields at DATE: 2011-12-20 06:00:00 UTC        
 READ IN fields at DATE: 2011-12-20 12:00:00 UTC        
 READ IN fields at DATE: 2011-12-20 18:00:00 UTC        
 READ IN fields at DATE: 2011-12-21 00:00:00 UTC        
 READ IN fields at DATE: 2011-12-21 06:00:00 UTC        
 READ IN fields at DATE: 2011-12-21 12:00:00 UTC        
 READ IN fields at DATE: 2011-12-21 18:00:00 UTC        
 READ IN fields at DATE: 2011-12-22 00:00:00 UTC        
 READ IN fields at DATE: 2011-12-22 06:00:00 UTC        
 READ IN fields at DATE: 2011-12-22 12:00:00 UTC        
 READ IN fields at DATE: 2011-12-22 18:00:00 UTC        
 READ IN fields at DATE: 2011-12-23 00:00:00 UTC        
 READ IN fields at DATE: 2011-12-23 06:00:00 UTC        
 READ IN fields at DATE: 2011-12-23 12:00:00 UTC        
 READ IN fields at DATE: 2011-12-23 18:00:00 UTC        
 READ IN fields at DATE: 2011-12-24 00:00:00 UTC        
 READ IN fields at DATE: 2011-12-24 06:00:00 UTC        
 READ IN fields at DATE: 2011-12-24 12:00:00 UTC        
 READ IN fields at DATE: 2011-12-24 18:00:00 UTC        
 READ IN fields at DATE: 2011-12-25 00:00:00 UTC        
 READ IN fields at DATE: 2011-12-25 06:00:00 UTC        
 READ IN fields at DATE: 2011-12-25 12:00:00 UTC        
 READ IN fields at DATE: 2011-12-25 18:00:00 UTC        
 READ IN fields at DATE: 2011-12-26 00:00:00 UTC        
 READ IN fields at DATE: 2011-12-26 06:00:00 UTC        
 READ IN fields at DATE: 2011-12-26 12:00:00 UTC        
 READ IN fields at DATE: 2011-12-26 18:00:00 UTC        
 READ IN fields at DATE: 2011-12-27 00:00:00 UTC        
 READ IN fields at DATE: 2011-12-27 06:00:00 UTC        
 READ IN fields at DATE: 2011-12-27 12:00:00 UTC        
 READ IN fields at DATE: 2011-12-27 18:00:00 UTC        
 READ IN fields at DATE: 2011-12-28 00:00:00 UTC        
 READ IN fields at DATE: 2011-12-28 06:00:00 UTC        
 READ IN fields at DATE: 2011-12-28 12:00:00 UTC        
 READ IN fields at DATE: 2011-12-28 18:00:00 UTC        
 READ IN fields at DATE: 2011-12-29 00:00:00 UTC        
 READ IN fields at DATE: 2011-12-29 06:00:00 UTC        
 READ IN fields at DATE: 2011-12-29 12:00:00 UTC        
 READ IN fields at DATE: 2011-12-29 18:00:00 UTC        
 READ IN fields at DATE: 2011-12-30 00:00:00 UTC        
 READ IN fields at DATE: 2011-12-30 06:00:00 UTC        
 READ IN fields at DATE: 2011-12-30 12:00:00 UTC        
 READ IN fields at DATE: 2011-12-30 18:00:00 UTC        
 READ IN fields at DATE: 2011-12-31 00:00:00 UTC        
 READ IN fields at DATE: 2011-12-31 06:00:00 UTC        
 READ IN fields at DATE: 2011-12-31 12:00:00 UTC        
 READ IN fields at DATE: 2011-12-31 18:00:00 UTC        
      131072 /leonardo_work/ICT26_ESP/RCMDATA//ERA5/2012/tatm_2012_01.nc
  2.242412156464825E-003   248.822716074195     
      196608 /leonardo_work/ICT26_ESP/RCMDATA//ERA5/2012/geop_2012_01.nc
   7.64767935381792        244867.428113448     
      262144 /leonardo_work/ICT26_ESP/RCMDATA//ERA5/2012/qhum_2012_01.nc
  3.818339920461434E-007  1.247840136469943E-002
      327680 /leonardo_work/ICT26_ESP/RCMDATA//ERA5/2012/uwnd_2012_01.nc
  4.447598576885882E-003   5.85998933547718     
      393216 /leonardo_work/ICT26_ESP/RCMDATA//ERA5/2012/vwnd_2012_01.nc
  4.316747353194192E-003  -2.29689714320785     
 READ IN fields at DATE: 2012-01-01 00:00:00 UTC        
 Input ready at : Tue Aug 11 08:11:59 2026
 Successfully completed ICBC
icbc script complete
