
  This is icbc part of the RegCM version 5
   SVN Revision: 5.0.1 compiled at: data : Oct 10 2025  time: 16:26:26

 : this run start at    : 2026-07-30 19:25:39+0200
 : it is submitted by   : mdasilva
 : it is running on     : lrdn3826.leonardo.local
 : in directory         : 
 /leonardo/home/userexternal/mdasilva/github_projects/shell/ictp/regcm_exp/corde
 x5
                       
 Using Moloch non-hydrostatic dynamical core
 GLOBIDATE1 :  1996-01-01 00:00:00 UTC        
 GLOBIDATE2 :  1997-01-01 00:00:00 UTC        
 NSTEPS     :         1465
 Computing weights, R =      38.89632416 .......... Done.
 Computing weights, R =      38.89632416 .......... Done.
 Computing weights, R =      38.89632416 .......... Done.
      131072 /leonardo_work/ICT26_ESP/RCMDATA//ERA5/1996/tatm_1996_01.nc
  2.167097308828424E-003   247.027419869314     
      196608 /leonardo_work/ICT26_ESP/RCMDATA//ERA5/1996/geop_1996_01.nc
   7.64059954765156        245610.037122101     
      262144 /leonardo_work/ICT26_ESP/RCMDATA//ERA5/1996/qhum_1996_01.nc
  3.638522288361311E-007  1.173335863324774E-002
      327680 /leonardo_work/ICT26_ESP/RCMDATA//ERA5/1996/uwnd_1996_01.nc
  5.633086783328628E-003   8.07152427692083     
      393216 /leonardo_work/ICT26_ESP/RCMDATA//ERA5/1996/vwnd_1996_01.nc
  5.280690785975673E-003  -1.32409725457268     
 READ IN fields at DATE: 1996-01-01 00:00:00 UTC        
 READ IN fields at DATE: 1996-01-01 06:00:00 UTC        
 READ IN fields at DATE: 1996-01-01 12:00:00 UTC        
 READ IN fields at DATE: 1996-01-01 18:00:00 UTC        
 READ IN fields at DATE: 1996-01-02 00:00:00 UTC        
 READ IN fields at DATE: 1996-01-02 06:00:00 UTC        
 READ IN fields at DATE: 1996-01-02 12:00:00 UTC        
 READ IN fields at DATE: 1996-01-02 18:00:00 UTC        
 READ IN fields at DATE: 1996-01-03 00:00:00 UTC        
 READ IN fields at DATE: 1996-01-03 06:00:00 UTC        
 READ IN fields at DATE: 1996-01-03 12:00:00 UTC        
 READ IN fields at DATE: 1996-01-03 18:00:00 UTC        
 READ IN fields at DATE: 1996-01-04 00:00:00 UTC        
 READ IN fields at DATE: 1996-01-04 06:00:00 UTC        
 READ IN fields at DATE: 1996-01-04 12:00:00 UTC        
 READ IN fields at DATE: 1996-01-04 18:00:00 UTC        
 READ IN fields at DATE: 1996-01-05 00:00:00 UTC        
 READ IN fields at DATE: 1996-01-05 06:00:00 UTC        
 READ IN fields at DATE: 1996-01-05 12:00:00 UTC        
 READ IN fields at DATE: 1996-01-05 18:00:00 UTC        
 READ IN fields at DATE: 1996-01-06 00:00:00 UTC        
 READ IN fields at DATE: 1996-01-06 06:00:00 UTC        
 READ IN fields at DATE: 1996-01-06 12:00:00 UTC        
 READ IN fields at DATE: 1996-01-06 18:00:00 UTC        
 READ IN fields at DATE: 1996-01-07 00:00:00 UTC        
 READ IN fields at DATE: 1996-01-07 06:00:00 UTC        
 READ IN fields at DATE: 1996-01-07 12:00:00 UTC        
 READ IN fields at DATE: 1996-01-07 18:00:00 UTC        
 READ IN fields at DATE: 1996-01-08 00:00:00 UTC        
 READ IN fields at DATE: 1996-01-08 06:00:00 UTC        
 READ IN fields at DATE: 1996-01-08 12:00:00 UTC        
 READ IN fields at DATE: 1996-01-08 18:00:00 UTC        
 READ IN fields at DATE: 1996-01-09 00:00:00 UTC        
 READ IN fields at DATE: 1996-01-09 06:00:00 UTC        
 READ IN fields at DATE: 1996-01-09 12:00:00 UTC        
 READ IN fields at DATE: 1996-01-09 18:00:00 UTC        
 READ IN fields at DATE: 1996-01-10 00:00:00 UTC        
 READ IN fields at DATE: 1996-01-10 06:00:00 UTC        
 READ IN fields at DATE: 1996-01-10 12:00:00 UTC        
 READ IN fields at DATE: 1996-01-10 18:00:00 UTC        
 READ IN fields at DATE: 1996-01-11 00:00:00 UTC        
 READ IN fields at DATE: 1996-01-11 06:00:00 UTC        
 READ IN fields at DATE: 1996-01-11 12:00:00 UTC        
 READ IN fields at DATE: 1996-01-11 18:00:00 UTC        
 READ IN fields at DATE: 1996-01-12 00:00:00 UTC        
 READ IN fields at DATE: 1996-01-12 06:00:00 UTC        
 READ IN fields at DATE: 1996-01-12 12:00:00 UTC        
 READ IN fields at DATE: 1996-01-12 18:00:00 UTC        
 READ IN fields at DATE: 1996-01-13 00:00:00 UTC        
 READ IN fields at DATE: 1996-01-13 06:00:00 UTC        
 READ IN fields at DATE: 1996-01-13 12:00:00 UTC        
 READ IN fields at DATE: 1996-01-13 18:00:00 UTC        
 READ IN fields at DATE: 1996-01-14 00:00:00 UTC        
 READ IN fields at DATE: 1996-01-14 06:00:00 UTC        
 READ IN fields at DATE: 1996-01-14 12:00:00 UTC        
 READ IN fields at DATE: 1996-01-14 18:00:00 UTC        
 READ IN fields at DATE: 1996-01-15 00:00:00 UTC        
 READ IN fields at DATE: 1996-01-15 06:00:00 UTC        
 READ IN fields at DATE: 1996-01-15 12:00:00 UTC        
 READ IN fields at DATE: 1996-01-15 18:00:00 UTC        
 READ IN fields at DATE: 1996-01-16 00:00:00 UTC        
 READ IN fields at DATE: 1996-01-16 06:00:00 UTC        
 READ IN fields at DATE: 1996-01-16 12:00:00 UTC        
 READ IN fields at DATE: 1996-01-16 18:00:00 UTC        
 READ IN fields at DATE: 1996-01-17 00:00:00 UTC        
 READ IN fields at DATE: 1996-01-17 06:00:00 UTC        
 READ IN fields at DATE: 1996-01-17 12:00:00 UTC        
 READ IN fields at DATE: 1996-01-17 18:00:00 UTC        
 READ IN fields at DATE: 1996-01-18 00:00:00 UTC        
 READ IN fields at DATE: 1996-01-18 06:00:00 UTC        
 READ IN fields at DATE: 1996-01-18 12:00:00 UTC        
 READ IN fields at DATE: 1996-01-18 18:00:00 UTC        
 READ IN fields at DATE: 1996-01-19 00:00:00 UTC        
 READ IN fields at DATE: 1996-01-19 06:00:00 UTC        
 READ IN fields at DATE: 1996-01-19 12:00:00 UTC        
 READ IN fields at DATE: 1996-01-19 18:00:00 UTC        
 READ IN fields at DATE: 1996-01-20 00:00:00 UTC        
 READ IN fields at DATE: 1996-01-20 06:00:00 UTC        
 READ IN fields at DATE: 1996-01-20 12:00:00 UTC        
 READ IN fields at DATE: 1996-01-20 18:00:00 UTC        
 READ IN fields at DATE: 1996-01-21 00:00:00 UTC        
 READ IN fields at DATE: 1996-01-21 06:00:00 UTC        
 READ IN fields at DATE: 1996-01-21 12:00:00 UTC        
 READ IN fields at DATE: 1996-01-21 18:00:00 UTC        
 READ IN fields at DATE: 1996-01-22 00:00:00 UTC        
 READ IN fields at DATE: 1996-01-22 06:00:00 UTC        
 READ IN fields at DATE: 1996-01-22 12:00:00 UTC        
 READ IN fields at DATE: 1996-01-22 18:00:00 UTC        
 READ IN fields at DATE: 1996-01-23 00:00:00 UTC        
 READ IN fields at DATE: 1996-01-23 06:00:00 UTC        
 READ IN fields at DATE: 1996-01-23 12:00:00 UTC        
 READ IN fields at DATE: 1996-01-23 18:00:00 UTC        
 READ IN fields at DATE: 1996-01-24 00:00:00 UTC        
 READ IN fields at DATE: 1996-01-24 06:00:00 UTC        
 READ IN fields at DATE: 1996-01-24 12:00:00 UTC        
 READ IN fields at DATE: 1996-01-24 18:00:00 UTC        
 READ IN fields at DATE: 1996-01-25 00:00:00 UTC        
 READ IN fields at DATE: 1996-01-25 06:00:00 UTC        
 READ IN fields at DATE: 1996-01-25 12:00:00 UTC        
 READ IN fields at DATE: 1996-01-25 18:00:00 UTC        
 READ IN fields at DATE: 1996-01-26 00:00:00 UTC        
 READ IN fields at DATE: 1996-01-26 06:00:00 UTC        
 READ IN fields at DATE: 1996-01-26 12:00:00 UTC        
 READ IN fields at DATE: 1996-01-26 18:00:00 UTC        
 READ IN fields at DATE: 1996-01-27 00:00:00 UTC        
 READ IN fields at DATE: 1996-01-27 06:00:00 UTC        
 READ IN fields at DATE: 1996-01-27 12:00:00 UTC        
 READ IN fields at DATE: 1996-01-27 18:00:00 UTC        
 READ IN fields at DATE: 1996-01-28 00:00:00 UTC        
 READ IN fields at DATE: 1996-01-28 06:00:00 UTC        
 READ IN fields at DATE: 1996-01-28 12:00:00 UTC        
 READ IN fields at DATE: 1996-01-28 18:00:00 UTC        
 READ IN fields at DATE: 1996-01-29 00:00:00 UTC        
 READ IN fields at DATE: 1996-01-29 06:00:00 UTC        
 READ IN fields at DATE: 1996-01-29 12:00:00 UTC        
 READ IN fields at DATE: 1996-01-29 18:00:00 UTC        
 READ IN fields at DATE: 1996-01-30 00:00:00 UTC        
 READ IN fields at DATE: 1996-01-30 06:00:00 UTC        
 READ IN fields at DATE: 1996-01-30 12:00:00 UTC        
 READ IN fields at DATE: 1996-01-30 18:00:00 UTC        
 READ IN fields at DATE: 1996-01-31 00:00:00 UTC        
 READ IN fields at DATE: 1996-01-31 06:00:00 UTC        
 READ IN fields at DATE: 1996-01-31 12:00:00 UTC        
 READ IN fields at DATE: 1996-01-31 18:00:00 UTC        
      131072 /leonardo_work/ICT26_ESP/RCMDATA//ERA5/1996/tatm_1996_02.nc
  2.182771719615499E-003   246.479835127812     
      196608 /leonardo_work/ICT26_ESP/RCMDATA//ERA5/1996/geop_1996_02.nc
   7.54017483319473        242025.716240708     
      262144 /leonardo_work/ICT26_ESP/RCMDATA//ERA5/1996/qhum_1996_02.nc
  3.622250645542314E-007  1.184921407608711E-002
      327680 /leonardo_work/ICT26_ESP/RCMDATA//ERA5/1996/uwnd_1996_02.nc
  4.631616783540830E-003   5.54350633516292     
      393216 /leonardo_work/ICT26_ESP/RCMDATA//ERA5/1996/vwnd_1996_02.nc
  4.689529770768521E-003  -3.59459177416273     
 READ IN fields at DATE: 1996-02-01 00:00:00 UTC        
 READ IN fields at DATE: 1996-02-01 06:00:00 UTC        
 READ IN fields at DATE: 1996-02-01 12:00:00 UTC        
 READ IN fields at DATE: 1996-02-01 18:00:00 UTC        
 READ IN fields at DATE: 1996-02-02 00:00:00 UTC        
 READ IN fields at DATE: 1996-02-02 06:00:00 UTC        
 READ IN fields at DATE: 1996-02-02 12:00:00 UTC        
 READ IN fields at DATE: 1996-02-02 18:00:00 UTC        
 READ IN fields at DATE: 1996-02-03 00:00:00 UTC        
 READ IN fields at DATE: 1996-02-03 06:00:00 UTC        
 READ IN fields at DATE: 1996-02-03 12:00:00 UTC        
 READ IN fields at DATE: 1996-02-03 18:00:00 UTC        
 READ IN fields at DATE: 1996-02-04 00:00:00 UTC        
 READ IN fields at DATE: 1996-02-04 06:00:00 UTC        
 READ IN fields at DATE: 1996-02-04 12:00:00 UTC        
 READ IN fields at DATE: 1996-02-04 18:00:00 UTC        
 READ IN fields at DATE: 1996-02-05 00:00:00 UTC        
 READ IN fields at DATE: 1996-02-05 06:00:00 UTC        
 READ IN fields at DATE: 1996-02-05 12:00:00 UTC        
 READ IN fields at DATE: 1996-02-05 18:00:00 UTC        
 READ IN fields at DATE: 1996-02-06 00:00:00 UTC        
 READ IN fields at DATE: 1996-02-06 06:00:00 UTC        
 READ IN fields at DATE: 1996-02-06 12:00:00 UTC        
 READ IN fields at DATE: 1996-02-06 18:00:00 UTC        
 READ IN fields at DATE: 1996-02-07 00:00:00 UTC        
 READ IN fields at DATE: 1996-02-07 06:00:00 UTC        
 READ IN fields at DATE: 1996-02-07 12:00:00 UTC        
 READ IN fields at DATE: 1996-02-07 18:00:00 UTC        
 READ IN fields at DATE: 1996-02-08 00:00:00 UTC        
 READ IN fields at DATE: 1996-02-08 06:00:00 UTC        
 READ IN fields at DATE: 1996-02-08 12:00:00 UTC        
 READ IN fields at DATE: 1996-02-08 18:00:00 UTC        
 READ IN fields at DATE: 1996-02-09 00:00:00 UTC        
 READ IN fields at DATE: 1996-02-09 06:00:00 UTC        
 READ IN fields at DATE: 1996-02-09 12:00:00 UTC        
 READ IN fields at DATE: 1996-02-09 18:00:00 UTC        
 READ IN fields at DATE: 1996-02-10 00:00:00 UTC        
 READ IN fields at DATE: 1996-02-10 06:00:00 UTC        
 READ IN fields at DATE: 1996-02-10 12:00:00 UTC        
 READ IN fields at DATE: 1996-02-10 18:00:00 UTC        
 READ IN fields at DATE: 1996-02-11 00:00:00 UTC        
 READ IN fields at DATE: 1996-02-11 06:00:00 UTC        
 READ IN fields at DATE: 1996-02-11 12:00:00 UTC        
 READ IN fields at DATE: 1996-02-11 18:00:00 UTC        
 READ IN fields at DATE: 1996-02-12 00:00:00 UTC        
 READ IN fields at DATE: 1996-02-12 06:00:00 UTC        
 READ IN fields at DATE: 1996-02-12 12:00:00 UTC        
 READ IN fields at DATE: 1996-02-12 18:00:00 UTC        
 READ IN fields at DATE: 1996-02-13 00:00:00 UTC        
 READ IN fields at DATE: 1996-02-13 06:00:00 UTC        
 READ IN fields at DATE: 1996-02-13 12:00:00 UTC        
 READ IN fields at DATE: 1996-02-13 18:00:00 UTC        
 READ IN fields at DATE: 1996-02-14 00:00:00 UTC        
 READ IN fields at DATE: 1996-02-14 06:00:00 UTC        
 READ IN fields at DATE: 1996-02-14 12:00:00 UTC        
 READ IN fields at DATE: 1996-02-14 18:00:00 UTC        
 READ IN fields at DATE: 1996-02-15 00:00:00 UTC        
 READ IN fields at DATE: 1996-02-15 06:00:00 UTC        
 READ IN fields at DATE: 1996-02-15 12:00:00 UTC        
 READ IN fields at DATE: 1996-02-15 18:00:00 UTC        
 READ IN fields at DATE: 1996-02-16 00:00:00 UTC        
 READ IN fields at DATE: 1996-02-16 06:00:00 UTC        
 READ IN fields at DATE: 1996-02-16 12:00:00 UTC        
 READ IN fields at DATE: 1996-02-16 18:00:00 UTC        
 READ IN fields at DATE: 1996-02-17 00:00:00 UTC        
 READ IN fields at DATE: 1996-02-17 06:00:00 UTC        
 READ IN fields at DATE: 1996-02-17 12:00:00 UTC        
 READ IN fields at DATE: 1996-02-17 18:00:00 UTC        
 READ IN fields at DATE: 1996-02-18 00:00:00 UTC        
 READ IN fields at DATE: 1996-02-18 06:00:00 UTC        
 READ IN fields at DATE: 1996-02-18 12:00:00 UTC        
 READ IN fields at DATE: 1996-02-18 18:00:00 UTC        
 READ IN fields at DATE: 1996-02-19 00:00:00 UTC        
 READ IN fields at DATE: 1996-02-19 06:00:00 UTC        
 READ IN fields at DATE: 1996-02-19 12:00:00 UTC        
 READ IN fields at DATE: 1996-02-19 18:00:00 UTC        
 READ IN fields at DATE: 1996-02-20 00:00:00 UTC        
 READ IN fields at DATE: 1996-02-20 06:00:00 UTC        
 READ IN fields at DATE: 1996-02-20 12:00:00 UTC        
 READ IN fields at DATE: 1996-02-20 18:00:00 UTC        
 READ IN fields at DATE: 1996-02-21 00:00:00 UTC        
 READ IN fields at DATE: 1996-02-21 06:00:00 UTC        
 READ IN fields at DATE: 1996-02-21 12:00:00 UTC        
 READ IN fields at DATE: 1996-02-21 18:00:00 UTC        
 READ IN fields at DATE: 1996-02-22 00:00:00 UTC        
 READ IN fields at DATE: 1996-02-22 06:00:00 UTC        
 READ IN fields at DATE: 1996-02-22 12:00:00 UTC        
 READ IN fields at DATE: 1996-02-22 18:00:00 UTC        
 READ IN fields at DATE: 1996-02-23 00:00:00 UTC        
 READ IN fields at DATE: 1996-02-23 06:00:00 UTC        
 READ IN fields at DATE: 1996-02-23 12:00:00 UTC        
 READ IN fields at DATE: 1996-02-23 18:00:00 UTC        
 READ IN fields at DATE: 1996-02-24 00:00:00 UTC        
 READ IN fields at DATE: 1996-02-24 06:00:00 UTC        
 READ IN fields at DATE: 1996-02-24 12:00:00 UTC        
 READ IN fields at DATE: 1996-02-24 18:00:00 UTC        
 READ IN fields at DATE: 1996-02-25 00:00:00 UTC        
 READ IN fields at DATE: 1996-02-25 06:00:00 UTC        
 READ IN fields at DATE: 1996-02-25 12:00:00 UTC        
 READ IN fields at DATE: 1996-02-25 18:00:00 UTC        
 READ IN fields at DATE: 1996-02-26 00:00:00 UTC        
 READ IN fields at DATE: 1996-02-26 06:00:00 UTC        
 READ IN fields at DATE: 1996-02-26 12:00:00 UTC        
 READ IN fields at DATE: 1996-02-26 18:00:00 UTC        
 READ IN fields at DATE: 1996-02-27 00:00:00 UTC        
 READ IN fields at DATE: 1996-02-27 06:00:00 UTC        
 READ IN fields at DATE: 1996-02-27 12:00:00 UTC        
 READ IN fields at DATE: 1996-02-27 18:00:00 UTC        
 READ IN fields at DATE: 1996-02-28 00:00:00 UTC        
 READ IN fields at DATE: 1996-02-28 06:00:00 UTC        
 READ IN fields at DATE: 1996-02-28 12:00:00 UTC        
 READ IN fields at DATE: 1996-02-28 18:00:00 UTC        
 READ IN fields at DATE: 1996-02-29 00:00:00 UTC        
 READ IN fields at DATE: 1996-02-29 06:00:00 UTC        
 READ IN fields at DATE: 1996-02-29 12:00:00 UTC        
 READ IN fields at DATE: 1996-02-29 18:00:00 UTC        
      131072 /leonardo_work/ICT26_ESP/RCMDATA//ERA5/1996/tatm_1996_03.nc
  2.080241682044375E-003   249.485387186288     
      196608 /leonardo_work/ICT26_ESP/RCMDATA//ERA5/1996/geop_1996_03.nc
   7.38643114442342        236929.498190678     
      262144 /leonardo_work/ICT26_ESP/RCMDATA//ERA5/1996/qhum_1996_03.nc
  3.694618911356247E-007  1.209853501648225E-002
      327680 /leonardo_work/ICT26_ESP/RCMDATA//ERA5/1996/uwnd_1996_03.nc
  3.842822166527742E-003   13.5174877686042     
      393216 /leonardo_work/ICT26_ESP/RCMDATA//ERA5/1996/vwnd_1996_03.nc
  3.672434024025825E-003  0.660837733183300     
 READ IN fields at DATE: 1996-03-01 00:00:00 UTC        
 READ IN fields at DATE: 1996-03-01 06:00:00 UTC        
 READ IN fields at DATE: 1996-03-01 12:00:00 UTC        
 READ IN fields at DATE: 1996-03-01 18:00:00 UTC        
 READ IN fields at DATE: 1996-03-02 00:00:00 UTC        
 READ IN fields at DATE: 1996-03-02 06:00:00 UTC        
 READ IN fields at DATE: 1996-03-02 12:00:00 UTC        
 READ IN fields at DATE: 1996-03-02 18:00:00 UTC        
 READ IN fields at DATE: 1996-03-03 00:00:00 UTC        
 READ IN fields at DATE: 1996-03-03 06:00:00 UTC        
 READ IN fields at DATE: 1996-03-03 12:00:00 UTC        
 READ IN fields at DATE: 1996-03-03 18:00:00 UTC        
 READ IN fields at DATE: 1996-03-04 00:00:00 UTC        
 READ IN fields at DATE: 1996-03-04 06:00:00 UTC        
 READ IN fields at DATE: 1996-03-04 12:00:00 UTC        
 READ IN fields at DATE: 1996-03-04 18:00:00 UTC        
 READ IN fields at DATE: 1996-03-05 00:00:00 UTC        
 READ IN fields at DATE: 1996-03-05 06:00:00 UTC        
 READ IN fields at DATE: 1996-03-05 12:00:00 UTC        
 READ IN fields at DATE: 1996-03-05 18:00:00 UTC        
 READ IN fields at DATE: 1996-03-06 00:00:00 UTC        
 READ IN fields at DATE: 1996-03-06 06:00:00 UTC        
 READ IN fields at DATE: 1996-03-06 12:00:00 UTC        
 READ IN fields at DATE: 1996-03-06 18:00:00 UTC        
 READ IN fields at DATE: 1996-03-07 00:00:00 UTC        
 READ IN fields at DATE: 1996-03-07 06:00:00 UTC        
 READ IN fields at DATE: 1996-03-07 12:00:00 UTC        
 READ IN fields at DATE: 1996-03-07 18:00:00 UTC        
 READ IN fields at DATE: 1996-03-08 00:00:00 UTC        
 READ IN fields at DATE: 1996-03-08 06:00:00 UTC        
 READ IN fields at DATE: 1996-03-08 12:00:00 UTC        
 READ IN fields at DATE: 1996-03-08 18:00:00 UTC        
 READ IN fields at DATE: 1996-03-09 00:00:00 UTC        
 READ IN fields at DATE: 1996-03-09 06:00:00 UTC        
 READ IN fields at DATE: 1996-03-09 12:00:00 UTC        
 READ IN fields at DATE: 1996-03-09 18:00:00 UTC        
 READ IN fields at DATE: 1996-03-10 00:00:00 UTC        
 READ IN fields at DATE: 1996-03-10 06:00:00 UTC        
 READ IN fields at DATE: 1996-03-10 12:00:00 UTC        
 READ IN fields at DATE: 1996-03-10 18:00:00 UTC        
 READ IN fields at DATE: 1996-03-11 00:00:00 UTC        
 READ IN fields at DATE: 1996-03-11 06:00:00 UTC        
 READ IN fields at DATE: 1996-03-11 12:00:00 UTC        
 READ IN fields at DATE: 1996-03-11 18:00:00 UTC        
 READ IN fields at DATE: 1996-03-12 00:00:00 UTC        
 READ IN fields at DATE: 1996-03-12 06:00:00 UTC        
 READ IN fields at DATE: 1996-03-12 12:00:00 UTC        
 READ IN fields at DATE: 1996-03-12 18:00:00 UTC        
 READ IN fields at DATE: 1996-03-13 00:00:00 UTC        
 READ IN fields at DATE: 1996-03-13 06:00:00 UTC        
 READ IN fields at DATE: 1996-03-13 12:00:00 UTC        
 READ IN fields at DATE: 1996-03-13 18:00:00 UTC        
 READ IN fields at DATE: 1996-03-14 00:00:00 UTC        
 READ IN fields at DATE: 1996-03-14 06:00:00 UTC        
 READ IN fields at DATE: 1996-03-14 12:00:00 UTC        
 READ IN fields at DATE: 1996-03-14 18:00:00 UTC        
 READ IN fields at DATE: 1996-03-15 00:00:00 UTC        
 READ IN fields at DATE: 1996-03-15 06:00:00 UTC        
 READ IN fields at DATE: 1996-03-15 12:00:00 UTC        
 READ IN fields at DATE: 1996-03-15 18:00:00 UTC        
 READ IN fields at DATE: 1996-03-16 00:00:00 UTC        
 READ IN fields at DATE: 1996-03-16 06:00:00 UTC        
 READ IN fields at DATE: 1996-03-16 12:00:00 UTC        
 READ IN fields at DATE: 1996-03-16 18:00:00 UTC        
 READ IN fields at DATE: 1996-03-17 00:00:00 UTC        
 READ IN fields at DATE: 1996-03-17 06:00:00 UTC        
 READ IN fields at DATE: 1996-03-17 12:00:00 UTC        
 READ IN fields at DATE: 1996-03-17 18:00:00 UTC        
 READ IN fields at DATE: 1996-03-18 00:00:00 UTC        
 READ IN fields at DATE: 1996-03-18 06:00:00 UTC        
 READ IN fields at DATE: 1996-03-18 12:00:00 UTC        
 READ IN fields at DATE: 1996-03-18 18:00:00 UTC        
 READ IN fields at DATE: 1996-03-19 00:00:00 UTC        
 READ IN fields at DATE: 1996-03-19 06:00:00 UTC        
 READ IN fields at DATE: 1996-03-19 12:00:00 UTC        
 READ IN fields at DATE: 1996-03-19 18:00:00 UTC        
 READ IN fields at DATE: 1996-03-20 00:00:00 UTC        
 READ IN fields at DATE: 1996-03-20 06:00:00 UTC        
 READ IN fields at DATE: 1996-03-20 12:00:00 UTC        
 READ IN fields at DATE: 1996-03-20 18:00:00 UTC        
 READ IN fields at DATE: 1996-03-21 00:00:00 UTC        
 READ IN fields at DATE: 1996-03-21 06:00:00 UTC        
 READ IN fields at DATE: 1996-03-21 12:00:00 UTC        
 READ IN fields at DATE: 1996-03-21 18:00:00 UTC        
 READ IN fields at DATE: 1996-03-22 00:00:00 UTC        
 READ IN fields at DATE: 1996-03-22 06:00:00 UTC        
 READ IN fields at DATE: 1996-03-22 12:00:00 UTC        
 READ IN fields at DATE: 1996-03-22 18:00:00 UTC        
 READ IN fields at DATE: 1996-03-23 00:00:00 UTC        
 READ IN fields at DATE: 1996-03-23 06:00:00 UTC        
 READ IN fields at DATE: 1996-03-23 12:00:00 UTC        
 READ IN fields at DATE: 1996-03-23 18:00:00 UTC        
 READ IN fields at DATE: 1996-03-24 00:00:00 UTC        
 READ IN fields at DATE: 1996-03-24 06:00:00 UTC        
 READ IN fields at DATE: 1996-03-24 12:00:00 UTC        
 READ IN fields at DATE: 1996-03-24 18:00:00 UTC        
 READ IN fields at DATE: 1996-03-25 00:00:00 UTC        
 READ IN fields at DATE: 1996-03-25 06:00:00 UTC        
 READ IN fields at DATE: 1996-03-25 12:00:00 UTC        
 READ IN fields at DATE: 1996-03-25 18:00:00 UTC        
 READ IN fields at DATE: 1996-03-26 00:00:00 UTC        
 READ IN fields at DATE: 1996-03-26 06:00:00 UTC        
 READ IN fields at DATE: 1996-03-26 12:00:00 UTC        
 READ IN fields at DATE: 1996-03-26 18:00:00 UTC        
 READ IN fields at DATE: 1996-03-27 00:00:00 UTC        
 READ IN fields at DATE: 1996-03-27 06:00:00 UTC        
 READ IN fields at DATE: 1996-03-27 12:00:00 UTC        
 READ IN fields at DATE: 1996-03-27 18:00:00 UTC        
 READ IN fields at DATE: 1996-03-28 00:00:00 UTC        
 READ IN fields at DATE: 1996-03-28 06:00:00 UTC        
 READ IN fields at DATE: 1996-03-28 12:00:00 UTC        
 READ IN fields at DATE: 1996-03-28 18:00:00 UTC        
 READ IN fields at DATE: 1996-03-29 00:00:00 UTC        
 READ IN fields at DATE: 1996-03-29 06:00:00 UTC        
 READ IN fields at DATE: 1996-03-29 12:00:00 UTC        
 READ IN fields at DATE: 1996-03-29 18:00:00 UTC        
 READ IN fields at DATE: 1996-03-30 00:00:00 UTC        
 READ IN fields at DATE: 1996-03-30 06:00:00 UTC        
 READ IN fields at DATE: 1996-03-30 12:00:00 UTC        
 READ IN fields at DATE: 1996-03-30 18:00:00 UTC        
 READ IN fields at DATE: 1996-03-31 00:00:00 UTC        
 READ IN fields at DATE: 1996-03-31 06:00:00 UTC        
 READ IN fields at DATE: 1996-03-31 12:00:00 UTC        
 READ IN fields at DATE: 1996-03-31 18:00:00 UTC        
      131072 /leonardo_work/ICT26_ESP/RCMDATA//ERA5/1996/tatm_1996_04.nc
  2.073772884984354E-003   251.172463174593     
      196608 /leonardo_work/ICT26_ESP/RCMDATA//ERA5/1996/geop_1996_04.nc
   7.37486856574169        235723.494206342     
      262144 /leonardo_work/ICT26_ESP/RCMDATA//ERA5/1996/qhum_1996_04.nc
  3.621989268203621E-007  1.185214981800000E-002
      327680 /leonardo_work/ICT26_ESP/RCMDATA//ERA5/1996/uwnd_1996_04.nc
  2.702238569436749E-003   28.5469963538598     
      393216 /leonardo_work/ICT26_ESP/RCMDATA//ERA5/1996/vwnd_1996_04.nc
  2.585811398738875E-003 -1.987180601713187E-003
 READ IN fields at DATE: 1996-04-01 00:00:00 UTC        
 READ IN fields at DATE: 1996-04-01 06:00:00 UTC        
 READ IN fields at DATE: 1996-04-01 12:00:00 UTC        
 READ IN fields at DATE: 1996-04-01 18:00:00 UTC        
 READ IN fields at DATE: 1996-04-02 00:00:00 UTC        
 READ IN fields at DATE: 1996-04-02 06:00:00 UTC        
 READ IN fields at DATE: 1996-04-02 12:00:00 UTC        
 READ IN fields at DATE: 1996-04-02 18:00:00 UTC        
 READ IN fields at DATE: 1996-04-03 00:00:00 UTC        
 READ IN fields at DATE: 1996-04-03 06:00:00 UTC        
 READ IN fields at DATE: 1996-04-03 12:00:00 UTC        
 READ IN fields at DATE: 1996-04-03 18:00:00 UTC        
 READ IN fields at DATE: 1996-04-04 00:00:00 UTC        
 READ IN fields at DATE: 1996-04-04 06:00:00 UTC        
 READ IN fields at DATE: 1996-04-04 12:00:00 UTC        
 READ IN fields at DATE: 1996-04-04 18:00:00 UTC        
 READ IN fields at DATE: 1996-04-05 00:00:00 UTC        
 READ IN fields at DATE: 1996-04-05 06:00:00 UTC        
 READ IN fields at DATE: 1996-04-05 12:00:00 UTC        
 READ IN fields at DATE: 1996-04-05 18:00:00 UTC        
 READ IN fields at DATE: 1996-04-06 00:00:00 UTC        
 READ IN fields at DATE: 1996-04-06 06:00:00 UTC        
 READ IN fields at DATE: 1996-04-06 12:00:00 UTC        
 READ IN fields at DATE: 1996-04-06 18:00:00 UTC        
 READ IN fields at DATE: 1996-04-07 00:00:00 UTC        
 READ IN fields at DATE: 1996-04-07 06:00:00 UTC        
 READ IN fields at DATE: 1996-04-07 12:00:00 UTC        
 READ IN fields at DATE: 1996-04-07 18:00:00 UTC        
 READ IN fields at DATE: 1996-04-08 00:00:00 UTC        
 READ IN fields at DATE: 1996-04-08 06:00:00 UTC        
 READ IN fields at DATE: 1996-04-08 12:00:00 UTC        
 READ IN fields at DATE: 1996-04-08 18:00:00 UTC        
 READ IN fields at DATE: 1996-04-09 00:00:00 UTC        
 READ IN fields at DATE: 1996-04-09 06:00:00 UTC        
 READ IN fields at DATE: 1996-04-09 12:00:00 UTC        
 READ IN fields at DATE: 1996-04-09 18:00:00 UTC        
 READ IN fields at DATE: 1996-04-10 00:00:00 UTC        
 READ IN fields at DATE: 1996-04-10 06:00:00 UTC        
 READ IN fields at DATE: 1996-04-10 12:00:00 UTC        
 READ IN fields at DATE: 1996-04-10 18:00:00 UTC        
 READ IN fields at DATE: 1996-04-11 00:00:00 UTC        
 READ IN fields at DATE: 1996-04-11 06:00:00 UTC        
 READ IN fields at DATE: 1996-04-11 12:00:00 UTC        
 READ IN fields at DATE: 1996-04-11 18:00:00 UTC        
 READ IN fields at DATE: 1996-04-12 00:00:00 UTC        
 READ IN fields at DATE: 1996-04-12 06:00:00 UTC        
 READ IN fields at DATE: 1996-04-12 12:00:00 UTC        
 READ IN fields at DATE: 1996-04-12 18:00:00 UTC        
 READ IN fields at DATE: 1996-04-13 00:00:00 UTC        
 READ IN fields at DATE: 1996-04-13 06:00:00 UTC        
 READ IN fields at DATE: 1996-04-13 12:00:00 UTC        
 READ IN fields at DATE: 1996-04-13 18:00:00 UTC        
 READ IN fields at DATE: 1996-04-14 00:00:00 UTC        
 READ IN fields at DATE: 1996-04-14 06:00:00 UTC        
 READ IN fields at DATE: 1996-04-14 12:00:00 UTC        
 READ IN fields at DATE: 1996-04-14 18:00:00 UTC        
 READ IN fields at DATE: 1996-04-15 00:00:00 UTC        
 READ IN fields at DATE: 1996-04-15 06:00:00 UTC        
 READ IN fields at DATE: 1996-04-15 12:00:00 UTC        
 READ IN fields at DATE: 1996-04-15 18:00:00 UTC        
 READ IN fields at DATE: 1996-04-16 00:00:00 UTC        
 READ IN fields at DATE: 1996-04-16 06:00:00 UTC        
 READ IN fields at DATE: 1996-04-16 12:00:00 UTC        
 READ IN fields at DATE: 1996-04-16 18:00:00 UTC        
 READ IN fields at DATE: 1996-04-17 00:00:00 UTC        
 READ IN fields at DATE: 1996-04-17 06:00:00 UTC        
 READ IN fields at DATE: 1996-04-17 12:00:00 UTC        
 READ IN fields at DATE: 1996-04-17 18:00:00 UTC        
 READ IN fields at DATE: 1996-04-18 00:00:00 UTC        
 READ IN fields at DATE: 1996-04-18 06:00:00 UTC        
 READ IN fields at DATE: 1996-04-18 12:00:00 UTC        
 READ IN fields at DATE: 1996-04-18 18:00:00 UTC        
 READ IN fields at DATE: 1996-04-19 00:00:00 UTC        
 READ IN fields at DATE: 1996-04-19 06:00:00 UTC        
 READ IN fields at DATE: 1996-04-19 12:00:00 UTC        
 READ IN fields at DATE: 1996-04-19 18:00:00 UTC        
 READ IN fields at DATE: 1996-04-20 00:00:00 UTC        
 READ IN fields at DATE: 1996-04-20 06:00:00 UTC        
 READ IN fields at DATE: 1996-04-20 12:00:00 UTC        
 READ IN fields at DATE: 1996-04-20 18:00:00 UTC        
 READ IN fields at DATE: 1996-04-21 00:00:00 UTC        
 READ IN fields at DATE: 1996-04-21 06:00:00 UTC        
 READ IN fields at DATE: 1996-04-21 12:00:00 UTC        
 READ IN fields at DATE: 1996-04-21 18:00:00 UTC        
 READ IN fields at DATE: 1996-04-22 00:00:00 UTC        
 READ IN fields at DATE: 1996-04-22 06:00:00 UTC        
 READ IN fields at DATE: 1996-04-22 12:00:00 UTC        
 READ IN fields at DATE: 1996-04-22 18:00:00 UTC        
 READ IN fields at DATE: 1996-04-23 00:00:00 UTC        
 READ IN fields at DATE: 1996-04-23 06:00:00 UTC        
 READ IN fields at DATE: 1996-04-23 12:00:00 UTC        
 READ IN fields at DATE: 1996-04-23 18:00:00 UTC        
 READ IN fields at DATE: 1996-04-24 00:00:00 UTC        
 READ IN fields at DATE: 1996-04-24 06:00:00 UTC        
 READ IN fields at DATE: 1996-04-24 12:00:00 UTC        
 READ IN fields at DATE: 1996-04-24 18:00:00 UTC        
 READ IN fields at DATE: 1996-04-25 00:00:00 UTC        
 READ IN fields at DATE: 1996-04-25 06:00:00 UTC        
 READ IN fields at DATE: 1996-04-25 12:00:00 UTC        
 READ IN fields at DATE: 1996-04-25 18:00:00 UTC        
 READ IN fields at DATE: 1996-04-26 00:00:00 UTC        
 READ IN fields at DATE: 1996-04-26 06:00:00 UTC        
 READ IN fields at DATE: 1996-04-26 12:00:00 UTC        
 READ IN fields at DATE: 1996-04-26 18:00:00 UTC        
 READ IN fields at DATE: 1996-04-27 00:00:00 UTC        
 READ IN fields at DATE: 1996-04-27 06:00:00 UTC        
 READ IN fields at DATE: 1996-04-27 12:00:00 UTC        
 READ IN fields at DATE: 1996-04-27 18:00:00 UTC        
 READ IN fields at DATE: 1996-04-28 00:00:00 UTC        
 READ IN fields at DATE: 1996-04-28 06:00:00 UTC        
 READ IN fields at DATE: 1996-04-28 12:00:00 UTC        
 READ IN fields at DATE: 1996-04-28 18:00:00 UTC        
 READ IN fields at DATE: 1996-04-29 00:00:00 UTC        
 READ IN fields at DATE: 1996-04-29 06:00:00 UTC        
 READ IN fields at DATE: 1996-04-29 12:00:00 UTC        
 READ IN fields at DATE: 1996-04-29 18:00:00 UTC        
 READ IN fields at DATE: 1996-04-30 00:00:00 UTC        
 READ IN fields at DATE: 1996-04-30 06:00:00 UTC        
 READ IN fields at DATE: 1996-04-30 12:00:00 UTC        
 READ IN fields at DATE: 1996-04-30 18:00:00 UTC        
      131072 /leonardo_work/ICT26_ESP/RCMDATA//ERA5/1996/tatm_1996_05.nc
  2.080630294177886E-003   251.316144133095     
      196608 /leonardo_work/ICT26_ESP/RCMDATA//ERA5/1996/geop_1996_05.nc
   7.54790114093281        240413.610815055     
      262144 /leonardo_work/ICT26_ESP/RCMDATA//ERA5/1996/qhum_1996_05.nc
  4.206317412085355E-007  1.376115461312544E-002
      327680 /leonardo_work/ICT26_ESP/RCMDATA//ERA5/1996/uwnd_1996_05.nc
  3.136314364265308E-003   44.6848255806108     
      393216 /leonardo_work/ICT26_ESP/RCMDATA//ERA5/1996/vwnd_1996_05.nc
  2.559595563673550E-003  0.618486437569726     
 READ IN fields at DATE: 1996-05-01 00:00:00 UTC        
 READ IN fields at DATE: 1996-05-01 06:00:00 UTC        
 READ IN fields at DATE: 1996-05-01 12:00:00 UTC        
 READ IN fields at DATE: 1996-05-01 18:00:00 UTC        
 READ IN fields at DATE: 1996-05-02 00:00:00 UTC        
 READ IN fields at DATE: 1996-05-02 06:00:00 UTC        
 READ IN fields at DATE: 1996-05-02 12:00:00 UTC        
 READ IN fields at DATE: 1996-05-02 18:00:00 UTC        
 READ IN fields at DATE: 1996-05-03 00:00:00 UTC        
 READ IN fields at DATE: 1996-05-03 06:00:00 UTC        
 READ IN fields at DATE: 1996-05-03 12:00:00 UTC        
 READ IN fields at DATE: 1996-05-03 18:00:00 UTC        
 READ IN fields at DATE: 1996-05-04 00:00:00 UTC        
 READ IN fields at DATE: 1996-05-04 06:00:00 UTC        
 READ IN fields at DATE: 1996-05-04 12:00:00 UTC        
 READ IN fields at DATE: 1996-05-04 18:00:00 UTC        
 READ IN fields at DATE: 1996-05-05 00:00:00 UTC        
 READ IN fields at DATE: 1996-05-05 06:00:00 UTC        
 READ IN fields at DATE: 1996-05-05 12:00:00 UTC        
 READ IN fields at DATE: 1996-05-05 18:00:00 UTC        
 READ IN fields at DATE: 1996-05-06 00:00:00 UTC        
 READ IN fields at DATE: 1996-05-06 06:00:00 UTC        
 READ IN fields at DATE: 1996-05-06 12:00:00 UTC        
 READ IN fields at DATE: 1996-05-06 18:00:00 UTC        
 READ IN fields at DATE: 1996-05-07 00:00:00 UTC        
 READ IN fields at DATE: 1996-05-07 06:00:00 UTC        
 READ IN fields at DATE: 1996-05-07 12:00:00 UTC        
 READ IN fields at DATE: 1996-05-07 18:00:00 UTC        
 READ IN fields at DATE: 1996-05-08 00:00:00 UTC        
 READ IN fields at DATE: 1996-05-08 06:00:00 UTC        
 READ IN fields at DATE: 1996-05-08 12:00:00 UTC        
 READ IN fields at DATE: 1996-05-08 18:00:00 UTC        
 READ IN fields at DATE: 1996-05-09 00:00:00 UTC        
 READ IN fields at DATE: 1996-05-09 06:00:00 UTC        
 READ IN fields at DATE: 1996-05-09 12:00:00 UTC        
 READ IN fields at DATE: 1996-05-09 18:00:00 UTC        
 READ IN fields at DATE: 1996-05-10 00:00:00 UTC        
 READ IN fields at DATE: 1996-05-10 06:00:00 UTC        
 READ IN fields at DATE: 1996-05-10 12:00:00 UTC        
 READ IN fields at DATE: 1996-05-10 18:00:00 UTC        
 READ IN fields at DATE: 1996-05-11 00:00:00 UTC        
 READ IN fields at DATE: 1996-05-11 06:00:00 UTC        
 READ IN fields at DATE: 1996-05-11 12:00:00 UTC        
 READ IN fields at DATE: 1996-05-11 18:00:00 UTC        
 READ IN fields at DATE: 1996-05-12 00:00:00 UTC        
 READ IN fields at DATE: 1996-05-12 06:00:00 UTC        
 READ IN fields at DATE: 1996-05-12 12:00:00 UTC        
 READ IN fields at DATE: 1996-05-12 18:00:00 UTC        
 READ IN fields at DATE: 1996-05-13 00:00:00 UTC        
 READ IN fields at DATE: 1996-05-13 06:00:00 UTC        
 READ IN fields at DATE: 1996-05-13 12:00:00 UTC        
 READ IN fields at DATE: 1996-05-13 18:00:00 UTC        
 READ IN fields at DATE: 1996-05-14 00:00:00 UTC        
 READ IN fields at DATE: 1996-05-14 06:00:00 UTC        
 READ IN fields at DATE: 1996-05-14 12:00:00 UTC        
 READ IN fields at DATE: 1996-05-14 18:00:00 UTC        
 READ IN fields at DATE: 1996-05-15 00:00:00 UTC        
 READ IN fields at DATE: 1996-05-15 06:00:00 UTC        
 READ IN fields at DATE: 1996-05-15 12:00:00 UTC        
 READ IN fields at DATE: 1996-05-15 18:00:00 UTC        
 READ IN fields at DATE: 1996-05-16 00:00:00 UTC        
 READ IN fields at DATE: 1996-05-16 06:00:00 UTC        
 READ IN fields at DATE: 1996-05-16 12:00:00 UTC        
 READ IN fields at DATE: 1996-05-16 18:00:00 UTC        
 READ IN fields at DATE: 1996-05-17 00:00:00 UTC        
 READ IN fields at DATE: 1996-05-17 06:00:00 UTC        
 READ IN fields at DATE: 1996-05-17 12:00:00 UTC        
 READ IN fields at DATE: 1996-05-17 18:00:00 UTC        
 READ IN fields at DATE: 1996-05-18 00:00:00 UTC        
 READ IN fields at DATE: 1996-05-18 06:00:00 UTC        
 READ IN fields at DATE: 1996-05-18 12:00:00 UTC        
 READ IN fields at DATE: 1996-05-18 18:00:00 UTC        
 READ IN fields at DATE: 1996-05-19 00:00:00 UTC        
 READ IN fields at DATE: 1996-05-19 06:00:00 UTC        
 READ IN fields at DATE: 1996-05-19 12:00:00 UTC        
 READ IN fields at DATE: 1996-05-19 18:00:00 UTC        
 READ IN fields at DATE: 1996-05-20 00:00:00 UTC        
 READ IN fields at DATE: 1996-05-20 06:00:00 UTC        
 READ IN fields at DATE: 1996-05-20 12:00:00 UTC        
 READ IN fields at DATE: 1996-05-20 18:00:00 UTC        
 READ IN fields at DATE: 1996-05-21 00:00:00 UTC        
 READ IN fields at DATE: 1996-05-21 06:00:00 UTC        
 READ IN fields at DATE: 1996-05-21 12:00:00 UTC        
 READ IN fields at DATE: 1996-05-21 18:00:00 UTC        
 READ IN fields at DATE: 1996-05-22 00:00:00 UTC        
 READ IN fields at DATE: 1996-05-22 06:00:00 UTC        
 READ IN fields at DATE: 1996-05-22 12:00:00 UTC        
 READ IN fields at DATE: 1996-05-22 18:00:00 UTC        
 READ IN fields at DATE: 1996-05-23 00:00:00 UTC        
 READ IN fields at DATE: 1996-05-23 06:00:00 UTC        
 READ IN fields at DATE: 1996-05-23 12:00:00 UTC        
 READ IN fields at DATE: 1996-05-23 18:00:00 UTC        
 READ IN fields at DATE: 1996-05-24 00:00:00 UTC        
 READ IN fields at DATE: 1996-05-24 06:00:00 UTC        
 READ IN fields at DATE: 1996-05-24 12:00:00 UTC        
 READ IN fields at DATE: 1996-05-24 18:00:00 UTC        
 READ IN fields at DATE: 1996-05-25 00:00:00 UTC        
 READ IN fields at DATE: 1996-05-25 06:00:00 UTC        
 READ IN fields at DATE: 1996-05-25 12:00:00 UTC        
 READ IN fields at DATE: 1996-05-25 18:00:00 UTC        
 READ IN fields at DATE: 1996-05-26 00:00:00 UTC        
 READ IN fields at DATE: 1996-05-26 06:00:00 UTC        
 READ IN fields at DATE: 1996-05-26 12:00:00 UTC        
 READ IN fields at DATE: 1996-05-26 18:00:00 UTC        
 READ IN fields at DATE: 1996-05-27 00:00:00 UTC        
 READ IN fields at DATE: 1996-05-27 06:00:00 UTC        
 READ IN fields at DATE: 1996-05-27 12:00:00 UTC        
 READ IN fields at DATE: 1996-05-27 18:00:00 UTC        
 READ IN fields at DATE: 1996-05-28 00:00:00 UTC        
 READ IN fields at DATE: 1996-05-28 06:00:00 UTC        
 READ IN fields at DATE: 1996-05-28 12:00:00 UTC        
 READ IN fields at DATE: 1996-05-28 18:00:00 UTC        
 READ IN fields at DATE: 1996-05-29 00:00:00 UTC        
 READ IN fields at DATE: 1996-05-29 06:00:00 UTC        
 READ IN fields at DATE: 1996-05-29 12:00:00 UTC        
 READ IN fields at DATE: 1996-05-29 18:00:00 UTC        
 READ IN fields at DATE: 1996-05-30 00:00:00 UTC        
 READ IN fields at DATE: 1996-05-30 06:00:00 UTC        
 READ IN fields at DATE: 1996-05-30 12:00:00 UTC        
 READ IN fields at DATE: 1996-05-30 18:00:00 UTC        
 READ IN fields at DATE: 1996-05-31 00:00:00 UTC        
 READ IN fields at DATE: 1996-05-31 06:00:00 UTC        
 READ IN fields at DATE: 1996-05-31 12:00:00 UTC        
 READ IN fields at DATE: 1996-05-31 18:00:00 UTC        
      131072 /leonardo_work/ICT26_ESP/RCMDATA//ERA5/1996/tatm_1996_06.nc
  2.269164690731912E-003   249.020990661795     
      196608 /leonardo_work/ICT26_ESP/RCMDATA//ERA5/1996/geop_1996_06.nc
   7.62175574948881        243687.991856500     
      262144 /leonardo_work/ICT26_ESP/RCMDATA//ERA5/1996/qhum_1996_06.nc
  4.552091371237412E-007  1.490098689931104E-002
      327680 /leonardo_work/ICT26_ESP/RCMDATA//ERA5/1996/uwnd_1996_06.nc
  4.605623311919185E-003   61.4674237508440     
      393216 /leonardo_work/ICT26_ESP/RCMDATA//ERA5/1996/vwnd_1996_06.nc
  2.829409270663254E-003   1.00568063227873     
 READ IN fields at DATE: 1996-06-01 00:00:00 UTC        
 READ IN fields at DATE: 1996-06-01 06:00:00 UTC        
 READ IN fields at DATE: 1996-06-01 12:00:00 UTC        
 READ IN fields at DATE: 1996-06-01 18:00:00 UTC        
 READ IN fields at DATE: 1996-06-02 00:00:00 UTC        
 READ IN fields at DATE: 1996-06-02 06:00:00 UTC        
 READ IN fields at DATE: 1996-06-02 12:00:00 UTC        
 READ IN fields at DATE: 1996-06-02 18:00:00 UTC        
 READ IN fields at DATE: 1996-06-03 00:00:00 UTC        
 READ IN fields at DATE: 1996-06-03 06:00:00 UTC        
 READ IN fields at DATE: 1996-06-03 12:00:00 UTC        
 READ IN fields at DATE: 1996-06-03 18:00:00 UTC        
 READ IN fields at DATE: 1996-06-04 00:00:00 UTC        
 READ IN fields at DATE: 1996-06-04 06:00:00 UTC        
 READ IN fields at DATE: 1996-06-04 12:00:00 UTC        
 READ IN fields at DATE: 1996-06-04 18:00:00 UTC        
 READ IN fields at DATE: 1996-06-05 00:00:00 UTC        
 READ IN fields at DATE: 1996-06-05 06:00:00 UTC        
 READ IN fields at DATE: 1996-06-05 12:00:00 UTC        
 READ IN fields at DATE: 1996-06-05 18:00:00 UTC        
 READ IN fields at DATE: 1996-06-06 00:00:00 UTC        
 READ IN fields at DATE: 1996-06-06 06:00:00 UTC        
 READ IN fields at DATE: 1996-06-06 12:00:00 UTC        
 READ IN fields at DATE: 1996-06-06 18:00:00 UTC        
 READ IN fields at DATE: 1996-06-07 00:00:00 UTC        
 READ IN fields at DATE: 1996-06-07 06:00:00 UTC        
 READ IN fields at DATE: 1996-06-07 12:00:00 UTC        
 READ IN fields at DATE: 1996-06-07 18:00:00 UTC        
 READ IN fields at DATE: 1996-06-08 00:00:00 UTC        
 READ IN fields at DATE: 1996-06-08 06:00:00 UTC        
 READ IN fields at DATE: 1996-06-08 12:00:00 UTC        
 READ IN fields at DATE: 1996-06-08 18:00:00 UTC        
 READ IN fields at DATE: 1996-06-09 00:00:00 UTC        
 READ IN fields at DATE: 1996-06-09 06:00:00 UTC        
 READ IN fields at DATE: 1996-06-09 12:00:00 UTC        
 READ IN fields at DATE: 1996-06-09 18:00:00 UTC        
 READ IN fields at DATE: 1996-06-10 00:00:00 UTC        
 READ IN fields at DATE: 1996-06-10 06:00:00 UTC        
 READ IN fields at DATE: 1996-06-10 12:00:00 UTC        
 READ IN fields at DATE: 1996-06-10 18:00:00 UTC        
 READ IN fields at DATE: 1996-06-11 00:00:00 UTC        
 READ IN fields at DATE: 1996-06-11 06:00:00 UTC        
 READ IN fields at DATE: 1996-06-11 12:00:00 UTC        
 READ IN fields at DATE: 1996-06-11 18:00:00 UTC        
 READ IN fields at DATE: 1996-06-12 00:00:00 UTC        
 READ IN fields at DATE: 1996-06-12 06:00:00 UTC        
 READ IN fields at DATE: 1996-06-12 12:00:00 UTC        
 READ IN fields at DATE: 1996-06-12 18:00:00 UTC        
 READ IN fields at DATE: 1996-06-13 00:00:00 UTC        
 READ IN fields at DATE: 1996-06-13 06:00:00 UTC        
 READ IN fields at DATE: 1996-06-13 12:00:00 UTC        
 READ IN fields at DATE: 1996-06-13 18:00:00 UTC        
 READ IN fields at DATE: 1996-06-14 00:00:00 UTC        
 READ IN fields at DATE: 1996-06-14 06:00:00 UTC        
 READ IN fields at DATE: 1996-06-14 12:00:00 UTC        
 READ IN fields at DATE: 1996-06-14 18:00:00 UTC        
 READ IN fields at DATE: 1996-06-15 00:00:00 UTC        
 READ IN fields at DATE: 1996-06-15 06:00:00 UTC        
 READ IN fields at DATE: 1996-06-15 12:00:00 UTC        
 READ IN fields at DATE: 1996-06-15 18:00:00 UTC        
 READ IN fields at DATE: 1996-06-16 00:00:00 UTC        
 READ IN fields at DATE: 1996-06-16 06:00:00 UTC        
 READ IN fields at DATE: 1996-06-16 12:00:00 UTC        
 READ IN fields at DATE: 1996-06-16 18:00:00 UTC        
 READ IN fields at DATE: 1996-06-17 00:00:00 UTC        
 READ IN fields at DATE: 1996-06-17 06:00:00 UTC        
 READ IN fields at DATE: 1996-06-17 12:00:00 UTC        
 READ IN fields at DATE: 1996-06-17 18:00:00 UTC        
 READ IN fields at DATE: 1996-06-18 00:00:00 UTC        
 READ IN fields at DATE: 1996-06-18 06:00:00 UTC        
 READ IN fields at DATE: 1996-06-18 12:00:00 UTC        
 READ IN fields at DATE: 1996-06-18 18:00:00 UTC        
 READ IN fields at DATE: 1996-06-19 00:00:00 UTC        
 READ IN fields at DATE: 1996-06-19 06:00:00 UTC        
 READ IN fields at DATE: 1996-06-19 12:00:00 UTC        
 READ IN fields at DATE: 1996-06-19 18:00:00 UTC        
 READ IN fields at DATE: 1996-06-20 00:00:00 UTC        
 READ IN fields at DATE: 1996-06-20 06:00:00 UTC        
 READ IN fields at DATE: 1996-06-20 12:00:00 UTC        
 READ IN fields at DATE: 1996-06-20 18:00:00 UTC        
 READ IN fields at DATE: 1996-06-21 00:00:00 UTC        
 READ IN fields at DATE: 1996-06-21 06:00:00 UTC        
 READ IN fields at DATE: 1996-06-21 12:00:00 UTC        
 READ IN fields at DATE: 1996-06-21 18:00:00 UTC        
 READ IN fields at DATE: 1996-06-22 00:00:00 UTC        
 READ IN fields at DATE: 1996-06-22 06:00:00 UTC        
 READ IN fields at DATE: 1996-06-22 12:00:00 UTC        
 READ IN fields at DATE: 1996-06-22 18:00:00 UTC        
 READ IN fields at DATE: 1996-06-23 00:00:00 UTC        
 READ IN fields at DATE: 1996-06-23 06:00:00 UTC        
 READ IN fields at DATE: 1996-06-23 12:00:00 UTC        
 READ IN fields at DATE: 1996-06-23 18:00:00 UTC        
 READ IN fields at DATE: 1996-06-24 00:00:00 UTC        
 READ IN fields at DATE: 1996-06-24 06:00:00 UTC        
 READ IN fields at DATE: 1996-06-24 12:00:00 UTC        
 READ IN fields at DATE: 1996-06-24 18:00:00 UTC        
 READ IN fields at DATE: 1996-06-25 00:00:00 UTC        
 READ IN fields at DATE: 1996-06-25 06:00:00 UTC        
 READ IN fields at DATE: 1996-06-25 12:00:00 UTC        
 READ IN fields at DATE: 1996-06-25 18:00:00 UTC        
 READ IN fields at DATE: 1996-06-26 00:00:00 UTC        
 READ IN fields at DATE: 1996-06-26 06:00:00 UTC        
 READ IN fields at DATE: 1996-06-26 12:00:00 UTC        
 READ IN fields at DATE: 1996-06-26 18:00:00 UTC        
 READ IN fields at DATE: 1996-06-27 00:00:00 UTC        
 READ IN fields at DATE: 1996-06-27 06:00:00 UTC        
 READ IN fields at DATE: 1996-06-27 12:00:00 UTC        
 READ IN fields at DATE: 1996-06-27 18:00:00 UTC        
 READ IN fields at DATE: 1996-06-28 00:00:00 UTC        
 READ IN fields at DATE: 1996-06-28 06:00:00 UTC        
 READ IN fields at DATE: 1996-06-28 12:00:00 UTC        
 READ IN fields at DATE: 1996-06-28 18:00:00 UTC        
 READ IN fields at DATE: 1996-06-29 00:00:00 UTC        
 READ IN fields at DATE: 1996-06-29 06:00:00 UTC        
 READ IN fields at DATE: 1996-06-29 12:00:00 UTC        
 READ IN fields at DATE: 1996-06-29 18:00:00 UTC        
 READ IN fields at DATE: 1996-06-30 00:00:00 UTC        
 READ IN fields at DATE: 1996-06-30 06:00:00 UTC        
 READ IN fields at DATE: 1996-06-30 12:00:00 UTC        
 READ IN fields at DATE: 1996-06-30 18:00:00 UTC        
      131072 /leonardo_work/ICT26_ESP/RCMDATA//ERA5/1996/tatm_1996_07.nc
  2.384799735319419E-003   244.290006330601     
      196608 /leonardo_work/ICT26_ESP/RCMDATA//ERA5/1996/geop_1996_07.nc
   7.62871103585217        244198.962988232     
      262144 /leonardo_work/ICT26_ESP/RCMDATA//ERA5/1996/qhum_1996_07.nc
  4.538880736627019E-007  1.477562761000868E-002
      327680 /leonardo_work/ICT26_ESP/RCMDATA//ERA5/1996/uwnd_1996_07.nc
  4.633302554569358E-003   62.7116115713790     
      393216 /leonardo_work/ICT26_ESP/RCMDATA//ERA5/1996/vwnd_1996_07.nc
  4.478837497365354E-003   20.4443548195326     
 READ IN fields at DATE: 1996-07-01 00:00:00 UTC        
 READ IN fields at DATE: 1996-07-01 06:00:00 UTC        
 READ IN fields at DATE: 1996-07-01 12:00:00 UTC        
 READ IN fields at DATE: 1996-07-01 18:00:00 UTC        
 READ IN fields at DATE: 1996-07-02 00:00:00 UTC        
 READ IN fields at DATE: 1996-07-02 06:00:00 UTC        
 READ IN fields at DATE: 1996-07-02 12:00:00 UTC        
 READ IN fields at DATE: 1996-07-02 18:00:00 UTC        
 READ IN fields at DATE: 1996-07-03 00:00:00 UTC        
 READ IN fields at DATE: 1996-07-03 06:00:00 UTC        
 READ IN fields at DATE: 1996-07-03 12:00:00 UTC        
 READ IN fields at DATE: 1996-07-03 18:00:00 UTC        
 READ IN fields at DATE: 1996-07-04 00:00:00 UTC        
 READ IN fields at DATE: 1996-07-04 06:00:00 UTC        
 READ IN fields at DATE: 1996-07-04 12:00:00 UTC        
 READ IN fields at DATE: 1996-07-04 18:00:00 UTC        
 READ IN fields at DATE: 1996-07-05 00:00:00 UTC        
 READ IN fields at DATE: 1996-07-05 06:00:00 UTC        
 READ IN fields at DATE: 1996-07-05 12:00:00 UTC        
 READ IN fields at DATE: 1996-07-05 18:00:00 UTC        
 READ IN fields at DATE: 1996-07-06 00:00:00 UTC        
 READ IN fields at DATE: 1996-07-06 06:00:00 UTC        
 READ IN fields at DATE: 1996-07-06 12:00:00 UTC        
 READ IN fields at DATE: 1996-07-06 18:00:00 UTC        
 READ IN fields at DATE: 1996-07-07 00:00:00 UTC        
 READ IN fields at DATE: 1996-07-07 06:00:00 UTC        
 READ IN fields at DATE: 1996-07-07 12:00:00 UTC        
 READ IN fields at DATE: 1996-07-07 18:00:00 UTC        
 READ IN fields at DATE: 1996-07-08 00:00:00 UTC        
 READ IN fields at DATE: 1996-07-08 06:00:00 UTC        
 READ IN fields at DATE: 1996-07-08 12:00:00 UTC        
 READ IN fields at DATE: 1996-07-08 18:00:00 UTC        
 READ IN fields at DATE: 1996-07-09 00:00:00 UTC        
 READ IN fields at DATE: 1996-07-09 06:00:00 UTC        
 READ IN fields at DATE: 1996-07-09 12:00:00 UTC        
 READ IN fields at DATE: 1996-07-09 18:00:00 UTC        
 READ IN fields at DATE: 1996-07-10 00:00:00 UTC        
 READ IN fields at DATE: 1996-07-10 06:00:00 UTC        
 READ IN fields at DATE: 1996-07-10 12:00:00 UTC        
 READ IN fields at DATE: 1996-07-10 18:00:00 UTC        
 READ IN fields at DATE: 1996-07-11 00:00:00 UTC        
 READ IN fields at DATE: 1996-07-11 06:00:00 UTC        
 READ IN fields at DATE: 1996-07-11 12:00:00 UTC        
 READ IN fields at DATE: 1996-07-11 18:00:00 UTC        
 READ IN fields at DATE: 1996-07-12 00:00:00 UTC        
 READ IN fields at DATE: 1996-07-12 06:00:00 UTC        
 READ IN fields at DATE: 1996-07-12 12:00:00 UTC        
 READ IN fields at DATE: 1996-07-12 18:00:00 UTC        
 READ IN fields at DATE: 1996-07-13 00:00:00 UTC        
 READ IN fields at DATE: 1996-07-13 06:00:00 UTC        
 READ IN fields at DATE: 1996-07-13 12:00:00 UTC        
 READ IN fields at DATE: 1996-07-13 18:00:00 UTC        
 READ IN fields at DATE: 1996-07-14 00:00:00 UTC        
 READ IN fields at DATE: 1996-07-14 06:00:00 UTC        
 READ IN fields at DATE: 1996-07-14 12:00:00 UTC        
 READ IN fields at DATE: 1996-07-14 18:00:00 UTC        
 READ IN fields at DATE: 1996-07-15 00:00:00 UTC        
 READ IN fields at DATE: 1996-07-15 06:00:00 UTC        
 READ IN fields at DATE: 1996-07-15 12:00:00 UTC        
 READ IN fields at DATE: 1996-07-15 18:00:00 UTC        
 READ IN fields at DATE: 1996-07-16 00:00:00 UTC        
 READ IN fields at DATE: 1996-07-16 06:00:00 UTC        
 READ IN fields at DATE: 1996-07-16 12:00:00 UTC        
 READ IN fields at DATE: 1996-07-16 18:00:00 UTC        
 READ IN fields at DATE: 1996-07-17 00:00:00 UTC        
 READ IN fields at DATE: 1996-07-17 06:00:00 UTC        
 READ IN fields at DATE: 1996-07-17 12:00:00 UTC        
 READ IN fields at DATE: 1996-07-17 18:00:00 UTC        
 READ IN fields at DATE: 1996-07-18 00:00:00 UTC        
 READ IN fields at DATE: 1996-07-18 06:00:00 UTC        
 READ IN fields at DATE: 1996-07-18 12:00:00 UTC        
 READ IN fields at DATE: 1996-07-18 18:00:00 UTC        
 READ IN fields at DATE: 1996-07-19 00:00:00 UTC        
 READ IN fields at DATE: 1996-07-19 06:00:00 UTC        
 READ IN fields at DATE: 1996-07-19 12:00:00 UTC        
 READ IN fields at DATE: 1996-07-19 18:00:00 UTC        
 READ IN fields at DATE: 1996-07-20 00:00:00 UTC        
 READ IN fields at DATE: 1996-07-20 06:00:00 UTC        
 READ IN fields at DATE: 1996-07-20 12:00:00 UTC        
 READ IN fields at DATE: 1996-07-20 18:00:00 UTC        
 READ IN fields at DATE: 1996-07-21 00:00:00 UTC        
 READ IN fields at DATE: 1996-07-21 06:00:00 UTC        
 READ IN fields at DATE: 1996-07-21 12:00:00 UTC        
 READ IN fields at DATE: 1996-07-21 18:00:00 UTC        
 READ IN fields at DATE: 1996-07-22 00:00:00 UTC        
 READ IN fields at DATE: 1996-07-22 06:00:00 UTC        
 READ IN fields at DATE: 1996-07-22 12:00:00 UTC        
 READ IN fields at DATE: 1996-07-22 18:00:00 UTC        
 READ IN fields at DATE: 1996-07-23 00:00:00 UTC        
 READ IN fields at DATE: 1996-07-23 06:00:00 UTC        
 READ IN fields at DATE: 1996-07-23 12:00:00 UTC        
 READ IN fields at DATE: 1996-07-23 18:00:00 UTC        
 READ IN fields at DATE: 1996-07-24 00:00:00 UTC        
 READ IN fields at DATE: 1996-07-24 06:00:00 UTC        
 READ IN fields at DATE: 1996-07-24 12:00:00 UTC        
 READ IN fields at DATE: 1996-07-24 18:00:00 UTC        
 READ IN fields at DATE: 1996-07-25 00:00:00 UTC        
 READ IN fields at DATE: 1996-07-25 06:00:00 UTC        
 READ IN fields at DATE: 1996-07-25 12:00:00 UTC        
 READ IN fields at DATE: 1996-07-25 18:00:00 UTC        
 READ IN fields at DATE: 1996-07-26 00:00:00 UTC        
 READ IN fields at DATE: 1996-07-26 06:00:00 UTC        
 READ IN fields at DATE: 1996-07-26 12:00:00 UTC        
 READ IN fields at DATE: 1996-07-26 18:00:00 UTC        
 READ IN fields at DATE: 1996-07-27 00:00:00 UTC        
 READ IN fields at DATE: 1996-07-27 06:00:00 UTC        
 READ IN fields at DATE: 1996-07-27 12:00:00 UTC        
 READ IN fields at DATE: 1996-07-27 18:00:00 UTC        
 READ IN fields at DATE: 1996-07-28 00:00:00 UTC        
 READ IN fields at DATE: 1996-07-28 06:00:00 UTC        
 READ IN fields at DATE: 1996-07-28 12:00:00 UTC        
 READ IN fields at DATE: 1996-07-28 18:00:00 UTC        
 READ IN fields at DATE: 1996-07-29 00:00:00 UTC        
 READ IN fields at DATE: 1996-07-29 06:00:00 UTC        
 READ IN fields at DATE: 1996-07-29 12:00:00 UTC        
 READ IN fields at DATE: 1996-07-29 18:00:00 UTC        
 READ IN fields at DATE: 1996-07-30 00:00:00 UTC        
 READ IN fields at DATE: 1996-07-30 06:00:00 UTC        
 READ IN fields at DATE: 1996-07-30 12:00:00 UTC        
 READ IN fields at DATE: 1996-07-30 18:00:00 UTC        
 READ IN fields at DATE: 1996-07-31 00:00:00 UTC        
 READ IN fields at DATE: 1996-07-31 06:00:00 UTC        
 READ IN fields at DATE: 1996-07-31 12:00:00 UTC        
 READ IN fields at DATE: 1996-07-31 18:00:00 UTC        
      131072 /leonardo_work/ICT26_ESP/RCMDATA//ERA5/1996/tatm_1996_08.nc
  2.333712258026848E-003   245.295319044750     
      196608 /leonardo_work/ICT26_ESP/RCMDATA//ERA5/1996/geop_1996_08.nc
   7.55939827071857        241559.259363365     
      262144 /leonardo_work/ICT26_ESP/RCMDATA//ERA5/1996/qhum_1996_08.nc
  4.417874642137738E-007  1.444408014938112E-002
      327680 /leonardo_work/ICT26_ESP/RCMDATA//ERA5/1996/uwnd_1996_08.nc
  4.364879608678190E-003   29.9970317325589     
      393216 /leonardo_work/ICT26_ESP/RCMDATA//ERA5/1996/vwnd_1996_08.nc
  3.842789335904120E-003   2.44623686949220     
 READ IN fields at DATE: 1996-08-01 00:00:00 UTC        
 READ IN fields at DATE: 1996-08-01 06:00:00 UTC        
 READ IN fields at DATE: 1996-08-01 12:00:00 UTC        
 READ IN fields at DATE: 1996-08-01 18:00:00 UTC        
 READ IN fields at DATE: 1996-08-02 00:00:00 UTC        
 READ IN fields at DATE: 1996-08-02 06:00:00 UTC        
 READ IN fields at DATE: 1996-08-02 12:00:00 UTC        
 READ IN fields at DATE: 1996-08-02 18:00:00 UTC        
 READ IN fields at DATE: 1996-08-03 00:00:00 UTC        
 READ IN fields at DATE: 1996-08-03 06:00:00 UTC        
 READ IN fields at DATE: 1996-08-03 12:00:00 UTC        
 READ IN fields at DATE: 1996-08-03 18:00:00 UTC        
 READ IN fields at DATE: 1996-08-04 00:00:00 UTC        
 READ IN fields at DATE: 1996-08-04 06:00:00 UTC        
 READ IN fields at DATE: 1996-08-04 12:00:00 UTC        
 READ IN fields at DATE: 1996-08-04 18:00:00 UTC        
 READ IN fields at DATE: 1996-08-05 00:00:00 UTC        
 READ IN fields at DATE: 1996-08-05 06:00:00 UTC        
 READ IN fields at DATE: 1996-08-05 12:00:00 UTC        
 READ IN fields at DATE: 1996-08-05 18:00:00 UTC        
 READ IN fields at DATE: 1996-08-06 00:00:00 UTC        
 READ IN fields at DATE: 1996-08-06 06:00:00 UTC        
 READ IN fields at DATE: 1996-08-06 12:00:00 UTC        
 READ IN fields at DATE: 1996-08-06 18:00:00 UTC        
 READ IN fields at DATE: 1996-08-07 00:00:00 UTC        
 READ IN fields at DATE: 1996-08-07 06:00:00 UTC        
 READ IN fields at DATE: 1996-08-07 12:00:00 UTC        
 READ IN fields at DATE: 1996-08-07 18:00:00 UTC        
 READ IN fields at DATE: 1996-08-08 00:00:00 UTC        
 READ IN fields at DATE: 1996-08-08 06:00:00 UTC        
 READ IN fields at DATE: 1996-08-08 12:00:00 UTC        
 READ IN fields at DATE: 1996-08-08 18:00:00 UTC        
 READ IN fields at DATE: 1996-08-09 00:00:00 UTC        
 READ IN fields at DATE: 1996-08-09 06:00:00 UTC        
 READ IN fields at DATE: 1996-08-09 12:00:00 UTC        
 READ IN fields at DATE: 1996-08-09 18:00:00 UTC        
 READ IN fields at DATE: 1996-08-10 00:00:00 UTC        
 READ IN fields at DATE: 1996-08-10 06:00:00 UTC        
 READ IN fields at DATE: 1996-08-10 12:00:00 UTC        
 READ IN fields at DATE: 1996-08-10 18:00:00 UTC        
 READ IN fields at DATE: 1996-08-11 00:00:00 UTC        
 READ IN fields at DATE: 1996-08-11 06:00:00 UTC        
 READ IN fields at DATE: 1996-08-11 12:00:00 UTC        
 READ IN fields at DATE: 1996-08-11 18:00:00 UTC        
 READ IN fields at DATE: 1996-08-12 00:00:00 UTC        
 READ IN fields at DATE: 1996-08-12 06:00:00 UTC        
 READ IN fields at DATE: 1996-08-12 12:00:00 UTC        
 READ IN fields at DATE: 1996-08-12 18:00:00 UTC        
 READ IN fields at DATE: 1996-08-13 00:00:00 UTC        
 READ IN fields at DATE: 1996-08-13 06:00:00 UTC        
 READ IN fields at DATE: 1996-08-13 12:00:00 UTC        
 READ IN fields at DATE: 1996-08-13 18:00:00 UTC        
 READ IN fields at DATE: 1996-08-14 00:00:00 UTC        
 READ IN fields at DATE: 1996-08-14 06:00:00 UTC        
 READ IN fields at DATE: 1996-08-14 12:00:00 UTC        
 READ IN fields at DATE: 1996-08-14 18:00:00 UTC        
 READ IN fields at DATE: 1996-08-15 00:00:00 UTC        
 READ IN fields at DATE: 1996-08-15 06:00:00 UTC        
 READ IN fields at DATE: 1996-08-15 12:00:00 UTC        
 READ IN fields at DATE: 1996-08-15 18:00:00 UTC        
 READ IN fields at DATE: 1996-08-16 00:00:00 UTC        
 READ IN fields at DATE: 1996-08-16 06:00:00 UTC        
 READ IN fields at DATE: 1996-08-16 12:00:00 UTC        
 READ IN fields at DATE: 1996-08-16 18:00:00 UTC        
 READ IN fields at DATE: 1996-08-17 00:00:00 UTC        
 READ IN fields at DATE: 1996-08-17 06:00:00 UTC        
 READ IN fields at DATE: 1996-08-17 12:00:00 UTC        
 READ IN fields at DATE: 1996-08-17 18:00:00 UTC        
 READ IN fields at DATE: 1996-08-18 00:00:00 UTC        
 READ IN fields at DATE: 1996-08-18 06:00:00 UTC        
 READ IN fields at DATE: 1996-08-18 12:00:00 UTC        
 READ IN fields at DATE: 1996-08-18 18:00:00 UTC        
 READ IN fields at DATE: 1996-08-19 00:00:00 UTC        
 READ IN fields at DATE: 1996-08-19 06:00:00 UTC        
 READ IN fields at DATE: 1996-08-19 12:00:00 UTC        
 READ IN fields at DATE: 1996-08-19 18:00:00 UTC        
 READ IN fields at DATE: 1996-08-20 00:00:00 UTC        
 READ IN fields at DATE: 1996-08-20 06:00:00 UTC        
 READ IN fields at DATE: 1996-08-20 12:00:00 UTC        
 READ IN fields at DATE: 1996-08-20 18:00:00 UTC        
 READ IN fields at DATE: 1996-08-21 00:00:00 UTC        
 READ IN fields at DATE: 1996-08-21 06:00:00 UTC        
 READ IN fields at DATE: 1996-08-21 12:00:00 UTC        
 READ IN fields at DATE: 1996-08-21 18:00:00 UTC        
 READ IN fields at DATE: 1996-08-22 00:00:00 UTC        
 READ IN fields at DATE: 1996-08-22 06:00:00 UTC        
 READ IN fields at DATE: 1996-08-22 12:00:00 UTC        
 READ IN fields at DATE: 1996-08-22 18:00:00 UTC        
 READ IN fields at DATE: 1996-08-23 00:00:00 UTC        
 READ IN fields at DATE: 1996-08-23 06:00:00 UTC        
 READ IN fields at DATE: 1996-08-23 12:00:00 UTC        
 READ IN fields at DATE: 1996-08-23 18:00:00 UTC        
 READ IN fields at DATE: 1996-08-24 00:00:00 UTC        
 READ IN fields at DATE: 1996-08-24 06:00:00 UTC        
 READ IN fields at DATE: 1996-08-24 12:00:00 UTC        
 READ IN fields at DATE: 1996-08-24 18:00:00 UTC        
 READ IN fields at DATE: 1996-08-25 00:00:00 UTC        
 READ IN fields at DATE: 1996-08-25 06:00:00 UTC        
 READ IN fields at DATE: 1996-08-25 12:00:00 UTC        
 READ IN fields at DATE: 1996-08-25 18:00:00 UTC        
 READ IN fields at DATE: 1996-08-26 00:00:00 UTC        
 READ IN fields at DATE: 1996-08-26 06:00:00 UTC        
 READ IN fields at DATE: 1996-08-26 12:00:00 UTC        
 READ IN fields at DATE: 1996-08-26 18:00:00 UTC        
 READ IN fields at DATE: 1996-08-27 00:00:00 UTC        
 READ IN fields at DATE: 1996-08-27 06:00:00 UTC        
 READ IN fields at DATE: 1996-08-27 12:00:00 UTC        
 READ IN fields at DATE: 1996-08-27 18:00:00 UTC        
 READ IN fields at DATE: 1996-08-28 00:00:00 UTC        
 READ IN fields at DATE: 1996-08-28 06:00:00 UTC        
 READ IN fields at DATE: 1996-08-28 12:00:00 UTC        
 READ IN fields at DATE: 1996-08-28 18:00:00 UTC        
 READ IN fields at DATE: 1996-08-29 00:00:00 UTC        
 READ IN fields at DATE: 1996-08-29 06:00:00 UTC        
 READ IN fields at DATE: 1996-08-29 12:00:00 UTC        
 READ IN fields at DATE: 1996-08-29 18:00:00 UTC        
 READ IN fields at DATE: 1996-08-30 00:00:00 UTC        
 READ IN fields at DATE: 1996-08-30 06:00:00 UTC        
 READ IN fields at DATE: 1996-08-30 12:00:00 UTC        
 READ IN fields at DATE: 1996-08-30 18:00:00 UTC        
 READ IN fields at DATE: 1996-08-31 00:00:00 UTC        
 READ IN fields at DATE: 1996-08-31 06:00:00 UTC        
 READ IN fields at DATE: 1996-08-31 12:00:00 UTC        
 READ IN fields at DATE: 1996-08-31 18:00:00 UTC        
      131072 /leonardo_work/ICT26_ESP/RCMDATA//ERA5/1996/tatm_1996_09.nc
  2.135690044087402E-003   250.835258754099     
      196608 /leonardo_work/ICT26_ESP/RCMDATA//ERA5/1996/geop_1996_09.nc
   7.35025328365098        235222.375654608     
      262144 /leonardo_work/ICT26_ESP/RCMDATA//ERA5/1996/qhum_1996_09.nc
  4.315743005312713E-007  1.410872572752774E-002
      327680 /leonardo_work/ICT26_ESP/RCMDATA//ERA5/1996/uwnd_1996_09.nc
  3.994844252788195E-003   25.1889358054127     
      393216 /leonardo_work/ICT26_ESP/RCMDATA//ERA5/1996/vwnd_1996_09.nc
  3.304955964158802E-003   6.89242100834605     
 READ IN fields at DATE: 1996-09-01 00:00:00 UTC        
 READ IN fields at DATE: 1996-09-01 06:00:00 UTC        
 READ IN fields at DATE: 1996-09-01 12:00:00 UTC        
 READ IN fields at DATE: 1996-09-01 18:00:00 UTC        
 READ IN fields at DATE: 1996-09-02 00:00:00 UTC        
 READ IN fields at DATE: 1996-09-02 06:00:00 UTC        
 READ IN fields at DATE: 1996-09-02 12:00:00 UTC        
 READ IN fields at DATE: 1996-09-02 18:00:00 UTC        
 READ IN fields at DATE: 1996-09-03 00:00:00 UTC        
 READ IN fields at DATE: 1996-09-03 06:00:00 UTC        
 READ IN fields at DATE: 1996-09-03 12:00:00 UTC        
 READ IN fields at DATE: 1996-09-03 18:00:00 UTC        
 READ IN fields at DATE: 1996-09-04 00:00:00 UTC        
 READ IN fields at DATE: 1996-09-04 06:00:00 UTC        
 READ IN fields at DATE: 1996-09-04 12:00:00 UTC        
 READ IN fields at DATE: 1996-09-04 18:00:00 UTC        
 READ IN fields at DATE: 1996-09-05 00:00:00 UTC        
 READ IN fields at DATE: 1996-09-05 06:00:00 UTC        
 READ IN fields at DATE: 1996-09-05 12:00:00 UTC        
 READ IN fields at DATE: 1996-09-05 18:00:00 UTC        
 READ IN fields at DATE: 1996-09-06 00:00:00 UTC        
 READ IN fields at DATE: 1996-09-06 06:00:00 UTC        
 READ IN fields at DATE: 1996-09-06 12:00:00 UTC        
 READ IN fields at DATE: 1996-09-06 18:00:00 UTC        
 READ IN fields at DATE: 1996-09-07 00:00:00 UTC        
 READ IN fields at DATE: 1996-09-07 06:00:00 UTC        
 READ IN fields at DATE: 1996-09-07 12:00:00 UTC        
 READ IN fields at DATE: 1996-09-07 18:00:00 UTC        
 READ IN fields at DATE: 1996-09-08 00:00:00 UTC        
 READ IN fields at DATE: 1996-09-08 06:00:00 UTC        
 READ IN fields at DATE: 1996-09-08 12:00:00 UTC        
 READ IN fields at DATE: 1996-09-08 18:00:00 UTC        
 READ IN fields at DATE: 1996-09-09 00:00:00 UTC        
 READ IN fields at DATE: 1996-09-09 06:00:00 UTC        
 READ IN fields at DATE: 1996-09-09 12:00:00 UTC        
 READ IN fields at DATE: 1996-09-09 18:00:00 UTC        
 READ IN fields at DATE: 1996-09-10 00:00:00 UTC        
 READ IN fields at DATE: 1996-09-10 06:00:00 UTC        
 READ IN fields at DATE: 1996-09-10 12:00:00 UTC        
 READ IN fields at DATE: 1996-09-10 18:00:00 UTC        
 READ IN fields at DATE: 1996-09-11 00:00:00 UTC        
 READ IN fields at DATE: 1996-09-11 06:00:00 UTC        
 READ IN fields at DATE: 1996-09-11 12:00:00 UTC        
 READ IN fields at DATE: 1996-09-11 18:00:00 UTC        
 READ IN fields at DATE: 1996-09-12 00:00:00 UTC        
 READ IN fields at DATE: 1996-09-12 06:00:00 UTC        
 READ IN fields at DATE: 1996-09-12 12:00:00 UTC        
 READ IN fields at DATE: 1996-09-12 18:00:00 UTC        
 READ IN fields at DATE: 1996-09-13 00:00:00 UTC        
 READ IN fields at DATE: 1996-09-13 06:00:00 UTC        
 READ IN fields at DATE: 1996-09-13 12:00:00 UTC        
 READ IN fields at DATE: 1996-09-13 18:00:00 UTC        
 READ IN fields at DATE: 1996-09-14 00:00:00 UTC        
 READ IN fields at DATE: 1996-09-14 06:00:00 UTC        
 READ IN fields at DATE: 1996-09-14 12:00:00 UTC        
 READ IN fields at DATE: 1996-09-14 18:00:00 UTC        
 READ IN fields at DATE: 1996-09-15 00:00:00 UTC        
 READ IN fields at DATE: 1996-09-15 06:00:00 UTC        
 READ IN fields at DATE: 1996-09-15 12:00:00 UTC        
 READ IN fields at DATE: 1996-09-15 18:00:00 UTC        
 READ IN fields at DATE: 1996-09-16 00:00:00 UTC        
 READ IN fields at DATE: 1996-09-16 06:00:00 UTC        
 READ IN fields at DATE: 1996-09-16 12:00:00 UTC        
 READ IN fields at DATE: 1996-09-16 18:00:00 UTC        
 READ IN fields at DATE: 1996-09-17 00:00:00 UTC        
 READ IN fields at DATE: 1996-09-17 06:00:00 UTC        
 READ IN fields at DATE: 1996-09-17 12:00:00 UTC        
 READ IN fields at DATE: 1996-09-17 18:00:00 UTC        
 READ IN fields at DATE: 1996-09-18 00:00:00 UTC        
 READ IN fields at DATE: 1996-09-18 06:00:00 UTC        
 READ IN fields at DATE: 1996-09-18 12:00:00 UTC        
 READ IN fields at DATE: 1996-09-18 18:00:00 UTC        
 READ IN fields at DATE: 1996-09-19 00:00:00 UTC        
 READ IN fields at DATE: 1996-09-19 06:00:00 UTC        
 READ IN fields at DATE: 1996-09-19 12:00:00 UTC        
 READ IN fields at DATE: 1996-09-19 18:00:00 UTC        
 READ IN fields at DATE: 1996-09-20 00:00:00 UTC        
 READ IN fields at DATE: 1996-09-20 06:00:00 UTC        
 READ IN fields at DATE: 1996-09-20 12:00:00 UTC        
 READ IN fields at DATE: 1996-09-20 18:00:00 UTC        
 READ IN fields at DATE: 1996-09-21 00:00:00 UTC        
 READ IN fields at DATE: 1996-09-21 06:00:00 UTC        
 READ IN fields at DATE: 1996-09-21 12:00:00 UTC        
 READ IN fields at DATE: 1996-09-21 18:00:00 UTC        
 READ IN fields at DATE: 1996-09-22 00:00:00 UTC        
 READ IN fields at DATE: 1996-09-22 06:00:00 UTC        
 READ IN fields at DATE: 1996-09-22 12:00:00 UTC        
 READ IN fields at DATE: 1996-09-22 18:00:00 UTC        
 READ IN fields at DATE: 1996-09-23 00:00:00 UTC        
 READ IN fields at DATE: 1996-09-23 06:00:00 UTC        
 READ IN fields at DATE: 1996-09-23 12:00:00 UTC        
 READ IN fields at DATE: 1996-09-23 18:00:00 UTC        
 READ IN fields at DATE: 1996-09-24 00:00:00 UTC        
 READ IN fields at DATE: 1996-09-24 06:00:00 UTC        
 READ IN fields at DATE: 1996-09-24 12:00:00 UTC        
 READ IN fields at DATE: 1996-09-24 18:00:00 UTC        
 READ IN fields at DATE: 1996-09-25 00:00:00 UTC        
 READ IN fields at DATE: 1996-09-25 06:00:00 UTC        
 READ IN fields at DATE: 1996-09-25 12:00:00 UTC        
 READ IN fields at DATE: 1996-09-25 18:00:00 UTC        
 READ IN fields at DATE: 1996-09-26 00:00:00 UTC        
 READ IN fields at DATE: 1996-09-26 06:00:00 UTC        
 READ IN fields at DATE: 1996-09-26 12:00:00 UTC        
 READ IN fields at DATE: 1996-09-26 18:00:00 UTC        
 READ IN fields at DATE: 1996-09-27 00:00:00 UTC        
 READ IN fields at DATE: 1996-09-27 06:00:00 UTC        
 READ IN fields at DATE: 1996-09-27 12:00:00 UTC        
 READ IN fields at DATE: 1996-09-27 18:00:00 UTC        
 READ IN fields at DATE: 1996-09-28 00:00:00 UTC        
 READ IN fields at DATE: 1996-09-28 06:00:00 UTC        
 READ IN fields at DATE: 1996-09-28 12:00:00 UTC        
 READ IN fields at DATE: 1996-09-28 18:00:00 UTC        
 READ IN fields at DATE: 1996-09-29 00:00:00 UTC        
 READ IN fields at DATE: 1996-09-29 06:00:00 UTC        
 READ IN fields at DATE: 1996-09-29 12:00:00 UTC        
 READ IN fields at DATE: 1996-09-29 18:00:00 UTC        
 READ IN fields at DATE: 1996-09-30 00:00:00 UTC        
 READ IN fields at DATE: 1996-09-30 06:00:00 UTC        
 READ IN fields at DATE: 1996-09-30 12:00:00 UTC        
 READ IN fields at DATE: 1996-09-30 18:00:00 UTC        
      131072 /leonardo_work/ICT26_ESP/RCMDATA//ERA5/1996/tatm_1996_10.nc
  2.044551767230465E-003   249.561714235347     
      196608 /leonardo_work/ICT26_ESP/RCMDATA//ERA5/1996/geop_1996_10.nc
   7.34583816550440        234549.358330917     
      262144 /leonardo_work/ICT26_ESP/RCMDATA//ERA5/1996/qhum_1996_10.nc
  3.701302373829066E-007  1.209442173808393E-002
      327680 /leonardo_work/ICT26_ESP/RCMDATA//ERA5/1996/uwnd_1996_10.nc
  3.162178608964186E-003   19.7939206196799     
      393216 /leonardo_work/ICT26_ESP/RCMDATA//ERA5/1996/vwnd_1996_10.nc
  2.932002408227296E-003 -0.546250547102551     
 READ IN fields at DATE: 1996-10-01 00:00:00 UTC        
 READ IN fields at DATE: 1996-10-01 06:00:00 UTC        
 READ IN fields at DATE: 1996-10-01 12:00:00 UTC        
 READ IN fields at DATE: 1996-10-01 18:00:00 UTC        
 READ IN fields at DATE: 1996-10-02 00:00:00 UTC        
 READ IN fields at DATE: 1996-10-02 06:00:00 UTC        
 READ IN fields at DATE: 1996-10-02 12:00:00 UTC        
 READ IN fields at DATE: 1996-10-02 18:00:00 UTC        
 READ IN fields at DATE: 1996-10-03 00:00:00 UTC        
 READ IN fields at DATE: 1996-10-03 06:00:00 UTC        
 READ IN fields at DATE: 1996-10-03 12:00:00 UTC        
 READ IN fields at DATE: 1996-10-03 18:00:00 UTC        
 READ IN fields at DATE: 1996-10-04 00:00:00 UTC        
 READ IN fields at DATE: 1996-10-04 06:00:00 UTC        
 READ IN fields at DATE: 1996-10-04 12:00:00 UTC        
 READ IN fields at DATE: 1996-10-04 18:00:00 UTC        
 READ IN fields at DATE: 1996-10-05 00:00:00 UTC        
 READ IN fields at DATE: 1996-10-05 06:00:00 UTC        
 READ IN fields at DATE: 1996-10-05 12:00:00 UTC        
 READ IN fields at DATE: 1996-10-05 18:00:00 UTC        
 READ IN fields at DATE: 1996-10-06 00:00:00 UTC        
 READ IN fields at DATE: 1996-10-06 06:00:00 UTC        
 READ IN fields at DATE: 1996-10-06 12:00:00 UTC        
 READ IN fields at DATE: 1996-10-06 18:00:00 UTC        
 READ IN fields at DATE: 1996-10-07 00:00:00 UTC        
 READ IN fields at DATE: 1996-10-07 06:00:00 UTC        
 READ IN fields at DATE: 1996-10-07 12:00:00 UTC        
 READ IN fields at DATE: 1996-10-07 18:00:00 UTC        
 READ IN fields at DATE: 1996-10-08 00:00:00 UTC        
 READ IN fields at DATE: 1996-10-08 06:00:00 UTC        
 READ IN fields at DATE: 1996-10-08 12:00:00 UTC        
 READ IN fields at DATE: 1996-10-08 18:00:00 UTC        
 READ IN fields at DATE: 1996-10-09 00:00:00 UTC        
 READ IN fields at DATE: 1996-10-09 06:00:00 UTC        
 READ IN fields at DATE: 1996-10-09 12:00:00 UTC        
 READ IN fields at DATE: 1996-10-09 18:00:00 UTC        
 READ IN fields at DATE: 1996-10-10 00:00:00 UTC        
 READ IN fields at DATE: 1996-10-10 06:00:00 UTC        
 READ IN fields at DATE: 1996-10-10 12:00:00 UTC        
 READ IN fields at DATE: 1996-10-10 18:00:00 UTC        
 READ IN fields at DATE: 1996-10-11 00:00:00 UTC        
 READ IN fields at DATE: 1996-10-11 06:00:00 UTC        
 READ IN fields at DATE: 1996-10-11 12:00:00 UTC        
 READ IN fields at DATE: 1996-10-11 18:00:00 UTC        
 READ IN fields at DATE: 1996-10-12 00:00:00 UTC        
 READ IN fields at DATE: 1996-10-12 06:00:00 UTC        
 READ IN fields at DATE: 1996-10-12 12:00:00 UTC        
 READ IN fields at DATE: 1996-10-12 18:00:00 UTC        
 READ IN fields at DATE: 1996-10-13 00:00:00 UTC        
 READ IN fields at DATE: 1996-10-13 06:00:00 UTC        
 READ IN fields at DATE: 1996-10-13 12:00:00 UTC        
 READ IN fields at DATE: 1996-10-13 18:00:00 UTC        
 READ IN fields at DATE: 1996-10-14 00:00:00 UTC        
 READ IN fields at DATE: 1996-10-14 06:00:00 UTC        
 READ IN fields at DATE: 1996-10-14 12:00:00 UTC        
 READ IN fields at DATE: 1996-10-14 18:00:00 UTC        
 READ IN fields at DATE: 1996-10-15 00:00:00 UTC        
 READ IN fields at DATE: 1996-10-15 06:00:00 UTC        
 READ IN fields at DATE: 1996-10-15 12:00:00 UTC        
 READ IN fields at DATE: 1996-10-15 18:00:00 UTC        
 READ IN fields at DATE: 1996-10-16 00:00:00 UTC        
 READ IN fields at DATE: 1996-10-16 06:00:00 UTC        
 READ IN fields at DATE: 1996-10-16 12:00:00 UTC        
 READ IN fields at DATE: 1996-10-16 18:00:00 UTC        
 READ IN fields at DATE: 1996-10-17 00:00:00 UTC        
 READ IN fields at DATE: 1996-10-17 06:00:00 UTC        
 READ IN fields at DATE: 1996-10-17 12:00:00 UTC        
 READ IN fields at DATE: 1996-10-17 18:00:00 UTC        
 READ IN fields at DATE: 1996-10-18 00:00:00 UTC        
 READ IN fields at DATE: 1996-10-18 06:00:00 UTC        
 READ IN fields at DATE: 1996-10-18 12:00:00 UTC        
 READ IN fields at DATE: 1996-10-18 18:00:00 UTC        
 READ IN fields at DATE: 1996-10-19 00:00:00 UTC        
 READ IN fields at DATE: 1996-10-19 06:00:00 UTC        
 READ IN fields at DATE: 1996-10-19 12:00:00 UTC        
 READ IN fields at DATE: 1996-10-19 18:00:00 UTC        
 READ IN fields at DATE: 1996-10-20 00:00:00 UTC        
 READ IN fields at DATE: 1996-10-20 06:00:00 UTC        
 READ IN fields at DATE: 1996-10-20 12:00:00 UTC        
 READ IN fields at DATE: 1996-10-20 18:00:00 UTC        
 READ IN fields at DATE: 1996-10-21 00:00:00 UTC        
 READ IN fields at DATE: 1996-10-21 06:00:00 UTC        
 READ IN fields at DATE: 1996-10-21 12:00:00 UTC        
 READ IN fields at DATE: 1996-10-21 18:00:00 UTC        
 READ IN fields at DATE: 1996-10-22 00:00:00 UTC        
 READ IN fields at DATE: 1996-10-22 06:00:00 UTC        
 READ IN fields at DATE: 1996-10-22 12:00:00 UTC        
 READ IN fields at DATE: 1996-10-22 18:00:00 UTC        
 READ IN fields at DATE: 1996-10-23 00:00:00 UTC        
 READ IN fields at DATE: 1996-10-23 06:00:00 UTC        
 READ IN fields at DATE: 1996-10-23 12:00:00 UTC        
 READ IN fields at DATE: 1996-10-23 18:00:00 UTC        
 READ IN fields at DATE: 1996-10-24 00:00:00 UTC        
 READ IN fields at DATE: 1996-10-24 06:00:00 UTC        
 READ IN fields at DATE: 1996-10-24 12:00:00 UTC        
 READ IN fields at DATE: 1996-10-24 18:00:00 UTC        
 READ IN fields at DATE: 1996-10-25 00:00:00 UTC        
 READ IN fields at DATE: 1996-10-25 06:00:00 UTC        
 READ IN fields at DATE: 1996-10-25 12:00:00 UTC        
 READ IN fields at DATE: 1996-10-25 18:00:00 UTC        
 READ IN fields at DATE: 1996-10-26 00:00:00 UTC        
 READ IN fields at DATE: 1996-10-26 06:00:00 UTC        
 READ IN fields at DATE: 1996-10-26 12:00:00 UTC        
 READ IN fields at DATE: 1996-10-26 18:00:00 UTC        
 READ IN fields at DATE: 1996-10-27 00:00:00 UTC        
 READ IN fields at DATE: 1996-10-27 06:00:00 UTC        
 READ IN fields at DATE: 1996-10-27 12:00:00 UTC        
 READ IN fields at DATE: 1996-10-27 18:00:00 UTC        
 READ IN fields at DATE: 1996-10-28 00:00:00 UTC        
 READ IN fields at DATE: 1996-10-28 06:00:00 UTC        
 READ IN fields at DATE: 1996-10-28 12:00:00 UTC        
 READ IN fields at DATE: 1996-10-28 18:00:00 UTC        
 READ IN fields at DATE: 1996-10-29 00:00:00 UTC        
 READ IN fields at DATE: 1996-10-29 06:00:00 UTC        
 READ IN fields at DATE: 1996-10-29 12:00:00 UTC        
 READ IN fields at DATE: 1996-10-29 18:00:00 UTC        
 READ IN fields at DATE: 1996-10-30 00:00:00 UTC        
 READ IN fields at DATE: 1996-10-30 06:00:00 UTC        
 READ IN fields at DATE: 1996-10-30 12:00:00 UTC        
 READ IN fields at DATE: 1996-10-30 18:00:00 UTC        
 READ IN fields at DATE: 1996-10-31 00:00:00 UTC        
 READ IN fields at DATE: 1996-10-31 06:00:00 UTC        
 READ IN fields at DATE: 1996-10-31 12:00:00 UTC        
 READ IN fields at DATE: 1996-10-31 18:00:00 UTC        
      131072 /leonardo_work/ICT26_ESP/RCMDATA//ERA5/1996/tatm_1996_11.nc
  2.071939958252784E-003   250.273797709220     
      196608 /leonardo_work/ICT26_ESP/RCMDATA//ERA5/1996/geop_1996_11.nc
   7.49883658328628        239719.309175458     
      262144 /leonardo_work/ICT26_ESP/RCMDATA//ERA5/1996/qhum_1996_11.nc
  3.522881622224371E-007  1.153925206748195E-002
      327680 /leonardo_work/ICT26_ESP/RCMDATA//ERA5/1996/uwnd_1996_11.nc
  3.696011534294983E-003   41.1668684248969     
      393216 /leonardo_work/ICT26_ESP/RCMDATA//ERA5/1996/vwnd_1996_11.nc
  2.932451559099399E-003   2.61163954814623     
 READ IN fields at DATE: 1996-11-01 00:00:00 UTC        
 READ IN fields at DATE: 1996-11-01 06:00:00 UTC        
 READ IN fields at DATE: 1996-11-01 12:00:00 UTC        
 READ IN fields at DATE: 1996-11-01 18:00:00 UTC        
 READ IN fields at DATE: 1996-11-02 00:00:00 UTC        
 READ IN fields at DATE: 1996-11-02 06:00:00 UTC        
 READ IN fields at DATE: 1996-11-02 12:00:00 UTC        
 READ IN fields at DATE: 1996-11-02 18:00:00 UTC        
 READ IN fields at DATE: 1996-11-03 00:00:00 UTC        
 READ IN fields at DATE: 1996-11-03 06:00:00 UTC        
 READ IN fields at DATE: 1996-11-03 12:00:00 UTC        
 READ IN fields at DATE: 1996-11-03 18:00:00 UTC        
 READ IN fields at DATE: 1996-11-04 00:00:00 UTC        
 READ IN fields at DATE: 1996-11-04 06:00:00 UTC        
 READ IN fields at DATE: 1996-11-04 12:00:00 UTC        
 READ IN fields at DATE: 1996-11-04 18:00:00 UTC        
 READ IN fields at DATE: 1996-11-05 00:00:00 UTC        
 READ IN fields at DATE: 1996-11-05 06:00:00 UTC        
 READ IN fields at DATE: 1996-11-05 12:00:00 UTC        
 READ IN fields at DATE: 1996-11-05 18:00:00 UTC        
 READ IN fields at DATE: 1996-11-06 00:00:00 UTC        
 READ IN fields at DATE: 1996-11-06 06:00:00 UTC        
 READ IN fields at DATE: 1996-11-06 12:00:00 UTC        
 READ IN fields at DATE: 1996-11-06 18:00:00 UTC        
 READ IN fields at DATE: 1996-11-07 00:00:00 UTC        
 READ IN fields at DATE: 1996-11-07 06:00:00 UTC        
 READ IN fields at DATE: 1996-11-07 12:00:00 UTC        
 READ IN fields at DATE: 1996-11-07 18:00:00 UTC        
 READ IN fields at DATE: 1996-11-08 00:00:00 UTC        
 READ IN fields at DATE: 1996-11-08 06:00:00 UTC        
 READ IN fields at DATE: 1996-11-08 12:00:00 UTC        
 READ IN fields at DATE: 1996-11-08 18:00:00 UTC        
 READ IN fields at DATE: 1996-11-09 00:00:00 UTC        
 READ IN fields at DATE: 1996-11-09 06:00:00 UTC        
 READ IN fields at DATE: 1996-11-09 12:00:00 UTC        
 READ IN fields at DATE: 1996-11-09 18:00:00 UTC        
 READ IN fields at DATE: 1996-11-10 00:00:00 UTC        
 READ IN fields at DATE: 1996-11-10 06:00:00 UTC        
 READ IN fields at DATE: 1996-11-10 12:00:00 UTC        
 READ IN fields at DATE: 1996-11-10 18:00:00 UTC        
 READ IN fields at DATE: 1996-11-11 00:00:00 UTC        
 READ IN fields at DATE: 1996-11-11 06:00:00 UTC        
 READ IN fields at DATE: 1996-11-11 12:00:00 UTC        
 READ IN fields at DATE: 1996-11-11 18:00:00 UTC        
 READ IN fields at DATE: 1996-11-12 00:00:00 UTC        
 READ IN fields at DATE: 1996-11-12 06:00:00 UTC        
 READ IN fields at DATE: 1996-11-12 12:00:00 UTC        
 READ IN fields at DATE: 1996-11-12 18:00:00 UTC        
 READ IN fields at DATE: 1996-11-13 00:00:00 UTC        
 READ IN fields at DATE: 1996-11-13 06:00:00 UTC        
 READ IN fields at DATE: 1996-11-13 12:00:00 UTC        
 READ IN fields at DATE: 1996-11-13 18:00:00 UTC        
 READ IN fields at DATE: 1996-11-14 00:00:00 UTC        
 READ IN fields at DATE: 1996-11-14 06:00:00 UTC        
 READ IN fields at DATE: 1996-11-14 12:00:00 UTC        
 READ IN fields at DATE: 1996-11-14 18:00:00 UTC        
 READ IN fields at DATE: 1996-11-15 00:00:00 UTC        
 READ IN fields at DATE: 1996-11-15 06:00:00 UTC        
 READ IN fields at DATE: 1996-11-15 12:00:00 UTC        
 READ IN fields at DATE: 1996-11-15 18:00:00 UTC        
 READ IN fields at DATE: 1996-11-16 00:00:00 UTC        
 READ IN fields at DATE: 1996-11-16 06:00:00 UTC        
 READ IN fields at DATE: 1996-11-16 12:00:00 UTC        
 READ IN fields at DATE: 1996-11-16 18:00:00 UTC        
 READ IN fields at DATE: 1996-11-17 00:00:00 UTC        
 READ IN fields at DATE: 1996-11-17 06:00:00 UTC        
 READ IN fields at DATE: 1996-11-17 12:00:00 UTC        
 READ IN fields at DATE: 1996-11-17 18:00:00 UTC        
 READ IN fields at DATE: 1996-11-18 00:00:00 UTC        
 READ IN fields at DATE: 1996-11-18 06:00:00 UTC        
 READ IN fields at DATE: 1996-11-18 12:00:00 UTC        
 READ IN fields at DATE: 1996-11-18 18:00:00 UTC        
 READ IN fields at DATE: 1996-11-19 00:00:00 UTC        
 READ IN fields at DATE: 1996-11-19 06:00:00 UTC        
 READ IN fields at DATE: 1996-11-19 12:00:00 UTC        
 READ IN fields at DATE: 1996-11-19 18:00:00 UTC        
 READ IN fields at DATE: 1996-11-20 00:00:00 UTC        
 READ IN fields at DATE: 1996-11-20 06:00:00 UTC        
 READ IN fields at DATE: 1996-11-20 12:00:00 UTC        
 READ IN fields at DATE: 1996-11-20 18:00:00 UTC        
 READ IN fields at DATE: 1996-11-21 00:00:00 UTC        
 READ IN fields at DATE: 1996-11-21 06:00:00 UTC        
 READ IN fields at DATE: 1996-11-21 12:00:00 UTC        
 READ IN fields at DATE: 1996-11-21 18:00:00 UTC        
 READ IN fields at DATE: 1996-11-22 00:00:00 UTC        
 READ IN fields at DATE: 1996-11-22 06:00:00 UTC        
 READ IN fields at DATE: 1996-11-22 12:00:00 UTC        
 READ IN fields at DATE: 1996-11-22 18:00:00 UTC        
 READ IN fields at DATE: 1996-11-23 00:00:00 UTC        
 READ IN fields at DATE: 1996-11-23 06:00:00 UTC        
 READ IN fields at DATE: 1996-11-23 12:00:00 UTC        
 READ IN fields at DATE: 1996-11-23 18:00:00 UTC        
 READ IN fields at DATE: 1996-11-24 00:00:00 UTC        
 READ IN fields at DATE: 1996-11-24 06:00:00 UTC        
 READ IN fields at DATE: 1996-11-24 12:00:00 UTC        
 READ IN fields at DATE: 1996-11-24 18:00:00 UTC        
 READ IN fields at DATE: 1996-11-25 00:00:00 UTC        
 READ IN fields at DATE: 1996-11-25 06:00:00 UTC        
 READ IN fields at DATE: 1996-11-25 12:00:00 UTC        
 READ IN fields at DATE: 1996-11-25 18:00:00 UTC        
 READ IN fields at DATE: 1996-11-26 00:00:00 UTC        
 READ IN fields at DATE: 1996-11-26 06:00:00 UTC        
 READ IN fields at DATE: 1996-11-26 12:00:00 UTC        
 READ IN fields at DATE: 1996-11-26 18:00:00 UTC        
 READ IN fields at DATE: 1996-11-27 00:00:00 UTC        
 READ IN fields at DATE: 1996-11-27 06:00:00 UTC        
 READ IN fields at DATE: 1996-11-27 12:00:00 UTC        
 READ IN fields at DATE: 1996-11-27 18:00:00 UTC        
 READ IN fields at DATE: 1996-11-28 00:00:00 UTC        
 READ IN fields at DATE: 1996-11-28 06:00:00 UTC        
 READ IN fields at DATE: 1996-11-28 12:00:00 UTC        
 READ IN fields at DATE: 1996-11-28 18:00:00 UTC        
 READ IN fields at DATE: 1996-11-29 00:00:00 UTC        
 READ IN fields at DATE: 1996-11-29 06:00:00 UTC        
 READ IN fields at DATE: 1996-11-29 12:00:00 UTC        
 READ IN fields at DATE: 1996-11-29 18:00:00 UTC        
 READ IN fields at DATE: 1996-11-30 00:00:00 UTC        
 READ IN fields at DATE: 1996-11-30 06:00:00 UTC        
 READ IN fields at DATE: 1996-11-30 12:00:00 UTC        
 READ IN fields at DATE: 1996-11-30 18:00:00 UTC        
      131072 /leonardo_work/ICT26_ESP/RCMDATA//ERA5/1996/tatm_1996_12.nc
  2.152570339978999E-003   248.187400277330     
      196608 /leonardo_work/ICT26_ESP/RCMDATA//ERA5/1996/geop_1996_12.nc
   7.64809320781133        246163.429859646     
      262144 /leonardo_work/ICT26_ESP/RCMDATA//ERA5/1996/qhum_1996_12.nc
  3.752122379831974E-007  1.226692726494614E-002
      327680 /leonardo_work/ICT26_ESP/RCMDATA//ERA5/1996/uwnd_1996_12.nc
  4.770724326970167E-003   39.8797176041451     
      393216 /leonardo_work/ICT26_ESP/RCMDATA//ERA5/1996/vwnd_1996_12.nc
  3.897770385453464E-003  -12.6442370932005     
 READ IN fields at DATE: 1996-12-01 00:00:00 UTC        
 READ IN fields at DATE: 1996-12-01 06:00:00 UTC        
 READ IN fields at DATE: 1996-12-01 12:00:00 UTC        
 READ IN fields at DATE: 1996-12-01 18:00:00 UTC        
 READ IN fields at DATE: 1996-12-02 00:00:00 UTC        
 READ IN fields at DATE: 1996-12-02 06:00:00 UTC        
 READ IN fields at DATE: 1996-12-02 12:00:00 UTC        
 READ IN fields at DATE: 1996-12-02 18:00:00 UTC        
 READ IN fields at DATE: 1996-12-03 00:00:00 UTC        
 READ IN fields at DATE: 1996-12-03 06:00:00 UTC        
 READ IN fields at DATE: 1996-12-03 12:00:00 UTC        
 READ IN fields at DATE: 1996-12-03 18:00:00 UTC        
 READ IN fields at DATE: 1996-12-04 00:00:00 UTC        
 READ IN fields at DATE: 1996-12-04 06:00:00 UTC        
 READ IN fields at DATE: 1996-12-04 12:00:00 UTC        
 READ IN fields at DATE: 1996-12-04 18:00:00 UTC        
 READ IN fields at DATE: 1996-12-05 00:00:00 UTC        
 READ IN fields at DATE: 1996-12-05 06:00:00 UTC        
 READ IN fields at DATE: 1996-12-05 12:00:00 UTC        
 READ IN fields at DATE: 1996-12-05 18:00:00 UTC        
 READ IN fields at DATE: 1996-12-06 00:00:00 UTC        
 READ IN fields at DATE: 1996-12-06 06:00:00 UTC        
 READ IN fields at DATE: 1996-12-06 12:00:00 UTC        
 READ IN fields at DATE: 1996-12-06 18:00:00 UTC        
 READ IN fields at DATE: 1996-12-07 00:00:00 UTC        
 READ IN fields at DATE: 1996-12-07 06:00:00 UTC        
 READ IN fields at DATE: 1996-12-07 12:00:00 UTC        
 READ IN fields at DATE: 1996-12-07 18:00:00 UTC        
 READ IN fields at DATE: 1996-12-08 00:00:00 UTC        
 READ IN fields at DATE: 1996-12-08 06:00:00 UTC        
 READ IN fields at DATE: 1996-12-08 12:00:00 UTC        
 READ IN fields at DATE: 1996-12-08 18:00:00 UTC        
 READ IN fields at DATE: 1996-12-09 00:00:00 UTC        
 READ IN fields at DATE: 1996-12-09 06:00:00 UTC        
 READ IN fields at DATE: 1996-12-09 12:00:00 UTC        
 READ IN fields at DATE: 1996-12-09 18:00:00 UTC        
 READ IN fields at DATE: 1996-12-10 00:00:00 UTC        
 READ IN fields at DATE: 1996-12-10 06:00:00 UTC        
 READ IN fields at DATE: 1996-12-10 12:00:00 UTC        
 READ IN fields at DATE: 1996-12-10 18:00:00 UTC        
 READ IN fields at DATE: 1996-12-11 00:00:00 UTC        
 READ IN fields at DATE: 1996-12-11 06:00:00 UTC        
 READ IN fields at DATE: 1996-12-11 12:00:00 UTC        
 READ IN fields at DATE: 1996-12-11 18:00:00 UTC        
 READ IN fields at DATE: 1996-12-12 00:00:00 UTC        
 READ IN fields at DATE: 1996-12-12 06:00:00 UTC        
 READ IN fields at DATE: 1996-12-12 12:00:00 UTC        
 READ IN fields at DATE: 1996-12-12 18:00:00 UTC        
 READ IN fields at DATE: 1996-12-13 00:00:00 UTC        
 READ IN fields at DATE: 1996-12-13 06:00:00 UTC        
 READ IN fields at DATE: 1996-12-13 12:00:00 UTC        
 READ IN fields at DATE: 1996-12-13 18:00:00 UTC        
 READ IN fields at DATE: 1996-12-14 00:00:00 UTC        
 READ IN fields at DATE: 1996-12-14 06:00:00 UTC        
 READ IN fields at DATE: 1996-12-14 12:00:00 UTC        
 READ IN fields at DATE: 1996-12-14 18:00:00 UTC        
 READ IN fields at DATE: 1996-12-15 00:00:00 UTC        
 READ IN fields at DATE: 1996-12-15 06:00:00 UTC        
 READ IN fields at DATE: 1996-12-15 12:00:00 UTC        
 READ IN fields at DATE: 1996-12-15 18:00:00 UTC        
 READ IN fields at DATE: 1996-12-16 00:00:00 UTC        
 READ IN fields at DATE: 1996-12-16 06:00:00 UTC        
 READ IN fields at DATE: 1996-12-16 12:00:00 UTC        
 READ IN fields at DATE: 1996-12-16 18:00:00 UTC        
 READ IN fields at DATE: 1996-12-17 00:00:00 UTC        
 READ IN fields at DATE: 1996-12-17 06:00:00 UTC        
 READ IN fields at DATE: 1996-12-17 12:00:00 UTC        
 READ IN fields at DATE: 1996-12-17 18:00:00 UTC        
 READ IN fields at DATE: 1996-12-18 00:00:00 UTC        
 READ IN fields at DATE: 1996-12-18 06:00:00 UTC        
 READ IN fields at DATE: 1996-12-18 12:00:00 UTC        
 READ IN fields at DATE: 1996-12-18 18:00:00 UTC        
 READ IN fields at DATE: 1996-12-19 00:00:00 UTC        
 READ IN fields at DATE: 1996-12-19 06:00:00 UTC        
 READ IN fields at DATE: 1996-12-19 12:00:00 UTC        
 READ IN fields at DATE: 1996-12-19 18:00:00 UTC        
 READ IN fields at DATE: 1996-12-20 00:00:00 UTC        
 READ IN fields at DATE: 1996-12-20 06:00:00 UTC        
 READ IN fields at DATE: 1996-12-20 12:00:00 UTC        
 READ IN fields at DATE: 1996-12-20 18:00:00 UTC        
 READ IN fields at DATE: 1996-12-21 00:00:00 UTC        
 READ IN fields at DATE: 1996-12-21 06:00:00 UTC        
 READ IN fields at DATE: 1996-12-21 12:00:00 UTC        
 READ IN fields at DATE: 1996-12-21 18:00:00 UTC        
 READ IN fields at DATE: 1996-12-22 00:00:00 UTC        
 READ IN fields at DATE: 1996-12-22 06:00:00 UTC        
 READ IN fields at DATE: 1996-12-22 12:00:00 UTC        
 READ IN fields at DATE: 1996-12-22 18:00:00 UTC        
 READ IN fields at DATE: 1996-12-23 00:00:00 UTC        
 READ IN fields at DATE: 1996-12-23 06:00:00 UTC        
 READ IN fields at DATE: 1996-12-23 12:00:00 UTC        
 READ IN fields at DATE: 1996-12-23 18:00:00 UTC        
 READ IN fields at DATE: 1996-12-24 00:00:00 UTC        
 READ IN fields at DATE: 1996-12-24 06:00:00 UTC        
 READ IN fields at DATE: 1996-12-24 12:00:00 UTC        
 READ IN fields at DATE: 1996-12-24 18:00:00 UTC        
 READ IN fields at DATE: 1996-12-25 00:00:00 UTC        
 READ IN fields at DATE: 1996-12-25 06:00:00 UTC        
 READ IN fields at DATE: 1996-12-25 12:00:00 UTC        
 READ IN fields at DATE: 1996-12-25 18:00:00 UTC        
 READ IN fields at DATE: 1996-12-26 00:00:00 UTC        
 READ IN fields at DATE: 1996-12-26 06:00:00 UTC        
 READ IN fields at DATE: 1996-12-26 12:00:00 UTC        
 READ IN fields at DATE: 1996-12-26 18:00:00 UTC        
 READ IN fields at DATE: 1996-12-27 00:00:00 UTC        
 READ IN fields at DATE: 1996-12-27 06:00:00 UTC        
 READ IN fields at DATE: 1996-12-27 12:00:00 UTC        
 READ IN fields at DATE: 1996-12-27 18:00:00 UTC        
 READ IN fields at DATE: 1996-12-28 00:00:00 UTC        
 READ IN fields at DATE: 1996-12-28 06:00:00 UTC        
 READ IN fields at DATE: 1996-12-28 12:00:00 UTC        
 READ IN fields at DATE: 1996-12-28 18:00:00 UTC        
 READ IN fields at DATE: 1996-12-29 00:00:00 UTC        
 READ IN fields at DATE: 1996-12-29 06:00:00 UTC        
 READ IN fields at DATE: 1996-12-29 12:00:00 UTC        
 READ IN fields at DATE: 1996-12-29 18:00:00 UTC        
 READ IN fields at DATE: 1996-12-30 00:00:00 UTC        
 READ IN fields at DATE: 1996-12-30 06:00:00 UTC        
 READ IN fields at DATE: 1996-12-30 12:00:00 UTC        
 READ IN fields at DATE: 1996-12-30 18:00:00 UTC        
 READ IN fields at DATE: 1996-12-31 00:00:00 UTC        
 READ IN fields at DATE: 1996-12-31 06:00:00 UTC        
 READ IN fields at DATE: 1996-12-31 12:00:00 UTC        
 READ IN fields at DATE: 1996-12-31 18:00:00 UTC        
      131072 /leonardo_work/ICT26_ESP/RCMDATA//ERA5/1997/tatm_1997_01.nc
  2.173699756795956E-003   247.047832827856     
      196608 /leonardo_work/ICT26_ESP/RCMDATA//ERA5/1997/geop_1997_01.nc
   7.66147637449834        246100.341136813     
      262144 /leonardo_work/ICT26_ESP/RCMDATA//ERA5/1997/qhum_1997_01.nc
  3.840342233702190E-007  1.256994479622606E-002
      327680 /leonardo_work/ICT26_ESP/RCMDATA//ERA5/1997/uwnd_1997_01.nc
  4.968343026932757E-003   41.0613891195022     
      393216 /leonardo_work/ICT26_ESP/RCMDATA//ERA5/1997/vwnd_1997_01.nc
  4.239685031584159E-003  -5.77374917601189     
 READ IN fields at DATE: 1997-01-01 00:00:00 UTC        
 Input ready at : Thu Jul 30 23:43:15 2026
 Successfully completed ICBC
icbc script complete
