
  This is icbc part of the RegCM version 5
   SVN Revision: 5.0.1 compiled at: data : Oct 10 2025  time: 16:26:26

 : this run start at    : 2026-07-30 14:56:49+0200
 : it is submitted by   : mdasilva
 : it is running on     : lrdn4804.leonardo.local
 : in directory         : 
 /leonardo/home/userexternal/mdasilva/github_projects/shell/ictp/regcm_exp/corde
 x5
                       
 Using Moloch non-hydrostatic dynamical core
 GLOBIDATE1 :  1995-01-01 00:00:00 UTC        
 GLOBIDATE2 :  1996-01-01 00:00:00 UTC        
 NSTEPS     :         1461
 Computing weights, R =      38.89632416 .......... Done.
 Computing weights, R =      38.89632416 .......... Done.
 Computing weights, R =      38.89632416 .......... Done.
      131072 /leonardo_work/ICT26_ESP/RCMDATA//ERA5/1995/tatm_1995_01.nc
  2.130911907723256E-003   249.549914158304     
      196608 /leonardo_work/ICT26_ESP/RCMDATA//ERA5/1995/geop_1995_01.nc
   7.64925614766606        245811.573809426     
      262144 /leonardo_work/ICT26_ESP/RCMDATA//ERA5/1995/qhum_1995_01.nc
  3.664583908517193E-007  1.192702995592215E-002
      327680 /leonardo_work/ICT26_ESP/RCMDATA//ERA5/1995/uwnd_1995_01.nc
  6.005507132677906E-003   12.0411714407696     
      393216 /leonardo_work/ICT26_ESP/RCMDATA//ERA5/1995/vwnd_1995_01.nc
  6.156249523141013E-003  -12.2166706540584     
 READ IN fields at DATE: 1995-01-01 00:00:00 UTC        
 READ IN fields at DATE: 1995-01-01 06:00:00 UTC        
 READ IN fields at DATE: 1995-01-01 12:00:00 UTC        
 READ IN fields at DATE: 1995-01-01 18:00:00 UTC        
 READ IN fields at DATE: 1995-01-02 00:00:00 UTC        
 READ IN fields at DATE: 1995-01-02 06:00:00 UTC        
 READ IN fields at DATE: 1995-01-02 12:00:00 UTC        
 READ IN fields at DATE: 1995-01-02 18:00:00 UTC        
 READ IN fields at DATE: 1995-01-03 00:00:00 UTC        
 READ IN fields at DATE: 1995-01-03 06:00:00 UTC        
 READ IN fields at DATE: 1995-01-03 12:00:00 UTC        
 READ IN fields at DATE: 1995-01-03 18:00:00 UTC        
 READ IN fields at DATE: 1995-01-04 00:00:00 UTC        
 READ IN fields at DATE: 1995-01-04 06:00:00 UTC        
 READ IN fields at DATE: 1995-01-04 12:00:00 UTC        
 READ IN fields at DATE: 1995-01-04 18:00:00 UTC        
 READ IN fields at DATE: 1995-01-05 00:00:00 UTC        
 READ IN fields at DATE: 1995-01-05 06:00:00 UTC        
 READ IN fields at DATE: 1995-01-05 12:00:00 UTC        
 READ IN fields at DATE: 1995-01-05 18:00:00 UTC        
 READ IN fields at DATE: 1995-01-06 00:00:00 UTC        
 READ IN fields at DATE: 1995-01-06 06:00:00 UTC        
 READ IN fields at DATE: 1995-01-06 12:00:00 UTC        
 READ IN fields at DATE: 1995-01-06 18:00:00 UTC        
 READ IN fields at DATE: 1995-01-07 00:00:00 UTC        
 READ IN fields at DATE: 1995-01-07 06:00:00 UTC        
 READ IN fields at DATE: 1995-01-07 12:00:00 UTC        
 READ IN fields at DATE: 1995-01-07 18:00:00 UTC        
 READ IN fields at DATE: 1995-01-08 00:00:00 UTC        
 READ IN fields at DATE: 1995-01-08 06:00:00 UTC        
 READ IN fields at DATE: 1995-01-08 12:00:00 UTC        
 READ IN fields at DATE: 1995-01-08 18:00:00 UTC        
 READ IN fields at DATE: 1995-01-09 00:00:00 UTC        
 READ IN fields at DATE: 1995-01-09 06:00:00 UTC        
 READ IN fields at DATE: 1995-01-09 12:00:00 UTC        
 READ IN fields at DATE: 1995-01-09 18:00:00 UTC        
 READ IN fields at DATE: 1995-01-10 00:00:00 UTC        
 READ IN fields at DATE: 1995-01-10 06:00:00 UTC        
 READ IN fields at DATE: 1995-01-10 12:00:00 UTC        
 READ IN fields at DATE: 1995-01-10 18:00:00 UTC        
 READ IN fields at DATE: 1995-01-11 00:00:00 UTC        
 READ IN fields at DATE: 1995-01-11 06:00:00 UTC        
 READ IN fields at DATE: 1995-01-11 12:00:00 UTC        
 READ IN fields at DATE: 1995-01-11 18:00:00 UTC        
 READ IN fields at DATE: 1995-01-12 00:00:00 UTC        
 READ IN fields at DATE: 1995-01-12 06:00:00 UTC        
 READ IN fields at DATE: 1995-01-12 12:00:00 UTC        
 READ IN fields at DATE: 1995-01-12 18:00:00 UTC        
 READ IN fields at DATE: 1995-01-13 00:00:00 UTC        
 READ IN fields at DATE: 1995-01-13 06:00:00 UTC        
 READ IN fields at DATE: 1995-01-13 12:00:00 UTC        
 READ IN fields at DATE: 1995-01-13 18:00:00 UTC        
 READ IN fields at DATE: 1995-01-14 00:00:00 UTC        
 READ IN fields at DATE: 1995-01-14 06:00:00 UTC        
 READ IN fields at DATE: 1995-01-14 12:00:00 UTC        
 READ IN fields at DATE: 1995-01-14 18:00:00 UTC        
 READ IN fields at DATE: 1995-01-15 00:00:00 UTC        
 READ IN fields at DATE: 1995-01-15 06:00:00 UTC        
 READ IN fields at DATE: 1995-01-15 12:00:00 UTC        
 READ IN fields at DATE: 1995-01-15 18:00:00 UTC        
 READ IN fields at DATE: 1995-01-16 00:00:00 UTC        
 READ IN fields at DATE: 1995-01-16 06:00:00 UTC        
 READ IN fields at DATE: 1995-01-16 12:00:00 UTC        
 READ IN fields at DATE: 1995-01-16 18:00:00 UTC        
 READ IN fields at DATE: 1995-01-17 00:00:00 UTC        
 READ IN fields at DATE: 1995-01-17 06:00:00 UTC        
 READ IN fields at DATE: 1995-01-17 12:00:00 UTC        
 READ IN fields at DATE: 1995-01-17 18:00:00 UTC        
 READ IN fields at DATE: 1995-01-18 00:00:00 UTC        
 READ IN fields at DATE: 1995-01-18 06:00:00 UTC        
 READ IN fields at DATE: 1995-01-18 12:00:00 UTC        
 READ IN fields at DATE: 1995-01-18 18:00:00 UTC        
 READ IN fields at DATE: 1995-01-19 00:00:00 UTC        
 READ IN fields at DATE: 1995-01-19 06:00:00 UTC        
 READ IN fields at DATE: 1995-01-19 12:00:00 UTC        
 READ IN fields at DATE: 1995-01-19 18:00:00 UTC        
 READ IN fields at DATE: 1995-01-20 00:00:00 UTC        
 READ IN fields at DATE: 1995-01-20 06:00:00 UTC        
 READ IN fields at DATE: 1995-01-20 12:00:00 UTC        
 READ IN fields at DATE: 1995-01-20 18:00:00 UTC        
 READ IN fields at DATE: 1995-01-21 00:00:00 UTC        
 READ IN fields at DATE: 1995-01-21 06:00:00 UTC        
 READ IN fields at DATE: 1995-01-21 12:00:00 UTC        
 READ IN fields at DATE: 1995-01-21 18:00:00 UTC        
 READ IN fields at DATE: 1995-01-22 00:00:00 UTC        
 READ IN fields at DATE: 1995-01-22 06:00:00 UTC        
 READ IN fields at DATE: 1995-01-22 12:00:00 UTC        
 READ IN fields at DATE: 1995-01-22 18:00:00 UTC        
 READ IN fields at DATE: 1995-01-23 00:00:00 UTC        
 READ IN fields at DATE: 1995-01-23 06:00:00 UTC        
 READ IN fields at DATE: 1995-01-23 12:00:00 UTC        
 READ IN fields at DATE: 1995-01-23 18:00:00 UTC        
 READ IN fields at DATE: 1995-01-24 00:00:00 UTC        
 READ IN fields at DATE: 1995-01-24 06:00:00 UTC        
 READ IN fields at DATE: 1995-01-24 12:00:00 UTC        
 READ IN fields at DATE: 1995-01-24 18:00:00 UTC        
 READ IN fields at DATE: 1995-01-25 00:00:00 UTC        
 READ IN fields at DATE: 1995-01-25 06:00:00 UTC        
 READ IN fields at DATE: 1995-01-25 12:00:00 UTC        
 READ IN fields at DATE: 1995-01-25 18:00:00 UTC        
 READ IN fields at DATE: 1995-01-26 00:00:00 UTC        
 READ IN fields at DATE: 1995-01-26 06:00:00 UTC        
 READ IN fields at DATE: 1995-01-26 12:00:00 UTC        
 READ IN fields at DATE: 1995-01-26 18:00:00 UTC        
 READ IN fields at DATE: 1995-01-27 00:00:00 UTC        
 READ IN fields at DATE: 1995-01-27 06:00:00 UTC        
 READ IN fields at DATE: 1995-01-27 12:00:00 UTC        
 READ IN fields at DATE: 1995-01-27 18:00:00 UTC        
 READ IN fields at DATE: 1995-01-28 00:00:00 UTC        
 READ IN fields at DATE: 1995-01-28 06:00:00 UTC        
 READ IN fields at DATE: 1995-01-28 12:00:00 UTC        
 READ IN fields at DATE: 1995-01-28 18:00:00 UTC        
 READ IN fields at DATE: 1995-01-29 00:00:00 UTC        
 READ IN fields at DATE: 1995-01-29 06:00:00 UTC        
 READ IN fields at DATE: 1995-01-29 12:00:00 UTC        
 READ IN fields at DATE: 1995-01-29 18:00:00 UTC        
 READ IN fields at DATE: 1995-01-30 00:00:00 UTC        
 READ IN fields at DATE: 1995-01-30 06:00:00 UTC        
 READ IN fields at DATE: 1995-01-30 12:00:00 UTC        
 READ IN fields at DATE: 1995-01-30 18:00:00 UTC        
 READ IN fields at DATE: 1995-01-31 00:00:00 UTC        
 READ IN fields at DATE: 1995-01-31 06:00:00 UTC        
 READ IN fields at DATE: 1995-01-31 12:00:00 UTC        
 READ IN fields at DATE: 1995-01-31 18:00:00 UTC        
      131072 /leonardo_work/ICT26_ESP/RCMDATA//ERA5/1995/tatm_1995_02.nc
  2.081140915153792E-003   250.446507342140     
      196608 /leonardo_work/ICT26_ESP/RCMDATA//ERA5/1995/geop_1995_02.nc
   7.54137019946058        241624.735174275     
      262144 /leonardo_work/ICT26_ESP/RCMDATA//ERA5/1995/qhum_1995_02.nc
  3.616903852997743E-007  1.183611636143528E-002
      327680 /leonardo_work/ICT26_ESP/RCMDATA//ERA5/1995/uwnd_1995_02.nc
  3.872355524467992E-003   16.8793122963589     
      393216 /leonardo_work/ICT26_ESP/RCMDATA//ERA5/1995/vwnd_1995_02.nc
  3.252178291852959E-003  0.656104013393136     
 READ IN fields at DATE: 1995-02-01 00:00:00 UTC        
 READ IN fields at DATE: 1995-02-01 06:00:00 UTC        
 READ IN fields at DATE: 1995-02-01 12:00:00 UTC        
 READ IN fields at DATE: 1995-02-01 18:00:00 UTC        
 READ IN fields at DATE: 1995-02-02 00:00:00 UTC        
 READ IN fields at DATE: 1995-02-02 06:00:00 UTC        
 READ IN fields at DATE: 1995-02-02 12:00:00 UTC        
 READ IN fields at DATE: 1995-02-02 18:00:00 UTC        
 READ IN fields at DATE: 1995-02-03 00:00:00 UTC        
 READ IN fields at DATE: 1995-02-03 06:00:00 UTC        
 READ IN fields at DATE: 1995-02-03 12:00:00 UTC        
 READ IN fields at DATE: 1995-02-03 18:00:00 UTC        
 READ IN fields at DATE: 1995-02-04 00:00:00 UTC        
 READ IN fields at DATE: 1995-02-04 06:00:00 UTC        
 READ IN fields at DATE: 1995-02-04 12:00:00 UTC        
 READ IN fields at DATE: 1995-02-04 18:00:00 UTC        
 READ IN fields at DATE: 1995-02-05 00:00:00 UTC        
 READ IN fields at DATE: 1995-02-05 06:00:00 UTC        
 READ IN fields at DATE: 1995-02-05 12:00:00 UTC        
 READ IN fields at DATE: 1995-02-05 18:00:00 UTC        
 READ IN fields at DATE: 1995-02-06 00:00:00 UTC        
 READ IN fields at DATE: 1995-02-06 06:00:00 UTC        
 READ IN fields at DATE: 1995-02-06 12:00:00 UTC        
 READ IN fields at DATE: 1995-02-06 18:00:00 UTC        
 READ IN fields at DATE: 1995-02-07 00:00:00 UTC        
 READ IN fields at DATE: 1995-02-07 06:00:00 UTC        
 READ IN fields at DATE: 1995-02-07 12:00:00 UTC        
 READ IN fields at DATE: 1995-02-07 18:00:00 UTC        
 READ IN fields at DATE: 1995-02-08 00:00:00 UTC        
 READ IN fields at DATE: 1995-02-08 06:00:00 UTC        
 READ IN fields at DATE: 1995-02-08 12:00:00 UTC        
 READ IN fields at DATE: 1995-02-08 18:00:00 UTC        
 READ IN fields at DATE: 1995-02-09 00:00:00 UTC        
 READ IN fields at DATE: 1995-02-09 06:00:00 UTC        
 READ IN fields at DATE: 1995-02-09 12:00:00 UTC        
 READ IN fields at DATE: 1995-02-09 18:00:00 UTC        
 READ IN fields at DATE: 1995-02-10 00:00:00 UTC        
 READ IN fields at DATE: 1995-02-10 06:00:00 UTC        
 READ IN fields at DATE: 1995-02-10 12:00:00 UTC        
 READ IN fields at DATE: 1995-02-10 18:00:00 UTC        
 READ IN fields at DATE: 1995-02-11 00:00:00 UTC        
 READ IN fields at DATE: 1995-02-11 06:00:00 UTC        
 READ IN fields at DATE: 1995-02-11 12:00:00 UTC        
 READ IN fields at DATE: 1995-02-11 18:00:00 UTC        
 READ IN fields at DATE: 1995-02-12 00:00:00 UTC        
 READ IN fields at DATE: 1995-02-12 06:00:00 UTC        
 READ IN fields at DATE: 1995-02-12 12:00:00 UTC        
 READ IN fields at DATE: 1995-02-12 18:00:00 UTC        
 READ IN fields at DATE: 1995-02-13 00:00:00 UTC        
 READ IN fields at DATE: 1995-02-13 06:00:00 UTC        
 READ IN fields at DATE: 1995-02-13 12:00:00 UTC        
 READ IN fields at DATE: 1995-02-13 18:00:00 UTC        
 READ IN fields at DATE: 1995-02-14 00:00:00 UTC        
 READ IN fields at DATE: 1995-02-14 06:00:00 UTC        
 READ IN fields at DATE: 1995-02-14 12:00:00 UTC        
 READ IN fields at DATE: 1995-02-14 18:00:00 UTC        
 READ IN fields at DATE: 1995-02-15 00:00:00 UTC        
 READ IN fields at DATE: 1995-02-15 06:00:00 UTC        
 READ IN fields at DATE: 1995-02-15 12:00:00 UTC        
 READ IN fields at DATE: 1995-02-15 18:00:00 UTC        
 READ IN fields at DATE: 1995-02-16 00:00:00 UTC        
 READ IN fields at DATE: 1995-02-16 06:00:00 UTC        
 READ IN fields at DATE: 1995-02-16 12:00:00 UTC        
 READ IN fields at DATE: 1995-02-16 18:00:00 UTC        
 READ IN fields at DATE: 1995-02-17 00:00:00 UTC        
 READ IN fields at DATE: 1995-02-17 06:00:00 UTC        
 READ IN fields at DATE: 1995-02-17 12:00:00 UTC        
 READ IN fields at DATE: 1995-02-17 18:00:00 UTC        
 READ IN fields at DATE: 1995-02-18 00:00:00 UTC        
 READ IN fields at DATE: 1995-02-18 06:00:00 UTC        
 READ IN fields at DATE: 1995-02-18 12:00:00 UTC        
 READ IN fields at DATE: 1995-02-18 18:00:00 UTC        
 READ IN fields at DATE: 1995-02-19 00:00:00 UTC        
 READ IN fields at DATE: 1995-02-19 06:00:00 UTC        
 READ IN fields at DATE: 1995-02-19 12:00:00 UTC        
 READ IN fields at DATE: 1995-02-19 18:00:00 UTC        
 READ IN fields at DATE: 1995-02-20 00:00:00 UTC        
 READ IN fields at DATE: 1995-02-20 06:00:00 UTC        
 READ IN fields at DATE: 1995-02-20 12:00:00 UTC        
 READ IN fields at DATE: 1995-02-20 18:00:00 UTC        
 READ IN fields at DATE: 1995-02-21 00:00:00 UTC        
 READ IN fields at DATE: 1995-02-21 06:00:00 UTC        
 READ IN fields at DATE: 1995-02-21 12:00:00 UTC        
 READ IN fields at DATE: 1995-02-21 18:00:00 UTC        
 READ IN fields at DATE: 1995-02-22 00:00:00 UTC        
 READ IN fields at DATE: 1995-02-22 06:00:00 UTC        
 READ IN fields at DATE: 1995-02-22 12:00:00 UTC        
 READ IN fields at DATE: 1995-02-22 18:00:00 UTC        
 READ IN fields at DATE: 1995-02-23 00:00:00 UTC        
 READ IN fields at DATE: 1995-02-23 06:00:00 UTC        
 READ IN fields at DATE: 1995-02-23 12:00:00 UTC        
 READ IN fields at DATE: 1995-02-23 18:00:00 UTC        
 READ IN fields at DATE: 1995-02-24 00:00:00 UTC        
 READ IN fields at DATE: 1995-02-24 06:00:00 UTC        
 READ IN fields at DATE: 1995-02-24 12:00:00 UTC        
 READ IN fields at DATE: 1995-02-24 18:00:00 UTC        
 READ IN fields at DATE: 1995-02-25 00:00:00 UTC        
 READ IN fields at DATE: 1995-02-25 06:00:00 UTC        
 READ IN fields at DATE: 1995-02-25 12:00:00 UTC        
 READ IN fields at DATE: 1995-02-25 18:00:00 UTC        
 READ IN fields at DATE: 1995-02-26 00:00:00 UTC        
 READ IN fields at DATE: 1995-02-26 06:00:00 UTC        
 READ IN fields at DATE: 1995-02-26 12:00:00 UTC        
 READ IN fields at DATE: 1995-02-26 18:00:00 UTC        
 READ IN fields at DATE: 1995-02-27 00:00:00 UTC        
 READ IN fields at DATE: 1995-02-27 06:00:00 UTC        
 READ IN fields at DATE: 1995-02-27 12:00:00 UTC        
 READ IN fields at DATE: 1995-02-27 18:00:00 UTC        
 READ IN fields at DATE: 1995-02-28 00:00:00 UTC        
 READ IN fields at DATE: 1995-02-28 06:00:00 UTC        
 READ IN fields at DATE: 1995-02-28 12:00:00 UTC        
 READ IN fields at DATE: 1995-02-28 18:00:00 UTC        
      131072 /leonardo_work/ICT26_ESP/RCMDATA//ERA5/1995/tatm_1995_03.nc
  2.063018410914515E-003   249.381208786205     
      196608 /leonardo_work/ICT26_ESP/RCMDATA//ERA5/1995/geop_1995_03.nc
   7.36121323178780        235916.938534009     
      262144 /leonardo_work/ICT26_ESP/RCMDATA//ERA5/1995/qhum_1995_03.nc
  3.693340123612134E-007  1.207616033705512E-002
      327680 /leonardo_work/ICT26_ESP/RCMDATA//ERA5/1995/uwnd_1995_03.nc
  3.561374078186872E-003   18.9689605849336     
      393216 /leonardo_work/ICT26_ESP/RCMDATA//ERA5/1995/vwnd_1995_03.nc
  3.031571402957289E-003 -4.643837459291145E-003
 READ IN fields at DATE: 1995-03-01 00:00:00 UTC        
 READ IN fields at DATE: 1995-03-01 06:00:00 UTC        
 READ IN fields at DATE: 1995-03-01 12:00:00 UTC        
 READ IN fields at DATE: 1995-03-01 18:00:00 UTC        
 READ IN fields at DATE: 1995-03-02 00:00:00 UTC        
 READ IN fields at DATE: 1995-03-02 06:00:00 UTC        
 READ IN fields at DATE: 1995-03-02 12:00:00 UTC        
 READ IN fields at DATE: 1995-03-02 18:00:00 UTC        
 READ IN fields at DATE: 1995-03-03 00:00:00 UTC        
 READ IN fields at DATE: 1995-03-03 06:00:00 UTC        
 READ IN fields at DATE: 1995-03-03 12:00:00 UTC        
 READ IN fields at DATE: 1995-03-03 18:00:00 UTC        
 READ IN fields at DATE: 1995-03-04 00:00:00 UTC        
 READ IN fields at DATE: 1995-03-04 06:00:00 UTC        
 READ IN fields at DATE: 1995-03-04 12:00:00 UTC        
 READ IN fields at DATE: 1995-03-04 18:00:00 UTC        
 READ IN fields at DATE: 1995-03-05 00:00:00 UTC        
 READ IN fields at DATE: 1995-03-05 06:00:00 UTC        
 READ IN fields at DATE: 1995-03-05 12:00:00 UTC        
 READ IN fields at DATE: 1995-03-05 18:00:00 UTC        
 READ IN fields at DATE: 1995-03-06 00:00:00 UTC        
 READ IN fields at DATE: 1995-03-06 06:00:00 UTC        
 READ IN fields at DATE: 1995-03-06 12:00:00 UTC        
 READ IN fields at DATE: 1995-03-06 18:00:00 UTC        
 READ IN fields at DATE: 1995-03-07 00:00:00 UTC        
 READ IN fields at DATE: 1995-03-07 06:00:00 UTC        
 READ IN fields at DATE: 1995-03-07 12:00:00 UTC        
 READ IN fields at DATE: 1995-03-07 18:00:00 UTC        
 READ IN fields at DATE: 1995-03-08 00:00:00 UTC        
 READ IN fields at DATE: 1995-03-08 06:00:00 UTC        
 READ IN fields at DATE: 1995-03-08 12:00:00 UTC        
 READ IN fields at DATE: 1995-03-08 18:00:00 UTC        
 READ IN fields at DATE: 1995-03-09 00:00:00 UTC        
 READ IN fields at DATE: 1995-03-09 06:00:00 UTC        
 READ IN fields at DATE: 1995-03-09 12:00:00 UTC        
 READ IN fields at DATE: 1995-03-09 18:00:00 UTC        
 READ IN fields at DATE: 1995-03-10 00:00:00 UTC        
 READ IN fields at DATE: 1995-03-10 06:00:00 UTC        
 READ IN fields at DATE: 1995-03-10 12:00:00 UTC        
 READ IN fields at DATE: 1995-03-10 18:00:00 UTC        
 READ IN fields at DATE: 1995-03-11 00:00:00 UTC        
 READ IN fields at DATE: 1995-03-11 06:00:00 UTC        
 READ IN fields at DATE: 1995-03-11 12:00:00 UTC        
 READ IN fields at DATE: 1995-03-11 18:00:00 UTC        
 READ IN fields at DATE: 1995-03-12 00:00:00 UTC        
 READ IN fields at DATE: 1995-03-12 06:00:00 UTC        
 READ IN fields at DATE: 1995-03-12 12:00:00 UTC        
 READ IN fields at DATE: 1995-03-12 18:00:00 UTC        
 READ IN fields at DATE: 1995-03-13 00:00:00 UTC        
 READ IN fields at DATE: 1995-03-13 06:00:00 UTC        
 READ IN fields at DATE: 1995-03-13 12:00:00 UTC        
 READ IN fields at DATE: 1995-03-13 18:00:00 UTC        
 READ IN fields at DATE: 1995-03-14 00:00:00 UTC        
 READ IN fields at DATE: 1995-03-14 06:00:00 UTC        
 READ IN fields at DATE: 1995-03-14 12:00:00 UTC        
 READ IN fields at DATE: 1995-03-14 18:00:00 UTC        
 READ IN fields at DATE: 1995-03-15 00:00:00 UTC        
 READ IN fields at DATE: 1995-03-15 06:00:00 UTC        
 READ IN fields at DATE: 1995-03-15 12:00:00 UTC        
 READ IN fields at DATE: 1995-03-15 18:00:00 UTC        
 READ IN fields at DATE: 1995-03-16 00:00:00 UTC        
 READ IN fields at DATE: 1995-03-16 06:00:00 UTC        
 READ IN fields at DATE: 1995-03-16 12:00:00 UTC        
 READ IN fields at DATE: 1995-03-16 18:00:00 UTC        
 READ IN fields at DATE: 1995-03-17 00:00:00 UTC        
 READ IN fields at DATE: 1995-03-17 06:00:00 UTC        
 READ IN fields at DATE: 1995-03-17 12:00:00 UTC        
 READ IN fields at DATE: 1995-03-17 18:00:00 UTC        
 READ IN fields at DATE: 1995-03-18 00:00:00 UTC        
 READ IN fields at DATE: 1995-03-18 06:00:00 UTC        
 READ IN fields at DATE: 1995-03-18 12:00:00 UTC        
 READ IN fields at DATE: 1995-03-18 18:00:00 UTC        
 READ IN fields at DATE: 1995-03-19 00:00:00 UTC        
 READ IN fields at DATE: 1995-03-19 06:00:00 UTC        
 READ IN fields at DATE: 1995-03-19 12:00:00 UTC        
 READ IN fields at DATE: 1995-03-19 18:00:00 UTC        
 READ IN fields at DATE: 1995-03-20 00:00:00 UTC        
 READ IN fields at DATE: 1995-03-20 06:00:00 UTC        
 READ IN fields at DATE: 1995-03-20 12:00:00 UTC        
 READ IN fields at DATE: 1995-03-20 18:00:00 UTC        
 READ IN fields at DATE: 1995-03-21 00:00:00 UTC        
 READ IN fields at DATE: 1995-03-21 06:00:00 UTC        
 READ IN fields at DATE: 1995-03-21 12:00:00 UTC        
 READ IN fields at DATE: 1995-03-21 18:00:00 UTC        
 READ IN fields at DATE: 1995-03-22 00:00:00 UTC        
 READ IN fields at DATE: 1995-03-22 06:00:00 UTC        
 READ IN fields at DATE: 1995-03-22 12:00:00 UTC        
 READ IN fields at DATE: 1995-03-22 18:00:00 UTC        
 READ IN fields at DATE: 1995-03-23 00:00:00 UTC        
 READ IN fields at DATE: 1995-03-23 06:00:00 UTC        
 READ IN fields at DATE: 1995-03-23 12:00:00 UTC        
 READ IN fields at DATE: 1995-03-23 18:00:00 UTC        
 READ IN fields at DATE: 1995-03-24 00:00:00 UTC        
 READ IN fields at DATE: 1995-03-24 06:00:00 UTC        
 READ IN fields at DATE: 1995-03-24 12:00:00 UTC        
 READ IN fields at DATE: 1995-03-24 18:00:00 UTC        
 READ IN fields at DATE: 1995-03-25 00:00:00 UTC        
 READ IN fields at DATE: 1995-03-25 06:00:00 UTC        
 READ IN fields at DATE: 1995-03-25 12:00:00 UTC        
 READ IN fields at DATE: 1995-03-25 18:00:00 UTC        
 READ IN fields at DATE: 1995-03-26 00:00:00 UTC        
 READ IN fields at DATE: 1995-03-26 06:00:00 UTC        
 READ IN fields at DATE: 1995-03-26 12:00:00 UTC        
 READ IN fields at DATE: 1995-03-26 18:00:00 UTC        
 READ IN fields at DATE: 1995-03-27 00:00:00 UTC        
 READ IN fields at DATE: 1995-03-27 06:00:00 UTC        
 READ IN fields at DATE: 1995-03-27 12:00:00 UTC        
 READ IN fields at DATE: 1995-03-27 18:00:00 UTC        
 READ IN fields at DATE: 1995-03-28 00:00:00 UTC        
 READ IN fields at DATE: 1995-03-28 06:00:00 UTC        
 READ IN fields at DATE: 1995-03-28 12:00:00 UTC        
 READ IN fields at DATE: 1995-03-28 18:00:00 UTC        
 READ IN fields at DATE: 1995-03-29 00:00:00 UTC        
 READ IN fields at DATE: 1995-03-29 06:00:00 UTC        
 READ IN fields at DATE: 1995-03-29 12:00:00 UTC        
 READ IN fields at DATE: 1995-03-29 18:00:00 UTC        
 READ IN fields at DATE: 1995-03-30 00:00:00 UTC        
 READ IN fields at DATE: 1995-03-30 06:00:00 UTC        
 READ IN fields at DATE: 1995-03-30 12:00:00 UTC        
 READ IN fields at DATE: 1995-03-30 18:00:00 UTC        
 READ IN fields at DATE: 1995-03-31 00:00:00 UTC        
 READ IN fields at DATE: 1995-03-31 06:00:00 UTC        
 READ IN fields at DATE: 1995-03-31 12:00:00 UTC        
 READ IN fields at DATE: 1995-03-31 18:00:00 UTC        
      131072 /leonardo_work/ICT26_ESP/RCMDATA//ERA5/1995/tatm_1995_04.nc
  2.064679035082396E-003   249.918927682455     
      196608 /leonardo_work/ICT26_ESP/RCMDATA//ERA5/1995/geop_1995_04.nc
   7.37609898114309        236094.052184884     
      262144 /leonardo_work/ICT26_ESP/RCMDATA//ERA5/1995/qhum_1995_04.nc
  3.709166579648357E-007  1.210768188903859E-002
      327680 /leonardo_work/ICT26_ESP/RCMDATA//ERA5/1995/uwnd_1995_04.nc
  2.848156022433950E-003   21.5146968326333     
      393216 /leonardo_work/ICT26_ESP/RCMDATA//ERA5/1995/vwnd_1995_04.nc
  2.630419601112822E-003   2.01895609146897     
 READ IN fields at DATE: 1995-04-01 00:00:00 UTC        
 READ IN fields at DATE: 1995-04-01 06:00:00 UTC        
 READ IN fields at DATE: 1995-04-01 12:00:00 UTC        
 READ IN fields at DATE: 1995-04-01 18:00:00 UTC        
 READ IN fields at DATE: 1995-04-02 00:00:00 UTC        
 READ IN fields at DATE: 1995-04-02 06:00:00 UTC        
 READ IN fields at DATE: 1995-04-02 12:00:00 UTC        
 READ IN fields at DATE: 1995-04-02 18:00:00 UTC        
 READ IN fields at DATE: 1995-04-03 00:00:00 UTC        
 READ IN fields at DATE: 1995-04-03 06:00:00 UTC        
 READ IN fields at DATE: 1995-04-03 12:00:00 UTC        
 READ IN fields at DATE: 1995-04-03 18:00:00 UTC        
 READ IN fields at DATE: 1995-04-04 00:00:00 UTC        
 READ IN fields at DATE: 1995-04-04 06:00:00 UTC        
 READ IN fields at DATE: 1995-04-04 12:00:00 UTC        
 READ IN fields at DATE: 1995-04-04 18:00:00 UTC        
 READ IN fields at DATE: 1995-04-05 00:00:00 UTC        
 READ IN fields at DATE: 1995-04-05 06:00:00 UTC        
 READ IN fields at DATE: 1995-04-05 12:00:00 UTC        
 READ IN fields at DATE: 1995-04-05 18:00:00 UTC        
 READ IN fields at DATE: 1995-04-06 00:00:00 UTC        
 READ IN fields at DATE: 1995-04-06 06:00:00 UTC        
 READ IN fields at DATE: 1995-04-06 12:00:00 UTC        
 READ IN fields at DATE: 1995-04-06 18:00:00 UTC        
 READ IN fields at DATE: 1995-04-07 00:00:00 UTC        
 READ IN fields at DATE: 1995-04-07 06:00:00 UTC        
 READ IN fields at DATE: 1995-04-07 12:00:00 UTC        
 READ IN fields at DATE: 1995-04-07 18:00:00 UTC        
 READ IN fields at DATE: 1995-04-08 00:00:00 UTC        
 READ IN fields at DATE: 1995-04-08 06:00:00 UTC        
 READ IN fields at DATE: 1995-04-08 12:00:00 UTC        
 READ IN fields at DATE: 1995-04-08 18:00:00 UTC        
 READ IN fields at DATE: 1995-04-09 00:00:00 UTC        
 READ IN fields at DATE: 1995-04-09 06:00:00 UTC        
 READ IN fields at DATE: 1995-04-09 12:00:00 UTC        
 READ IN fields at DATE: 1995-04-09 18:00:00 UTC        
 READ IN fields at DATE: 1995-04-10 00:00:00 UTC        
 READ IN fields at DATE: 1995-04-10 06:00:00 UTC        
 READ IN fields at DATE: 1995-04-10 12:00:00 UTC        
 READ IN fields at DATE: 1995-04-10 18:00:00 UTC        
 READ IN fields at DATE: 1995-04-11 00:00:00 UTC        
 READ IN fields at DATE: 1995-04-11 06:00:00 UTC        
 READ IN fields at DATE: 1995-04-11 12:00:00 UTC        
 READ IN fields at DATE: 1995-04-11 18:00:00 UTC        
 READ IN fields at DATE: 1995-04-12 00:00:00 UTC        
 READ IN fields at DATE: 1995-04-12 06:00:00 UTC        
 READ IN fields at DATE: 1995-04-12 12:00:00 UTC        
 READ IN fields at DATE: 1995-04-12 18:00:00 UTC        
 READ IN fields at DATE: 1995-04-13 00:00:00 UTC        
 READ IN fields at DATE: 1995-04-13 06:00:00 UTC        
 READ IN fields at DATE: 1995-04-13 12:00:00 UTC        
 READ IN fields at DATE: 1995-04-13 18:00:00 UTC        
 READ IN fields at DATE: 1995-04-14 00:00:00 UTC        
 READ IN fields at DATE: 1995-04-14 06:00:00 UTC        
 READ IN fields at DATE: 1995-04-14 12:00:00 UTC        
 READ IN fields at DATE: 1995-04-14 18:00:00 UTC        
 READ IN fields at DATE: 1995-04-15 00:00:00 UTC        
 READ IN fields at DATE: 1995-04-15 06:00:00 UTC        
 READ IN fields at DATE: 1995-04-15 12:00:00 UTC        
 READ IN fields at DATE: 1995-04-15 18:00:00 UTC        
 READ IN fields at DATE: 1995-04-16 00:00:00 UTC        
 READ IN fields at DATE: 1995-04-16 06:00:00 UTC        
 READ IN fields at DATE: 1995-04-16 12:00:00 UTC        
 READ IN fields at DATE: 1995-04-16 18:00:00 UTC        
 READ IN fields at DATE: 1995-04-17 00:00:00 UTC        
 READ IN fields at DATE: 1995-04-17 06:00:00 UTC        
 READ IN fields at DATE: 1995-04-17 12:00:00 UTC        
 READ IN fields at DATE: 1995-04-17 18:00:00 UTC        
 READ IN fields at DATE: 1995-04-18 00:00:00 UTC        
 READ IN fields at DATE: 1995-04-18 06:00:00 UTC        
 READ IN fields at DATE: 1995-04-18 12:00:00 UTC        
 READ IN fields at DATE: 1995-04-18 18:00:00 UTC        
 READ IN fields at DATE: 1995-04-19 00:00:00 UTC        
 READ IN fields at DATE: 1995-04-19 06:00:00 UTC        
 READ IN fields at DATE: 1995-04-19 12:00:00 UTC        
 READ IN fields at DATE: 1995-04-19 18:00:00 UTC        
 READ IN fields at DATE: 1995-04-20 00:00:00 UTC        
 READ IN fields at DATE: 1995-04-20 06:00:00 UTC        
 READ IN fields at DATE: 1995-04-20 12:00:00 UTC        
 READ IN fields at DATE: 1995-04-20 18:00:00 UTC        
 READ IN fields at DATE: 1995-04-21 00:00:00 UTC        
 READ IN fields at DATE: 1995-04-21 06:00:00 UTC        
 READ IN fields at DATE: 1995-04-21 12:00:00 UTC        
 READ IN fields at DATE: 1995-04-21 18:00:00 UTC        
 READ IN fields at DATE: 1995-04-22 00:00:00 UTC        
 READ IN fields at DATE: 1995-04-22 06:00:00 UTC        
 READ IN fields at DATE: 1995-04-22 12:00:00 UTC        
 READ IN fields at DATE: 1995-04-22 18:00:00 UTC        
 READ IN fields at DATE: 1995-04-23 00:00:00 UTC        
 READ IN fields at DATE: 1995-04-23 06:00:00 UTC        
 READ IN fields at DATE: 1995-04-23 12:00:00 UTC        
 READ IN fields at DATE: 1995-04-23 18:00:00 UTC        
 READ IN fields at DATE: 1995-04-24 00:00:00 UTC        
 READ IN fields at DATE: 1995-04-24 06:00:00 UTC        
 READ IN fields at DATE: 1995-04-24 12:00:00 UTC        
 READ IN fields at DATE: 1995-04-24 18:00:00 UTC        
 READ IN fields at DATE: 1995-04-25 00:00:00 UTC        
 READ IN fields at DATE: 1995-04-25 06:00:00 UTC        
 READ IN fields at DATE: 1995-04-25 12:00:00 UTC        
 READ IN fields at DATE: 1995-04-25 18:00:00 UTC        
 READ IN fields at DATE: 1995-04-26 00:00:00 UTC        
 READ IN fields at DATE: 1995-04-26 06:00:00 UTC        
 READ IN fields at DATE: 1995-04-26 12:00:00 UTC        
 READ IN fields at DATE: 1995-04-26 18:00:00 UTC        
 READ IN fields at DATE: 1995-04-27 00:00:00 UTC        
 READ IN fields at DATE: 1995-04-27 06:00:00 UTC        
 READ IN fields at DATE: 1995-04-27 12:00:00 UTC        
 READ IN fields at DATE: 1995-04-27 18:00:00 UTC        
 READ IN fields at DATE: 1995-04-28 00:00:00 UTC        
 READ IN fields at DATE: 1995-04-28 06:00:00 UTC        
 READ IN fields at DATE: 1995-04-28 12:00:00 UTC        
 READ IN fields at DATE: 1995-04-28 18:00:00 UTC        
 READ IN fields at DATE: 1995-04-29 00:00:00 UTC        
 READ IN fields at DATE: 1995-04-29 06:00:00 UTC        
 READ IN fields at DATE: 1995-04-29 12:00:00 UTC        
 READ IN fields at DATE: 1995-04-29 18:00:00 UTC        
 READ IN fields at DATE: 1995-04-30 00:00:00 UTC        
 READ IN fields at DATE: 1995-04-30 06:00:00 UTC        
 READ IN fields at DATE: 1995-04-30 12:00:00 UTC        
 READ IN fields at DATE: 1995-04-30 18:00:00 UTC        
      131072 /leonardo_work/ICT26_ESP/RCMDATA//ERA5/1995/tatm_1995_05.nc
  2.107457337661703E-003   251.010130963714     
      196608 /leonardo_work/ICT26_ESP/RCMDATA//ERA5/1995/geop_1995_05.nc
   7.52579956138510        240641.563272094     
      262144 /leonardo_work/ICT26_ESP/RCMDATA//ERA5/1995/qhum_1995_05.nc
  3.881361331167033E-007  1.268746631413182E-002
      327680 /leonardo_work/ICT26_ESP/RCMDATA//ERA5/1995/uwnd_1995_05.nc
  3.070146454347786E-003   41.8139175024564     
      393216 /leonardo_work/ICT26_ESP/RCMDATA//ERA5/1995/vwnd_1995_05.nc
  2.540499782790731E-003   1.54078297276485     
 READ IN fields at DATE: 1995-05-01 00:00:00 UTC        
 READ IN fields at DATE: 1995-05-01 06:00:00 UTC        
 READ IN fields at DATE: 1995-05-01 12:00:00 UTC        
 READ IN fields at DATE: 1995-05-01 18:00:00 UTC        
 READ IN fields at DATE: 1995-05-02 00:00:00 UTC        
 READ IN fields at DATE: 1995-05-02 06:00:00 UTC        
 READ IN fields at DATE: 1995-05-02 12:00:00 UTC        
 READ IN fields at DATE: 1995-05-02 18:00:00 UTC        
 READ IN fields at DATE: 1995-05-03 00:00:00 UTC        
 READ IN fields at DATE: 1995-05-03 06:00:00 UTC        
 READ IN fields at DATE: 1995-05-03 12:00:00 UTC        
 READ IN fields at DATE: 1995-05-03 18:00:00 UTC        
 READ IN fields at DATE: 1995-05-04 00:00:00 UTC        
 READ IN fields at DATE: 1995-05-04 06:00:00 UTC        
 READ IN fields at DATE: 1995-05-04 12:00:00 UTC        
 READ IN fields at DATE: 1995-05-04 18:00:00 UTC        
 READ IN fields at DATE: 1995-05-05 00:00:00 UTC        
 READ IN fields at DATE: 1995-05-05 06:00:00 UTC        
 READ IN fields at DATE: 1995-05-05 12:00:00 UTC        
 READ IN fields at DATE: 1995-05-05 18:00:00 UTC        
 READ IN fields at DATE: 1995-05-06 00:00:00 UTC        
 READ IN fields at DATE: 1995-05-06 06:00:00 UTC        
 READ IN fields at DATE: 1995-05-06 12:00:00 UTC        
 READ IN fields at DATE: 1995-05-06 18:00:00 UTC        
 READ IN fields at DATE: 1995-05-07 00:00:00 UTC        
 READ IN fields at DATE: 1995-05-07 06:00:00 UTC        
 READ IN fields at DATE: 1995-05-07 12:00:00 UTC        
 READ IN fields at DATE: 1995-05-07 18:00:00 UTC        
 READ IN fields at DATE: 1995-05-08 00:00:00 UTC        
 READ IN fields at DATE: 1995-05-08 06:00:00 UTC        
 READ IN fields at DATE: 1995-05-08 12:00:00 UTC        
 READ IN fields at DATE: 1995-05-08 18:00:00 UTC        
 READ IN fields at DATE: 1995-05-09 00:00:00 UTC        
 READ IN fields at DATE: 1995-05-09 06:00:00 UTC        
 READ IN fields at DATE: 1995-05-09 12:00:00 UTC        
 READ IN fields at DATE: 1995-05-09 18:00:00 UTC        
 READ IN fields at DATE: 1995-05-10 00:00:00 UTC        
 READ IN fields at DATE: 1995-05-10 06:00:00 UTC        
 READ IN fields at DATE: 1995-05-10 12:00:00 UTC        
 READ IN fields at DATE: 1995-05-10 18:00:00 UTC        
 READ IN fields at DATE: 1995-05-11 00:00:00 UTC        
 READ IN fields at DATE: 1995-05-11 06:00:00 UTC        
 READ IN fields at DATE: 1995-05-11 12:00:00 UTC        
 READ IN fields at DATE: 1995-05-11 18:00:00 UTC        
 READ IN fields at DATE: 1995-05-12 00:00:00 UTC        
 READ IN fields at DATE: 1995-05-12 06:00:00 UTC        
 READ IN fields at DATE: 1995-05-12 12:00:00 UTC        
 READ IN fields at DATE: 1995-05-12 18:00:00 UTC        
 READ IN fields at DATE: 1995-05-13 00:00:00 UTC        
 READ IN fields at DATE: 1995-05-13 06:00:00 UTC        
 READ IN fields at DATE: 1995-05-13 12:00:00 UTC        
 READ IN fields at DATE: 1995-05-13 18:00:00 UTC        
 READ IN fields at DATE: 1995-05-14 00:00:00 UTC        
 READ IN fields at DATE: 1995-05-14 06:00:00 UTC        
 READ IN fields at DATE: 1995-05-14 12:00:00 UTC        
 READ IN fields at DATE: 1995-05-14 18:00:00 UTC        
 READ IN fields at DATE: 1995-05-15 00:00:00 UTC        
 READ IN fields at DATE: 1995-05-15 06:00:00 UTC        
 READ IN fields at DATE: 1995-05-15 12:00:00 UTC        
 READ IN fields at DATE: 1995-05-15 18:00:00 UTC        
 READ IN fields at DATE: 1995-05-16 00:00:00 UTC        
 READ IN fields at DATE: 1995-05-16 06:00:00 UTC        
 READ IN fields at DATE: 1995-05-16 12:00:00 UTC        
 READ IN fields at DATE: 1995-05-16 18:00:00 UTC        
 READ IN fields at DATE: 1995-05-17 00:00:00 UTC        
 READ IN fields at DATE: 1995-05-17 06:00:00 UTC        
 READ IN fields at DATE: 1995-05-17 12:00:00 UTC        
 READ IN fields at DATE: 1995-05-17 18:00:00 UTC        
 READ IN fields at DATE: 1995-05-18 00:00:00 UTC        
 READ IN fields at DATE: 1995-05-18 06:00:00 UTC        
 READ IN fields at DATE: 1995-05-18 12:00:00 UTC        
 READ IN fields at DATE: 1995-05-18 18:00:00 UTC        
 READ IN fields at DATE: 1995-05-19 00:00:00 UTC        
 READ IN fields at DATE: 1995-05-19 06:00:00 UTC        
 READ IN fields at DATE: 1995-05-19 12:00:00 UTC        
 READ IN fields at DATE: 1995-05-19 18:00:00 UTC        
 READ IN fields at DATE: 1995-05-20 00:00:00 UTC        
 READ IN fields at DATE: 1995-05-20 06:00:00 UTC        
 READ IN fields at DATE: 1995-05-20 12:00:00 UTC        
 READ IN fields at DATE: 1995-05-20 18:00:00 UTC        
 READ IN fields at DATE: 1995-05-21 00:00:00 UTC        
 READ IN fields at DATE: 1995-05-21 06:00:00 UTC        
 READ IN fields at DATE: 1995-05-21 12:00:00 UTC        
 READ IN fields at DATE: 1995-05-21 18:00:00 UTC        
 READ IN fields at DATE: 1995-05-22 00:00:00 UTC        
 READ IN fields at DATE: 1995-05-22 06:00:00 UTC        
 READ IN fields at DATE: 1995-05-22 12:00:00 UTC        
 READ IN fields at DATE: 1995-05-22 18:00:00 UTC        
 READ IN fields at DATE: 1995-05-23 00:00:00 UTC        
 READ IN fields at DATE: 1995-05-23 06:00:00 UTC        
 READ IN fields at DATE: 1995-05-23 12:00:00 UTC        
 READ IN fields at DATE: 1995-05-23 18:00:00 UTC        
 READ IN fields at DATE: 1995-05-24 00:00:00 UTC        
 READ IN fields at DATE: 1995-05-24 06:00:00 UTC        
 READ IN fields at DATE: 1995-05-24 12:00:00 UTC        
 READ IN fields at DATE: 1995-05-24 18:00:00 UTC        
 READ IN fields at DATE: 1995-05-25 00:00:00 UTC        
 READ IN fields at DATE: 1995-05-25 06:00:00 UTC        
 READ IN fields at DATE: 1995-05-25 12:00:00 UTC        
 READ IN fields at DATE: 1995-05-25 18:00:00 UTC        
 READ IN fields at DATE: 1995-05-26 00:00:00 UTC        
 READ IN fields at DATE: 1995-05-26 06:00:00 UTC        
 READ IN fields at DATE: 1995-05-26 12:00:00 UTC        
 READ IN fields at DATE: 1995-05-26 18:00:00 UTC        
 READ IN fields at DATE: 1995-05-27 00:00:00 UTC        
 READ IN fields at DATE: 1995-05-27 06:00:00 UTC        
 READ IN fields at DATE: 1995-05-27 12:00:00 UTC        
 READ IN fields at DATE: 1995-05-27 18:00:00 UTC        
 READ IN fields at DATE: 1995-05-28 00:00:00 UTC        
 READ IN fields at DATE: 1995-05-28 06:00:00 UTC        
 READ IN fields at DATE: 1995-05-28 12:00:00 UTC        
 READ IN fields at DATE: 1995-05-28 18:00:00 UTC        
 READ IN fields at DATE: 1995-05-29 00:00:00 UTC        
 READ IN fields at DATE: 1995-05-29 06:00:00 UTC        
 READ IN fields at DATE: 1995-05-29 12:00:00 UTC        
 READ IN fields at DATE: 1995-05-29 18:00:00 UTC        
 READ IN fields at DATE: 1995-05-30 00:00:00 UTC        
 READ IN fields at DATE: 1995-05-30 06:00:00 UTC        
 READ IN fields at DATE: 1995-05-30 12:00:00 UTC        
 READ IN fields at DATE: 1995-05-30 18:00:00 UTC        
 READ IN fields at DATE: 1995-05-31 00:00:00 UTC        
 READ IN fields at DATE: 1995-05-31 06:00:00 UTC        
 READ IN fields at DATE: 1995-05-31 12:00:00 UTC        
 READ IN fields at DATE: 1995-05-31 18:00:00 UTC        
      131072 /leonardo_work/ICT26_ESP/RCMDATA//ERA5/1995/tatm_1995_06.nc
  2.227525214962070E-003   250.718643317471     
      196608 /leonardo_work/ICT26_ESP/RCMDATA//ERA5/1995/geop_1995_06.nc
   7.59623455453741        244286.557351473     
      262144 /leonardo_work/ICT26_ESP/RCMDATA//ERA5/1995/qhum_1995_06.nc
  4.307064400163162E-007  1.406981003731791E-002
      327680 /leonardo_work/ICT26_ESP/RCMDATA//ERA5/1995/uwnd_1995_06.nc
  3.542092489944832E-003   48.6850499376417     
      393216 /leonardo_work/ICT26_ESP/RCMDATA//ERA5/1995/vwnd_1995_06.nc
  2.688829238838281E-003   4.38516834172824     
 READ IN fields at DATE: 1995-06-01 00:00:00 UTC        
 READ IN fields at DATE: 1995-06-01 06:00:00 UTC        
 READ IN fields at DATE: 1995-06-01 12:00:00 UTC        
 READ IN fields at DATE: 1995-06-01 18:00:00 UTC        
 READ IN fields at DATE: 1995-06-02 00:00:00 UTC        
 READ IN fields at DATE: 1995-06-02 06:00:00 UTC        
 READ IN fields at DATE: 1995-06-02 12:00:00 UTC        
 READ IN fields at DATE: 1995-06-02 18:00:00 UTC        
 READ IN fields at DATE: 1995-06-03 00:00:00 UTC        
 READ IN fields at DATE: 1995-06-03 06:00:00 UTC        
 READ IN fields at DATE: 1995-06-03 12:00:00 UTC        
 READ IN fields at DATE: 1995-06-03 18:00:00 UTC        
 READ IN fields at DATE: 1995-06-04 00:00:00 UTC        
 READ IN fields at DATE: 1995-06-04 06:00:00 UTC        
 READ IN fields at DATE: 1995-06-04 12:00:00 UTC        
 READ IN fields at DATE: 1995-06-04 18:00:00 UTC        
 READ IN fields at DATE: 1995-06-05 00:00:00 UTC        
 READ IN fields at DATE: 1995-06-05 06:00:00 UTC        
 READ IN fields at DATE: 1995-06-05 12:00:00 UTC        
 READ IN fields at DATE: 1995-06-05 18:00:00 UTC        
 READ IN fields at DATE: 1995-06-06 00:00:00 UTC        
 READ IN fields at DATE: 1995-06-06 06:00:00 UTC        
 READ IN fields at DATE: 1995-06-06 12:00:00 UTC        
 READ IN fields at DATE: 1995-06-06 18:00:00 UTC        
 READ IN fields at DATE: 1995-06-07 00:00:00 UTC        
 READ IN fields at DATE: 1995-06-07 06:00:00 UTC        
 READ IN fields at DATE: 1995-06-07 12:00:00 UTC        
 READ IN fields at DATE: 1995-06-07 18:00:00 UTC        
 READ IN fields at DATE: 1995-06-08 00:00:00 UTC        
 READ IN fields at DATE: 1995-06-08 06:00:00 UTC        
 READ IN fields at DATE: 1995-06-08 12:00:00 UTC        
 READ IN fields at DATE: 1995-06-08 18:00:00 UTC        
 READ IN fields at DATE: 1995-06-09 00:00:00 UTC        
 READ IN fields at DATE: 1995-06-09 06:00:00 UTC        
 READ IN fields at DATE: 1995-06-09 12:00:00 UTC        
 READ IN fields at DATE: 1995-06-09 18:00:00 UTC        
 READ IN fields at DATE: 1995-06-10 00:00:00 UTC        
 READ IN fields at DATE: 1995-06-10 06:00:00 UTC        
 READ IN fields at DATE: 1995-06-10 12:00:00 UTC        
 READ IN fields at DATE: 1995-06-10 18:00:00 UTC        
 READ IN fields at DATE: 1995-06-11 00:00:00 UTC        
 READ IN fields at DATE: 1995-06-11 06:00:00 UTC        
 READ IN fields at DATE: 1995-06-11 12:00:00 UTC        
 READ IN fields at DATE: 1995-06-11 18:00:00 UTC        
 READ IN fields at DATE: 1995-06-12 00:00:00 UTC        
 READ IN fields at DATE: 1995-06-12 06:00:00 UTC        
 READ IN fields at DATE: 1995-06-12 12:00:00 UTC        
 READ IN fields at DATE: 1995-06-12 18:00:00 UTC        
 READ IN fields at DATE: 1995-06-13 00:00:00 UTC        
 READ IN fields at DATE: 1995-06-13 06:00:00 UTC        
 READ IN fields at DATE: 1995-06-13 12:00:00 UTC        
 READ IN fields at DATE: 1995-06-13 18:00:00 UTC        
 READ IN fields at DATE: 1995-06-14 00:00:00 UTC        
 READ IN fields at DATE: 1995-06-14 06:00:00 UTC        
 READ IN fields at DATE: 1995-06-14 12:00:00 UTC        
 READ IN fields at DATE: 1995-06-14 18:00:00 UTC        
 READ IN fields at DATE: 1995-06-15 00:00:00 UTC        
 READ IN fields at DATE: 1995-06-15 06:00:00 UTC        
 READ IN fields at DATE: 1995-06-15 12:00:00 UTC        
 READ IN fields at DATE: 1995-06-15 18:00:00 UTC        
 READ IN fields at DATE: 1995-06-16 00:00:00 UTC        
 READ IN fields at DATE: 1995-06-16 06:00:00 UTC        
 READ IN fields at DATE: 1995-06-16 12:00:00 UTC        
 READ IN fields at DATE: 1995-06-16 18:00:00 UTC        
 READ IN fields at DATE: 1995-06-17 00:00:00 UTC        
 READ IN fields at DATE: 1995-06-17 06:00:00 UTC        
 READ IN fields at DATE: 1995-06-17 12:00:00 UTC        
 READ IN fields at DATE: 1995-06-17 18:00:00 UTC        
 READ IN fields at DATE: 1995-06-18 00:00:00 UTC        
 READ IN fields at DATE: 1995-06-18 06:00:00 UTC        
 READ IN fields at DATE: 1995-06-18 12:00:00 UTC        
 READ IN fields at DATE: 1995-06-18 18:00:00 UTC        
 READ IN fields at DATE: 1995-06-19 00:00:00 UTC        
 READ IN fields at DATE: 1995-06-19 06:00:00 UTC        
 READ IN fields at DATE: 1995-06-19 12:00:00 UTC        
 READ IN fields at DATE: 1995-06-19 18:00:00 UTC        
 READ IN fields at DATE: 1995-06-20 00:00:00 UTC        
 READ IN fields at DATE: 1995-06-20 06:00:00 UTC        
 READ IN fields at DATE: 1995-06-20 12:00:00 UTC        
 READ IN fields at DATE: 1995-06-20 18:00:00 UTC        
 READ IN fields at DATE: 1995-06-21 00:00:00 UTC        
 READ IN fields at DATE: 1995-06-21 06:00:00 UTC        
 READ IN fields at DATE: 1995-06-21 12:00:00 UTC        
 READ IN fields at DATE: 1995-06-21 18:00:00 UTC        
 READ IN fields at DATE: 1995-06-22 00:00:00 UTC        
 READ IN fields at DATE: 1995-06-22 06:00:00 UTC        
 READ IN fields at DATE: 1995-06-22 12:00:00 UTC        
 READ IN fields at DATE: 1995-06-22 18:00:00 UTC        
 READ IN fields at DATE: 1995-06-23 00:00:00 UTC        
 READ IN fields at DATE: 1995-06-23 06:00:00 UTC        
 READ IN fields at DATE: 1995-06-23 12:00:00 UTC        
 READ IN fields at DATE: 1995-06-23 18:00:00 UTC        
 READ IN fields at DATE: 1995-06-24 00:00:00 UTC        
 READ IN fields at DATE: 1995-06-24 06:00:00 UTC        
 READ IN fields at DATE: 1995-06-24 12:00:00 UTC        
 READ IN fields at DATE: 1995-06-24 18:00:00 UTC        
 READ IN fields at DATE: 1995-06-25 00:00:00 UTC        
 READ IN fields at DATE: 1995-06-25 06:00:00 UTC        
 READ IN fields at DATE: 1995-06-25 12:00:00 UTC        
 READ IN fields at DATE: 1995-06-25 18:00:00 UTC        
 READ IN fields at DATE: 1995-06-26 00:00:00 UTC        
 READ IN fields at DATE: 1995-06-26 06:00:00 UTC        
 READ IN fields at DATE: 1995-06-26 12:00:00 UTC        
 READ IN fields at DATE: 1995-06-26 18:00:00 UTC        
 READ IN fields at DATE: 1995-06-27 00:00:00 UTC        
 READ IN fields at DATE: 1995-06-27 06:00:00 UTC        
 READ IN fields at DATE: 1995-06-27 12:00:00 UTC        
 READ IN fields at DATE: 1995-06-27 18:00:00 UTC        
 READ IN fields at DATE: 1995-06-28 00:00:00 UTC        
 READ IN fields at DATE: 1995-06-28 06:00:00 UTC        
 READ IN fields at DATE: 1995-06-28 12:00:00 UTC        
 READ IN fields at DATE: 1995-06-28 18:00:00 UTC        
 READ IN fields at DATE: 1995-06-29 00:00:00 UTC        
 READ IN fields at DATE: 1995-06-29 06:00:00 UTC        
 READ IN fields at DATE: 1995-06-29 12:00:00 UTC        
 READ IN fields at DATE: 1995-06-29 18:00:00 UTC        
 READ IN fields at DATE: 1995-06-30 00:00:00 UTC        
 READ IN fields at DATE: 1995-06-30 06:00:00 UTC        
 READ IN fields at DATE: 1995-06-30 12:00:00 UTC        
 READ IN fields at DATE: 1995-06-30 18:00:00 UTC        
      131072 /leonardo_work/ICT26_ESP/RCMDATA//ERA5/1995/tatm_1995_07.nc
  2.266954561090643E-003   251.001460516860     
      196608 /leonardo_work/ICT26_ESP/RCMDATA//ERA5/1995/geop_1995_07.nc
   7.60940080999268        244134.826158970     
      262144 /leonardo_work/ICT26_ESP/RCMDATA//ERA5/1995/qhum_1995_07.nc
  4.408235875216886E-007  1.440626500577297E-002
      327680 /leonardo_work/ICT26_ESP/RCMDATA//ERA5/1995/uwnd_1995_07.nc
  4.165982377124764E-003   59.3487547163310     
      393216 /leonardo_work/ICT26_ESP/RCMDATA//ERA5/1995/vwnd_1995_07.nc
  2.803129404239801E-003  -2.81486286841306     
 READ IN fields at DATE: 1995-07-01 00:00:00 UTC        
 READ IN fields at DATE: 1995-07-01 06:00:00 UTC        
 READ IN fields at DATE: 1995-07-01 12:00:00 UTC        
 READ IN fields at DATE: 1995-07-01 18:00:00 UTC        
 READ IN fields at DATE: 1995-07-02 00:00:00 UTC        
 READ IN fields at DATE: 1995-07-02 06:00:00 UTC        
 READ IN fields at DATE: 1995-07-02 12:00:00 UTC        
 READ IN fields at DATE: 1995-07-02 18:00:00 UTC        
 READ IN fields at DATE: 1995-07-03 00:00:00 UTC        
 READ IN fields at DATE: 1995-07-03 06:00:00 UTC        
 READ IN fields at DATE: 1995-07-03 12:00:00 UTC        
 READ IN fields at DATE: 1995-07-03 18:00:00 UTC        
 READ IN fields at DATE: 1995-07-04 00:00:00 UTC        
 READ IN fields at DATE: 1995-07-04 06:00:00 UTC        
 READ IN fields at DATE: 1995-07-04 12:00:00 UTC        
 READ IN fields at DATE: 1995-07-04 18:00:00 UTC        
 READ IN fields at DATE: 1995-07-05 00:00:00 UTC        
 READ IN fields at DATE: 1995-07-05 06:00:00 UTC        
 READ IN fields at DATE: 1995-07-05 12:00:00 UTC        
 READ IN fields at DATE: 1995-07-05 18:00:00 UTC        
 READ IN fields at DATE: 1995-07-06 00:00:00 UTC        
 READ IN fields at DATE: 1995-07-06 06:00:00 UTC        
 READ IN fields at DATE: 1995-07-06 12:00:00 UTC        
 READ IN fields at DATE: 1995-07-06 18:00:00 UTC        
 READ IN fields at DATE: 1995-07-07 00:00:00 UTC        
 READ IN fields at DATE: 1995-07-07 06:00:00 UTC        
 READ IN fields at DATE: 1995-07-07 12:00:00 UTC        
 READ IN fields at DATE: 1995-07-07 18:00:00 UTC        
 READ IN fields at DATE: 1995-07-08 00:00:00 UTC        
 READ IN fields at DATE: 1995-07-08 06:00:00 UTC        
 READ IN fields at DATE: 1995-07-08 12:00:00 UTC        
 READ IN fields at DATE: 1995-07-08 18:00:00 UTC        
 READ IN fields at DATE: 1995-07-09 00:00:00 UTC        
 READ IN fields at DATE: 1995-07-09 06:00:00 UTC        
 READ IN fields at DATE: 1995-07-09 12:00:00 UTC        
 READ IN fields at DATE: 1995-07-09 18:00:00 UTC        
 READ IN fields at DATE: 1995-07-10 00:00:00 UTC        
 READ IN fields at DATE: 1995-07-10 06:00:00 UTC        
 READ IN fields at DATE: 1995-07-10 12:00:00 UTC        
 READ IN fields at DATE: 1995-07-10 18:00:00 UTC        
 READ IN fields at DATE: 1995-07-11 00:00:00 UTC        
 READ IN fields at DATE: 1995-07-11 06:00:00 UTC        
 READ IN fields at DATE: 1995-07-11 12:00:00 UTC        
 READ IN fields at DATE: 1995-07-11 18:00:00 UTC        
 READ IN fields at DATE: 1995-07-12 00:00:00 UTC        
 READ IN fields at DATE: 1995-07-12 06:00:00 UTC        
 READ IN fields at DATE: 1995-07-12 12:00:00 UTC        
 READ IN fields at DATE: 1995-07-12 18:00:00 UTC        
 READ IN fields at DATE: 1995-07-13 00:00:00 UTC        
 READ IN fields at DATE: 1995-07-13 06:00:00 UTC        
 READ IN fields at DATE: 1995-07-13 12:00:00 UTC        
 READ IN fields at DATE: 1995-07-13 18:00:00 UTC        
 READ IN fields at DATE: 1995-07-14 00:00:00 UTC        
 READ IN fields at DATE: 1995-07-14 06:00:00 UTC        
 READ IN fields at DATE: 1995-07-14 12:00:00 UTC        
 READ IN fields at DATE: 1995-07-14 18:00:00 UTC        
 READ IN fields at DATE: 1995-07-15 00:00:00 UTC        
 READ IN fields at DATE: 1995-07-15 06:00:00 UTC        
 READ IN fields at DATE: 1995-07-15 12:00:00 UTC        
 READ IN fields at DATE: 1995-07-15 18:00:00 UTC        
 READ IN fields at DATE: 1995-07-16 00:00:00 UTC        
 READ IN fields at DATE: 1995-07-16 06:00:00 UTC        
 READ IN fields at DATE: 1995-07-16 12:00:00 UTC        
 READ IN fields at DATE: 1995-07-16 18:00:00 UTC        
 READ IN fields at DATE: 1995-07-17 00:00:00 UTC        
 READ IN fields at DATE: 1995-07-17 06:00:00 UTC        
 READ IN fields at DATE: 1995-07-17 12:00:00 UTC        
 READ IN fields at DATE: 1995-07-17 18:00:00 UTC        
 READ IN fields at DATE: 1995-07-18 00:00:00 UTC        
 READ IN fields at DATE: 1995-07-18 06:00:00 UTC        
 READ IN fields at DATE: 1995-07-18 12:00:00 UTC        
 READ IN fields at DATE: 1995-07-18 18:00:00 UTC        
 READ IN fields at DATE: 1995-07-19 00:00:00 UTC        
 READ IN fields at DATE: 1995-07-19 06:00:00 UTC        
 READ IN fields at DATE: 1995-07-19 12:00:00 UTC        
 READ IN fields at DATE: 1995-07-19 18:00:00 UTC        
 READ IN fields at DATE: 1995-07-20 00:00:00 UTC        
 READ IN fields at DATE: 1995-07-20 06:00:00 UTC        
 READ IN fields at DATE: 1995-07-20 12:00:00 UTC        
 READ IN fields at DATE: 1995-07-20 18:00:00 UTC        
 READ IN fields at DATE: 1995-07-21 00:00:00 UTC        
 READ IN fields at DATE: 1995-07-21 06:00:00 UTC        
 READ IN fields at DATE: 1995-07-21 12:00:00 UTC        
 READ IN fields at DATE: 1995-07-21 18:00:00 UTC        
 READ IN fields at DATE: 1995-07-22 00:00:00 UTC        
 READ IN fields at DATE: 1995-07-22 06:00:00 UTC        
 READ IN fields at DATE: 1995-07-22 12:00:00 UTC        
 READ IN fields at DATE: 1995-07-22 18:00:00 UTC        
 READ IN fields at DATE: 1995-07-23 00:00:00 UTC        
 READ IN fields at DATE: 1995-07-23 06:00:00 UTC        
 READ IN fields at DATE: 1995-07-23 12:00:00 UTC        
 READ IN fields at DATE: 1995-07-23 18:00:00 UTC        
 READ IN fields at DATE: 1995-07-24 00:00:00 UTC        
 READ IN fields at DATE: 1995-07-24 06:00:00 UTC        
 READ IN fields at DATE: 1995-07-24 12:00:00 UTC        
 READ IN fields at DATE: 1995-07-24 18:00:00 UTC        
 READ IN fields at DATE: 1995-07-25 00:00:00 UTC        
 READ IN fields at DATE: 1995-07-25 06:00:00 UTC        
 READ IN fields at DATE: 1995-07-25 12:00:00 UTC        
 READ IN fields at DATE: 1995-07-25 18:00:00 UTC        
 READ IN fields at DATE: 1995-07-26 00:00:00 UTC        
 READ IN fields at DATE: 1995-07-26 06:00:00 UTC        
 READ IN fields at DATE: 1995-07-26 12:00:00 UTC        
 READ IN fields at DATE: 1995-07-26 18:00:00 UTC        
 READ IN fields at DATE: 1995-07-27 00:00:00 UTC        
 READ IN fields at DATE: 1995-07-27 06:00:00 UTC        
 READ IN fields at DATE: 1995-07-27 12:00:00 UTC        
 READ IN fields at DATE: 1995-07-27 18:00:00 UTC        
 READ IN fields at DATE: 1995-07-28 00:00:00 UTC        
 READ IN fields at DATE: 1995-07-28 06:00:00 UTC        
 READ IN fields at DATE: 1995-07-28 12:00:00 UTC        
 READ IN fields at DATE: 1995-07-28 18:00:00 UTC        
 READ IN fields at DATE: 1995-07-29 00:00:00 UTC        
 READ IN fields at DATE: 1995-07-29 06:00:00 UTC        
 READ IN fields at DATE: 1995-07-29 12:00:00 UTC        
 READ IN fields at DATE: 1995-07-29 18:00:00 UTC        
 READ IN fields at DATE: 1995-07-30 00:00:00 UTC        
 READ IN fields at DATE: 1995-07-30 06:00:00 UTC        
 READ IN fields at DATE: 1995-07-30 12:00:00 UTC        
 READ IN fields at DATE: 1995-07-30 18:00:00 UTC        
 READ IN fields at DATE: 1995-07-31 00:00:00 UTC        
 READ IN fields at DATE: 1995-07-31 06:00:00 UTC        
 READ IN fields at DATE: 1995-07-31 12:00:00 UTC        
 READ IN fields at DATE: 1995-07-31 18:00:00 UTC        
      131072 /leonardo_work/ICT26_ESP/RCMDATA//ERA5/1995/tatm_1995_08.nc
  2.247218699467849E-003   248.639356432154     
      196608 /leonardo_work/ICT26_ESP/RCMDATA//ERA5/1995/geop_1995_08.nc
   7.56192276219615        241031.289351119     
      262144 /leonardo_work/ICT26_ESP/RCMDATA//ERA5/1995/qhum_1995_08.nc
  4.520341206808931E-007  1.478167087235677E-002
      327680 /leonardo_work/ICT26_ESP/RCMDATA//ERA5/1995/uwnd_1995_08.nc
  4.008906004715659E-003   57.5912420069586     
      393216 /leonardo_work/ICT26_ESP/RCMDATA//ERA5/1995/vwnd_1995_08.nc
  3.299239477346456E-003   13.6448118670777     
 READ IN fields at DATE: 1995-08-01 00:00:00 UTC        
 READ IN fields at DATE: 1995-08-01 06:00:00 UTC        
 READ IN fields at DATE: 1995-08-01 12:00:00 UTC        
 READ IN fields at DATE: 1995-08-01 18:00:00 UTC        
 READ IN fields at DATE: 1995-08-02 00:00:00 UTC        
 READ IN fields at DATE: 1995-08-02 06:00:00 UTC        
 READ IN fields at DATE: 1995-08-02 12:00:00 UTC        
 READ IN fields at DATE: 1995-08-02 18:00:00 UTC        
 READ IN fields at DATE: 1995-08-03 00:00:00 UTC        
 READ IN fields at DATE: 1995-08-03 06:00:00 UTC        
 READ IN fields at DATE: 1995-08-03 12:00:00 UTC        
 READ IN fields at DATE: 1995-08-03 18:00:00 UTC        
 READ IN fields at DATE: 1995-08-04 00:00:00 UTC        
 READ IN fields at DATE: 1995-08-04 06:00:00 UTC        
 READ IN fields at DATE: 1995-08-04 12:00:00 UTC        
 READ IN fields at DATE: 1995-08-04 18:00:00 UTC        
 READ IN fields at DATE: 1995-08-05 00:00:00 UTC        
 READ IN fields at DATE: 1995-08-05 06:00:00 UTC        
 READ IN fields at DATE: 1995-08-05 12:00:00 UTC        
 READ IN fields at DATE: 1995-08-05 18:00:00 UTC        
 READ IN fields at DATE: 1995-08-06 00:00:00 UTC        
 READ IN fields at DATE: 1995-08-06 06:00:00 UTC        
 READ IN fields at DATE: 1995-08-06 12:00:00 UTC        
 READ IN fields at DATE: 1995-08-06 18:00:00 UTC        
 READ IN fields at DATE: 1995-08-07 00:00:00 UTC        
 READ IN fields at DATE: 1995-08-07 06:00:00 UTC        
 READ IN fields at DATE: 1995-08-07 12:00:00 UTC        
 READ IN fields at DATE: 1995-08-07 18:00:00 UTC        
 READ IN fields at DATE: 1995-08-08 00:00:00 UTC        
 READ IN fields at DATE: 1995-08-08 06:00:00 UTC        
 READ IN fields at DATE: 1995-08-08 12:00:00 UTC        
 READ IN fields at DATE: 1995-08-08 18:00:00 UTC        
 READ IN fields at DATE: 1995-08-09 00:00:00 UTC        
 READ IN fields at DATE: 1995-08-09 06:00:00 UTC        
 READ IN fields at DATE: 1995-08-09 12:00:00 UTC        
 READ IN fields at DATE: 1995-08-09 18:00:00 UTC        
 READ IN fields at DATE: 1995-08-10 00:00:00 UTC        
 READ IN fields at DATE: 1995-08-10 06:00:00 UTC        
 READ IN fields at DATE: 1995-08-10 12:00:00 UTC        
 READ IN fields at DATE: 1995-08-10 18:00:00 UTC        
 READ IN fields at DATE: 1995-08-11 00:00:00 UTC        
 READ IN fields at DATE: 1995-08-11 06:00:00 UTC        
 READ IN fields at DATE: 1995-08-11 12:00:00 UTC        
 READ IN fields at DATE: 1995-08-11 18:00:00 UTC        
 READ IN fields at DATE: 1995-08-12 00:00:00 UTC        
 READ IN fields at DATE: 1995-08-12 06:00:00 UTC        
 READ IN fields at DATE: 1995-08-12 12:00:00 UTC        
 READ IN fields at DATE: 1995-08-12 18:00:00 UTC        
 READ IN fields at DATE: 1995-08-13 00:00:00 UTC        
 READ IN fields at DATE: 1995-08-13 06:00:00 UTC        
 READ IN fields at DATE: 1995-08-13 12:00:00 UTC        
 READ IN fields at DATE: 1995-08-13 18:00:00 UTC        
 READ IN fields at DATE: 1995-08-14 00:00:00 UTC        
 READ IN fields at DATE: 1995-08-14 06:00:00 UTC        
 READ IN fields at DATE: 1995-08-14 12:00:00 UTC        
 READ IN fields at DATE: 1995-08-14 18:00:00 UTC        
 READ IN fields at DATE: 1995-08-15 00:00:00 UTC        
 READ IN fields at DATE: 1995-08-15 06:00:00 UTC        
 READ IN fields at DATE: 1995-08-15 12:00:00 UTC        
 READ IN fields at DATE: 1995-08-15 18:00:00 UTC        
 READ IN fields at DATE: 1995-08-16 00:00:00 UTC        
 READ IN fields at DATE: 1995-08-16 06:00:00 UTC        
 READ IN fields at DATE: 1995-08-16 12:00:00 UTC        
 READ IN fields at DATE: 1995-08-16 18:00:00 UTC        
 READ IN fields at DATE: 1995-08-17 00:00:00 UTC        
 READ IN fields at DATE: 1995-08-17 06:00:00 UTC        
 READ IN fields at DATE: 1995-08-17 12:00:00 UTC        
 READ IN fields at DATE: 1995-08-17 18:00:00 UTC        
 READ IN fields at DATE: 1995-08-18 00:00:00 UTC        
 READ IN fields at DATE: 1995-08-18 06:00:00 UTC        
 READ IN fields at DATE: 1995-08-18 12:00:00 UTC        
 READ IN fields at DATE: 1995-08-18 18:00:00 UTC        
 READ IN fields at DATE: 1995-08-19 00:00:00 UTC        
 READ IN fields at DATE: 1995-08-19 06:00:00 UTC        
 READ IN fields at DATE: 1995-08-19 12:00:00 UTC        
 READ IN fields at DATE: 1995-08-19 18:00:00 UTC        
 READ IN fields at DATE: 1995-08-20 00:00:00 UTC        
 READ IN fields at DATE: 1995-08-20 06:00:00 UTC        
 READ IN fields at DATE: 1995-08-20 12:00:00 UTC        
 READ IN fields at DATE: 1995-08-20 18:00:00 UTC        
 READ IN fields at DATE: 1995-08-21 00:00:00 UTC        
 READ IN fields at DATE: 1995-08-21 06:00:00 UTC        
 READ IN fields at DATE: 1995-08-21 12:00:00 UTC        
 READ IN fields at DATE: 1995-08-21 18:00:00 UTC        
 READ IN fields at DATE: 1995-08-22 00:00:00 UTC        
 READ IN fields at DATE: 1995-08-22 06:00:00 UTC        
 READ IN fields at DATE: 1995-08-22 12:00:00 UTC        
 READ IN fields at DATE: 1995-08-22 18:00:00 UTC        
 READ IN fields at DATE: 1995-08-23 00:00:00 UTC        
 READ IN fields at DATE: 1995-08-23 06:00:00 UTC        
 READ IN fields at DATE: 1995-08-23 12:00:00 UTC        
 READ IN fields at DATE: 1995-08-23 18:00:00 UTC        
 READ IN fields at DATE: 1995-08-24 00:00:00 UTC        
 READ IN fields at DATE: 1995-08-24 06:00:00 UTC        
 READ IN fields at DATE: 1995-08-24 12:00:00 UTC        
 READ IN fields at DATE: 1995-08-24 18:00:00 UTC        
 READ IN fields at DATE: 1995-08-25 00:00:00 UTC        
 READ IN fields at DATE: 1995-08-25 06:00:00 UTC        
 READ IN fields at DATE: 1995-08-25 12:00:00 UTC        
 READ IN fields at DATE: 1995-08-25 18:00:00 UTC        
 READ IN fields at DATE: 1995-08-26 00:00:00 UTC        
 READ IN fields at DATE: 1995-08-26 06:00:00 UTC        
 READ IN fields at DATE: 1995-08-26 12:00:00 UTC        
 READ IN fields at DATE: 1995-08-26 18:00:00 UTC        
 READ IN fields at DATE: 1995-08-27 00:00:00 UTC        
 READ IN fields at DATE: 1995-08-27 06:00:00 UTC        
 READ IN fields at DATE: 1995-08-27 12:00:00 UTC        
 READ IN fields at DATE: 1995-08-27 18:00:00 UTC        
 READ IN fields at DATE: 1995-08-28 00:00:00 UTC        
 READ IN fields at DATE: 1995-08-28 06:00:00 UTC        
 READ IN fields at DATE: 1995-08-28 12:00:00 UTC        
 READ IN fields at DATE: 1995-08-28 18:00:00 UTC        
 READ IN fields at DATE: 1995-08-29 00:00:00 UTC        
 READ IN fields at DATE: 1995-08-29 06:00:00 UTC        
 READ IN fields at DATE: 1995-08-29 12:00:00 UTC        
 READ IN fields at DATE: 1995-08-29 18:00:00 UTC        
 READ IN fields at DATE: 1995-08-30 00:00:00 UTC        
 READ IN fields at DATE: 1995-08-30 06:00:00 UTC        
 READ IN fields at DATE: 1995-08-30 12:00:00 UTC        
 READ IN fields at DATE: 1995-08-30 18:00:00 UTC        
 READ IN fields at DATE: 1995-08-31 00:00:00 UTC        
 READ IN fields at DATE: 1995-08-31 06:00:00 UTC        
 READ IN fields at DATE: 1995-08-31 12:00:00 UTC        
 READ IN fields at DATE: 1995-08-31 18:00:00 UTC        
      131072 /leonardo_work/ICT26_ESP/RCMDATA//ERA5/1995/tatm_1995_09.nc
  2.149996046540960E-003   249.668511183617     
      196608 /leonardo_work/ICT26_ESP/RCMDATA//ERA5/1995/geop_1995_09.nc
   7.36710172498970        235285.677777262     
      262144 /leonardo_work/ICT26_ESP/RCMDATA//ERA5/1995/qhum_1995_09.nc
  4.226789476688882E-007  1.383133290884517E-002
      327680 /leonardo_work/ICT26_ESP/RCMDATA//ERA5/1995/uwnd_1995_09.nc
  3.668319718214487E-003   21.4362456741253     
      393216 /leonardo_work/ICT26_ESP/RCMDATA//ERA5/1995/vwnd_1995_09.nc
  3.542376789174920E-003   15.9616229766445     
 READ IN fields at DATE: 1995-09-01 00:00:00 UTC        
 READ IN fields at DATE: 1995-09-01 06:00:00 UTC        
 READ IN fields at DATE: 1995-09-01 12:00:00 UTC        
 READ IN fields at DATE: 1995-09-01 18:00:00 UTC        
 READ IN fields at DATE: 1995-09-02 00:00:00 UTC        
 READ IN fields at DATE: 1995-09-02 06:00:00 UTC        
 READ IN fields at DATE: 1995-09-02 12:00:00 UTC        
 READ IN fields at DATE: 1995-09-02 18:00:00 UTC        
 READ IN fields at DATE: 1995-09-03 00:00:00 UTC        
 READ IN fields at DATE: 1995-09-03 06:00:00 UTC        
 READ IN fields at DATE: 1995-09-03 12:00:00 UTC        
 READ IN fields at DATE: 1995-09-03 18:00:00 UTC        
 READ IN fields at DATE: 1995-09-04 00:00:00 UTC        
 READ IN fields at DATE: 1995-09-04 06:00:00 UTC        
 READ IN fields at DATE: 1995-09-04 12:00:00 UTC        
 READ IN fields at DATE: 1995-09-04 18:00:00 UTC        
 READ IN fields at DATE: 1995-09-05 00:00:00 UTC        
 READ IN fields at DATE: 1995-09-05 06:00:00 UTC        
 READ IN fields at DATE: 1995-09-05 12:00:00 UTC        
 READ IN fields at DATE: 1995-09-05 18:00:00 UTC        
 READ IN fields at DATE: 1995-09-06 00:00:00 UTC        
 READ IN fields at DATE: 1995-09-06 06:00:00 UTC        
 READ IN fields at DATE: 1995-09-06 12:00:00 UTC        
 READ IN fields at DATE: 1995-09-06 18:00:00 UTC        
 READ IN fields at DATE: 1995-09-07 00:00:00 UTC        
 READ IN fields at DATE: 1995-09-07 06:00:00 UTC        
 READ IN fields at DATE: 1995-09-07 12:00:00 UTC        
 READ IN fields at DATE: 1995-09-07 18:00:00 UTC        
 READ IN fields at DATE: 1995-09-08 00:00:00 UTC        
 READ IN fields at DATE: 1995-09-08 06:00:00 UTC        
 READ IN fields at DATE: 1995-09-08 12:00:00 UTC        
 READ IN fields at DATE: 1995-09-08 18:00:00 UTC        
 READ IN fields at DATE: 1995-09-09 00:00:00 UTC        
 READ IN fields at DATE: 1995-09-09 06:00:00 UTC        
 READ IN fields at DATE: 1995-09-09 12:00:00 UTC        
 READ IN fields at DATE: 1995-09-09 18:00:00 UTC        
 READ IN fields at DATE: 1995-09-10 00:00:00 UTC        
 READ IN fields at DATE: 1995-09-10 06:00:00 UTC        
 READ IN fields at DATE: 1995-09-10 12:00:00 UTC        
 READ IN fields at DATE: 1995-09-10 18:00:00 UTC        
 READ IN fields at DATE: 1995-09-11 00:00:00 UTC        
 READ IN fields at DATE: 1995-09-11 06:00:00 UTC        
 READ IN fields at DATE: 1995-09-11 12:00:00 UTC        
 READ IN fields at DATE: 1995-09-11 18:00:00 UTC        
 READ IN fields at DATE: 1995-09-12 00:00:00 UTC        
 READ IN fields at DATE: 1995-09-12 06:00:00 UTC        
 READ IN fields at DATE: 1995-09-12 12:00:00 UTC        
 READ IN fields at DATE: 1995-09-12 18:00:00 UTC        
 READ IN fields at DATE: 1995-09-13 00:00:00 UTC        
 READ IN fields at DATE: 1995-09-13 06:00:00 UTC        
 READ IN fields at DATE: 1995-09-13 12:00:00 UTC        
 READ IN fields at DATE: 1995-09-13 18:00:00 UTC        
 READ IN fields at DATE: 1995-09-14 00:00:00 UTC        
 READ IN fields at DATE: 1995-09-14 06:00:00 UTC        
 READ IN fields at DATE: 1995-09-14 12:00:00 UTC        
 READ IN fields at DATE: 1995-09-14 18:00:00 UTC        
 READ IN fields at DATE: 1995-09-15 00:00:00 UTC        
 READ IN fields at DATE: 1995-09-15 06:00:00 UTC        
 READ IN fields at DATE: 1995-09-15 12:00:00 UTC        
 READ IN fields at DATE: 1995-09-15 18:00:00 UTC        
 READ IN fields at DATE: 1995-09-16 00:00:00 UTC        
 READ IN fields at DATE: 1995-09-16 06:00:00 UTC        
 READ IN fields at DATE: 1995-09-16 12:00:00 UTC        
 READ IN fields at DATE: 1995-09-16 18:00:00 UTC        
 READ IN fields at DATE: 1995-09-17 00:00:00 UTC        
 READ IN fields at DATE: 1995-09-17 06:00:00 UTC        
 READ IN fields at DATE: 1995-09-17 12:00:00 UTC        
 READ IN fields at DATE: 1995-09-17 18:00:00 UTC        
 READ IN fields at DATE: 1995-09-18 00:00:00 UTC        
 READ IN fields at DATE: 1995-09-18 06:00:00 UTC        
 READ IN fields at DATE: 1995-09-18 12:00:00 UTC        
 READ IN fields at DATE: 1995-09-18 18:00:00 UTC        
 READ IN fields at DATE: 1995-09-19 00:00:00 UTC        
 READ IN fields at DATE: 1995-09-19 06:00:00 UTC        
 READ IN fields at DATE: 1995-09-19 12:00:00 UTC        
 READ IN fields at DATE: 1995-09-19 18:00:00 UTC        
 READ IN fields at DATE: 1995-09-20 00:00:00 UTC        
 READ IN fields at DATE: 1995-09-20 06:00:00 UTC        
 READ IN fields at DATE: 1995-09-20 12:00:00 UTC        
 READ IN fields at DATE: 1995-09-20 18:00:00 UTC        
 READ IN fields at DATE: 1995-09-21 00:00:00 UTC        
 READ IN fields at DATE: 1995-09-21 06:00:00 UTC        
 READ IN fields at DATE: 1995-09-21 12:00:00 UTC        
 READ IN fields at DATE: 1995-09-21 18:00:00 UTC        
 READ IN fields at DATE: 1995-09-22 00:00:00 UTC        
 READ IN fields at DATE: 1995-09-22 06:00:00 UTC        
 READ IN fields at DATE: 1995-09-22 12:00:00 UTC        
 READ IN fields at DATE: 1995-09-22 18:00:00 UTC        
 READ IN fields at DATE: 1995-09-23 00:00:00 UTC        
 READ IN fields at DATE: 1995-09-23 06:00:00 UTC        
 READ IN fields at DATE: 1995-09-23 12:00:00 UTC        
 READ IN fields at DATE: 1995-09-23 18:00:00 UTC        
 READ IN fields at DATE: 1995-09-24 00:00:00 UTC        
 READ IN fields at DATE: 1995-09-24 06:00:00 UTC        
 READ IN fields at DATE: 1995-09-24 12:00:00 UTC        
 READ IN fields at DATE: 1995-09-24 18:00:00 UTC        
 READ IN fields at DATE: 1995-09-25 00:00:00 UTC        
 READ IN fields at DATE: 1995-09-25 06:00:00 UTC        
 READ IN fields at DATE: 1995-09-25 12:00:00 UTC        
 READ IN fields at DATE: 1995-09-25 18:00:00 UTC        
 READ IN fields at DATE: 1995-09-26 00:00:00 UTC        
 READ IN fields at DATE: 1995-09-26 06:00:00 UTC        
 READ IN fields at DATE: 1995-09-26 12:00:00 UTC        
 READ IN fields at DATE: 1995-09-26 18:00:00 UTC        
 READ IN fields at DATE: 1995-09-27 00:00:00 UTC        
 READ IN fields at DATE: 1995-09-27 06:00:00 UTC        
 READ IN fields at DATE: 1995-09-27 12:00:00 UTC        
 READ IN fields at DATE: 1995-09-27 18:00:00 UTC        
 READ IN fields at DATE: 1995-09-28 00:00:00 UTC        
 READ IN fields at DATE: 1995-09-28 06:00:00 UTC        
 READ IN fields at DATE: 1995-09-28 12:00:00 UTC        
 READ IN fields at DATE: 1995-09-28 18:00:00 UTC        
 READ IN fields at DATE: 1995-09-29 00:00:00 UTC        
 READ IN fields at DATE: 1995-09-29 06:00:00 UTC        
 READ IN fields at DATE: 1995-09-29 12:00:00 UTC        
 READ IN fields at DATE: 1995-09-29 18:00:00 UTC        
 READ IN fields at DATE: 1995-09-30 00:00:00 UTC        
 READ IN fields at DATE: 1995-09-30 06:00:00 UTC        
 READ IN fields at DATE: 1995-09-30 12:00:00 UTC        
 READ IN fields at DATE: 1995-09-30 18:00:00 UTC        
      131072 /leonardo_work/ICT26_ESP/RCMDATA//ERA5/1995/tatm_1995_10.nc
  2.053737822288127E-003   250.125384569077     
      196608 /leonardo_work/ICT26_ESP/RCMDATA//ERA5/1995/geop_1995_10.nc
   7.38371078311690        235391.386269608     
      262144 /leonardo_work/ICT26_ESP/RCMDATA//ERA5/1995/qhum_1995_10.nc
  3.695021222832581E-007  1.208824580140575E-002
      327680 /leonardo_work/ICT26_ESP/RCMDATA//ERA5/1995/uwnd_1995_10.nc
  3.157367641976419E-003   26.0696493435228     
      393216 /leonardo_work/ICT26_ESP/RCMDATA//ERA5/1995/vwnd_1995_10.nc
  2.879596350639897E-003   3.31478334635593     
 READ IN fields at DATE: 1995-10-01 00:00:00 UTC        
 READ IN fields at DATE: 1995-10-01 06:00:00 UTC        
 READ IN fields at DATE: 1995-10-01 12:00:00 UTC        
 READ IN fields at DATE: 1995-10-01 18:00:00 UTC        
 READ IN fields at DATE: 1995-10-02 00:00:00 UTC        
 READ IN fields at DATE: 1995-10-02 06:00:00 UTC        
 READ IN fields at DATE: 1995-10-02 12:00:00 UTC        
 READ IN fields at DATE: 1995-10-02 18:00:00 UTC        
 READ IN fields at DATE: 1995-10-03 00:00:00 UTC        
 READ IN fields at DATE: 1995-10-03 06:00:00 UTC        
 READ IN fields at DATE: 1995-10-03 12:00:00 UTC        
 READ IN fields at DATE: 1995-10-03 18:00:00 UTC        
 READ IN fields at DATE: 1995-10-04 00:00:00 UTC        
 READ IN fields at DATE: 1995-10-04 06:00:00 UTC        
 READ IN fields at DATE: 1995-10-04 12:00:00 UTC        
 READ IN fields at DATE: 1995-10-04 18:00:00 UTC        
 READ IN fields at DATE: 1995-10-05 00:00:00 UTC        
 READ IN fields at DATE: 1995-10-05 06:00:00 UTC        
 READ IN fields at DATE: 1995-10-05 12:00:00 UTC        
 READ IN fields at DATE: 1995-10-05 18:00:00 UTC        
 READ IN fields at DATE: 1995-10-06 00:00:00 UTC        
 READ IN fields at DATE: 1995-10-06 06:00:00 UTC        
 READ IN fields at DATE: 1995-10-06 12:00:00 UTC        
 READ IN fields at DATE: 1995-10-06 18:00:00 UTC        
 READ IN fields at DATE: 1995-10-07 00:00:00 UTC        
 READ IN fields at DATE: 1995-10-07 06:00:00 UTC        
 READ IN fields at DATE: 1995-10-07 12:00:00 UTC        
 READ IN fields at DATE: 1995-10-07 18:00:00 UTC        
 READ IN fields at DATE: 1995-10-08 00:00:00 UTC        
 READ IN fields at DATE: 1995-10-08 06:00:00 UTC        
 READ IN fields at DATE: 1995-10-08 12:00:00 UTC        
 READ IN fields at DATE: 1995-10-08 18:00:00 UTC        
 READ IN fields at DATE: 1995-10-09 00:00:00 UTC        
 READ IN fields at DATE: 1995-10-09 06:00:00 UTC        
 READ IN fields at DATE: 1995-10-09 12:00:00 UTC        
 READ IN fields at DATE: 1995-10-09 18:00:00 UTC        
 READ IN fields at DATE: 1995-10-10 00:00:00 UTC        
 READ IN fields at DATE: 1995-10-10 06:00:00 UTC        
 READ IN fields at DATE: 1995-10-10 12:00:00 UTC        
 READ IN fields at DATE: 1995-10-10 18:00:00 UTC        
 READ IN fields at DATE: 1995-10-11 00:00:00 UTC        
 READ IN fields at DATE: 1995-10-11 06:00:00 UTC        
 READ IN fields at DATE: 1995-10-11 12:00:00 UTC        
 READ IN fields at DATE: 1995-10-11 18:00:00 UTC        
 READ IN fields at DATE: 1995-10-12 00:00:00 UTC        
 READ IN fields at DATE: 1995-10-12 06:00:00 UTC        
 READ IN fields at DATE: 1995-10-12 12:00:00 UTC        
 READ IN fields at DATE: 1995-10-12 18:00:00 UTC        
 READ IN fields at DATE: 1995-10-13 00:00:00 UTC        
 READ IN fields at DATE: 1995-10-13 06:00:00 UTC        
 READ IN fields at DATE: 1995-10-13 12:00:00 UTC        
 READ IN fields at DATE: 1995-10-13 18:00:00 UTC        
 READ IN fields at DATE: 1995-10-14 00:00:00 UTC        
 READ IN fields at DATE: 1995-10-14 06:00:00 UTC        
 READ IN fields at DATE: 1995-10-14 12:00:00 UTC        
 READ IN fields at DATE: 1995-10-14 18:00:00 UTC        
 READ IN fields at DATE: 1995-10-15 00:00:00 UTC        
 READ IN fields at DATE: 1995-10-15 06:00:00 UTC        
 READ IN fields at DATE: 1995-10-15 12:00:00 UTC        
 READ IN fields at DATE: 1995-10-15 18:00:00 UTC        
 READ IN fields at DATE: 1995-10-16 00:00:00 UTC        
 READ IN fields at DATE: 1995-10-16 06:00:00 UTC        
 READ IN fields at DATE: 1995-10-16 12:00:00 UTC        
 READ IN fields at DATE: 1995-10-16 18:00:00 UTC        
 READ IN fields at DATE: 1995-10-17 00:00:00 UTC        
 READ IN fields at DATE: 1995-10-17 06:00:00 UTC        
 READ IN fields at DATE: 1995-10-17 12:00:00 UTC        
 READ IN fields at DATE: 1995-10-17 18:00:00 UTC        
 READ IN fields at DATE: 1995-10-18 00:00:00 UTC        
 READ IN fields at DATE: 1995-10-18 06:00:00 UTC        
 READ IN fields at DATE: 1995-10-18 12:00:00 UTC        
 READ IN fields at DATE: 1995-10-18 18:00:00 UTC        
 READ IN fields at DATE: 1995-10-19 00:00:00 UTC        
 READ IN fields at DATE: 1995-10-19 06:00:00 UTC        
 READ IN fields at DATE: 1995-10-19 12:00:00 UTC        
 READ IN fields at DATE: 1995-10-19 18:00:00 UTC        
 READ IN fields at DATE: 1995-10-20 00:00:00 UTC        
 READ IN fields at DATE: 1995-10-20 06:00:00 UTC        
 READ IN fields at DATE: 1995-10-20 12:00:00 UTC        
 READ IN fields at DATE: 1995-10-20 18:00:00 UTC        
 READ IN fields at DATE: 1995-10-21 00:00:00 UTC        
 READ IN fields at DATE: 1995-10-21 06:00:00 UTC        
 READ IN fields at DATE: 1995-10-21 12:00:00 UTC        
 READ IN fields at DATE: 1995-10-21 18:00:00 UTC        
 READ IN fields at DATE: 1995-10-22 00:00:00 UTC        
 READ IN fields at DATE: 1995-10-22 06:00:00 UTC        
 READ IN fields at DATE: 1995-10-22 12:00:00 UTC        
 READ IN fields at DATE: 1995-10-22 18:00:00 UTC        
 READ IN fields at DATE: 1995-10-23 00:00:00 UTC        
 READ IN fields at DATE: 1995-10-23 06:00:00 UTC        
 READ IN fields at DATE: 1995-10-23 12:00:00 UTC        
 READ IN fields at DATE: 1995-10-23 18:00:00 UTC        
 READ IN fields at DATE: 1995-10-24 00:00:00 UTC        
 READ IN fields at DATE: 1995-10-24 06:00:00 UTC        
 READ IN fields at DATE: 1995-10-24 12:00:00 UTC        
 READ IN fields at DATE: 1995-10-24 18:00:00 UTC        
 READ IN fields at DATE: 1995-10-25 00:00:00 UTC        
 READ IN fields at DATE: 1995-10-25 06:00:00 UTC        
 READ IN fields at DATE: 1995-10-25 12:00:00 UTC        
 READ IN fields at DATE: 1995-10-25 18:00:00 UTC        
 READ IN fields at DATE: 1995-10-26 00:00:00 UTC        
 READ IN fields at DATE: 1995-10-26 06:00:00 UTC        
 READ IN fields at DATE: 1995-10-26 12:00:00 UTC        
 READ IN fields at DATE: 1995-10-26 18:00:00 UTC        
 READ IN fields at DATE: 1995-10-27 00:00:00 UTC        
 READ IN fields at DATE: 1995-10-27 06:00:00 UTC        
 READ IN fields at DATE: 1995-10-27 12:00:00 UTC        
 READ IN fields at DATE: 1995-10-27 18:00:00 UTC        
 READ IN fields at DATE: 1995-10-28 00:00:00 UTC        
 READ IN fields at DATE: 1995-10-28 06:00:00 UTC        
 READ IN fields at DATE: 1995-10-28 12:00:00 UTC        
 READ IN fields at DATE: 1995-10-28 18:00:00 UTC        
 READ IN fields at DATE: 1995-10-29 00:00:00 UTC        
 READ IN fields at DATE: 1995-10-29 06:00:00 UTC        
 READ IN fields at DATE: 1995-10-29 12:00:00 UTC        
 READ IN fields at DATE: 1995-10-29 18:00:00 UTC        
 READ IN fields at DATE: 1995-10-30 00:00:00 UTC        
 READ IN fields at DATE: 1995-10-30 06:00:00 UTC        
 READ IN fields at DATE: 1995-10-30 12:00:00 UTC        
 READ IN fields at DATE: 1995-10-30 18:00:00 UTC        
 READ IN fields at DATE: 1995-10-31 00:00:00 UTC        
 READ IN fields at DATE: 1995-10-31 06:00:00 UTC        
 READ IN fields at DATE: 1995-10-31 12:00:00 UTC        
 READ IN fields at DATE: 1995-10-31 18:00:00 UTC        
      131072 /leonardo_work/ICT26_ESP/RCMDATA//ERA5/1995/tatm_1995_11.nc
  2.073325829683971E-003   249.785485248706     
      196608 /leonardo_work/ICT26_ESP/RCMDATA//ERA5/1995/geop_1995_11.nc
   7.54950207576717        242095.840483337     
      262144 /leonardo_work/ICT26_ESP/RCMDATA//ERA5/1995/qhum_1995_11.nc
  3.607526215685732E-007  1.181481925154814E-002
      327680 /leonardo_work/ICT26_ESP/RCMDATA//ERA5/1995/uwnd_1995_11.nc
  3.407529543053452E-003   35.9704031688222     
      393216 /leonardo_work/ICT26_ESP/RCMDATA//ERA5/1995/vwnd_1995_11.nc
  2.773352727138665E-003 -0.130826983980757     
 READ IN fields at DATE: 1995-11-01 00:00:00 UTC        
 READ IN fields at DATE: 1995-11-01 06:00:00 UTC        
 READ IN fields at DATE: 1995-11-01 12:00:00 UTC        
 READ IN fields at DATE: 1995-11-01 18:00:00 UTC        
 READ IN fields at DATE: 1995-11-02 00:00:00 UTC        
 READ IN fields at DATE: 1995-11-02 06:00:00 UTC        
 READ IN fields at DATE: 1995-11-02 12:00:00 UTC        
 READ IN fields at DATE: 1995-11-02 18:00:00 UTC        
 READ IN fields at DATE: 1995-11-03 00:00:00 UTC        
 READ IN fields at DATE: 1995-11-03 06:00:00 UTC        
 READ IN fields at DATE: 1995-11-03 12:00:00 UTC        
 READ IN fields at DATE: 1995-11-03 18:00:00 UTC        
 READ IN fields at DATE: 1995-11-04 00:00:00 UTC        
 READ IN fields at DATE: 1995-11-04 06:00:00 UTC        
 READ IN fields at DATE: 1995-11-04 12:00:00 UTC        
 READ IN fields at DATE: 1995-11-04 18:00:00 UTC        
 READ IN fields at DATE: 1995-11-05 00:00:00 UTC        
 READ IN fields at DATE: 1995-11-05 06:00:00 UTC        
 READ IN fields at DATE: 1995-11-05 12:00:00 UTC        
 READ IN fields at DATE: 1995-11-05 18:00:00 UTC        
 READ IN fields at DATE: 1995-11-06 00:00:00 UTC        
 READ IN fields at DATE: 1995-11-06 06:00:00 UTC        
 READ IN fields at DATE: 1995-11-06 12:00:00 UTC        
 READ IN fields at DATE: 1995-11-06 18:00:00 UTC        
 READ IN fields at DATE: 1995-11-07 00:00:00 UTC        
 READ IN fields at DATE: 1995-11-07 06:00:00 UTC        
 READ IN fields at DATE: 1995-11-07 12:00:00 UTC        
 READ IN fields at DATE: 1995-11-07 18:00:00 UTC        
 READ IN fields at DATE: 1995-11-08 00:00:00 UTC        
 READ IN fields at DATE: 1995-11-08 06:00:00 UTC        
 READ IN fields at DATE: 1995-11-08 12:00:00 UTC        
 READ IN fields at DATE: 1995-11-08 18:00:00 UTC        
 READ IN fields at DATE: 1995-11-09 00:00:00 UTC        
 READ IN fields at DATE: 1995-11-09 06:00:00 UTC        
 READ IN fields at DATE: 1995-11-09 12:00:00 UTC        
 READ IN fields at DATE: 1995-11-09 18:00:00 UTC        
 READ IN fields at DATE: 1995-11-10 00:00:00 UTC        
 READ IN fields at DATE: 1995-11-10 06:00:00 UTC        
 READ IN fields at DATE: 1995-11-10 12:00:00 UTC        
 READ IN fields at DATE: 1995-11-10 18:00:00 UTC        
 READ IN fields at DATE: 1995-11-11 00:00:00 UTC        
 READ IN fields at DATE: 1995-11-11 06:00:00 UTC        
 READ IN fields at DATE: 1995-11-11 12:00:00 UTC        
 READ IN fields at DATE: 1995-11-11 18:00:00 UTC        
 READ IN fields at DATE: 1995-11-12 00:00:00 UTC        
 READ IN fields at DATE: 1995-11-12 06:00:00 UTC        
 READ IN fields at DATE: 1995-11-12 12:00:00 UTC        
 READ IN fields at DATE: 1995-11-12 18:00:00 UTC        
 READ IN fields at DATE: 1995-11-13 00:00:00 UTC        
 READ IN fields at DATE: 1995-11-13 06:00:00 UTC        
 READ IN fields at DATE: 1995-11-13 12:00:00 UTC        
 READ IN fields at DATE: 1995-11-13 18:00:00 UTC        
 READ IN fields at DATE: 1995-11-14 00:00:00 UTC        
 READ IN fields at DATE: 1995-11-14 06:00:00 UTC        
 READ IN fields at DATE: 1995-11-14 12:00:00 UTC        
 READ IN fields at DATE: 1995-11-14 18:00:00 UTC        
 READ IN fields at DATE: 1995-11-15 00:00:00 UTC        
 READ IN fields at DATE: 1995-11-15 06:00:00 UTC        
 READ IN fields at DATE: 1995-11-15 12:00:00 UTC        
 READ IN fields at DATE: 1995-11-15 18:00:00 UTC        
 READ IN fields at DATE: 1995-11-16 00:00:00 UTC        
 READ IN fields at DATE: 1995-11-16 06:00:00 UTC        
 READ IN fields at DATE: 1995-11-16 12:00:00 UTC        
 READ IN fields at DATE: 1995-11-16 18:00:00 UTC        
 READ IN fields at DATE: 1995-11-17 00:00:00 UTC        
 READ IN fields at DATE: 1995-11-17 06:00:00 UTC        
 READ IN fields at DATE: 1995-11-17 12:00:00 UTC        
 READ IN fields at DATE: 1995-11-17 18:00:00 UTC        
 READ IN fields at DATE: 1995-11-18 00:00:00 UTC        
 READ IN fields at DATE: 1995-11-18 06:00:00 UTC        
 READ IN fields at DATE: 1995-11-18 12:00:00 UTC        
 READ IN fields at DATE: 1995-11-18 18:00:00 UTC        
 READ IN fields at DATE: 1995-11-19 00:00:00 UTC        
 READ IN fields at DATE: 1995-11-19 06:00:00 UTC        
 READ IN fields at DATE: 1995-11-19 12:00:00 UTC        
 READ IN fields at DATE: 1995-11-19 18:00:00 UTC        
 READ IN fields at DATE: 1995-11-20 00:00:00 UTC        
 READ IN fields at DATE: 1995-11-20 06:00:00 UTC        
 READ IN fields at DATE: 1995-11-20 12:00:00 UTC        
 READ IN fields at DATE: 1995-11-20 18:00:00 UTC        
 READ IN fields at DATE: 1995-11-21 00:00:00 UTC        
 READ IN fields at DATE: 1995-11-21 06:00:00 UTC        
 READ IN fields at DATE: 1995-11-21 12:00:00 UTC        
 READ IN fields at DATE: 1995-11-21 18:00:00 UTC        
 READ IN fields at DATE: 1995-11-22 00:00:00 UTC        
 READ IN fields at DATE: 1995-11-22 06:00:00 UTC        
 READ IN fields at DATE: 1995-11-22 12:00:00 UTC        
 READ IN fields at DATE: 1995-11-22 18:00:00 UTC        
 READ IN fields at DATE: 1995-11-23 00:00:00 UTC        
 READ IN fields at DATE: 1995-11-23 06:00:00 UTC        
 READ IN fields at DATE: 1995-11-23 12:00:00 UTC        
 READ IN fields at DATE: 1995-11-23 18:00:00 UTC        
 READ IN fields at DATE: 1995-11-24 00:00:00 UTC        
 READ IN fields at DATE: 1995-11-24 06:00:00 UTC        
 READ IN fields at DATE: 1995-11-24 12:00:00 UTC        
 READ IN fields at DATE: 1995-11-24 18:00:00 UTC        
 READ IN fields at DATE: 1995-11-25 00:00:00 UTC        
 READ IN fields at DATE: 1995-11-25 06:00:00 UTC        
 READ IN fields at DATE: 1995-11-25 12:00:00 UTC        
 READ IN fields at DATE: 1995-11-25 18:00:00 UTC        
 READ IN fields at DATE: 1995-11-26 00:00:00 UTC        
 READ IN fields at DATE: 1995-11-26 06:00:00 UTC        
 READ IN fields at DATE: 1995-11-26 12:00:00 UTC        
 READ IN fields at DATE: 1995-11-26 18:00:00 UTC        
 READ IN fields at DATE: 1995-11-27 00:00:00 UTC        
 READ IN fields at DATE: 1995-11-27 06:00:00 UTC        
 READ IN fields at DATE: 1995-11-27 12:00:00 UTC        
 READ IN fields at DATE: 1995-11-27 18:00:00 UTC        
 READ IN fields at DATE: 1995-11-28 00:00:00 UTC        
 READ IN fields at DATE: 1995-11-28 06:00:00 UTC        
 READ IN fields at DATE: 1995-11-28 12:00:00 UTC        
 READ IN fields at DATE: 1995-11-28 18:00:00 UTC        
 READ IN fields at DATE: 1995-11-29 00:00:00 UTC        
 READ IN fields at DATE: 1995-11-29 06:00:00 UTC        
 READ IN fields at DATE: 1995-11-29 12:00:00 UTC        
 READ IN fields at DATE: 1995-11-29 18:00:00 UTC        
 READ IN fields at DATE: 1995-11-30 00:00:00 UTC        
 READ IN fields at DATE: 1995-11-30 06:00:00 UTC        
 READ IN fields at DATE: 1995-11-30 12:00:00 UTC        
 READ IN fields at DATE: 1995-11-30 18:00:00 UTC        
      131072 /leonardo_work/ICT26_ESP/RCMDATA//ERA5/1995/tatm_1995_12.nc
  2.122455344465646E-003   250.885527822621     
      196608 /leonardo_work/ICT26_ESP/RCMDATA//ERA5/1995/geop_1995_12.nc
   7.64567219473395        245479.634195153     
      262144 /leonardo_work/ICT26_ESP/RCMDATA//ERA5/1995/qhum_1995_12.nc
  3.640351375427944E-007  1.191594878634230E-002
      327680 /leonardo_work/ICT26_ESP/RCMDATA//ERA5/1995/uwnd_1995_12.nc
  4.345883483872748E-003   61.2823805860901     
      393216 /leonardo_work/ICT26_ESP/RCMDATA//ERA5/1995/vwnd_1995_12.nc
  3.101196773372409E-003  -5.48665039086715     
 READ IN fields at DATE: 1995-12-01 00:00:00 UTC        
 READ IN fields at DATE: 1995-12-01 06:00:00 UTC        
 READ IN fields at DATE: 1995-12-01 12:00:00 UTC        
 READ IN fields at DATE: 1995-12-01 18:00:00 UTC        
 READ IN fields at DATE: 1995-12-02 00:00:00 UTC        
 READ IN fields at DATE: 1995-12-02 06:00:00 UTC        
 READ IN fields at DATE: 1995-12-02 12:00:00 UTC        
 READ IN fields at DATE: 1995-12-02 18:00:00 UTC        
 READ IN fields at DATE: 1995-12-03 00:00:00 UTC        
 READ IN fields at DATE: 1995-12-03 06:00:00 UTC        
 READ IN fields at DATE: 1995-12-03 12:00:00 UTC        
 READ IN fields at DATE: 1995-12-03 18:00:00 UTC        
 READ IN fields at DATE: 1995-12-04 00:00:00 UTC        
 READ IN fields at DATE: 1995-12-04 06:00:00 UTC        
 READ IN fields at DATE: 1995-12-04 12:00:00 UTC        
 READ IN fields at DATE: 1995-12-04 18:00:00 UTC        
 READ IN fields at DATE: 1995-12-05 00:00:00 UTC        
 READ IN fields at DATE: 1995-12-05 06:00:00 UTC        
 READ IN fields at DATE: 1995-12-05 12:00:00 UTC        
 READ IN fields at DATE: 1995-12-05 18:00:00 UTC        
 READ IN fields at DATE: 1995-12-06 00:00:00 UTC        
 READ IN fields at DATE: 1995-12-06 06:00:00 UTC        
 READ IN fields at DATE: 1995-12-06 12:00:00 UTC        
 READ IN fields at DATE: 1995-12-06 18:00:00 UTC        
 READ IN fields at DATE: 1995-12-07 00:00:00 UTC        
 READ IN fields at DATE: 1995-12-07 06:00:00 UTC        
 READ IN fields at DATE: 1995-12-07 12:00:00 UTC        
 READ IN fields at DATE: 1995-12-07 18:00:00 UTC        
 READ IN fields at DATE: 1995-12-08 00:00:00 UTC        
 READ IN fields at DATE: 1995-12-08 06:00:00 UTC        
 READ IN fields at DATE: 1995-12-08 12:00:00 UTC        
 READ IN fields at DATE: 1995-12-08 18:00:00 UTC        
 READ IN fields at DATE: 1995-12-09 00:00:00 UTC        
 READ IN fields at DATE: 1995-12-09 06:00:00 UTC        
 READ IN fields at DATE: 1995-12-09 12:00:00 UTC        
 READ IN fields at DATE: 1995-12-09 18:00:00 UTC        
 READ IN fields at DATE: 1995-12-10 00:00:00 UTC        
 READ IN fields at DATE: 1995-12-10 06:00:00 UTC        
 READ IN fields at DATE: 1995-12-10 12:00:00 UTC        
 READ IN fields at DATE: 1995-12-10 18:00:00 UTC        
 READ IN fields at DATE: 1995-12-11 00:00:00 UTC        
 READ IN fields at DATE: 1995-12-11 06:00:00 UTC        
 READ IN fields at DATE: 1995-12-11 12:00:00 UTC        
 READ IN fields at DATE: 1995-12-11 18:00:00 UTC        
 READ IN fields at DATE: 1995-12-12 00:00:00 UTC        
 READ IN fields at DATE: 1995-12-12 06:00:00 UTC        
 READ IN fields at DATE: 1995-12-12 12:00:00 UTC        
 READ IN fields at DATE: 1995-12-12 18:00:00 UTC        
 READ IN fields at DATE: 1995-12-13 00:00:00 UTC        
 READ IN fields at DATE: 1995-12-13 06:00:00 UTC        
 READ IN fields at DATE: 1995-12-13 12:00:00 UTC        
 READ IN fields at DATE: 1995-12-13 18:00:00 UTC        
 READ IN fields at DATE: 1995-12-14 00:00:00 UTC        
 READ IN fields at DATE: 1995-12-14 06:00:00 UTC        
 READ IN fields at DATE: 1995-12-14 12:00:00 UTC        
 READ IN fields at DATE: 1995-12-14 18:00:00 UTC        
 READ IN fields at DATE: 1995-12-15 00:00:00 UTC        
 READ IN fields at DATE: 1995-12-15 06:00:00 UTC        
 READ IN fields at DATE: 1995-12-15 12:00:00 UTC        
 READ IN fields at DATE: 1995-12-15 18:00:00 UTC        
 READ IN fields at DATE: 1995-12-16 00:00:00 UTC        
 READ IN fields at DATE: 1995-12-16 06:00:00 UTC        
 READ IN fields at DATE: 1995-12-16 12:00:00 UTC        
 READ IN fields at DATE: 1995-12-16 18:00:00 UTC        
 READ IN fields at DATE: 1995-12-17 00:00:00 UTC        
 READ IN fields at DATE: 1995-12-17 06:00:00 UTC        
 READ IN fields at DATE: 1995-12-17 12:00:00 UTC        
 READ IN fields at DATE: 1995-12-17 18:00:00 UTC        
 READ IN fields at DATE: 1995-12-18 00:00:00 UTC        
 READ IN fields at DATE: 1995-12-18 06:00:00 UTC        
 READ IN fields at DATE: 1995-12-18 12:00:00 UTC        
 READ IN fields at DATE: 1995-12-18 18:00:00 UTC        
 READ IN fields at DATE: 1995-12-19 00:00:00 UTC        
 READ IN fields at DATE: 1995-12-19 06:00:00 UTC        
 READ IN fields at DATE: 1995-12-19 12:00:00 UTC        
 READ IN fields at DATE: 1995-12-19 18:00:00 UTC        
 READ IN fields at DATE: 1995-12-20 00:00:00 UTC        
 READ IN fields at DATE: 1995-12-20 06:00:00 UTC        
 READ IN fields at DATE: 1995-12-20 12:00:00 UTC        
 READ IN fields at DATE: 1995-12-20 18:00:00 UTC        
 READ IN fields at DATE: 1995-12-21 00:00:00 UTC        
 READ IN fields at DATE: 1995-12-21 06:00:00 UTC        
 READ IN fields at DATE: 1995-12-21 12:00:00 UTC        
 READ IN fields at DATE: 1995-12-21 18:00:00 UTC        
 READ IN fields at DATE: 1995-12-22 00:00:00 UTC        
 READ IN fields at DATE: 1995-12-22 06:00:00 UTC        
 READ IN fields at DATE: 1995-12-22 12:00:00 UTC        
 READ IN fields at DATE: 1995-12-22 18:00:00 UTC        
 READ IN fields at DATE: 1995-12-23 00:00:00 UTC        
 READ IN fields at DATE: 1995-12-23 06:00:00 UTC        
 READ IN fields at DATE: 1995-12-23 12:00:00 UTC        
 READ IN fields at DATE: 1995-12-23 18:00:00 UTC        
 READ IN fields at DATE: 1995-12-24 00:00:00 UTC        
 READ IN fields at DATE: 1995-12-24 06:00:00 UTC        
 READ IN fields at DATE: 1995-12-24 12:00:00 UTC        
 READ IN fields at DATE: 1995-12-24 18:00:00 UTC        
 READ IN fields at DATE: 1995-12-25 00:00:00 UTC        
 READ IN fields at DATE: 1995-12-25 06:00:00 UTC        
 READ IN fields at DATE: 1995-12-25 12:00:00 UTC        
 READ IN fields at DATE: 1995-12-25 18:00:00 UTC        
 READ IN fields at DATE: 1995-12-26 00:00:00 UTC        
 READ IN fields at DATE: 1995-12-26 06:00:00 UTC        
 READ IN fields at DATE: 1995-12-26 12:00:00 UTC        
 READ IN fields at DATE: 1995-12-26 18:00:00 UTC        
 READ IN fields at DATE: 1995-12-27 00:00:00 UTC        
 READ IN fields at DATE: 1995-12-27 06:00:00 UTC        
 READ IN fields at DATE: 1995-12-27 12:00:00 UTC        
 READ IN fields at DATE: 1995-12-27 18:00:00 UTC        
 READ IN fields at DATE: 1995-12-28 00:00:00 UTC        
 READ IN fields at DATE: 1995-12-28 06:00:00 UTC        
 READ IN fields at DATE: 1995-12-28 12:00:00 UTC        
 READ IN fields at DATE: 1995-12-28 18:00:00 UTC        
 READ IN fields at DATE: 1995-12-29 00:00:00 UTC        
 READ IN fields at DATE: 1995-12-29 06:00:00 UTC        
 READ IN fields at DATE: 1995-12-29 12:00:00 UTC        
 READ IN fields at DATE: 1995-12-29 18:00:00 UTC        
 READ IN fields at DATE: 1995-12-30 00:00:00 UTC        
 READ IN fields at DATE: 1995-12-30 06:00:00 UTC        
 READ IN fields at DATE: 1995-12-30 12:00:00 UTC        
 READ IN fields at DATE: 1995-12-30 18:00:00 UTC        
 READ IN fields at DATE: 1995-12-31 00:00:00 UTC        
 READ IN fields at DATE: 1995-12-31 06:00:00 UTC        
 READ IN fields at DATE: 1995-12-31 12:00:00 UTC        
 READ IN fields at DATE: 1995-12-31 18:00:00 UTC        
      131072 /leonardo_work/ICT26_ESP/RCMDATA//ERA5/1996/tatm_1996_01.nc
  2.167097308828424E-003   247.027419869314     
      196608 /leonardo_work/ICT26_ESP/RCMDATA//ERA5/1996/geop_1996_01.nc
   7.64059954765156        245610.037122101     
      262144 /leonardo_work/ICT26_ESP/RCMDATA//ERA5/1996/qhum_1996_01.nc
  3.638522288361311E-007  1.173335863324774E-002
      327680 /leonardo_work/ICT26_ESP/RCMDATA//ERA5/1996/uwnd_1996_01.nc
  5.633086783328628E-003   8.07152427692083     
      393216 /leonardo_work/ICT26_ESP/RCMDATA//ERA5/1996/vwnd_1996_01.nc
  5.280690785975673E-003  -1.32409725457268     
 READ IN fields at DATE: 1996-01-01 00:00:00 UTC        
 Input ready at : Thu Jul 30 19:23:23 2026
 Successfully completed ICBC
icbc script complete
