
--------------- INIT POSPROCESSING ----------------

/leonardo/home/userexternal/mdasilva/leonardo_work/MOAAP/GPM/CAR-4/preproc
Processing CAR-4 2000 01
cdo    remapbil: Bilinear weights from lonlat (9896x3298) to lonlat (245x108) grid, with source mask (32145525)
cdo    remapbil: Bilinear weights from lonlat (9896x3298) to lonlat (245x108) grid, with source mask (31594007)
cdo    remapbil: Bilinear weights from lonlat (9896x3298) to lonlat (245x108) grid, with source mask (32222307)
cdo    remapbil: Bilinear weights from lonlat (9896x3298) to lonlat (245x108) grid, with source mask (32362271)
cdo    remapbil: Bilinear weights from lonlat (9896x3298) to lonlat (245x108) grid, with source mask (31575968)
cdo    remapbil: Bilinear weights from lonlat (9896x3298) to lonlat (245x108) grid, with source mask (32261816)
cdo    remapbil: Bilinear weights from lonlat (9896x3298) to lonlat (245x108) grid, with source mask (32341849)
cdo    remapbil: Bilinear weights from lonlat (9896x3298) to lonlat (245x108) grid, with source mask (31602183)
cdo    remapbil: Bilinear weights from lonlat (9896x3298) to lonlat (245x108) grid, with source mask (32222899)
cdo    remapbil: Bilinear weights from lonlat (9896x3298) to lonlat (245x108) grid, with source mask (32340895)
cdo    remapbil: Bilinear weights from lonlat (9896x3298) to lonlat (245x108) grid, with source mask (31603248)
cdo    remapbil: Bilinear weights from lonlat (9896x3298) to lonlat (245x108) grid, with source mask (32264598)
cdo    remapbil: Bilinear weights from lonlat (9896x3298) to lonlat (245x108) grid, with source mask (32342864)
cdo    remapbil: Bilinear weights from lonlat (9896x3298) to lonlat (245x108) grid, with source mask (31595340)
cdo    remapbil: Bilinear weights from lonlat (9896x3298) to lonlat (245x108) grid, with source mask (32214859)
cdo    remapbil: Bilinear weights from lonlat (9896x3298) to lonlat (245x108) grid, with source mask (32354098)
cdo    remapbil: Bilinear weights from lonlat (9896x3298) to lonlat (245x108) grid, with source mask (31596399)
cdo    remapbil: Bilinear weights from lonlat (9896x3298) to lonlat (245x108) grid, with source mask (32254799)
cdo    remapbil: Bilinear weights from lonlat (9896x3298) to lonlat (245x108) grid, with source mask (32335748)
cdo    remapbil: Bilinear weights from lonlat (9896x3298) to lonlat (245x108) grid, with source mask (31602012)
cdo    remapbil: Bilinear weights from lonlat (9896x3298) to lonlat (245x108) grid, with source mask (32222833)
cdo    remapbil: Bilinear weights from lonlat (9896x3298) to lonlat (245x108) grid, with source mask (32356611)
cdo    remapbil: Bilinear weights from lonlat (9896x3298) to lonlat (245x108) grid, with source mask (31601735)
cdo    remapbil: Bilinear weights from lonlat (9896x3298) to lonlat (245x108) grid, with source mask (32264906)
cdo    remapbil: Bilinear weights from lonlat (9896x3298) to lonlat (245x108) grid, with source mask (32343327)
cdo    remapbil: Bilinear weights from lonlat (9896x3298) to lonlat (245x108) grid, with source mask (31610780)
cdo    remapbil: Bilinear weights from lonlat (9896x3298) to lonlat (245x108) grid, with source mask (32238400)
cdo    remapbil: Bilinear weights from lonlat (9896x3298) to lonlat (245x108) grid, with source mask (32372934)
cdo    remapbil: Bilinear weights from lonlat (9896x3298) to lonlat (245x108) grid, with source mask (31616488)
cdo    remapbil: Bilinear weights from lonlat (9896x3298) to lonlat (245x108) grid, with source mask (32263579)
cdo    remapbil: Bilinear weights from lonlat (9896x3298) to lonlat (245x108) grid, with source mask (32358416)
cdo    remapbil: Bilinear weights from lonlat (9896x3298) to lonlat (245x108) grid, with source mask (31622026)
cdo    remapbil: Bilinear weights from lonlat (9896x3298) to lonlat (245x108) grid, with source mask (32235102)
cdo    remapbil: Bilinear weights from lonlat (9896x3298) to lonlat (245x108) grid, with source mask (32375586)
cdo    remapbil: Bilinear weights from lonlat (9896x3298) to lonlat (245x108) grid, with source mask (31616858)
cdo    remapbil: Bilinear weights from lonlat (9896x3298) to lonlat (245x108) grid, with source mask (32261285)
cdo    remapbil: Bilinear weights from lonlat (9896x3298) to lonlat (245x108) grid, with source mask (32351731)
cdo    remapbil: Bilinear weights from lonlat (9896x3298) to lonlat (245x108) grid, with source mask (31608627)
cdo    remapbil: Bilinear weights from lonlat (9896x3298) to lonlat (245x108) grid, with source mask (32216969)
cdo    remapbil: Bilinear weights from lonlat (9896x3298) to lonlat (245x108) grid, with source mask (32366595)
cdo    remapbil: Bilinear weights from lonlat (9896x3298) to lonlat (245x108) grid, with source mask (31603759)
cdo    remapbil: Bilinear weights from lonlat (9896x3298) to lonlat (245x108) grid, with source mask (32245999)
cdo    remapbil: Bilinear weights from lonlat (9896x3298) to lonlat (245x108) grid, with source mask (32337963)
cdo    remapbil: Bilinear weights from lonlat (9896x3298) to lonlat (245x108) grid, with source mask (31599716)
cdo    remapbil: Bilinear weights from lonlat (9896x3298) to lonlat (245x108) grid, with source mask (32213293)
cdo    remapbil: Bilinear weights from lonlat (9896x3298) to lonlat (245x108) grid, with source mask (32359978)
cdo    remapbil: Bilinear weights from lonlat (9896x3298) to lonlat (245x108) grid, with source mask (31599139)
cdo    remapbil: Bilinear weights from lonlat (9896x3298) to lonlat (245x108) grid, with source mask (32252414)
cdo    remapbil: Bilinear weights from lonlat (9896x3298) to lonlat (245x108) grid, with source mask (32335055)
cdo    remapbil: Bilinear weights from lonlat (9896x3298) to lonlat (245x108) grid, with source mask (31603114)
cdo    remapbil: Bilinear weights from lonlat (9896x3298) to lonlat (245x108) grid, with source mask (32228104)
cdo    remapbil: Bilinear weights from lonlat (9896x3298) to lonlat (245x108) grid, with source mask (32366682)
cdo    remapbil: Bilinear weights from lonlat (9896x3298) to lonlat (245x108) grid, with source mask (31606800)
cdo    remapbil: Bilinear weights from lonlat (9896x3298) to lonlat (245x108) grid, with source mask (32267144)
cdo    remapbil: Bilinear weights from lonlat (9896x3298) to lonlat (245x108) grid, with source mask (32343949)
cdo    remapbil: Bilinear weights from lonlat (9896x3298) to lonlat (245x108) grid, with source mask (31606715)
cdo    remapbil: Bilinear weights from lonlat (9896x3298) to lonlat (245x108) grid, with source mask (32226089)
cdo    remapbil: Bilinear weights from lonlat (9896x3298) to lonlat (245x108) grid, with source mask (32371530)
cdo    remapbil: Bilinear weights from lonlat (9896x3298) to lonlat (245x108) grid, with source mask (31605583)
cdo    remapbil: Bilinear weights from lonlat (9896x3298) to lonlat (245x108) grid, with source mask (32265325)
cdo    remapbil: Bilinear weights from lonlat (9896x3298) to lonlat (245x108) grid, with source mask (32329091)
cdo    remapbil: Bilinear weights from lonlat (9896x3298) to lonlat (245x108) grid, with source mask (31601593)
cdo    remapbil: Bilinear weights from lonlat (9896x3298) to lonlat (245x108) grid, with source mask (32216729)
cdo    remapbil: Bilinear weights from lonlat (9896x3298) to lonlat (245x108) grid, with source mask (32367758)
cdo    remapbil: Bilinear weights from lonlat (9896x3298) to lonlat (245x108) grid, with source mask (31594303)
cdo    remapbil: Bilinear weights from lonlat (9896x3298) to lonlat (245x108) grid, with source mask (32260308)
cdo    remapbil: Bilinear weights from lonlat (9896x3298) to lonlat (245x108) grid, with source mask (32343497)
cdo    remapbil: Bilinear weights from lonlat (9896x3298) to lonlat (245x108) grid, with source mask (31591446)
cdo    remapbil: Bilinear weights from lonlat (9896x3298) to lonlat (245x108) grid, with source mask (32208062)
cdo    remapbil: Bilinear weights from lonlat (9896x3298) to lonlat (245x108) grid, with source mask (32366264)
cdo    remapbil: Bilinear weights from lonlat (9896x3298) to lonlat (245x108) grid, with source mask (31591906)
cdo    remapbil: Bilinear weights from lonlat (9896x3298) to lonlat (245x108) grid, with source mask (32261409)
cdo    remapbil: Bilinear weights from lonlat (9896x3298) to lonlat (245x108) grid, with source mask (32338720)
cdo    remapbil: Bilinear weights from lonlat (9896x3298) to lonlat (245x108) grid, with source mask (31590136)
cdo    remapbil: Bilinear weights from lonlat (9896x3298) to lonlat (245x108) grid, with source mask (32214774)
cdo    remapbil: Bilinear weights from lonlat (9896x3298) to lonlat (245x108) grid, with source mask (32367931)
cdo    remapbil: Bilinear weights from lonlat (9896x3298) to lonlat (245x108) grid, with source mask (31593605)
cdo    remapbil: Bilinear weights from lonlat (9896x3298) to lonlat (245x108) grid, with source mask (32261759)
cdo    remapbil: Bilinear weights from lonlat (9896x3298) to lonlat (245x108) grid, with source mask (32339333)
cdo    remapbil: Bilinear weights from lonlat (9896x3298) to lonlat (245x108) grid, with source mask (31593552)
cdo    remapbil: Bilinear weights from lonlat (9896x3298) to lonlat (245x108) grid, with source mask (32217807)
cdo    remapbil: Bilinear weights from lonlat (9896x3298) to lonlat (245x108) grid, with source mask (32364706)
cdo    remapbil: Bilinear weights from lonlat (9896x3298) to lonlat (245x108) grid, with source mask (31597034)
cdo    remapbil: Bilinear weights from lonlat (9896x3298) to lonlat (245x108) grid, with source mask (32269929)
cdo    remapbil: Bilinear weights from lonlat (9896x3298) to lonlat (245x108) grid, with source mask (28867512)
cdo    remapbil: Bilinear weights from lonlat (9896x3298) to lonlat (245x108) grid, with source mask (30206440)
cdo    remapbil: Bilinear weights from lonlat (9896x3298) to lonlat (245x108) grid, with source mask (32143786)
cdo    remapbil: Bilinear weights from lonlat (9896x3298) to lonlat (245x108) grid, with source mask (32351483)
cdo    remapbil: Bilinear weights from lonlat (9896x3298) to lonlat (245x108) grid, with source mask (32257535)
cdo    remapbil: Bilinear weights from lonlat (9896x3298) to lonlat (245x108) grid, with source mask (32283813)
cdo    remapbil: Bilinear weights from lonlat (9896x3298) to lonlat (245x108) grid, with source mask (32342262)
cdo    remapbil: Bilinear weights from lonlat (9896x3298) to lonlat (245x108) grid, with source mask (30723556)
cdo    remapbil: Bilinear weights from lonlat (9896x3298) to lonlat (245x108) grid, with source mask (30722533)
cdo    remapbil: Bilinear weights from lonlat (9896x3298) to lonlat (245x108) grid, with source mask (32335851)
cdo    remapbil: Bilinear weights from lonlat (9896x3298) to lonlat (245x108) grid, with source mask (30718735)
cdo    remapbil: Bilinear weights from lonlat (9896x3298) to lonlat (245x108) grid, with source mask (30757539)
cdo    remapbil: Bilinear weights from lonlat (9896x3298) to lonlat (245x108) grid, with source mask (32338441)
cdo    remapbil: Bilinear weights from lonlat (9896x3298) to lonlat (245x108) grid, with source mask (31572102)
cdo    remapbil: Bilinear weights from lonlat (9896x3298) to lonlat (245x108) grid, with source mask (32225501)
cdo    remapbil: Bilinear weights from lonlat (9896x3298) to lonlat (245x108) grid, with source mask (32369065)
cdo    remapbil: Bilinear weights from lonlat (9896x3298) to lonlat (245x108) grid, with source mask (31602635)
cdo    remapbil: Bilinear weights from lonlat (9896x3298) to lonlat (245x108) grid, with source mask (32274281)
cdo    remapbil: Bilinear weights from lonlat (9896x3298) to lonlat (245x108) grid, with source mask (32342077)
cdo    remapbil: Bilinear weights from lonlat (9896x3298) to lonlat (245x108) grid, with source mask (31603607)
cdo    remapbil: Bilinear weights from lonlat (9896x3298) to lonlat (245x108) grid, with source mask (32233540)
cdo    remapbil: Bilinear weights from lonlat (9896x3298) to lonlat (245x108) grid, with source mask (32366641)
cdo    remapbil: Bilinear weights from lonlat (9896x3298) to lonlat (245x108) grid, with source mask (31609800)
cdo    remapbil: Bilinear weights from lonlat (9896x3298) to lonlat (245x108) grid, with source mask (32274919)
cdo    remapbil: Bilinear weights from lonlat (9896x3298) to lonlat (245x108) grid, with source mask (32339847)
cdo    remapbil: Bilinear weights from lonlat (9896x3298) to lonlat (245x108) grid, with source mask (31613500)
cdo    remapbil: Bilinear weights from lonlat (9896x3298) to lonlat (245x108) grid, with source mask (32237058)
cdo    remapbil: Bilinear weights from lonlat (9896x3298) to lonlat (245x108) grid, with source mask (32295067)
cdo    remapbil: Bilinear weights from lonlat (9896x3298) to lonlat (245x108) grid, with source mask (31611039)
cdo    remapbil: Bilinear weights from lonlat (9896x3298) to lonlat (245x108) grid, with source mask (32272822)
cdo    remapbil: Bilinear weights from lonlat (9896x3298) to lonlat (245x108) grid, with source mask (32340345)
cdo    remapbil: Bilinear weights from lonlat (9896x3298) to lonlat (245x108) grid, with source mask (31613137)
cdo    remapbil: Bilinear weights from lonlat (9896x3298) to lonlat (245x108) grid, with source mask (32233284)
cdo    remapbil: Bilinear weights from lonlat (9896x3298) to lonlat (245x108) grid, with source mask (32300231)
cdo    remapbil: Bilinear weights from lonlat (9896x3298) to lonlat (245x108) grid, with source mask (31613658)
cdo    remapbil: Bilinear weights from lonlat (9896x3298) to lonlat (245x108) grid, with source mask (32274351)
cdo    remapbil: Bilinear weights from lonlat (9896x3298) to lonlat (245x108) grid, with source mask (32343146)
cdo    remapbil: Bilinear weights from lonlat (9896x3298) to lonlat (245x108) grid, with source mask (31611700)
cdo    remapbil: Bilinear weights from lonlat (9896x3298) to lonlat (245x108) grid, with source mask (32238999)
cdo    remapbil: Bilinear weights from lonlat (9896x3298) to lonlat (245x108) grid, with source mask (32372567)
cdo    remapbil: Bilinear weights from lonlat (9896x3298) to lonlat (245x108) grid, with source mask (31616265)
cdo    remapbil: Bilinear weights from lonlat (9896x3298) to lonlat (245x108) grid, with source mask (32279482)
cdo    remapbil: Bilinear weights from lonlat (9896x3298) to lonlat (245x108) grid, with source mask (32354354)
cdo    remapbil: Bilinear weights from lonlat (9896x3298) to lonlat (245x108) grid, with source mask (31617542)
cdo    remapbil: Bilinear weights from lonlat (9896x3298) to lonlat (245x108) grid, with source mask (31957670)
cdo    remapbil: Bilinear weights from lonlat (9896x3298) to lonlat (245x108) grid, with source mask (31062850)
cdo    remapbil: Bilinear weights from lonlat (9896x3298) to lonlat (245x108) grid, with source mask (31617430)
cdo    remapbil: Bilinear weights from lonlat (9896x3298) to lonlat (245x108) grid, with source mask (32276975)
cdo    remapbil: Bilinear weights from lonlat (9896x3298) to lonlat (245x108) grid, with source mask (32338724)
cdo    remapbil: Bilinear weights from lonlat (9896x3298) to lonlat (245x108) grid, with source mask (31612983)
cdo    remapbil: Bilinear weights from lonlat (9896x3298) to lonlat (245x108) grid, with source mask (32233496)
cdo    remapbil: Bilinear weights from lonlat (9896x3298) to lonlat (245x108) grid, with source mask (32362260)
cdo    remapbil: Bilinear weights from lonlat (9896x3298) to lonlat (245x108) grid, with source mask (31612490)
cdo    remapbil: Bilinear weights from lonlat (9896x3298) to lonlat (245x108) grid, with source mask (32272293)
cdo    remapbil: Bilinear weights from lonlat (9896x3298) to lonlat (245x108) grid, with source mask (32331603)
cdo    remapbil: Bilinear weights from lonlat (9896x3298) to lonlat (245x108) grid, with source mask (31606794)
cdo    remapbil: Bilinear weights from lonlat (9896x3298) to lonlat (245x108) grid, with source mask (32228012)
cdo    remapbil: Bilinear weights from lonlat (9896x3298) to lonlat (245x108) grid, with source mask (32350142)
cdo    remapbil: Bilinear weights from lonlat (9896x3298) to lonlat (245x108) grid, with source mask (31600964)
cdo    remapbil: Bilinear weights from lonlat (9896x3298) to lonlat (245x108) grid, with source mask (32246415)
cdo    remapbil: Bilinear weights from lonlat (9896x3298) to lonlat (245x108) grid, with source mask (32328560)
cdo    remapbil: Bilinear weights from lonlat (9896x3298) to lonlat (245x108) grid, with source mask (31595105)
cdo    remapbil: Bilinear weight[2026-09-08T11:06:29.955] error: *** JOB 56683836 ON lrdn4003 CANCELLED AT 2026-09-08T11:06:29 DUE to SIGNAL Terminated ***
