Year:   2000
Month:  01
Output: /leonardo/home/userexternal/mdasilva/leonardo_work/MOAAP/paper/dataset/GPM/globe/GPM/MERGIR/mergir_200001_4km-pixel_1hr.nc
Expected files: 744
Found files:    744
Merging 2000-01...
Successfully created: /leonardo/home/userexternal/mdasilva/leonardo_work/MOAAP/paper/dataset/GPM/globe/GPM/MERGIR/mergir_200001_4km-pixel_1hr.nc
Year:   2000
Month:  02
Output: /leonardo/home/userexternal/mdasilva/leonardo_work/MOAAP/paper/dataset/GPM/globe/GPM/MERGIR/mergir_200002_4km-pixel_1hr.nc
Expected files: 696
Found files:    696
Merging 2000-02...
Successfully created: /leonardo/home/userexternal/mdasilva/leonardo_work/MOAAP/paper/dataset/GPM/globe/GPM/MERGIR/mergir_200002_4km-pixel_1hr.nc
Year:   2000
Month:  03
Output: /leonardo/home/userexternal/mdasilva/leonardo_work/MOAAP/paper/dataset/GPM/globe/GPM/MERGIR/mergir_200003_4km-pixel_1hr.nc
Expected files: 744
Found files:    744
Merging 2000-03...
Successfully created: /leonardo/home/userexternal/mdasilva/leonardo_work/MOAAP/paper/dataset/GPM/globe/GPM/MERGIR/mergir_200003_4km-pixel_1hr.nc
Year:   2000
Month:  04
Output: /leonardo/home/userexternal/mdasilva/leonardo_work/MOAAP/paper/dataset/GPM/globe/GPM/MERGIR/mergir_200004_4km-pixel_1hr.nc
Expected files: 720
Found files:    720
Merging 2000-04...
Successfully created: /leonardo/home/userexternal/mdasilva/leonardo_work/MOAAP/paper/dataset/GPM/globe/GPM/MERGIR/mergir_200004_4km-pixel_1hr.nc
Year:   2000
Month:  05
Output: /leonardo/home/userexternal/mdasilva/leonardo_work/MOAAP/paper/dataset/GPM/globe/GPM/MERGIR/mergir_200005_4km-pixel_1hr.nc
Expected files: 744
Found files:    744
Merging 2000-05...
Successfully created: /leonardo/home/userexternal/mdasilva/leonardo_work/MOAAP/paper/dataset/GPM/globe/GPM/MERGIR/mergir_200005_4km-pixel_1hr.nc
Year:   2000
Month:  06
Output: /leonardo/home/userexternal/mdasilva/leonardo_work/MOAAP/paper/dataset/GPM/globe/GPM/MERGIR/mergir_200006_4km-pixel_1hr.nc
Expected files: 720
Found files:    720
Merging 2000-06...
Successfully created: /leonardo/home/userexternal/mdasilva/leonardo_work/MOAAP/paper/dataset/GPM/globe/GPM/MERGIR/mergir_200006_4km-pixel_1hr.nc
Year:   2000
Month:  07
Output: /leonardo/home/userexternal/mdasilva/leonardo_work/MOAAP/paper/dataset/GPM/globe/GPM/MERGIR/mergir_200007_4km-pixel_1hr.nc
Expected files: 744
Found files:    743
Merging 2000-07...
Successfully created: /leonardo/home/userexternal/mdasilva/leonardo_work/MOAAP/paper/dataset/GPM/globe/GPM/MERGIR/mergir_200007_4km-pixel_1hr.nc
Year:   2000
Month:  08
Output: /leonardo/home/userexternal/mdasilva/leonardo_work/MOAAP/paper/dataset/GPM/globe/GPM/MERGIR/mergir_200008_4km-pixel_1hr.nc
Expected files: 744
Found files:    744
Merging 2000-08...
Successfully created: /leonardo/home/userexternal/mdasilva/leonardo_work/MOAAP/paper/dataset/GPM/globe/GPM/MERGIR/mergir_200008_4km-pixel_1hr.nc
Year:   2000
Month:  09
Output: /leonardo/home/userexternal/mdasilva/leonardo_work/MOAAP/paper/dataset/GPM/globe/GPM/MERGIR/mergir_200009_4km-pixel_1hr.nc
Expected files: 720
Found files:    720
Merging 2000-09...
Successfully created: /leonardo/home/userexternal/mdasilva/leonardo_work/MOAAP/paper/dataset/GPM/globe/GPM/MERGIR/mergir_200009_4km-pixel_1hr.nc
Year:   2000
Month:  10
Output: /leonardo/home/userexternal/mdasilva/leonardo_work/MOAAP/paper/dataset/GPM/globe/GPM/MERGIR/mergir_200010_4km-pixel_1hr.nc
Expected files: 744
Found files:    744
Merging 2000-10...
Successfully created: /leonardo/home/userexternal/mdasilva/leonardo_work/MOAAP/paper/dataset/GPM/globe/GPM/MERGIR/mergir_200010_4km-pixel_1hr.nc
Year:   2000
Month:  11
Output: /leonardo/home/userexternal/mdasilva/leonardo_work/MOAAP/paper/dataset/GPM/globe/GPM/MERGIR/mergir_200011_4km-pixel_1hr.nc
Expected files: 720
Found files:    720
Merging 2000-11...
Successfully created: /leonardo/home/userexternal/mdasilva/leonardo_work/MOAAP/paper/dataset/GPM/globe/GPM/MERGIR/mergir_200011_4km-pixel_1hr.nc
Year:   2000
Month:  12
Output: /leonardo/home/userexternal/mdasilva/leonardo_work/MOAAP/paper/dataset/GPM/globe/GPM/MERGIR/mergir_200012_4km-pixel_1hr.nc
Expected files: 744
Found files:    744
Merging 2000-12...
Successfully created: /leonardo/home/userexternal/mdasilva/leonardo_work/MOAAP/paper/dataset/GPM/globe/GPM/MERGIR/mergir_200012_4km-pixel_1hr.nc
Year:   2001
Month:  01
Output: /leonardo/home/userexternal/mdasilva/leonardo_work/MOAAP/paper/dataset/GPM/globe/GPM/MERGIR/mergir_200101_4km-pixel_1hr.nc
Expected files: 744
Found files:    744
Merging 2001-01...
Successfully created: /leonardo/home/userexternal/mdasilva/leonardo_work/MOAAP/paper/dataset/GPM/globe/GPM/MERGIR/mergir_200101_4km-pixel_1hr.nc
Year:   2001
Month:  02
Output: /leonardo/home/userexternal/mdasilva/leonardo_work/MOAAP/paper/dataset/GPM/globe/GPM/MERGIR/mergir_200102_4km-pixel_1hr.nc
Expected files: 672
Found files:    672
Merging 2001-02...
Successfully created: /leonardo/home/userexternal/mdasilva/leonardo_work/MOAAP/paper/dataset/GPM/globe/GPM/MERGIR/mergir_200102_4km-pixel_1hr.nc
Year:   2001
Month:  03
Output: /leonardo/home/userexternal/mdasilva/leonardo_work/MOAAP/paper/dataset/GPM/globe/GPM/MERGIR/mergir_200103_4km-pixel_1hr.nc
Expected files: 744
Found files:    744
Merging 2001-03...
Successfully created: /leonardo/home/userexternal/mdasilva/leonardo_work/MOAAP/paper/dataset/GPM/globe/GPM/MERGIR/mergir_200103_4km-pixel_1hr.nc
Year:   2001
Month:  04
Output: /leonardo/home/userexternal/mdasilva/leonardo_work/MOAAP/paper/dataset/GPM/globe/GPM/MERGIR/mergir_200104_4km-pixel_1hr.nc
Expected files: 720
Found files:    720
Merging 2001-04...
Successfully created: /leonardo/home/userexternal/mdasilva/leonardo_work/MOAAP/paper/dataset/GPM/globe/GPM/MERGIR/mergir_200104_4km-pixel_1hr.nc
Year:   2001
Month:  05
Output: /leonardo/home/userexternal/mdasilva/leonardo_work/MOAAP/paper/dataset/GPM/globe/GPM/MERGIR/mergir_200105_4km-pixel_1hr.nc
Expected files: 744
Found files:    744
Merging 2001-05...
Successfully created: /leonardo/home/userexternal/mdasilva/leonardo_work/MOAAP/paper/dataset/GPM/globe/GPM/MERGIR/mergir_200105_4km-pixel_1hr.nc
Year:   2001
Month:  06
Output: /leonardo/home/userexternal/mdasilva/leonardo_work/MOAAP/paper/dataset/GPM/globe/GPM/MERGIR/mergir_200106_4km-pixel_1hr.nc
Expected files: 720
Found files:    720
Merging 2001-06...
Successfully created: /leonardo/home/userexternal/mdasilva/leonardo_work/MOAAP/paper/dataset/GPM/globe/GPM/MERGIR/mergir_200106_4km-pixel_1hr.nc
Year:   2001
Month:  07
Output: /leonardo/home/userexternal/mdasilva/leonardo_work/MOAAP/paper/dataset/GPM/globe/GPM/MERGIR/mergir_200107_4km-pixel_1hr.nc
Expected files: 744
Found files:    744
Merging 2001-07...
Successfully created: /leonardo/home/userexternal/mdasilva/leonardo_work/MOAAP/paper/dataset/GPM/globe/GPM/MERGIR/mergir_200107_4km-pixel_1hr.nc
Year:   2001
Month:  08
Output: /leonardo/home/userexternal/mdasilva/leonardo_work/MOAAP/paper/dataset/GPM/globe/GPM/MERGIR/mergir_200108_4km-pixel_1hr.nc
Expected files: 744
Found files:    744
Merging 2001-08...
Successfully created: /leonardo/home/userexternal/mdasilva/leonardo_work/MOAAP/paper/dataset/GPM/globe/GPM/MERGIR/mergir_200108_4km-pixel_1hr.nc
Year:   2001
Month:  09
Output: /leonardo/home/userexternal/mdasilva/leonardo_work/MOAAP/paper/dataset/GPM/globe/GPM/MERGIR/mergir_200109_4km-pixel_1hr.nc
Expected files: 720
Found files:    720
Merging 2001-09...
Successfully created: /leonardo/home/userexternal/mdasilva/leonardo_work/MOAAP/paper/dataset/GPM/globe/GPM/MERGIR/mergir_200109_4km-pixel_1hr.nc
Year:   2001
Month:  10
Output: /leonardo/home/userexternal/mdasilva/leonardo_work/MOAAP/paper/dataset/GPM/globe/GPM/MERGIR/mergir_200110_4km-pixel_1hr.nc
Expected files: 744
Found files:    744
Merging 2001-10...
Successfully created: /leonardo/home/userexternal/mdasilva/leonardo_work/MOAAP/paper/dataset/GPM/globe/GPM/MERGIR/mergir_200110_4km-pixel_1hr.nc
Year:   2001
Month:  11
Output: /leonardo/home/userexternal/mdasilva/leonardo_work/MOAAP/paper/dataset/GPM/globe/GPM/MERGIR/mergir_200111_4km-pixel_1hr.nc
Expected files: 720
Found files:    720
Merging 2001-11...
Successfully created: /leonardo/home/userexternal/mdasilva/leonardo_work/MOAAP/paper/dataset/GPM/globe/GPM/MERGIR/mergir_200111_4km-pixel_1hr.nc
Year:   2001
Month:  12
Output: /leonardo/home/userexternal/mdasilva/leonardo_work/MOAAP/paper/dataset/GPM/globe/GPM/MERGIR/mergir_200112_4km-pixel_1hr.nc
Expected files: 744
Found files:    744
Merging 2001-12...
Successfully created: /leonardo/home/userexternal/mdasilva/leonardo_work/MOAAP/paper/dataset/GPM/globe/GPM/MERGIR/mergir_200112_4km-pixel_1hr.nc
Year:   2002
Month:  01
Output: /leonardo/home/userexternal/mdasilva/leonardo_work/MOAAP/paper/dataset/GPM/globe/GPM/MERGIR/mergir_200201_4km-pixel_1hr.nc
Expected files: 744
Found files:    744
Merging 2002-01...
Successfully created: /leonardo/home/userexternal/mdasilva/leonardo_work/MOAAP/paper/dataset/GPM/globe/GPM/MERGIR/mergir_200201_4km-pixel_1hr.nc
Year:   2002
Month:  02
Output: /leonardo/home/userexternal/mdasilva/leonardo_work/MOAAP/paper/dataset/GPM/globe/GPM/MERGIR/mergir_200202_4km-pixel_1hr.nc
Expected files: 672
Found files:    672
Merging 2002-02...
Successfully created: /leonardo/home/userexternal/mdasilva/leonardo_work/MOAAP/paper/dataset/GPM/globe/GPM/MERGIR/mergir_200202_4km-pixel_1hr.nc
Year:   2002
Month:  03
Output: /leonardo/home/userexternal/mdasilva/leonardo_work/MOAAP/paper/dataset/GPM/globe/GPM/MERGIR/mergir_200203_4km-pixel_1hr.nc
Expected files: 744
Found files:    744
Merging 2002-03...
Successfully created: /leonardo/home/userexternal/mdasilva/leonardo_work/MOAAP/paper/dataset/GPM/globe/GPM/MERGIR/mergir_200203_4km-pixel_1hr.nc
Year:   2002
Month:  04
Output: /leonardo/home/userexternal/mdasilva/leonardo_work/MOAAP/paper/dataset/GPM/globe/GPM/MERGIR/mergir_200204_4km-pixel_1hr.nc
Expected files: 720
Found files:    720
Merging 2002-04...
Successfully created: /leonardo/home/userexternal/mdasilva/leonardo_work/MOAAP/paper/dataset/GPM/globe/GPM/MERGIR/mergir_200204_4km-pixel_1hr.nc
Year:   2002
Month:  05
Output: /leonardo/home/userexternal/mdasilva/leonardo_work/MOAAP/paper/dataset/GPM/globe/GPM/MERGIR/mergir_200205_4km-pixel_1hr.nc
Expected files: 744
Found files:    744
Merging 2002-05...
Successfully created: /leonardo/home/userexternal/mdasilva/leonardo_work/MOAAP/paper/dataset/GPM/globe/GPM/MERGIR/mergir_200205_4km-pixel_1hr.nc
Year:   2002
Month:  06
Output: /leonardo/home/userexternal/mdasilva/leonardo_work/MOAAP/paper/dataset/GPM/globe/GPM/MERGIR/mergir_200206_4km-pixel_1hr.nc
Expected files: 720
Found files:    720
Merging 2002-06...
Successfully created: /leonardo/home/userexternal/mdasilva/leonardo_work/MOAAP/paper/dataset/GPM/globe/GPM/MERGIR/mergir_200206_4km-pixel_1hr.nc
Year:   2002
Month:  07
Output: /leonardo/home/userexternal/mdasilva/leonardo_work/MOAAP/paper/dataset/GPM/globe/GPM/MERGIR/mergir_200207_4km-pixel_1hr.nc
Expected files: 744
Found files:    744
Merging 2002-07...
Successfully created: /leonardo/home/userexternal/mdasilva/leonardo_work/MOAAP/paper/dataset/GPM/globe/GPM/MERGIR/mergir_200207_4km-pixel_1hr.nc
Year:   2002
Month:  08
Output: /leonardo/home/userexternal/mdasilva/leonardo_work/MOAAP/paper/dataset/GPM/globe/GPM/MERGIR/mergir_200208_4km-pixel_1hr.nc
Expected files: 744
Found files:    744
Merging 2002-08...
Successfully created: /leonardo/home/userexternal/mdasilva/leonardo_work/MOAAP/paper/dataset/GPM/globe/GPM/MERGIR/mergir_200208_4km-pixel_1hr.nc
Year:   2002
Month:  09
Output: /leonardo/home/userexternal/mdasilva/leonardo_work/MOAAP/paper/dataset/GPM/globe/GPM/MERGIR/mergir_200209_4km-pixel_1hr.nc
Expected files: 720
Found files:    720
Merging 2002-09...
Successfully created: /leonardo/home/userexternal/mdasilva/leonardo_work/MOAAP/paper/dataset/GPM/globe/GPM/MERGIR/mergir_200209_4km-pixel_1hr.nc
Year:   2002
Month:  10
Output: /leonardo/home/userexternal/mdasilva/leonardo_work/MOAAP/paper/dataset/GPM/globe/GPM/MERGIR/mergir_200210_4km-pixel_1hr.nc
Expected files: 744
Found files:    744
Merging 2002-10...
Successfully created: /leonardo/home/userexternal/mdasilva/leonardo_work/MOAAP/paper/dataset/GPM/globe/GPM/MERGIR/mergir_200210_4km-pixel_1hr.nc
Year:   2002
Month:  11
Output: /leonardo/home/userexternal/mdasilva/leonardo_work/MOAAP/paper/dataset/GPM/globe/GPM/MERGIR/mergir_200211_4km-pixel_1hr.nc
Expected files: 720
Found files:    720
Merging 2002-11...
Successfully created: /leonardo/home/userexternal/mdasilva/leonardo_work/MOAAP/paper/dataset/GPM/globe/GPM/MERGIR/mergir_200211_4km-pixel_1hr.nc
Year:   2002
Month:  12
Output: /leonardo/home/userexternal/mdasilva/leonardo_work/MOAAP/paper/dataset/GPM/globe/GPM/MERGIR/mergir_200212_4km-pixel_1hr.nc
Expected files: 744
Found files:    744
Merging 2002-12...
Successfully created: /leonardo/home/userexternal/mdasilva/leonardo_work/MOAAP/paper/dataset/GPM/globe/GPM/MERGIR/mergir_200212_4km-pixel_1hr.nc
Year:   2003
Month:  01
Output: /leonardo/home/userexternal/mdasilva/leonardo_work/MOAAP/paper/dataset/GPM/globe/GPM/MERGIR/mergir_200301_4km-pixel_1hr.nc
Expected files: 744
Found files:    744
Merging 2003-01...
[2026-09-09T20:18:04.356] error: *** JOB 56804715 ON lrdn3544 CANCELLED AT 2026-09-09T20:18:04 DUE to SIGNAL Terminated ***
