Year:   2003
Month:  01
Output: /leonardo/home/userexternal/mdasilva/leonardo_work/MOAAP/paper/dataset/GPM/globe/GPM/MERGIR/mergir_200301_4km-pixel_1hr.nc
Expected files: 744
Found files:    744
Merging 2003-01...
Successfully created: /leonardo/home/userexternal/mdasilva/leonardo_work/MOAAP/paper/dataset/GPM/globe/GPM/MERGIR/mergir_200301_4km-pixel_1hr.nc
Year:   2003
Month:  02
Output: /leonardo/home/userexternal/mdasilva/leonardo_work/MOAAP/paper/dataset/GPM/globe/GPM/MERGIR/mergir_200302_4km-pixel_1hr.nc
Expected files: 672
Found files:    672
Merging 2003-02...
Successfully created: /leonardo/home/userexternal/mdasilva/leonardo_work/MOAAP/paper/dataset/GPM/globe/GPM/MERGIR/mergir_200302_4km-pixel_1hr.nc
Year:   2003
Month:  03
Output: /leonardo/home/userexternal/mdasilva/leonardo_work/MOAAP/paper/dataset/GPM/globe/GPM/MERGIR/mergir_200303_4km-pixel_1hr.nc
Expected files: 744
Found files:    744
Merging 2003-03...
Successfully created: /leonardo/home/userexternal/mdasilva/leonardo_work/MOAAP/paper/dataset/GPM/globe/GPM/MERGIR/mergir_200303_4km-pixel_1hr.nc
Year:   2003
Month:  04
Output: /leonardo/home/userexternal/mdasilva/leonardo_work/MOAAP/paper/dataset/GPM/globe/GPM/MERGIR/mergir_200304_4km-pixel_1hr.nc
Expected files: 720
Found files:    720
Merging 2003-04...
Successfully created: /leonardo/home/userexternal/mdasilva/leonardo_work/MOAAP/paper/dataset/GPM/globe/GPM/MERGIR/mergir_200304_4km-pixel_1hr.nc
Year:   2003
Month:  05
Output: /leonardo/home/userexternal/mdasilva/leonardo_work/MOAAP/paper/dataset/GPM/globe/GPM/MERGIR/mergir_200305_4km-pixel_1hr.nc
Expected files: 744
Found files:    744
Merging 2003-05...
Successfully created: /leonardo/home/userexternal/mdasilva/leonardo_work/MOAAP/paper/dataset/GPM/globe/GPM/MERGIR/mergir_200305_4km-pixel_1hr.nc
Year:   2003
Month:  06
Output: /leonardo/home/userexternal/mdasilva/leonardo_work/MOAAP/paper/dataset/GPM/globe/GPM/MERGIR/mergir_200306_4km-pixel_1hr.nc
Expected files: 720
Found files:    720
Merging 2003-06...
Successfully created: /leonardo/home/userexternal/mdasilva/leonardo_work/MOAAP/paper/dataset/GPM/globe/GPM/MERGIR/mergir_200306_4km-pixel_1hr.nc
Year:   2003
Month:  07
Output: /leonardo/home/userexternal/mdasilva/leonardo_work/MOAAP/paper/dataset/GPM/globe/GPM/MERGIR/mergir_200307_4km-pixel_1hr.nc
Expected files: 744
Found files:    744
Merging 2003-07...
Successfully created: /leonardo/home/userexternal/mdasilva/leonardo_work/MOAAP/paper/dataset/GPM/globe/GPM/MERGIR/mergir_200307_4km-pixel_1hr.nc
Year:   2003
Month:  08
Output: /leonardo/home/userexternal/mdasilva/leonardo_work/MOAAP/paper/dataset/GPM/globe/GPM/MERGIR/mergir_200308_4km-pixel_1hr.nc
Expected files: 744
Found files:    744
Merging 2003-08...
Successfully created: /leonardo/home/userexternal/mdasilva/leonardo_work/MOAAP/paper/dataset/GPM/globe/GPM/MERGIR/mergir_200308_4km-pixel_1hr.nc
Year:   2003
Month:  09
Output: /leonardo/home/userexternal/mdasilva/leonardo_work/MOAAP/paper/dataset/GPM/globe/GPM/MERGIR/mergir_200309_4km-pixel_1hr.nc
Expected files: 720
Found files:    720
Merging 2003-09...
Successfully created: /leonardo/home/userexternal/mdasilva/leonardo_work/MOAAP/paper/dataset/GPM/globe/GPM/MERGIR/mergir_200309_4km-pixel_1hr.nc
Year:   2003
Month:  10
Output: /leonardo/home/userexternal/mdasilva/leonardo_work/MOAAP/paper/dataset/GPM/globe/GPM/MERGIR/mergir_200310_4km-pixel_1hr.nc
Expected files: 744
Found files:    744
Merging 2003-10...
Successfully created: /leonardo/home/userexternal/mdasilva/leonardo_work/MOAAP/paper/dataset/GPM/globe/GPM/MERGIR/mergir_200310_4km-pixel_1hr.nc
Year:   2003
Month:  11
Output: /leonardo/home/userexternal/mdasilva/leonardo_work/MOAAP/paper/dataset/GPM/globe/GPM/MERGIR/mergir_200311_4km-pixel_1hr.nc
Expected files: 720
Found files:    720
Merging 2003-11...
Successfully created: /leonardo/home/userexternal/mdasilva/leonardo_work/MOAAP/paper/dataset/GPM/globe/GPM/MERGIR/mergir_200311_4km-pixel_1hr.nc
Year:   2003
Month:  12
Output: /leonardo/home/userexternal/mdasilva/leonardo_work/MOAAP/paper/dataset/GPM/globe/GPM/MERGIR/mergir_200312_4km-pixel_1hr.nc
Expected files: 744
Found files:    744
Merging 2003-12...
Successfully created: /leonardo/home/userexternal/mdasilva/leonardo_work/MOAAP/paper/dataset/GPM/globe/GPM/MERGIR/mergir_200312_4km-pixel_1hr.nc
Year:   2004
Month:  01
Output: /leonardo/home/userexternal/mdasilva/leonardo_work/MOAAP/paper/dataset/GPM/globe/GPM/MERGIR/mergir_200401_4km-pixel_1hr.nc
Expected files: 744
Found files:    744
Merging 2004-01...
Successfully created: /leonardo/home/userexternal/mdasilva/leonardo_work/MOAAP/paper/dataset/GPM/globe/GPM/MERGIR/mergir_200401_4km-pixel_1hr.nc
Year:   2004
Month:  02
Output: /leonardo/home/userexternal/mdasilva/leonardo_work/MOAAP/paper/dataset/GPM/globe/GPM/MERGIR/mergir_200402_4km-pixel_1hr.nc
Expected files: 696
Found files:    696
Merging 2004-02...
Successfully created: /leonardo/home/userexternal/mdasilva/leonardo_work/MOAAP/paper/dataset/GPM/globe/GPM/MERGIR/mergir_200402_4km-pixel_1hr.nc
Year:   2004
Month:  03
Output: /leonardo/home/userexternal/mdasilva/leonardo_work/MOAAP/paper/dataset/GPM/globe/GPM/MERGIR/mergir_200403_4km-pixel_1hr.nc
Expected files: 744
Found files:    744
Merging 2004-03...
Successfully created: /leonardo/home/userexternal/mdasilva/leonardo_work/MOAAP/paper/dataset/GPM/globe/GPM/MERGIR/mergir_200403_4km-pixel_1hr.nc
Year:   2004
Month:  04
Output: /leonardo/home/userexternal/mdasilva/leonardo_work/MOAAP/paper/dataset/GPM/globe/GPM/MERGIR/mergir_200404_4km-pixel_1hr.nc
Expected files: 720
Found files:    720
Merging 2004-04...
Successfully created: /leonardo/home/userexternal/mdasilva/leonardo_work/MOAAP/paper/dataset/GPM/globe/GPM/MERGIR/mergir_200404_4km-pixel_1hr.nc
Year:   2004
Month:  05
Output: /leonardo/home/userexternal/mdasilva/leonardo_work/MOAAP/paper/dataset/GPM/globe/GPM/MERGIR/mergir_200405_4km-pixel_1hr.nc
Expected files: 744
Found files:    744
Merging 2004-05...
Successfully created: /leonardo/home/userexternal/mdasilva/leonardo_work/MOAAP/paper/dataset/GPM/globe/GPM/MERGIR/mergir_200405_4km-pixel_1hr.nc
Year:   2004
Month:  06
Output: /leonardo/home/userexternal/mdasilva/leonardo_work/MOAAP/paper/dataset/GPM/globe/GPM/MERGIR/mergir_200406_4km-pixel_1hr.nc
Expected files: 720
Found files:    720
Merging 2004-06...
Successfully created: /leonardo/home/userexternal/mdasilva/leonardo_work/MOAAP/paper/dataset/GPM/globe/GPM/MERGIR/mergir_200406_4km-pixel_1hr.nc
Year:   2004
Month:  07
Output: /leonardo/home/userexternal/mdasilva/leonardo_work/MOAAP/paper/dataset/GPM/globe/GPM/MERGIR/mergir_200407_4km-pixel_1hr.nc
Expected files: 744
Found files:    744
Merging 2004-07...
Successfully created: /leonardo/home/userexternal/mdasilva/leonardo_work/MOAAP/paper/dataset/GPM/globe/GPM/MERGIR/mergir_200407_4km-pixel_1hr.nc
Year:   2004
Month:  08
Output: /leonardo/home/userexternal/mdasilva/leonardo_work/MOAAP/paper/dataset/GPM/globe/GPM/MERGIR/mergir_200408_4km-pixel_1hr.nc
Expected files: 744
Found files:    744
Merging 2004-08...
Successfully created: /leonardo/home/userexternal/mdasilva/leonardo_work/MOAAP/paper/dataset/GPM/globe/GPM/MERGIR/mergir_200408_4km-pixel_1hr.nc
Year:   2004
Month:  09
Output: /leonardo/home/userexternal/mdasilva/leonardo_work/MOAAP/paper/dataset/GPM/globe/GPM/MERGIR/mergir_200409_4km-pixel_1hr.nc
Expected files: 720
Found files:    720
Merging 2004-09...
Successfully created: /leonardo/home/userexternal/mdasilva/leonardo_work/MOAAP/paper/dataset/GPM/globe/GPM/MERGIR/mergir_200409_4km-pixel_1hr.nc
Year:   2004
Month:  10
Output: /leonardo/home/userexternal/mdasilva/leonardo_work/MOAAP/paper/dataset/GPM/globe/GPM/MERGIR/mergir_200410_4km-pixel_1hr.nc
Expected files: 744
Found files:    744
Merging 2004-10...
Successfully created: /leonardo/home/userexternal/mdasilva/leonardo_work/MOAAP/paper/dataset/GPM/globe/GPM/MERGIR/mergir_200410_4km-pixel_1hr.nc
Year:   2004
Month:  11
Output: /leonardo/home/userexternal/mdasilva/leonardo_work/MOAAP/paper/dataset/GPM/globe/GPM/MERGIR/mergir_200411_4km-pixel_1hr.nc
Expected files: 720
Found files:    720
Merging 2004-11...
Successfully created: /leonardo/home/userexternal/mdasilva/leonardo_work/MOAAP/paper/dataset/GPM/globe/GPM/MERGIR/mergir_200411_4km-pixel_1hr.nc
Year:   2004
Month:  12
Output: /leonardo/home/userexternal/mdasilva/leonardo_work/MOAAP/paper/dataset/GPM/globe/GPM/MERGIR/mergir_200412_4km-pixel_1hr.nc
Expected files: 744
Found files:    744
Merging 2004-12...
Successfully created: /leonardo/home/userexternal/mdasilva/leonardo_work/MOAAP/paper/dataset/GPM/globe/GPM/MERGIR/mergir_200412_4km-pixel_1hr.nc
Year:   2005
Month:  01
Output: /leonardo/home/userexternal/mdasilva/leonardo_work/MOAAP/paper/dataset/GPM/globe/GPM/MERGIR/mergir_200501_4km-pixel_1hr.nc
Expected files: 744
Found files:    744
Merging 2005-01...
Successfully created: /leonardo/home/userexternal/mdasilva/leonardo_work/MOAAP/paper/dataset/GPM/globe/GPM/MERGIR/mergir_200501_4km-pixel_1hr.nc
Year:   2005
Month:  02
Output: /leonardo/home/userexternal/mdasilva/leonardo_work/MOAAP/paper/dataset/GPM/globe/GPM/MERGIR/mergir_200502_4km-pixel_1hr.nc
Expected files: 672
Found files:    672
Merging 2005-02...
Successfully created: /leonardo/home/userexternal/mdasilva/leonardo_work/MOAAP/paper/dataset/GPM/globe/GPM/MERGIR/mergir_200502_4km-pixel_1hr.nc
Year:   2005
Month:  03
Output: /leonardo/home/userexternal/mdasilva/leonardo_work/MOAAP/paper/dataset/GPM/globe/GPM/MERGIR/mergir_200503_4km-pixel_1hr.nc
Expected files: 744
Found files:    744
Merging 2005-03...
Successfully created: /leonardo/home/userexternal/mdasilva/leonardo_work/MOAAP/paper/dataset/GPM/globe/GPM/MERGIR/mergir_200503_4km-pixel_1hr.nc
Year:   2005
Month:  04
Output: /leonardo/home/userexternal/mdasilva/leonardo_work/MOAAP/paper/dataset/GPM/globe/GPM/MERGIR/mergir_200504_4km-pixel_1hr.nc
Expected files: 720
Found files:    720
Merging 2005-04...
Successfully created: /leonardo/home/userexternal/mdasilva/leonardo_work/MOAAP/paper/dataset/GPM/globe/GPM/MERGIR/mergir_200504_4km-pixel_1hr.nc
Year:   2005
Month:  05
Output: /leonardo/home/userexternal/mdasilva/leonardo_work/MOAAP/paper/dataset/GPM/globe/GPM/MERGIR/mergir_200505_4km-pixel_1hr.nc
Expected files: 744
Found files:    744
Merging 2005-05...
Successfully created: /leonardo/home/userexternal/mdasilva/leonardo_work/MOAAP/paper/dataset/GPM/globe/GPM/MERGIR/mergir_200505_4km-pixel_1hr.nc
Year:   2005
Month:  06
Output: /leonardo/home/userexternal/mdasilva/leonardo_work/MOAAP/paper/dataset/GPM/globe/GPM/MERGIR/mergir_200506_4km-pixel_1hr.nc
Expected files: 720
Found files:    720
Merging 2005-06...
Successfully created: /leonardo/home/userexternal/mdasilva/leonardo_work/MOAAP/paper/dataset/GPM/globe/GPM/MERGIR/mergir_200506_4km-pixel_1hr.nc
Year:   2005
Month:  07
Output: /leonardo/home/userexternal/mdasilva/leonardo_work/MOAAP/paper/dataset/GPM/globe/GPM/MERGIR/mergir_200507_4km-pixel_1hr.nc
Expected files: 744
Found files:    744
Merging 2005-07...
Successfully created: /leonardo/home/userexternal/mdasilva/leonardo_work/MOAAP/paper/dataset/GPM/globe/GPM/MERGIR/mergir_200507_4km-pixel_1hr.nc
Year:   2005
Month:  08
Output: /leonardo/home/userexternal/mdasilva/leonardo_work/MOAAP/paper/dataset/GPM/globe/GPM/MERGIR/mergir_200508_4km-pixel_1hr.nc
Expected files: 744
Found files:    744
Merging 2005-08...
Successfully created: /leonardo/home/userexternal/mdasilva/leonardo_work/MOAAP/paper/dataset/GPM/globe/GPM/MERGIR/mergir_200508_4km-pixel_1hr.nc
Year:   2005
Month:  09
Output: /leonardo/home/userexternal/mdasilva/leonardo_work/MOAAP/paper/dataset/GPM/globe/GPM/MERGIR/mergir_200509_4km-pixel_1hr.nc
Expected files: 720
Found files:    720
Merging 2005-09...
Successfully created: /leonardo/home/userexternal/mdasilva/leonardo_work/MOAAP/paper/dataset/GPM/globe/GPM/MERGIR/mergir_200509_4km-pixel_1hr.nc
Year:   2005
Month:  10
Output: /leonardo/home/userexternal/mdasilva/leonardo_work/MOAAP/paper/dataset/GPM/globe/GPM/MERGIR/mergir_200510_4km-pixel_1hr.nc
Expected files: 744
Found files:    744
Merging 2005-10...
